		VIDIOC_REQBUFS returned 0 (Success)
		VIDIOC_CREATE_BUFS returned 0 (Success)
		VIDIOC_QUERYBUF returned 0 (Success)
		VIDIOC_QUERYBUF returned 0 (Success)
		VIDIOC_QUERYBUF returned 0 (Success)
		VIDIOC_QUERYBUF returned 0 (Success)
		VIDIOC_G_FMT returned 0 (Success)
		VIDIOC_QBUF returned 0 (Success)
		VIDIOC_QBUF returned 0 (Success)
		VIDIOC_QBUF returned 0 (Success)
		VIDIOC_QBUF returned 0 (Success)
		VIDIOC_STREAMON returned 0 (Success)
cap dqbuf: 0 seq:      0 bytesused: 10077696 ts: 15160.485678 field: None (ts-monotonic, ts-src-eof)
cap dqbuf: 1 seq:      1 bytesused: 10077696 ts: 15160.520381 delta: 34.703 ms field: None (ts-monotonic, ts-src-eof)
cap dqbuf: 2 seq:      2 bytesused: 10077696 ts: 15160.555085 delta: 34.704 ms field: None (ts-monotonic, ts-src-eof)
cap dqbuf: 3 seq:      3 bytesused: 10077696 ts: 15160.589788 delta: 34.703 ms field: None (ts-monotonic, ts-src-eof)
cap dqbuf: 0 seq:      4 bytesused: 10077696 ts: 15160.624492 delta: 34.704 ms fps: 28.82 field: None (ts-monotonic, ts-src-eof)
cap dqbuf: 1 seq:      5 bytesused: 10077696 ts: 15160.659196 delta: 34.704 ms fps: 28.82 field: None (ts-monotonic, ts-src-eof)
cap dqbuf: 2 seq:      6 bytesused: 10077696 ts: 15160.693902 delta: 34.706 ms fps: 28.82 field: None (ts-monotonic, ts-src-eof)
cap dqbuf: 3 seq:      7 bytesused: 10077696 ts: 15160.728608 delta: 34.706 ms fps: 28.81 field: None (ts-monotonic, ts-src-eof)
cap dqbuf: 0 seq:      8 bytesused: 10077696 ts: 15160.763311 delta: 34.703 ms fps: 28.82 field: None (ts-monotonic, ts-src-eof)
cap dqbuf: 1 seq:      9 bytesused: 10077696 ts: 15160.798015 delta: 34.704 ms fps: 28.82 field: None (ts-monotonic, ts-src-eof)
cap dqbuf: 2 seq:     10 bytesused: 10077696 ts: 15160.832719 delta: 34.704 ms fps: 28.82 field: None (ts-monotonic, ts-src-eof)
cap dqbuf: 3 seq:     11 bytesused: 10077696 ts: 15160.867422 delta: 34.703 ms fps: 28.82 field: None (ts-monotonic, ts-src-eof)
cap dqbuf: 0 seq:     12 bytesused: 10077696 ts: 15160.902127 delta: 34.705 ms fps: 28.82 field: None (ts-monotonic, ts-src-eof)
cap dqbuf: 1 seq:     13 bytesused: 10077696 ts: 15160.936831 delta: 34.704 ms fps: 28.82 field: None (ts-monotonic, ts-src-eof)
cap dqbuf: 2 seq:     14 bytesused: 10077696 ts: 15160.971535 delta: 34.704 ms fps: 28.82 field: None (ts-monotonic, ts-src-eof)
cap dqbuf: 3 seq:     15 bytesused: 10077696 ts: 15161.006238 delta: 34.703 ms fps: 28.82 field: None (ts-monotonic, ts-src-eof)
cap dqbuf: 0 seq:     16 bytesused: 10077696 ts: 15161.040942 delta: 34.704 ms fps: 28.82 field: None (ts-monotonic, ts-src-eof)
cap dqbuf: 1 seq:     17 bytesused: 10077696 ts: 15161.075647 delta: 34.705 ms fps: 28.82 field: None (ts-monotonic, ts-src-eof)
cap dqbuf: 2 seq:     18 bytesused: 10077696 ts: 15161.110351 delta: 34.704 ms fps: 28.82 field: None (ts-monotonic, ts-src-eof)
cap dqbuf: 3 seq:     19 bytesused: 10077696 ts: 15161.145055 delta: 34.704 ms fps: 28.82 field: None (ts-monotonic, ts-src-eof)
cap dqbuf: 0 seq:     20 bytesused: 10077696 ts: 15161.179762 delta: 34.707 ms fps: 28.81 field: None (ts-monotonic, ts-src-eof)
cap dqbuf: 1 seq:     21 bytesused: 10077696 ts: 15161.214462 delta: 34.700 ms fps: 28.82 field: None (ts-monotonic, ts-src-eof)
cap dqbuf: 2 seq:     22 bytesused: 10077696 ts: 15161.249167 delta: 34.705 ms fps: 28.82 field: None (ts-monotonic, ts-src-eof)
cap dqbuf: 3 seq:     23 bytesused: 10077696 ts: 15161.283874 delta: 34.707 ms fps: 28.81 field: None (ts-monotonic, ts-src-eof)
cap dqbuf: 0 seq:     24 bytesused: 10077696 ts: 15161.318576 delta: 34.702 ms fps: 28.82 field: None (ts-monotonic, ts-src-eof)
cap dqbuf: 1 seq:     25 bytesused: 10077696 ts: 15161.353280 delta: 34.704 ms fps: 28.82 field: None (ts-monotonic, ts-src-eof)
cap dqbuf: 2 seq:     26 bytesused: 10077696 ts: 15161.387985 delta: 34.705 ms fps: 28.82 field: None (ts-monotonic, ts-src-eof)
cap dqbuf: 3 seq:     27 bytesused: 10077696 ts: 15161.422688 delta: 34.703 ms fps: 28.82 field: None (ts-monotonic, ts-src-eof)
cap dqbuf: 0 seq:     28 bytesused: 10077696 ts: 15161.457391 delta: 34.703 ms fps: 28.82 field: None (ts-monotonic, ts-src-eof)
cap dqbuf: 1 seq:     29 bytesused: 10077696 ts: 15161.492095 delta: 34.704 ms fps: 28.82 field: None (ts-monotonic, ts-src-eof)
cap dqbuf: 2 seq:     30 bytesused: 10077696 ts: 15161.526799 delta: 34.704 ms fps: 28.82 field: None (ts-monotonic, ts-src-eof)
cap dqbuf: 3 seq:     31 bytesused: 10077696 ts: 15161.561504 delta: 34.705 ms fps: 28.82 field: None (ts-monotonic, ts-src-eof)
cap dqbuf: 0 seq:     32 bytesused: 10077696 ts: 15161.596210 delta: 34.706 ms fps: 28.82 field: None (ts-monotonic, ts-src-eof)
cap dqbuf: 1 seq:     33 bytesused: 10077696 ts: 15161.630914 delta: 34.704 ms fps: 28.82 field: None (ts-monotonic, ts-src-eof)
cap dqbuf: 2 seq:     34 bytesused: 10077696 ts: 15161.665617 delta: 34.703 ms fps: 28.82 field: None (ts-monotonic, ts-src-eof)
cap dqbuf: 3 seq:     35 bytesused: 10077696 ts: 15161.700321 delta: 34.704 ms fps: 28.82 field: None (ts-monotonic, ts-src-eof)
cap dqbuf: 0 seq:     36 bytesused: 10077696 ts: 15161.735023 delta: 34.702 ms fps: 28.82 field: None (ts-monotonic, ts-src-eof)
cap dqbuf: 1 seq:     37 bytesused: 10077696 ts: 15161.769728 delta: 34.705 ms fps: 28.82 field: None (ts-monotonic, ts-src-eof)
cap dqbuf: 2 seq:     38 bytesused: 10077696 ts: 15161.804434 delta: 34.706 ms fps: 28.82 field: None (ts-monotonic, ts-src-eof)
cap dqbuf: 3 seq:     39 bytesused: 10077696 ts: 15161.839138 delta: 34.704 ms fps: 28.82 field: None (ts-monotonic, ts-src-eof)
cap dqbuf: 0 seq:     40 bytesused: 10077696 ts: 15161.873841 delta: 34.703 ms fps: 28.82 field: None (ts-monotonic, ts-src-eof)
cap dqbuf: 1 seq:     41 bytesused: 10077696 ts: 15161.908547 delta: 34.706 ms fps: 28.82 field: None (ts-monotonic, ts-src-eof)
cap dqbuf: 2 seq:     42 bytesused: 10077696 ts: 15161.943250 delta: 34.703 ms fps: 28.82 field: None (ts-monotonic, ts-src-eof)
cap dqbuf: 3 seq:     43 bytesused: 10077696 ts: 15161.977955 delta: 34.705 ms fps: 28.82 field: None (ts-monotonic, ts-src-eof)
cap dqbuf: 0 seq:     44 bytesused: 10077696 ts: 15162.012658 delta: 34.703 ms fps: 28.82 field: None (ts-monotonic, ts-src-eof)
cap dqbuf: 1 seq:     45 bytesused: 10077696 ts: 15162.047362 delta: 34.704 ms fps: 28.82 field: None (ts-monotonic, ts-src-eof)
cap dqbuf: 2 seq:     46 bytesused: 10077696 ts: 15162.082066 delta: 34.704 ms fps: 28.82 field: None (ts-monotonic, ts-src-eof)
cap dqbuf: 3 seq:     47 bytesused: 10077696 ts: 15162.116769 delta: 34.703 ms fps: 28.82 field: None (ts-monotonic, ts-src-eof)
cap dqbuf: 0 seq:     48 bytesused: 10077696 ts: 15162.151476 delta: 34.707 ms fps: 28.82 field: None (ts-monotonic, ts-src-eof)
cap dqbuf: 1 seq:     49 bytesused: 10077696 ts: 15162.186178 delta: 34.702 ms fps: 28.82 field: None (ts-monotonic, ts-src-eof)
cap dqbuf: 2 seq:     50 bytesused: 10077696 ts: 15162.220882 delta: 34.704 ms fps: 28.82 field: None (ts-monotonic, ts-src-eof)
cap dqbuf: 3 seq:     51 bytesused: 10077696 ts: 15162.255587 delta: 34.705 ms fps: 28.82 field: None (ts-monotonic, ts-src-eof)
cap dqbuf: 0 seq:     52 bytesused: 10077696 ts: 15162.290292 delta: 34.705 ms fps: 28.82 field: None (ts-monotonic, ts-src-eof)
cap dqbuf: 1 seq:     53 bytesused: 10077696 ts: 15162.324995 delta: 34.703 ms fps: 28.82 field: None (ts-monotonic, ts-src-eof)
cap dqbuf: 2 seq:     54 bytesused: 10077696 ts: 15162.359700 delta: 34.705 ms fps: 28.82 field: None (ts-monotonic, ts-src-eof)
cap dqbuf: 3 seq:     55 bytesused: 10077696 ts: 15162.394405 delta: 34.705 ms fps: 28.82 field: None (ts-monotonic, ts-src-eof)
cap dqbuf: 0 seq:     56 bytesused: 10077696 ts: 15162.429107 delta: 34.702 ms fps: 28.82 field: None (ts-monotonic, ts-src-eof)
cap dqbuf: 1 seq:     57 bytesused: 10077696 ts: 15162.463811 delta: 34.704 ms fps: 28.82 field: None (ts-monotonic, ts-src-eof)
cap dqbuf: 2 seq:     58 bytesused: 10077696 ts: 15162.498515 delta: 34.704 ms fps: 28.82 field: None (ts-monotonic, ts-src-eof)
cap dqbuf: 3 seq:     59 bytesused: 10077696 ts: 15162.533221 delta: 34.706 ms fps: 28.82 field: None (ts-monotonic, ts-src-eof)
cap dqbuf: 0 seq:     60 bytesused: 10077696 ts: 15162.567927 delta: 34.706 ms fps: 28.81 field: None (ts-monotonic, ts-src-eof)
cap dqbuf: 1 seq:     61 bytesused: 10077696 ts: 15162.602629 delta: 34.702 ms fps: 28.82 field: None (ts-monotonic, ts-src-eof)
cap dqbuf: 2 seq:     62 bytesused: 10077696 ts: 15162.637331 delta: 34.702 ms fps: 28.82 field: None (ts-monotonic, ts-src-eof)
cap dqbuf: 3 seq:     63 bytesused: 10077696 ts: 15162.672037 delta: 34.706 ms fps: 28.82 field: None (ts-monotonic, ts-src-eof)
cap dqbuf: 0 seq:     64 bytesused: 10077696 ts: 15162.706743 delta: 34.706 ms fps: 28.82 field: None (ts-monotonic, ts-src-eof)
cap dqbuf: 1 seq:     65 bytesused: 10077696 ts: 15162.741447 delta: 34.704 ms fps: 28.82 field: None (ts-monotonic, ts-src-eof)
cap dqbuf: 2 seq:     66 bytesused: 10077696 ts: 15162.776150 delta: 34.703 ms fps: 28.82 field: None (ts-monotonic, ts-src-eof)
cap dqbuf: 3 seq:     67 bytesused: 10077696 ts: 15162.810854 delta: 34.704 ms fps: 28.82 field: None (ts-monotonic, ts-src-eof)
cap dqbuf: 0 seq:     68 bytesused: 10077696 ts: 15162.845559 delta: 34.705 ms fps: 28.82 field: None (ts-monotonic, ts-src-eof)
cap dqbuf: 1 seq:     69 bytesused: 10077696 ts: 15162.880263 delta: 34.704 ms fps: 28.82 field: None (ts-monotonic, ts-src-eof)
cap dqbuf: 2 seq:     70 bytesused: 10077696 ts: 15162.914966 delta: 34.703 ms fps: 28.82 field: None (ts-monotonic, ts-src-eof)
cap dqbuf: 3 seq:     71 bytesused: 10077696 ts: 15162.949669 delta: 34.703 ms fps: 28.82 field: None (ts-monotonic, ts-src-eof)
cap dqbuf: 0 seq:     72 bytesused: 10077696 ts: 15162.984375 delta: 34.706 ms fps: 28.82 field: None (ts-monotonic, ts-src-eof)
cap dqbuf: 1 seq:     73 bytesused: 10077696 ts: 15163.019077 delta: 34.702 ms fps: 28.82 field: None (ts-monotonic, ts-src-eof)
cap dqbuf: 2 seq:     74 bytesused: 10077696 ts: 15163.053783 delta: 34.706 ms fps: 28.82 field: None (ts-monotonic, ts-src-eof)
cap dqbuf: 3 seq:     75 bytesused: 10077696 ts: 15163.088486 delta: 34.703 ms fps: 28.82 field: None (ts-monotonic, ts-src-eof)
cap dqbuf: 0 seq:     76 bytesused: 10077696 ts: 15163.123191 delta: 34.705 ms fps: 28.82 field: None (ts-monotonic, ts-src-eof)
cap dqbuf: 1 seq:     77 bytesused: 10077696 ts: 15163.157894 delta: 34.703 ms fps: 28.82 field: None (ts-monotonic, ts-src-eof)
cap dqbuf: 2 seq:     78 bytesused: 10077696 ts: 15163.192599 delta: 34.705 ms fps: 28.82 field: None (ts-monotonic, ts-src-eof)
cap dqbuf: 3 seq:     79 bytesused: 10077696 ts: 15163.227304 delta: 34.705 ms fps: 28.82 field: None (ts-monotonic, ts-src-eof)
cap dqbuf: 0 seq:     80 bytesused: 10077696 ts: 15163.262006 delta: 34.702 ms fps: 28.82 field: None (ts-monotonic, ts-src-eof)
cap dqbuf: 1 seq:     81 bytesused: 10077696 ts: 15163.296712 delta: 34.706 ms fps: 28.82 field: None (ts-monotonic, ts-src-eof)
cap dqbuf: 2 seq:     82 bytesused: 10077696 ts: 15163.331415 delta: 34.703 ms fps: 28.82 field: None (ts-monotonic, ts-src-eof)
cap dqbuf: 3 seq:     83 bytesused: 10077696 ts: 15163.366121 delta: 34.706 ms fps: 28.82 field: None (ts-monotonic, ts-src-eof)
cap dqbuf: 0 seq:     84 bytesused: 10077696 ts: 15163.400823 delta: 34.702 ms fps: 28.82 field: None (ts-monotonic, ts-src-eof)
cap dqbuf: 1 seq:     85 bytesused: 10077696 ts: 15163.435526 delta: 34.703 ms fps: 28.82 field: None (ts-monotonic, ts-src-eof)
cap dqbuf: 2 seq:     86 bytesused: 10077696 ts: 15163.470231 delta: 34.705 ms fps: 28.82 field: None (ts-monotonic, ts-src-eof)
cap dqbuf: 3 seq:     87 bytesused: 10077696 ts: 15163.504936 delta: 34.705 ms fps: 28.82 field: None (ts-monotonic, ts-src-eof)
cap dqbuf: 0 seq:     88 bytesused: 10077696 ts: 15163.539642 delta: 34.706 ms fps: 28.82 field: None (ts-monotonic, ts-src-eof)
cap dqbuf: 1 seq:     89 bytesused: 10077696 ts: 15163.574346 delta: 34.704 ms fps: 28.82 field: None (ts-monotonic, ts-src-eof)
cap dqbuf: 2 seq:     90 bytesused: 10077696 ts: 15163.609048 delta: 34.702 ms fps: 28.82 field: None (ts-monotonic, ts-src-eof)
cap dqbuf: 3 seq:     91 bytesused: 10077696 ts: 15163.643752 delta: 34.704 ms fps: 28.82 field: None (ts-monotonic, ts-src-eof)
cap dqbuf: 0 seq:     92 bytesused: 10077696 ts: 15163.678458 delta: 34.706 ms fps: 28.82 field: None (ts-monotonic, ts-src-eof)
cap dqbuf: 1 seq:     93 bytesused: 10077696 ts: 15163.713162 delta: 34.704 ms fps: 28.82 field: None (ts-monotonic, ts-src-eof)
cap dqbuf: 2 seq:     94 bytesused: 10077696 ts: 15163.747866 delta: 34.704 ms fps: 28.82 field: None (ts-monotonic, ts-src-eof)
cap dqbuf: 3 seq:     95 bytesused: 10077696 ts: 15163.782569 delta: 34.703 ms fps: 28.82 field: None (ts-monotonic, ts-src-eof)
cap dqbuf: 0 seq:     96 bytesused: 10077696 ts: 15163.817273 delta: 34.704 ms fps: 28.82 field: None (ts-monotonic, ts-src-eof)
cap dqbuf: 1 seq:     97 bytesused: 10077696 ts: 15163.851978 delta: 34.705 ms fps: 28.82 field: None (ts-monotonic, ts-src-eof)
cap dqbuf: 2 seq:     98 bytesused: 10077696 ts: 15163.886681 delta: 34.703 ms fps: 28.82 field: None (ts-monotonic, ts-src-eof)
cap dqbuf: 3 seq:     99 bytesused: 10077696 ts: 15163.921386 delta: 34.705 ms fps: 28.82 field: None (ts-monotonic, ts-src-eof)
cap dqbuf: 0 seq:    100 bytesused: 10077696 ts: 15163.956090 delta: 34.704 ms fps: 28.82 field: None (ts-monotonic, ts-src-eof)
cap dqbuf: 1 seq:    101 bytesused: 10077696 ts: 15163.990793 delta: 34.703 ms fps: 28.82 field: None (ts-monotonic, ts-src-eof)
cap dqbuf: 2 seq:    102 bytesused: 10077696 ts: 15164.025498 delta: 34.705 ms fps: 28.82 field: None (ts-monotonic, ts-src-eof)
cap dqbuf: 3 seq:    103 bytesused: 10077696 ts: 15164.060204 delta: 34.706 ms fps: 28.82 field: None (ts-monotonic, ts-src-eof)
cap dqbuf: 0 seq:    104 bytesused: 10077696 ts: 15164.094907 delta: 34.703 ms fps: 28.82 field: None (ts-monotonic, ts-src-eof)
cap dqbuf: 1 seq:    105 bytesused: 10077696 ts: 15164.129611 delta: 34.704 ms fps: 28.82 field: None (ts-monotonic, ts-src-eof)
cap dqbuf: 2 seq:    106 bytesused: 10077696 ts: 15164.164316 delta: 34.705 ms fps: 28.82 field: None (ts-monotonic, ts-src-eof)
cap dqbuf: 3 seq:    107 bytesused: 10077696 ts: 15164.199018 delta: 34.702 ms fps: 28.82 field: None (ts-monotonic, ts-src-eof)
cap dqbuf: 0 seq:    108 bytesused: 10077696 ts: 15164.233724 delta: 34.706 ms fps: 28.82 field: None (ts-monotonic, ts-src-eof)
cap dqbuf: 1 seq:    109 bytesused: 10077696 ts: 15164.268426 delta: 34.702 ms fps: 28.82 field: None (ts-monotonic, ts-src-eof)
cap dqbuf: 2 seq:    110 bytesused: 10077696 ts: 15164.303129 delta: 34.703 ms fps: 28.82 field: None (ts-monotonic, ts-src-eof)
cap dqbuf: 3 seq:    111 bytesused: 10077696 ts: 15164.337836 delta: 34.707 ms fps: 28.82 field: None (ts-monotonic, ts-src-eof)
cap dqbuf: 0 seq:    112 bytesused: 10077696 ts: 15164.372540 delta: 34.704 ms fps: 28.82 field: None (ts-monotonic, ts-src-eof)
cap dqbuf: 1 seq:    113 bytesused: 10077696 ts: 15164.407245 delta: 34.705 ms fps: 28.82 field: None (ts-monotonic, ts-src-eof)
cap dqbuf: 2 seq:    114 bytesused: 10077696 ts: 15164.441947 delta: 34.702 ms fps: 28.82 field: None (ts-monotonic, ts-src-eof)
cap dqbuf: 3 seq:    115 bytesused: 10077696 ts: 15164.476651 delta: 34.704 ms fps: 28.82 field: None (ts-monotonic, ts-src-eof)
cap dqbuf: 0 seq:    116 bytesused: 10077696 ts: 15164.511356 delta: 34.705 ms fps: 28.82 field: None (ts-monotonic, ts-src-eof)
cap dqbuf: 1 seq:    117 bytesused: 10077696 ts: 15164.546060 delta: 34.704 ms fps: 28.82 field: None (ts-monotonic, ts-src-eof)
cap dqbuf: 2 seq:    118 bytesused: 10077696 ts: 15164.580763 delta: 34.703 ms fps: 28.82 field: None (ts-monotonic, ts-src-eof)
cap dqbuf: 3 seq:    119 bytesused: 10077696 ts: 15164.615467 delta: 34.704 ms fps: 28.82 field: None (ts-monotonic, ts-src-eof)
cap dqbuf: 0 seq:    120 bytesused: 10077696 ts: 15164.650173 delta: 34.706 ms fps: 28.82 field: None (ts-monotonic, ts-src-eof)
cap dqbuf: 1 seq:    121 bytesused: 10077696 ts: 15164.684877 delta: 34.704 ms fps: 28.82 field: None (ts-monotonic, ts-src-eof)
cap dqbuf: 2 seq:    122 bytesused: 10077696 ts: 15164.719583 delta: 34.706 ms fps: 28.82 field: None (ts-monotonic, ts-src-eof)
cap dqbuf: 3 seq:    123 bytesused: 10077696 ts: 15164.754287 delta: 34.704 ms fps: 28.82 field: None (ts-monotonic, ts-src-eof)
cap dqbuf: 0 seq:    124 bytesused: 10077696 ts: 15164.788990 delta: 34.703 ms fps: 28.82 field: None (ts-monotonic, ts-src-eof)
cap dqbuf: 1 seq:    125 bytesused: 10077696 ts: 15164.823694 delta: 34.704 ms fps: 28.82 field: None (ts-monotonic, ts-src-eof)
cap dqbuf: 2 seq:    126 bytesused: 10077696 ts: 15164.858397 delta: 34.703 ms fps: 28.82 field: None (ts-monotonic, ts-src-eof)
cap dqbuf: 3 seq:    127 bytesused: 10077696 ts: 15164.893101 delta: 34.704 ms fps: 28.82 field: None (ts-monotonic, ts-src-eof)
cap dqbuf: 0 seq:    128 bytesused: 10077696 ts: 15164.927806 delta: 34.705 ms fps: 28.82 field: None (ts-monotonic, ts-src-eof)
cap dqbuf: 1 seq:    129 bytesused: 10077696 ts: 15164.962511 delta: 34.705 ms fps: 28.82 field: None (ts-monotonic, ts-src-eof)
cap dqbuf: 2 seq:    130 bytesused: 10077696 ts: 15164.997213 delta: 34.702 ms fps: 28.82 field: None (ts-monotonic, ts-src-eof)
cap dqbuf: 3 seq:    131 bytesused: 10077696 ts: 15165.031919 delta: 34.706 ms fps: 28.82 field: None (ts-monotonic, ts-src-eof)
cap dqbuf: 0 seq:    132 bytesused: 10077696 ts: 15165.066621 delta: 34.702 ms fps: 28.82 field: None (ts-monotonic, ts-src-eof)
cap dqbuf: 1 seq:    133 bytesused: 10077696 ts: 15165.101327 delta: 34.706 ms fps: 28.82 field: None (ts-monotonic, ts-src-eof)
cap dqbuf: 2 seq:    134 bytesused: 10077696 ts: 15165.136031 delta: 34.704 ms fps: 28.82 field: None (ts-monotonic, ts-src-eof)
cap dqbuf: 3 seq:    135 bytesused: 10077696 ts: 15165.170736 delta: 34.705 ms fps: 28.82 field: None (ts-monotonic, ts-src-eof)
cap dqbuf: 0 seq:    136 bytesused: 10077696 ts: 15165.205437 delta: 34.701 ms fps: 28.82 field: None (ts-monotonic, ts-src-eof)
cap dqbuf: 1 seq:    137 bytesused: 10077696 ts: 15165.240141 delta: 34.704 ms fps: 28.82 field: None (ts-monotonic, ts-src-eof)
cap dqbuf: 2 seq:    138 bytesused: 10077696 ts: 15165.274846 delta: 34.705 ms fps: 28.82 field: None (ts-monotonic, ts-src-eof)
cap dqbuf: 3 seq:    139 bytesused: 10077696 ts: 15165.309551 delta: 34.705 ms fps: 28.82 field: None (ts-monotonic, ts-src-eof)
cap dqbuf: 0 seq:    140 bytesused: 10077696 ts: 15165.344256 delta: 34.705 ms fps: 28.82 field: None (ts-monotonic, ts-src-eof)
cap dqbuf: 1 seq:    141 bytesused: 10077696 ts: 15165.378959 delta: 34.703 ms fps: 28.82 field: None (ts-monotonic, ts-src-eof)
cap dqbuf: 2 seq:    142 bytesused: 10077696 ts: 15165.413663 delta: 34.704 ms fps: 28.82 field: None (ts-monotonic, ts-src-eof)
cap dqbuf: 3 seq:    143 bytesused: 10077696 ts: 15165.448369 delta: 34.706 ms fps: 28.82 field: None (ts-monotonic, ts-src-eof)
cap dqbuf: 0 seq:    144 bytesused: 10077696 ts: 15165.483072 delta: 34.703 ms fps: 28.82 field: None (ts-monotonic, ts-src-eof)
cap dqbuf: 1 seq:    145 bytesused: 10077696 ts: 15165.517775 delta: 34.703 ms fps: 28.82 field: None (ts-monotonic, ts-src-eof)
cap dqbuf: 2 seq:    146 bytesused: 10077696 ts: 15165.552480 delta: 34.705 ms fps: 28.82 field: None (ts-monotonic, ts-src-eof)
cap dqbuf: 3 seq:    147 bytesused: 10077696 ts: 15165.587186 delta: 34.706 ms fps: 28.82 field: None (ts-monotonic, ts-src-eof)
cap dqbuf: 0 seq:    148 bytesused: 10077696 ts: 15165.621887 delta: 34.701 ms fps: 28.82 field: None (ts-monotonic, ts-src-eof)
cap dqbuf: 1 seq:    149 bytesused: 10077696 ts: 15165.656592 delta: 34.705 ms fps: 28.82 field: None (ts-monotonic, ts-src-eof)

VIDIOC_QUERYCAP: ok
