[0:05:05.583836514] [9796]  INFO Camera camera_manager.cpp:340 libcamera v0.7.2+160-8103c3f2-dirty (2026-10-08T19:49:32CEST)
[0:05:05.586757045] [9797]  INFO IPAManager ipa_manager.cpp:147 libcamera is not installed. Adding '/home/nicfio/src/libcamera/build/src/ipa' to the IPA search path
[0:05:05.903457914] [9797]  WARN CameraSensorProperties camera_sensor_properties.cpp:616 No static properties available for 'gc5035'
[0:05:05.903564662] [9797]  WARN CameraSensorProperties camera_sensor_properties.cpp:618 Please consider updating the camera sensor properties database
[0:05:05.903746144] [9797]  WARN CameraSensor camera_sensor_legacy.cpp:518 'gc5035 2-003f': No sensor delays found in static properties. Assuming unverified defaults.
[0:05:05.905832273] [9797]  WARN CameraSensorProperties camera_sensor_properties.cpp:616 No static properties available for 'gc8034'
[0:05:05.905909843] [9797]  WARN CameraSensorProperties camera_sensor_properties.cpp:618 Please consider updating the camera sensor properties database
[0:05:05.905965471] [9797]  WARN CameraSensor camera_sensor_legacy.cpp:518 'gc8034 1-0037': No sensor delays found in static properties. Assuming unverified defaults.
[0:05:06.009195916] [9797]  INFO IPAProxy ipa_proxy.cpp:73 libcamera is not installed. Loading IPA configuration from '/home/nicfio/src/libcamera/src/ipa/softisp/data'
[0:05:06.009991348] [9797]  INFO IPAProxy ipa_proxy.cpp:73 libcamera is not installed. Loading IPA configuration from '/home/nicfio/src/libcamera/src/ipa/softisp/data'
[0:05:06.010129126] [9797]  WARN IPAProxy ipa_proxy.cpp:196 Configuration file 'gc5035.yaml' not found for IPA module 'softisp', falling back to '/home/nicfio/src/libcamera/src/ipa/softisp/data/uncalibrated.yaml'
[0:05:06.010944456] [9797]  INFO Awb awb.cpp:213 No AWB algorithm specified, using grey world
[0:05:06.011117870] [9797]  WARN Awb awb_grey.cpp:49 Failed to parse 'colourGains' parameter from tuning file; manual colour temperature will not work properly
[0:05:06.013076280] [9797]  INFO Camera camera_manager.cpp:223 Adding camera '\_SB_.PC00.LNK1' for pipeline handler simple
[0:05:06.049486650] [9797]  INFO IPAProxy ipa_proxy.cpp:73 libcamera is not installed. Loading IPA configuration from '/home/nicfio/src/libcamera/src/ipa/softisp/data'
[0:05:06.050306370] [9797]  INFO IPAProxy ipa_proxy.cpp:73 libcamera is not installed. Loading IPA configuration from '/home/nicfio/src/libcamera/src/ipa/softisp/data'
[0:05:06.050402339] [9797]  WARN IPAProxy ipa_proxy.cpp:196 Configuration file 'gc8034.yaml' not found for IPA module 'softisp', falling back to '/home/nicfio/src/libcamera/src/ipa/softisp/data/uncalibrated.yaml'
[0:05:06.050828773] [9797]  INFO Awb awb.cpp:213 No AWB algorithm specified, using grey world
[0:05:06.050873873] [9797]  WARN Awb awb_grey.cpp:49 Failed to parse 'colourGains' parameter from tuning file; manual colour temperature will not work properly
[0:05:06.051646315] [9797]  INFO Camera camera_manager.cpp:223 Adding camera '\_SB_.PC00.LNK0' for pipeline handler simple
Using camera \_SB_.PC00.LNK0 as cam0
[0:05:06.052831897] [9796]  INFO Camera camera.cpp:1216 configuring streams: (0) 3256x2448-ABGR8888/sRGB
[0:05:06.053229285] [9797]  INFO SimplePipeline simple.cpp:1570 Input buffer stride ignored by the driver. Requested 6656, got 6528
[0:05:06.053440791] [9797]  INFO Awb awb_grey.cpp:107 No gains curve defined, unable to interpolate gains to colour temperature
[0:05:06.053645837] [9797]  INFO SoftwareIsp software_isp.cpp:300 Input 3264x2448-RGGB-10 stride 6528
[0:05:06.195967115] [9801]  INFO eGL egl.cpp:408 EGL: EGL_VERSION: 1.5
[0:05:06.196137151] [9801]  INFO eGL egl.cpp:409 EGL: EGL_VENDOR: Mesa Project
[0:05:06.196175649] [9801]  INFO eGL egl.cpp:410 EGL: EGL_CLIENT_APIS: OpenGL OpenGL_ES 
[0:05:06.196201001] [9801]  INFO eGL egl.cpp:411 EGL: EGL_EXTENSIONS: EGL_ANDROID_blob_cache EGL_ANDROID_native_fence_sync EGL_EXT_config_select_group EGL_EXT_create_context_robustness EGL_EXT_image_dma_buf_import EGL_EXT_image_dma_buf_import_modifiers EGL_EXT_query_reset_notification_strategy EGL_EXT_surface_compression EGL_IMG_context_priority EGL_KHR_cl_event2 EGL_KHR_config_attribs EGL_KHR_context_flush_control EGL_KHR_create_context EGL_KHR_create_context_no_error EGL_KHR_fence_sync EGL_KHR_get_all_proc_addresses EGL_KHR_gl_colorspace EGL_KHR_gl_renderbuffer_image EGL_KHR_gl_texture_2D_image EGL_KHR_gl_texture_3D_image EGL_KHR_gl_texture_cubemap_image EGL_KHR_image_base EGL_KHR_no_config_context EGL_KHR_partial_update EGL_KHR_reusable_sync EGL_KHR_surfaceless_context EGL_EXT_pixel_format_float EGL_KHR_wait_sync EGL_MESA_configless_context EGL_MESA_drm_image EGL_MESA_gl_interop EGL_MESA_image_dma_buf_export EGL_MESA_query_driver EGL_MESA_x11_native_visual_id EGL_WL_bind_wayland_display 
[0:05:06.202666261] [9801]  INFO eGL egl.cpp:447 EGL: GL_RENDERER: Mesa Intel(R) Graphics (ADL-N)
[0:05:06.202804083] [9801]  INFO eGL egl.cpp:448 EGL: GL_VERSION: OpenGL ES 3.2 Mesa 25.0.7-2+deb13u1
cam0: Capture 90 frames
[0:05:06.384467964] [9801]  INFO Debayer debayer_egl.cpp:523 Importing input DMABuf failed, falling back to upload
306.342249 (0.00 fps) cam0-stream0 seq: 000000 bytesused: 31961088
	AeExposureMode = 0
	FrameDuration = 41649
	AnalogueGain = 1.000000
	SensorTimestamp = 306342249000
	ExposureValue = 0.000000
	Gamma = 2.200000
	AeConstraintMode = 0
	AwbEnable = true
	SensorBlackLevels = [ 4096, 4096, 4096, 4096 ]
	AnalogueGainMode = 0
	ColourGains = [ 1.000000, 1.000000 ]
	ExposureTime = 37493
	ColourTemperature = 5000
	ExposureTimeMode = 0
	Contrast = 1.000000
	Saturation = 1.000000
306.383899 (24.01 fps) cam0-stream0 seq: 000001 bytesused: 31961088
	SensorBlackLevels = [ 4096, 4096, 4096, 4096 ]
	AnalogueGainMode = 0
	Contrast = 1.000000
	Saturation = 1.000000
	AnalogueGain = 1.000000
	ExposureTime = 37493
	FrameDuration = 41649
	ExposureTimeMode = 0
	AeExposureMode = 0
	AeConstraintMode = 0
	Gamma = 2.200000
	ExposureValue = 0.000000
	SensorTimestamp = 306383899000
306.425550 (24.01 fps) cam0-stream0 seq: 000002 bytesused: 31961088
	SensorBlackLevels = [ 4096, 4096, 4096, 4096 ]
	AnalogueGainMode = 0
	Contrast = 1.000000
	Saturation = 1.000000
	AnalogueGain = 1.000000
	ExposureTime = 17427
	FrameDuration = 41649
	ExposureTimeMode = 0
	AeExposureMode = 0
	AeConstraintMode = 0
	Gamma = 2.200000
	ExposureValue = 0.000000
	SensorTimestamp = 306425550000
306.467204 (24.01 fps) cam0-stream0 seq: 000003 bytesused: 31961088
	SensorBlackLevels = [ 4096, 4096, 4096, 4096 ]
	AnalogueGainMode = 0
	Contrast = 1.000000
	Saturation = 1.000000
	AnalogueGain = 1.000000
	ExposureTime = 17427
	FrameDuration = 41649
	ExposureTimeMode = 0
	AeExposureMode = 0
	AeConstraintMode = 0
	Gamma = 2.200000
	ExposureValue = 0.000000
	SensorTimestamp = 306467204000
306.508855 (24.01 fps) cam0-stream0 seq: 000004 bytesused: 31961088
	AeExposureMode = 0
	FrameDuration = 41649
	AnalogueGain = 1.000000
	Saturation = 1.000000
	Contrast = 1.000000
	Gamma = 2.200000
	ExposureTimeMode = 0
	ColourTemperature = 5567
	ExposureTime = 17427
	ColourGains = [ 1.151047, 1.095849 ]
	AwbEnable = true
	AnalogueGainMode = 0
	SensorBlackLevels = [ 4096, 4096, 4096, 4096 ]
	AeConstraintMode = 0
	ExposureValue = 0.000000
	SensorTimestamp = 306508855000
306.558318 (20.22 fps) cam0-stream0 seq: 000005 bytesused: 31961088
	SensorBlackLevels = [ 4096, 4096, 4096, 4096 ]
	AnalogueGainMode = 0
	Contrast = 1.000000
	Saturation = 1.000000
	AnalogueGain = 1.000000
	ExposureTime = 17427
	FrameDuration = 41649
	ExposureTimeMode = 0
	AeExposureMode = 0
	AeConstraintMode = 0
	Gamma = 2.200000
	ExposureValue = 0.000000
	SensorTimestamp = 306558318000
306.599970 (24.01 fps) cam0-stream0 seq: 000006 bytesused: 31961088
	SensorBlackLevels = [ 4096, 4096, 4096, 4096 ]
	AnalogueGainMode = 0
	Contrast = 1.000000
	Saturation = 1.000000
	AnalogueGain = 1.000000
	ExposureTime = 17427
	FrameDuration = 41649
	ExposureTimeMode = 0
	AeExposureMode = 0
	AeConstraintMode = 0
	Gamma = 2.200000
	ExposureValue = 0.000000
	SensorTimestamp = 306599970000
306.641623 (24.01 fps) cam0-stream0 seq: 000007 bytesused: 31961088
	SensorBlackLevels = [ 4096, 4096, 4096, 4096 ]
	AnalogueGainMode = 0
	Contrast = 1.000000
	Saturation = 1.000000
	AnalogueGain = 1.000000
	ExposureTime = 17427
	FrameDuration = 41649
	ExposureTimeMode = 0
	AeExposureMode = 0
	AeConstraintMode = 0
	Gamma = 2.200000
	ExposureValue = 0.000000
	SensorTimestamp = 306641623000
306.683276 (24.01 fps) cam0-stream0 seq: 000008 bytesused: 31961088
	AeExposureMode = 0
	FrameDuration = 41649
	AnalogueGain = 1.000000
	Saturation = 1.000000
	Contrast = 1.000000
	Gamma = 2.200000
	ExposureTimeMode = 0
	ColourTemperature = 5562
	ExposureTime = 17427
	ColourGains = [ 1.271392, 1.172599 ]
	AwbEnable = true
	AnalogueGainMode = 0
	SensorBlackLevels = [ 4096, 4096, 4096, 4096 ]
	AeConstraintMode = 0
	ExposureValue = 0.000000
	SensorTimestamp = 306683276000
306.724928 (24.01 fps) cam0-stream0 seq: 000009 bytesused: 31961088
	SensorBlackLevels = [ 4096, 4096, 4096, 4096 ]
	AnalogueGainMode = 0
	Contrast = 1.000000
	Saturation = 1.000000
	AnalogueGain = 1.000000
	ExposureTime = 17427
	FrameDuration = 41649
	ExposureTimeMode = 0
	AeExposureMode = 0
	AeConstraintMode = 0
	Gamma = 2.200000
	ExposureValue = 0.000000
	SensorTimestamp = 306724928000
306.766578 (24.01 fps) cam0-stream0 seq: 000010 bytesused: 31961088
	SensorBlackLevels = [ 4096, 4096, 4096, 4096 ]
	AnalogueGainMode = 0
	Contrast = 1.000000
	Saturation = 1.000000
	AnalogueGain = 1.000000
	ExposureTime = 16877
	FrameDuration = 41649
	ExposureTimeMode = 0
	AeExposureMode = 0
	AeConstraintMode = 0
	Gamma = 2.200000
	ExposureValue = 0.000000
	SensorTimestamp = 306766578000
306.808235 (24.01 fps) cam0-stream0 seq: 000011 bytesused: 31961088
	SensorBlackLevels = [ 4096, 4096, 4096, 4096 ]
	AnalogueGainMode = 0
	Contrast = 1.000000
	Saturation = 1.000000
	AnalogueGain = 1.000000
	ExposureTime = 16877
	FrameDuration = 41649
	ExposureTimeMode = 0
	AeExposureMode = 0
	AeConstraintMode = 0
	Gamma = 2.200000
	ExposureValue = 0.000000
	SensorTimestamp = 306808235000
306.849886 (24.01 fps) cam0-stream0 seq: 000012 bytesused: 31961088
	AeExposureMode = 0
	FrameDuration = 41649
	AnalogueGain = 1.000000
	Saturation = 1.000000
	Contrast = 1.000000
	Gamma = 2.200000
	ExposureTimeMode = 0
	ColourTemperature = 5565
	ExposureTime = 16877
	ColourGains = [ 1.367063, 1.233682 ]
	AwbEnable = true
	AnalogueGainMode = 0
	SensorBlackLevels = [ 4096, 4096, 4096, 4096 ]
	AeConstraintMode = 0
	ExposureValue = 0.000000
	SensorTimestamp = 306849886000
306.891536 (24.01 fps) cam0-stream0 seq: 000013 bytesused: 31961088
	SensorBlackLevels = [ 4096, 4096, 4096, 4096 ]
	AnalogueGainMode = 0
	Contrast = 1.000000
	Saturation = 1.000000
	AnalogueGain = 1.000000
	ExposureTime = 16877
	FrameDuration = 41649
	ExposureTimeMode = 0
	AeExposureMode = 0
	AeConstraintMode = 0
	Gamma = 2.200000
	ExposureValue = 0.000000
	SensorTimestamp = 306891536000
306.933190 (24.01 fps) cam0-stream0 seq: 000014 bytesused: 31961088
	SensorBlackLevels = [ 4096, 4096, 4096, 4096 ]
	AnalogueGainMode = 0
	Contrast = 1.000000
	Saturation = 1.000000
	AnalogueGain = 1.000000
	ExposureTime = 16860
	FrameDuration = 41649
	ExposureTimeMode = 0
	AeExposureMode = 0
	AeConstraintMode = 0
	Gamma = 2.200000
	ExposureValue = 0.000000
	SensorTimestamp = 306933190000
306.974843 (24.01 fps) cam0-stream0 seq: 000015 bytesused: 31961088
	SensorBlackLevels = [ 4096, 4096, 4096, 4096 ]
	AnalogueGainMode = 0
	Contrast = 1.000000
	Saturation = 1.000000
	AnalogueGain = 1.000000
	ExposureTime = 16860
	FrameDuration = 41649
	ExposureTimeMode = 0
	AeExposureMode = 0
	AeConstraintMode = 0
	Gamma = 2.200000
	ExposureValue = 0.000000
	SensorTimestamp = 306974843000
307.016495 (24.01 fps) cam0-stream0 seq: 000016 bytesused: 31961088
	AeExposureMode = 0
	FrameDuration = 41649
	AnalogueGain = 1.000000
	Saturation = 1.000000
	Contrast = 1.000000
	Gamma = 2.200000
	ExposureTimeMode = 0
	ColourTemperature = 5565
	ExposureTime = 16860
	ColourGains = [ 1.444787, 1.282894 ]
	AwbEnable = true
	AnalogueGainMode = 0
	SensorBlackLevels = [ 4096, 4096, 4096, 4096 ]
	AeConstraintMode = 0
	ExposureValue = 0.000000
	SensorTimestamp = 307016495000
307.058147 (24.01 fps) cam0-stream0 seq: 000017 bytesused: 31961088
	SensorBlackLevels = [ 4096, 4096, 4096, 4096 ]
	AnalogueGainMode = 0
	Contrast = 1.000000
	Saturation = 1.000000
	AnalogueGain = 1.000000
	ExposureTime = 16843
	FrameDuration = 41649
	ExposureTimeMode = 0
	AeExposureMode = 0
	AeConstraintMode = 0
	Gamma = 2.200000
	ExposureValue = 0.000000
	SensorTimestamp = 307058147000
307.099799 (24.01 fps) cam0-stream0 seq: 000018 bytesused: 31961088
	SensorBlackLevels = [ 4096, 4096, 4096, 4096 ]
	AnalogueGainMode = 0
	Contrast = 1.000000
	Saturation = 1.000000
	AnalogueGain = 1.000000
	ExposureTime = 16843
	FrameDuration = 41649
	ExposureTimeMode = 0
	AeExposureMode = 0
	AeConstraintMode = 0
	Gamma = 2.200000
	ExposureValue = 0.000000
	SensorTimestamp = 307099799000
307.141451 (24.01 fps) cam0-stream0 seq: 000019 bytesused: 31961088
	SensorBlackLevels = [ 4096, 4096, 4096, 4096 ]
	AnalogueGainMode = 0
	Contrast = 1.000000
	Saturation = 1.000000
	AnalogueGain = 1.000000
	ExposureTime = 16843
	FrameDuration = 41649
	ExposureTimeMode = 0
	AeExposureMode = 0
	AeConstraintMode = 0
	Gamma = 2.200000
	ExposureValue = 0.000000
	SensorTimestamp = 307141451000
307.183106 (24.01 fps) cam0-stream0 seq: 000020 bytesused: 31961088
	AeExposureMode = 0
	FrameDuration = 41649
	AnalogueGain = 1.000000
	Saturation = 1.000000
	Contrast = 1.000000
	Gamma = 2.200000
	ExposureTimeMode = 0
	ColourTemperature = 5569
	ExposureTime = 16843
	ColourGains = [ 1.506427, 1.321953 ]
	AwbEnable = true
	AnalogueGainMode = 0
	SensorBlackLevels = [ 4096, 4096, 4096, 4096 ]
	AeConstraintMode = 0
	ExposureValue = 0.000000
	SensorTimestamp = 307183106000
307.224759 (24.01 fps) cam0-stream0 seq: 000021 bytesused: 31961088
	SensorBlackLevels = [ 4096, 4096, 4096, 4096 ]
	AnalogueGainMode = 0
	Contrast = 1.000000
	Saturation = 1.000000
	AnalogueGain = 1.000000
	ExposureTime = 16860
	FrameDuration = 41649
	ExposureTimeMode = 0
	AeExposureMode = 0
	AeConstraintMode = 0
	Gamma = 2.200000
	ExposureValue = 0.000000
	SensorTimestamp = 307224759000
307.266411 (24.01 fps) cam0-stream0 seq: 000022 bytesused: 31961088
	SensorBlackLevels = [ 4096, 4096, 4096, 4096 ]
	AnalogueGainMode = 0
	Contrast = 1.000000
	Saturation = 1.000000
	AnalogueGain = 1.000000
	ExposureTime = 16860
	FrameDuration = 41649
	ExposureTimeMode = 0
	AeExposureMode = 0
	AeConstraintMode = 0
	Gamma = 2.200000
	ExposureValue = 0.000000
	SensorTimestamp = 307266411000
307.308063 (24.01 fps) cam0-stream0 seq: 000023 bytesused: 31961088
	SensorBlackLevels = [ 4096, 4096, 4096, 4096 ]
	AnalogueGainMode = 0
	Contrast = 1.000000
	Saturation = 1.000000
	AnalogueGain = 1.000000
	ExposureTime = 16860
	FrameDuration = 41649
	ExposureTimeMode = 0
	AeExposureMode = 0
	AeConstraintMode = 0
	Gamma = 2.200000
	ExposureValue = 0.000000
	SensorTimestamp = 307308063000
307.349714 (24.01 fps) cam0-stream0 seq: 000024 bytesused: 31961088
	AeExposureMode = 0
	FrameDuration = 41649
	AnalogueGain = 1.000000
	Saturation = 1.000000
	Contrast = 1.000000
	Gamma = 2.200000
	ExposureTimeMode = 0
	ColourTemperature = 5581
	ExposureTime = 16860
	ColourGains = [ 1.555724, 1.352631 ]
	AwbEnable = true
	AnalogueGainMode = 0
	SensorBlackLevels = [ 4096, 4096, 4096, 4096 ]
	AeConstraintMode = 0
	ExposureValue = 0.000000
	SensorTimestamp = 307349714000
307.391368 (24.01 fps) cam0-stream0 seq: 000025 bytesused: 31961088
	SensorBlackLevels = [ 4096, 4096, 4096, 4096 ]
	AnalogueGainMode = 0
	Contrast = 1.000000
	Saturation = 1.000000
	AnalogueGain = 1.000000
	ExposureTime = 16843
	FrameDuration = 41649
	ExposureTimeMode = 0
	AeExposureMode = 0
	AeConstraintMode = 0
	Gamma = 2.200000
	ExposureValue = 0.000000
	SensorTimestamp = 307391368000
307.433020 (24.01 fps) cam0-stream0 seq: 000026 bytesused: 31961088
	SensorBlackLevels = [ 4096, 4096, 4096, 4096 ]
	AnalogueGainMode = 0
	Contrast = 1.000000
	Saturation = 1.000000
	AnalogueGain = 1.000000
	ExposureTime = 16843
	FrameDuration = 41649
	ExposureTimeMode = 0
	AeExposureMode = 0
	AeConstraintMode = 0
	Gamma = 2.200000
	ExposureValue = 0.000000
	SensorTimestamp = 307433020000
307.474672 (24.01 fps) cam0-stream0 seq: 000027 bytesused: 31961088
	SensorBlackLevels = [ 4096, 4096, 4096, 4096 ]
	AnalogueGainMode = 0
	Contrast = 1.000000
	Saturation = 1.000000
	AnalogueGain = 1.000000
	ExposureTime = 16843
	FrameDuration = 41649
	ExposureTimeMode = 0
	AeExposureMode = 0
	AeConstraintMode = 0
	Gamma = 2.200000
	ExposureValue = 0.000000
	SensorTimestamp = 307474672000
307.516325 (24.01 fps) cam0-stream0 seq: 000028 bytesused: 31961088
	AeExposureMode = 0
	FrameDuration = 41649
	AnalogueGain = 1.000000
	Saturation = 1.000000
	Contrast = 1.000000
	Gamma = 2.200000
	ExposureTimeMode = 0
	ColourTemperature = 5574
	ExposureTime = 16843
	ColourGains = [ 1.595673, 1.377624 ]
	AwbEnable = true
	AnalogueGainMode = 0
	SensorBlackLevels = [ 4096, 4096, 4096, 4096 ]
	AeConstraintMode = 0
	ExposureValue = 0.000000
	SensorTimestamp = 307516325000
307.557978 (24.01 fps) cam0-stream0 seq: 000029 bytesused: 31961088
	SensorBlackLevels = [ 4096, 4096, 4096, 4096 ]
	AnalogueGainMode = 0
	Contrast = 1.000000
	Saturation = 1.000000
	AnalogueGain = 1.000000
	ExposureTime = 16860
	FrameDuration = 41649
	ExposureTimeMode = 0
	AeExposureMode = 0
	AeConstraintMode = 0
	Gamma = 2.200000
	ExposureValue = 0.000000
	SensorTimestamp = 307557978000
307.599631 (24.01 fps) cam0-stream0 seq: 000030 bytesused: 31961088
	SensorBlackLevels = [ 4096, 4096, 4096, 4096 ]
	AnalogueGainMode = 0
	Contrast = 1.000000
	Saturation = 1.000000
	AnalogueGain = 1.000000
	ExposureTime = 16860
	FrameDuration = 41649
	ExposureTimeMode = 0
	AeExposureMode = 0
	AeConstraintMode = 0
	Gamma = 2.200000
	ExposureValue = 0.000000
	SensorTimestamp = 307599631000
307.641281 (24.01 fps) cam0-stream0 seq: 000031 bytesused: 31961088
	SensorBlackLevels = [ 4096, 4096, 4096, 4096 ]
	AnalogueGainMode = 0
	Contrast = 1.000000
	Saturation = 1.000000
	AnalogueGain = 1.000000
	ExposureTime = 16860
	FrameDuration = 41649
	ExposureTimeMode = 0
	AeExposureMode = 0
	AeConstraintMode = 0
	Gamma = 2.200000
	ExposureValue = 0.000000
	SensorTimestamp = 307641281000
307.682936 (24.01 fps) cam0-stream0 seq: 000032 bytesused: 31961088
	AeExposureMode = 0
	FrameDuration = 41649
	AnalogueGain = 1.000000
	Saturation = 1.000000
	Contrast = 1.000000
	Gamma = 2.200000
	ExposureTimeMode = 0
	ColourTemperature = 5570
	ExposureTime = 16860
	ColourGains = [ 1.626808, 1.397588 ]
	AwbEnable = true
	AnalogueGainMode = 0
	SensorBlackLevels = [ 4096, 4096, 4096, 4096 ]
	AeConstraintMode = 0
	ExposureValue = 0.000000
	SensorTimestamp = 307682936000
307.724586 (24.01 fps) cam0-stream0 seq: 000033 bytesused: 31961088
	SensorBlackLevels = [ 4096, 4096, 4096, 4096 ]
	AnalogueGainMode = 0
	Contrast = 1.000000
	Saturation = 1.000000
	AnalogueGain = 1.000000
	ExposureTime = 16826
	FrameDuration = 41649
	ExposureTimeMode = 0
	AeExposureMode = 0
	AeConstraintMode = 0
	Gamma = 2.200000
	ExposureValue = 0.000000
	SensorTimestamp = 307724586000
307.766241 (24.01 fps) cam0-stream0 seq: 000034 bytesused: 31961088
	SensorBlackLevels = [ 4096, 4096, 4096, 4096 ]
	AnalogueGainMode = 0
	Contrast = 1.000000
	Saturation = 1.000000
	AnalogueGain = 1.000000
	ExposureTime = 16826
	FrameDuration = 41649
	ExposureTimeMode = 0
	AeExposureMode = 0
	AeConstraintMode = 0
	Gamma = 2.200000
	ExposureValue = 0.000000
	SensorTimestamp = 307766241000
307.807894 (24.01 fps) cam0-stream0 seq: 000035 bytesused: 31961088
	SensorBlackLevels = [ 4096, 4096, 4096, 4096 ]
	AnalogueGainMode = 0
	Contrast = 1.000000
	Saturation = 1.000000
	AnalogueGain = 1.000000
	ExposureTime = 16826
	FrameDuration = 41649
	ExposureTimeMode = 0
	AeExposureMode = 0
	AeConstraintMode = 0
	Gamma = 2.200000
	ExposureValue = 0.000000
	SensorTimestamp = 307807894000
307.849544 (24.01 fps) cam0-stream0 seq: 000036 bytesused: 31961088
	AeExposureMode = 0
	FrameDuration = 41649
	AnalogueGain = 1.000000
	Saturation = 1.000000
	Contrast = 1.000000
	Gamma = 2.200000
	ExposureTimeMode = 0
	ColourTemperature = 5570
	ExposureTime = 16826
	ColourGains = [ 1.651697, 1.413542 ]
	AwbEnable = true
	AnalogueGainMode = 0
	SensorBlackLevels = [ 4096, 4096, 4096, 4096 ]
	AeConstraintMode = 0
	ExposureValue = 0.000000
	SensorTimestamp = 307849544000
307.891199 (24.01 fps) cam0-stream0 seq: 000037 bytesused: 31961088
	SensorBlackLevels = [ 4096, 4096, 4096, 4096 ]
	AnalogueGainMode = 0
	Contrast = 1.000000
	Saturation = 1.000000
	AnalogueGain = 1.000000
	ExposureTime = 16843
	FrameDuration = 41649
	ExposureTimeMode = 0
	AeExposureMode = 0
	AeConstraintMode = 0
	Gamma = 2.200000
	ExposureValue = 0.000000
	SensorTimestamp = 307891199000
307.932850 (24.01 fps) cam0-stream0 seq: 000038 bytesused: 31961088
	SensorBlackLevels = [ 4096, 4096, 4096, 4096 ]
	AnalogueGainMode = 0
	Contrast = 1.000000
	Saturation = 1.000000
	AnalogueGain = 1.000000
	ExposureTime = 16843
	FrameDuration = 41649
	ExposureTimeMode = 0
	AeExposureMode = 0
	AeConstraintMode = 0
	Gamma = 2.200000
	ExposureValue = 0.000000
	SensorTimestamp = 307932850000
307.974502 (24.01 fps) cam0-stream0 seq: 000039 bytesused: 31961088
	SensorBlackLevels = [ 4096, 4096, 4096, 4096 ]
	AnalogueGainMode = 0
	Contrast = 1.000000
	Saturation = 1.000000
	AnalogueGain = 1.000000
	ExposureTime = 16843
	FrameDuration = 41649
	ExposureTimeMode = 0
	AeExposureMode = 0
	AeConstraintMode = 0
	Gamma = 2.200000
	ExposureValue = 0.000000
	SensorTimestamp = 307974502000
308.016157 (24.01 fps) cam0-stream0 seq: 000040 bytesused: 31961088
	AeExposureMode = 0
	FrameDuration = 41649
	AnalogueGain = 1.000000
	Saturation = 1.000000
	Contrast = 1.000000
	Gamma = 2.200000
	ExposureTimeMode = 0
	ColourTemperature = 5569
	ExposureTime = 16843
	ColourGains = [ 1.671650, 1.426357 ]
	AwbEnable = true
	AnalogueGainMode = 0
	SensorBlackLevels = [ 4096, 4096, 4096, 4096 ]
	AeConstraintMode = 0
	ExposureValue = 0.000000
	SensorTimestamp = 308016157000
308.057809 (24.01 fps) cam0-stream0 seq: 000041 bytesused: 31961088
	SensorBlackLevels = [ 4096, 4096, 4096, 4096 ]
	AnalogueGainMode = 0
	Contrast = 1.000000
	Saturation = 1.000000
	AnalogueGain = 1.000000
	ExposureTime = 16860
	FrameDuration = 41649
	ExposureTimeMode = 0
	AeExposureMode = 0
	AeConstraintMode = 0
	Gamma = 2.200000
	ExposureValue = 0.000000
	SensorTimestamp = 308057809000
308.099460 (24.01 fps) cam0-stream0 seq: 000042 bytesused: 31961088
	SensorBlackLevels = [ 4096, 4096, 4096, 4096 ]
	AnalogueGainMode = 0
	Contrast = 1.000000
	Saturation = 1.000000
	AnalogueGain = 1.000000
	ExposureTime = 16860
	FrameDuration = 41649
	ExposureTimeMode = 0
	AeExposureMode = 0
	AeConstraintMode = 0
	Gamma = 2.200000
	ExposureValue = 0.000000
	SensorTimestamp = 308099460000
308.141113 (24.01 fps) cam0-stream0 seq: 000043 bytesused: 31961088
	SensorBlackLevels = [ 4096, 4096, 4096, 4096 ]
	AnalogueGainMode = 0
	Contrast = 1.000000
	Saturation = 1.000000
	AnalogueGain = 1.000000
	ExposureTime = 16860
	FrameDuration = 41649
	ExposureTimeMode = 0
	AeExposureMode = 0
	AeConstraintMode = 0
	Gamma = 2.200000
	ExposureValue = 0.000000
	SensorTimestamp = 308141113000
308.182765 (24.01 fps) cam0-stream0 seq: 000044 bytesused: 31961088
	AeExposureMode = 0
	FrameDuration = 41649
	AnalogueGain = 1.000000
	Saturation = 1.000000
	Contrast = 1.000000
	Gamma = 2.200000
	ExposureTimeMode = 0
	ColourTemperature = 5561
	ExposureTime = 16860
	ColourGains = [ 1.687357, 1.436921 ]
	AwbEnable = true
	AnalogueGainMode = 0
	SensorBlackLevels = [ 4096, 4096, 4096, 4096 ]
	AeConstraintMode = 0
	ExposureValue = 0.000000
	SensorTimestamp = 308182765000
308.224418 (24.01 fps) cam0-stream0 seq: 000045 bytesused: 31961088
	SensorBlackLevels = [ 4096, 4096, 4096, 4096 ]
	AnalogueGainMode = 0
	Contrast = 1.000000
	Saturation = 1.000000
	AnalogueGain = 1.000000
	ExposureTime = 16843
	FrameDuration = 41649
	ExposureTimeMode = 0
	AeExposureMode = 0
	AeConstraintMode = 0
	Gamma = 2.200000
	ExposureValue = 0.000000
	SensorTimestamp = 308224418000
308.266070 (24.01 fps) cam0-stream0 seq: 000046 bytesused: 31961088
	SensorBlackLevels = [ 4096, 4096, 4096, 4096 ]
	AnalogueGainMode = 0
	Contrast = 1.000000
	Saturation = 1.000000
	AnalogueGain = 1.000000
	ExposureTime = 16843
	FrameDuration = 41649
	ExposureTimeMode = 0
	AeExposureMode = 0
	AeConstraintMode = 0
	Gamma = 2.200000
	ExposureValue = 0.000000
	SensorTimestamp = 308266070000
308.307723 (24.01 fps) cam0-stream0 seq: 000047 bytesused: 31961088
	SensorBlackLevels = [ 4096, 4096, 4096, 4096 ]
	AnalogueGainMode = 0
	Contrast = 1.000000
	Saturation = 1.000000
	AnalogueGain = 1.000000
	ExposureTime = 16843
	FrameDuration = 41649
	ExposureTimeMode = 0
	AeExposureMode = 0
	AeConstraintMode = 0
	Gamma = 2.200000
	ExposureValue = 0.000000
	SensorTimestamp = 308307723000
308.349376 (24.01 fps) cam0-stream0 seq: 000048 bytesused: 31961088
	AeExposureMode = 0
	FrameDuration = 41649
	AnalogueGain = 1.000000
	Saturation = 1.000000
	Contrast = 1.000000
	Gamma = 2.200000
	ExposureTimeMode = 0
	ColourTemperature = 5563
	ExposureTime = 16843
	ColourGains = [ 1.699770, 1.445232 ]
	AwbEnable = true
	AnalogueGainMode = 0
	SensorBlackLevels = [ 4096, 4096, 4096, 4096 ]
	AeConstraintMode = 0
	ExposureValue = 0.000000
	SensorTimestamp = 308349376000
308.391028 (24.01 fps) cam0-stream0 seq: 000049 bytesused: 31961088
	SensorBlackLevels = [ 4096, 4096, 4096, 4096 ]
	AnalogueGainMode = 0
	Contrast = 1.000000
	Saturation = 1.000000
	AnalogueGain = 1.000000
	ExposureTime = 16843
	FrameDuration = 41649
	ExposureTimeMode = 0
	AeExposureMode = 0
	AeConstraintMode = 0
	Gamma = 2.200000
	ExposureValue = 0.000000
	SensorTimestamp = 308391028000
308.432680 (24.01 fps) cam0-stream0 seq: 000050 bytesused: 31961088
	SensorBlackLevels = [ 4096, 4096, 4096, 4096 ]
	AnalogueGainMode = 0
	Contrast = 1.000000
	Saturation = 1.000000
	AnalogueGain = 1.000000
	ExposureTime = 16843
	FrameDuration = 41649
	ExposureTimeMode = 0
	AeExposureMode = 0
	AeConstraintMode = 0
	Gamma = 2.200000
	ExposureValue = 0.000000
	SensorTimestamp = 308432680000
308.474332 (24.01 fps) cam0-stream0 seq: 000051 bytesused: 31961088
	SensorBlackLevels = [ 4096, 4096, 4096, 4096 ]
	AnalogueGainMode = 0
	Contrast = 1.000000
	Saturation = 1.000000
	AnalogueGain = 1.000000
	ExposureTime = 16843
	FrameDuration = 41649
	ExposureTimeMode = 0
	AeExposureMode = 0
	AeConstraintMode = 0
	Gamma = 2.200000
	ExposureValue = 0.000000
	SensorTimestamp = 308474332000
308.515984 (24.01 fps) cam0-stream0 seq: 000052 bytesused: 31961088
	AeExposureMode = 0
	FrameDuration = 41649
	AnalogueGain = 1.000000
	Saturation = 1.000000
	Contrast = 1.000000
	Gamma = 2.200000
	ExposureTimeMode = 0
	ColourTemperature = 5569
	ExposureTime = 16843
	ColourGains = [ 1.710081, 1.451710 ]
	AwbEnable = true
	AnalogueGainMode = 0
	SensorBlackLevels = [ 4096, 4096, 4096, 4096 ]
	AeConstraintMode = 0
	ExposureValue = 0.000000
	SensorTimestamp = 308515984000
308.557638 (24.01 fps) cam0-stream0 seq: 000053 bytesused: 31961088
	SensorBlackLevels = [ 4096, 4096, 4096, 4096 ]
	AnalogueGainMode = 0
	Contrast = 1.000000
	Saturation = 1.000000
	AnalogueGain = 1.000000
	ExposureTime = 16843
	FrameDuration = 41649
	ExposureTimeMode = 0
	AeExposureMode = 0
	AeConstraintMode = 0
	Gamma = 2.200000
	ExposureValue = 0.000000
	SensorTimestamp = 308557638000
308.599289 (24.01 fps) cam0-stream0 seq: 000054 bytesused: 31961088
	SensorBlackLevels = [ 4096, 4096, 4096, 4096 ]
	AnalogueGainMode = 0
	Contrast = 1.000000
	Saturation = 1.000000
	AnalogueGain = 1.000000
	ExposureTime = 16843
	FrameDuration = 41649
	ExposureTimeMode = 0
	AeExposureMode = 0
	AeConstraintMode = 0
	Gamma = 2.200000
	ExposureValue = 0.000000
	SensorTimestamp = 308599289000
308.640943 (24.01 fps) cam0-stream0 seq: 000055 bytesused: 31961088
	SensorBlackLevels = [ 4096, 4096, 4096, 4096 ]
	AnalogueGainMode = 0
	Contrast = 1.000000
	Saturation = 1.000000
	AnalogueGain = 1.000000
	ExposureTime = 16843
	FrameDuration = 41649
	ExposureTimeMode = 0
	AeExposureMode = 0
	AeConstraintMode = 0
	Gamma = 2.200000
	ExposureValue = 0.000000
	SensorTimestamp = 308640943000
308.682594 (24.01 fps) cam0-stream0 seq: 000056 bytesused: 31961088
	AeExposureMode = 0
	FrameDuration = 41649
	AnalogueGain = 1.000000
	Saturation = 1.000000
	Contrast = 1.000000
	Gamma = 2.200000
	ExposureTimeMode = 0
	ColourTemperature = 5568
	ExposureTime = 16843
	ColourGains = [ 1.718372, 1.456945 ]
	AwbEnable = true
	AnalogueGainMode = 0
	SensorBlackLevels = [ 4096, 4096, 4096, 4096 ]
	AeConstraintMode = 0
	ExposureValue = 0.000000
	SensorTimestamp = 308682594000
308.724250 (24.01 fps) cam0-stream0 seq: 000057 bytesused: 31961088
	SensorBlackLevels = [ 4096, 4096, 4096, 4096 ]
	AnalogueGainMode = 0
	Contrast = 1.000000
	Saturation = 1.000000
	AnalogueGain = 1.000000
	ExposureTime = 16843
	FrameDuration = 41649
	ExposureTimeMode = 0
	AeExposureMode = 0
	AeConstraintMode = 0
	Gamma = 2.200000
	ExposureValue = 0.000000
	SensorTimestamp = 308724250000
308.765902 (24.01 fps) cam0-stream0 seq: 000058 bytesused: 31961088
	SensorBlackLevels = [ 4096, 4096, 4096, 4096 ]
	AnalogueGainMode = 0
	Contrast = 1.000000
	Saturation = 1.000000
	AnalogueGain = 1.000000
	ExposureTime = 16843
	FrameDuration = 41649
	ExposureTimeMode = 0
	AeExposureMode = 0
	AeConstraintMode = 0
	Gamma = 2.200000
	ExposureValue = 0.000000
	SensorTimestamp = 308765902000
[0:05:08.884330100] [9801]  INFO Benchmark benchmark.cpp:89 Debayer processed 30 frames in 962992us, 32099 us/frame
308.807552 (24.01 fps) cam0-stream0 seq: 000059 bytesused: 31961088
	SensorBlackLevels = [ 4096, 4096, 4096, 4096 ]
	AnalogueGainMode = 0
	Contrast = 1.000000
	Saturation = 1.000000
	AnalogueGain = 1.000000
	ExposureTime = 16843
	FrameDuration = 41649
	ExposureTimeMode = 0
	AeExposureMode = 0
	AeConstraintMode = 0
	Gamma = 2.200000
	ExposureValue = 0.000000
	SensorTimestamp = 308807552000
308.849205 (24.01 fps) cam0-stream0 seq: 000060 bytesused: 31961088
	AeExposureMode = 0
	FrameDuration = 41649
	AnalogueGain = 1.000000
	Saturation = 1.000000
	Contrast = 1.000000
	Gamma = 2.200000
	ExposureTimeMode = 0
	ColourTemperature = 5568
	ExposureTime = 16843
	ColourGains = [ 1.724973, 1.461117 ]
	AwbEnable = true
	AnalogueGainMode = 0
	SensorBlackLevels = [ 4096, 4096, 4096, 4096 ]
	AeConstraintMode = 0
	ExposureValue = 0.000000
	SensorTimestamp = 308849205000
308.890857 (24.01 fps) cam0-stream0 seq: 000061 bytesused: 31961088
	SensorBlackLevels = [ 4096, 4096, 4096, 4096 ]
	AnalogueGainMode = 0
	Contrast = 1.000000
	Saturation = 1.000000
	AnalogueGain = 1.000000
	ExposureTime = 16843
	FrameDuration = 41649
	ExposureTimeMode = 0
	AeExposureMode = 0
	AeConstraintMode = 0
	Gamma = 2.200000
	ExposureValue = 0.000000
	SensorTimestamp = 308890857000
308.932510 (24.01 fps) cam0-stream0 seq: 000062 bytesused: 31961088
	SensorBlackLevels = [ 4096, 4096, 4096, 4096 ]
	AnalogueGainMode = 0
	Contrast = 1.000000
	Saturation = 1.000000
	AnalogueGain = 1.000000
	ExposureTime = 16843
	FrameDuration = 41649
	ExposureTimeMode = 0
	AeExposureMode = 0
	AeConstraintMode = 0
	Gamma = 2.200000
	ExposureValue = 0.000000
	SensorTimestamp = 308932510000
308.974162 (24.01 fps) cam0-stream0 seq: 000063 bytesused: 31961088
	SensorBlackLevels = [ 4096, 4096, 4096, 4096 ]
	AnalogueGainMode = 0
	Contrast = 1.000000
	Saturation = 1.000000
	AnalogueGain = 1.000000
	ExposureTime = 16843
	FrameDuration = 41649
	ExposureTimeMode = 0
	AeExposureMode = 0
	AeConstraintMode = 0
	Gamma = 2.200000
	ExposureValue = 0.000000
	SensorTimestamp = 308974162000
309.015817 (24.01 fps) cam0-stream0 seq: 000064 bytesused: 31961088
	AeExposureMode = 0
	FrameDuration = 41649
	AnalogueGain = 1.000000
	Saturation = 1.000000
	Contrast = 1.000000
	Gamma = 2.200000
	ExposureTimeMode = 0
	ColourTemperature = 5568
	ExposureTime = 16843
	ColourGains = [ 1.730223, 1.464475 ]
	AwbEnable = true
	AnalogueGainMode = 0
	SensorBlackLevels = [ 4096, 4096, 4096, 4096 ]
	AeConstraintMode = 0
	ExposureValue = 0.000000
	SensorTimestamp = 309015817000
309.057469 (24.01 fps) cam0-stream0 seq: 000065 bytesused: 31961088
	SensorBlackLevels = [ 4096, 4096, 4096, 4096 ]
	AnalogueGainMode = 0
	Contrast = 1.000000
	Saturation = 1.000000
	AnalogueGain = 1.000000
	ExposureTime = 16843
	FrameDuration = 41649
	ExposureTimeMode = 0
	AeExposureMode = 0
	AeConstraintMode = 0
	Gamma = 2.200000
	ExposureValue = 0.000000
	SensorTimestamp = 309057469000
309.099122 (24.01 fps) cam0-stream0 seq: 000066 bytesused: 31961088
	SensorBlackLevels = [ 4096, 4096, 4096, 4096 ]
	AnalogueGainMode = 0
	Contrast = 1.000000
	Saturation = 1.000000
	AnalogueGain = 1.000000
	ExposureTime = 16843
	FrameDuration = 41649
	ExposureTimeMode = 0
	AeExposureMode = 0
	AeConstraintMode = 0
	Gamma = 2.200000
	ExposureValue = 0.000000
	SensorTimestamp = 309099122000
309.140775 (24.01 fps) cam0-stream0 seq: 000067 bytesused: 31961088
	SensorBlackLevels = [ 4096, 4096, 4096, 4096 ]
	AnalogueGainMode = 0
	Contrast = 1.000000
	Saturation = 1.000000
	AnalogueGain = 1.000000
	ExposureTime = 16843
	FrameDuration = 41649
	ExposureTimeMode = 0
	AeExposureMode = 0
	AeConstraintMode = 0
	Gamma = 2.200000
	ExposureValue = 0.000000
	SensorTimestamp = 309140775000
309.182426 (24.01 fps) cam0-stream0 seq: 000068 bytesused: 31961088
	AeExposureMode = 0
	FrameDuration = 41649
	AnalogueGain = 1.000000
	Saturation = 1.000000
	Contrast = 1.000000
	Gamma = 2.200000
	ExposureTimeMode = 0
	ColourTemperature = 5568
	ExposureTime = 16843
	ColourGains = [ 1.734403, 1.467153 ]
	AwbEnable = true
	AnalogueGainMode = 0
	SensorBlackLevels = [ 4096, 4096, 4096, 4096 ]
	AeConstraintMode = 0
	ExposureValue = 0.000000
	SensorTimestamp = 309182426000
309.224078 (24.01 fps) cam0-stream0 seq: 000069 bytesused: 31961088
	SensorBlackLevels = [ 4096, 4096, 4096, 4096 ]
	AnalogueGainMode = 0
	Contrast = 1.000000
	Saturation = 1.000000
	AnalogueGain = 1.000000
	ExposureTime = 16843
	FrameDuration = 41649
	ExposureTimeMode = 0
	AeExposureMode = 0
	AeConstraintMode = 0
	Gamma = 2.200000
	ExposureValue = 0.000000
	SensorTimestamp = 309224078000
309.265733 (24.01 fps) cam0-stream0 seq: 000070 bytesused: 31961088
	SensorBlackLevels = [ 4096, 4096, 4096, 4096 ]
	AnalogueGainMode = 0
	Contrast = 1.000000
	Saturation = 1.000000
	AnalogueGain = 1.000000
	ExposureTime = 16843
	FrameDuration = 41649
	ExposureTimeMode = 0
	AeExposureMode = 0
	AeConstraintMode = 0
	Gamma = 2.200000
	ExposureValue = 0.000000
	SensorTimestamp = 309265733000
309.307384 (24.01 fps) cam0-stream0 seq: 000071 bytesused: 31961088
	SensorBlackLevels = [ 4096, 4096, 4096, 4096 ]
	AnalogueGainMode = 0
	Contrast = 1.000000
	Saturation = 1.000000
	AnalogueGain = 1.000000
	ExposureTime = 16843
	FrameDuration = 41649
	ExposureTimeMode = 0
	AeExposureMode = 0
	AeConstraintMode = 0
	Gamma = 2.200000
	ExposureValue = 0.000000
	SensorTimestamp = 309307384000
309.349036 (24.01 fps) cam0-stream0 seq: 000072 bytesused: 31961088
	AeExposureMode = 0
	FrameDuration = 41649
	AnalogueGain = 1.000000
	Saturation = 1.000000
	Contrast = 1.000000
	Gamma = 2.200000
	ExposureTimeMode = 0
	ColourTemperature = 5569
	ExposureTime = 16843
	ColourGains = [ 1.737788, 1.469267 ]
	AwbEnable = true
	AnalogueGainMode = 0
	SensorBlackLevels = [ 4096, 4096, 4096, 4096 ]
	AeConstraintMode = 0
	ExposureValue = 0.000000
	SensorTimestamp = 309349036000
309.390691 (24.01 fps) cam0-stream0 seq: 000073 bytesused: 31961088
	SensorBlackLevels = [ 4096, 4096, 4096, 4096 ]
	AnalogueGainMode = 0
	Contrast = 1.000000
	Saturation = 1.000000
	AnalogueGain = 1.000000
	ExposureTime = 16843
	FrameDuration = 41649
	ExposureTimeMode = 0
	AeExposureMode = 0
	AeConstraintMode = 0
	Gamma = 2.200000
	ExposureValue = 0.000000
	SensorTimestamp = 309390691000
309.432343 (24.01 fps) cam0-stream0 seq: 000074 bytesused: 31961088
	SensorBlackLevels = [ 4096, 4096, 4096, 4096 ]
	AnalogueGainMode = 0
	Contrast = 1.000000
	Saturation = 1.000000
	AnalogueGain = 1.000000
	ExposureTime = 16843
	FrameDuration = 41649
	ExposureTimeMode = 0
	AeExposureMode = 0
	AeConstraintMode = 0
	Gamma = 2.200000
	ExposureValue = 0.000000
	SensorTimestamp = 309432343000
309.473996 (24.01 fps) cam0-stream0 seq: 000075 bytesused: 31961088
	SensorBlackLevels = [ 4096, 4096, 4096, 4096 ]
	AnalogueGainMode = 0
	Contrast = 1.000000
	Saturation = 1.000000
	AnalogueGain = 1.000000
	ExposureTime = 16843
	FrameDuration = 41649
	ExposureTimeMode = 0
	AeExposureMode = 0
	AeConstraintMode = 0
	Gamma = 2.200000
	ExposureValue = 0.000000
	SensorTimestamp = 309473996000
309.515644 (24.01 fps) cam0-stream0 seq: 000076 bytesused: 31961088
	AeExposureMode = 0
	FrameDuration = 41649
	AnalogueGain = 1.000000
	Saturation = 1.000000
	Contrast = 1.000000
	Gamma = 2.200000
	ExposureTimeMode = 0
	ColourTemperature = 5568
	ExposureTime = 16843
	ColourGains = [ 1.740459, 1.470994 ]
	AwbEnable = true
	AnalogueGainMode = 0
	SensorBlackLevels = [ 4096, 4096, 4096, 4096 ]
	AeConstraintMode = 0
	ExposureValue = 0.000000
	SensorTimestamp = 309515644000
309.557299 (24.01 fps) cam0-stream0 seq: 000077 bytesused: 31961088
	SensorBlackLevels = [ 4096, 4096, 4096, 4096 ]
	AnalogueGainMode = 0
	Contrast = 1.000000
	Saturation = 1.000000
	AnalogueGain = 1.000000
	ExposureTime = 16843
	FrameDuration = 41649
	ExposureTimeMode = 0
	AeExposureMode = 0
	AeConstraintMode = 0
	Gamma = 2.200000
	ExposureValue = 0.000000
	SensorTimestamp = 309557299000
309.598952 (24.01 fps) cam0-stream0 seq: 000078 bytesused: 31961088
	SensorBlackLevels = [ 4096, 4096, 4096, 4096 ]
	AnalogueGainMode = 0
	Contrast = 1.000000
	Saturation = 1.000000
	AnalogueGain = 1.000000
	ExposureTime = 16843
	FrameDuration = 41649
	ExposureTimeMode = 0
	AeExposureMode = 0
	AeConstraintMode = 0
	Gamma = 2.200000
	ExposureValue = 0.000000
	SensorTimestamp = 309598952000
309.640602 (24.01 fps) cam0-stream0 seq: 000079 bytesused: 31961088
	SensorBlackLevels = [ 4096, 4096, 4096, 4096 ]
	AnalogueGainMode = 0
	Contrast = 1.000000
	Saturation = 1.000000
	AnalogueGain = 1.000000
	ExposureTime = 16843
	FrameDuration = 41649
	ExposureTimeMode = 0
	AeExposureMode = 0
	AeConstraintMode = 0
	Gamma = 2.200000
	ExposureValue = 0.000000
	SensorTimestamp = 309640602000
309.682255 (24.01 fps) cam0-stream0 seq: 000080 bytesused: 31961088
	AeExposureMode = 0
	FrameDuration = 41649
	AnalogueGain = 1.000000
	Saturation = 1.000000
	Contrast = 1.000000
	Gamma = 2.200000
	ExposureTimeMode = 0
	ColourTemperature = 5568
	ExposureTime = 16843
	ColourGains = [ 1.742556, 1.472350 ]
	AwbEnable = true
	AnalogueGainMode = 0
	SensorBlackLevels = [ 4096, 4096, 4096, 4096 ]
	AeConstraintMode = 0
	ExposureValue = 0.000000
	SensorTimestamp = 309682255000
309.723909 (24.01 fps) cam0-stream0 seq: 000081 bytesused: 31961088
	SensorBlackLevels = [ 4096, 4096, 4096, 4096 ]
	AnalogueGainMode = 0
	Contrast = 1.000000
	Saturation = 1.000000
	AnalogueGain = 1.000000
	ExposureTime = 16843
	FrameDuration = 41649
	ExposureTimeMode = 0
	AeExposureMode = 0
	AeConstraintMode = 0
	Gamma = 2.200000
	ExposureValue = 0.000000
	SensorTimestamp = 309723909000
309.765562 (24.01 fps) cam0-stream0 seq: 000082 bytesused: 31961088
	SensorBlackLevels = [ 4096, 4096, 4096, 4096 ]
	AnalogueGainMode = 0
	Contrast = 1.000000
	Saturation = 1.000000
	AnalogueGain = 1.000000
	ExposureTime = 16843
	FrameDuration = 41649
	ExposureTimeMode = 0
	AeExposureMode = 0
	AeConstraintMode = 0
	Gamma = 2.200000
	ExposureValue = 0.000000
	SensorTimestamp = 309765562000
309.807213 (24.01 fps) cam0-stream0 seq: 000083 bytesused: 31961088
	SensorBlackLevels = [ 4096, 4096, 4096, 4096 ]
	AnalogueGainMode = 0
	Contrast = 1.000000
	Saturation = 1.000000
	AnalogueGain = 1.000000
	ExposureTime = 16843
	FrameDuration = 41649
	ExposureTimeMode = 0
	AeExposureMode = 0
	AeConstraintMode = 0
	Gamma = 2.200000
	ExposureValue = 0.000000
	SensorTimestamp = 309807213000
309.848867 (24.01 fps) cam0-stream0 seq: 000084 bytesused: 31961088
	AeExposureMode = 0
	FrameDuration = 41649
	AnalogueGain = 1.000000
	Saturation = 1.000000
	Contrast = 1.000000
	Gamma = 2.200000
	ExposureTimeMode = 0
	ColourTemperature = 5567
	ExposureTime = 16843
	ColourGains = [ 1.744238, 1.473458 ]
	AwbEnable = true
	AnalogueGainMode = 0
	SensorBlackLevels = [ 4096, 4096, 4096, 4096 ]
	AeConstraintMode = 0
	ExposureValue = 0.000000
	SensorTimestamp = 309848867000
309.890518 (24.01 fps) cam0-stream0 seq: 000085 bytesused: 31961088
	SensorBlackLevels = [ 4096, 4096, 4096, 4096 ]
	AnalogueGainMode = 0
	Contrast = 1.000000
	Saturation = 1.000000
	AnalogueGain = 1.000000
	ExposureTime = 16826
	FrameDuration = 41649
	ExposureTimeMode = 0
	AeExposureMode = 0
	AeConstraintMode = 0
	Gamma = 2.200000
	ExposureValue = 0.000000
	SensorTimestamp = 309890518000
309.932171 (24.01 fps) cam0-stream0 seq: 000086 bytesused: 31961088
	SensorBlackLevels = [ 4096, 4096, 4096, 4096 ]
	AnalogueGainMode = 0
	Contrast = 1.000000
	Saturation = 1.000000
	AnalogueGain = 1.000000
	ExposureTime = 16826
	FrameDuration = 41649
	ExposureTimeMode = 0
	AeExposureMode = 0
	AeConstraintMode = 0
	Gamma = 2.200000
	ExposureValue = 0.000000
	SensorTimestamp = 309932171000
309.973825 (24.01 fps) cam0-stream0 seq: 000087 bytesused: 31961088
	SensorBlackLevels = [ 4096, 4096, 4096, 4096 ]
	AnalogueGainMode = 0
	Contrast = 1.000000
	Saturation = 1.000000
	AnalogueGain = 1.000000
	ExposureTime = 16826
	FrameDuration = 41649
	ExposureTimeMode = 0
	AeExposureMode = 0
	AeConstraintMode = 0
	Gamma = 2.200000
	ExposureValue = 0.000000
	SensorTimestamp = 309973825000
310.015477 (24.01 fps) cam0-stream0 seq: 000088 bytesused: 31961088
	AeExposureMode = 0
	FrameDuration = 41649
	AnalogueGain = 1.000000
	Saturation = 1.000000
	Contrast = 1.000000
	Gamma = 2.200000
	ExposureTimeMode = 0
	ColourTemperature = 5567
	ExposureTime = 16826
	ColourGains = [ 1.745659, 1.474400 ]
	AwbEnable = true
	AnalogueGainMode = 0
	SensorBlackLevels = [ 4096, 4096, 4096, 4096 ]
	AeConstraintMode = 0
	ExposureValue = 0.000000
	SensorTimestamp = 310015477000
310.057128 (24.01 fps) cam0-stream0 seq: 000089 bytesused: 31961088
	SensorBlackLevels = [ 4096, 4096, 4096, 4096 ]
	AnalogueGainMode = 0
	Contrast = 1.000000
	Saturation = 1.000000
	AnalogueGain = 1.000000
	ExposureTime = 16826
	FrameDuration = 41649
	ExposureTimeMode = 0
	AeExposureMode = 0
	AeConstraintMode = 0
	Gamma = 2.200000
	ExposureValue = 0.000000
	SensorTimestamp = 310057128000
