[0:03:42.738876207] [9542]  INFO Camera camera_manager.cpp:340 libcamera v0.7.2+160-8103c3f2-dirty (2026-10-08T19:49:32CEST)
[0:03:42.740438741] [9543]  INFO IPAManager ipa_manager.cpp:147 libcamera is not installed. Adding '/home/nicfio/src/libcamera/build/src/ipa' to the IPA search path
[0:03:43.064196499] [9543]  WARN CameraSensorProperties camera_sensor_properties.cpp:616 No static properties available for 'gc5035'
[0:03:43.064312528] [9543]  WARN CameraSensorProperties camera_sensor_properties.cpp:618 Please consider updating the camera sensor properties database
[0:03:43.064481324] [9543]  WARN CameraSensor camera_sensor_legacy.cpp:518 'gc5035 2-003f': No sensor delays found in static properties. Assuming unverified defaults.
[0:03:43.067109508] [9543]  WARN CameraSensorProperties camera_sensor_properties.cpp:616 No static properties available for 'gc8034'
[0:03:43.067202866] [9543]  WARN CameraSensorProperties camera_sensor_properties.cpp:618 Please consider updating the camera sensor properties database
[0:03:43.067270059] [9543]  WARN CameraSensor camera_sensor_legacy.cpp:518 'gc8034 1-0037': No sensor delays found in static properties. Assuming unverified defaults.
[0:03:43.171376250] [9543]  INFO IPAProxy ipa_proxy.cpp:73 libcamera is not installed. Loading IPA configuration from '/home/nicfio/src/libcamera/src/ipa/softisp/data'
[0:03:43.172259954] [9543]  INFO IPAProxy ipa_proxy.cpp:73 libcamera is not installed. Loading IPA configuration from '/home/nicfio/src/libcamera/src/ipa/softisp/data'
[0:03:43.176292887] [9543]  WARN IPAProxy ipa_proxy.cpp:196 Configuration file 'gc5035.yaml' not found for IPA module 'softisp', falling back to '/home/nicfio/src/libcamera/src/ipa/softisp/data/uncalibrated.yaml'
[0:03:43.177348746] [9543]  INFO Awb awb.cpp:213 No AWB algorithm specified, using grey world
[0:03:43.177525730] [9543]  WARN Awb awb_grey.cpp:49 Failed to parse 'colourGains' parameter from tuning file; manual colour temperature will not work properly
[0:03:43.179618860] [9543]  INFO Camera camera_manager.cpp:223 Adding camera '\_SB_.PC00.LNK1' for pipeline handler simple
[0:03:43.214883650] [9543]  INFO IPAProxy ipa_proxy.cpp:73 libcamera is not installed. Loading IPA configuration from '/home/nicfio/src/libcamera/src/ipa/softisp/data'
[0:03:43.215841482] [9543]  INFO IPAProxy ipa_proxy.cpp:73 libcamera is not installed. Loading IPA configuration from '/home/nicfio/src/libcamera/src/ipa/softisp/data'
[0:03:43.215971954] [9543]  WARN IPAProxy ipa_proxy.cpp:196 Configuration file 'gc8034.yaml' not found for IPA module 'softisp', falling back to '/home/nicfio/src/libcamera/src/ipa/softisp/data/uncalibrated.yaml'
[0:03:43.216491526] [9543]  INFO Awb awb.cpp:213 No AWB algorithm specified, using grey world
[0:03:43.216580453] [9543]  WARN Awb awb_grey.cpp:49 Failed to parse 'colourGains' parameter from tuning file; manual colour temperature will not work properly
[0:03:43.217565420] [9543]  INFO Camera camera_manager.cpp:223 Adding camera '\_SB_.PC00.LNK0' for pipeline handler simple
Using camera \_SB_.PC00.LNK1 as cam0
[0:03:43.219142090] [9542]  INFO Camera camera.cpp:1216 configuring streams: (0) 2584x1944-ABGR8888/sRGB
[0:03:43.219748271] [9543]  INFO SimplePipeline simple.cpp:1570 Input buffer stride ignored by the driver. Requested 5376, got 5184
[0:03:43.220051520] [9543]  INFO Awb awb_grey.cpp:107 No gains curve defined, unable to interpolate gains to colour temperature
[0:03:43.220388554] [9543]  INFO SoftwareIsp software_isp.cpp:300 Input 2592x1944-GRBG-10 stride 5184
[0:03:43.315527940] [9547]  INFO eGL egl.cpp:408 EGL: EGL_VERSION: 1.5
[0:03:43.315657359] [9547]  INFO eGL egl.cpp:409 EGL: EGL_VENDOR: Mesa Project
[0:03:43.315695116] [9547]  INFO eGL egl.cpp:410 EGL: EGL_CLIENT_APIS: OpenGL OpenGL_ES 
[0:03:43.315720721] [9547]  INFO eGL egl.cpp:411 EGL: EGL_EXTENSIONS: EGL_ANDROID_blob_cache EGL_ANDROID_native_fence_sync EGL_EXT_config_select_group EGL_EXT_create_context_robustness EGL_EXT_image_dma_buf_import EGL_EXT_image_dma_buf_import_modifiers EGL_EXT_query_reset_notification_strategy EGL_EXT_surface_compression EGL_IMG_context_priority EGL_KHR_cl_event2 EGL_KHR_config_attribs EGL_KHR_context_flush_control EGL_KHR_create_context EGL_KHR_create_context_no_error EGL_KHR_fence_sync EGL_KHR_get_all_proc_addresses EGL_KHR_gl_colorspace EGL_KHR_gl_renderbuffer_image EGL_KHR_gl_texture_2D_image EGL_KHR_gl_texture_3D_image EGL_KHR_gl_texture_cubemap_image EGL_KHR_image_base EGL_KHR_no_config_context EGL_KHR_partial_update EGL_KHR_reusable_sync EGL_KHR_surfaceless_context EGL_EXT_pixel_format_float EGL_KHR_wait_sync EGL_MESA_configless_context EGL_MESA_drm_image EGL_MESA_gl_interop EGL_MESA_image_dma_buf_export EGL_MESA_query_driver EGL_MESA_x11_native_visual_id EGL_WL_bind_wayland_display 
[0:03:43.322131732] [9547]  INFO eGL egl.cpp:447 EGL: GL_RENDERER: Mesa Intel(R) Graphics (ADL-N)
[0:03:43.322274937] [9547]  INFO eGL egl.cpp:448 EGL: GL_VERSION: OpenGL ES 3.2 Mesa 25.0.7-2+deb13u1
cam0: Capture 90 frames
[0:03:43.572156098] [9547]  INFO Debayer debayer_egl.cpp:523 Importing input DMABuf failed, falling back to upload
223.537218 (0.00 fps) cam0-stream0 seq: 000000 bytesused: 20404224
	AeExposureMode = 0
	FrameDuration = 34685
	AnalogueGain = 1.000000
	SensorTimestamp = 223537218000
	ExposureValue = 0.000000
	Gamma = 2.200000
	AeConstraintMode = 0
	AwbEnable = true
	SensorBlackLevels = [ 4096, 4096, 4096, 4096 ]
	AnalogueGainMode = 0
	ColourGains = [ 1.000000, 1.000000 ]
	ExposureTime = 17005
	ColourTemperature = 5000
	ExposureTimeMode = 0
	Contrast = 1.000000
	Saturation = 1.000000
223.571922 (28.82 fps) cam0-stream0 seq: 000001 bytesused: 20404224
	SensorBlackLevels = [ 4096, 4096, 4096, 4096 ]
	AnalogueGainMode = 0
	Contrast = 1.000000
	Saturation = 1.000000
	AnalogueGain = 1.000000
	ExposureTime = 17005
	FrameDuration = 34685
	ExposureTimeMode = 0
	AeExposureMode = 0
	AeConstraintMode = 0
	Gamma = 2.200000
	ExposureValue = 0.000000
	SensorTimestamp = 223571922000
223.606626 (28.82 fps) cam0-stream0 seq: 000002 bytesused: 20404224
	SensorBlackLevels = [ 4096, 4096, 4096, 4096 ]
	AnalogueGainMode = 0
	Contrast = 1.000000
	Saturation = 1.000000
	AnalogueGain = 1.995262
	ExposureTime = 34426
	FrameDuration = 34685
	ExposureTimeMode = 0
	AeExposureMode = 0
	AeConstraintMode = 0
	Gamma = 2.200000
	ExposureValue = 0.000000
	SensorTimestamp = 223606626000
223.641328 (28.82 fps) cam0-stream0 seq: 000003 bytesused: 20404224
	SensorBlackLevels = [ 4096, 4096, 4096, 4096 ]
	AnalogueGainMode = 0
	Contrast = 1.000000
	Saturation = 1.000000
	AnalogueGain = 1.995262
	ExposureTime = 34426
	FrameDuration = 34685
	ExposureTimeMode = 0
	AeExposureMode = 0
	AeConstraintMode = 0
	Gamma = 2.200000
	ExposureValue = 0.000000
	SensorTimestamp = 223641328000
223.676032 (28.82 fps) cam0-stream0 seq: 000004 bytesused: 20404224
	AeExposureMode = 0
	FrameDuration = 34685
	AnalogueGain = 1.995262
	Saturation = 1.000000
	Contrast = 1.000000
	Gamma = 2.200000
	ExposureTimeMode = 0
	ColourTemperature = 6126
	ExposureTime = 34426
	ColourGains = [ 1.091265, 1.058648 ]
	AwbEnable = true
	AnalogueGainMode = 0
	SensorBlackLevels = [ 4096, 4096, 4096, 4096 ]
	AeConstraintMode = 0
	ExposureValue = 0.000000
	SensorTimestamp = 223676032000
223.710739 (28.81 fps) cam0-stream0 seq: 000005 bytesused: 20404224
	SensorBlackLevels = [ 4096, 4096, 4096, 4096 ]
	AnalogueGainMode = 0
	Contrast = 1.000000
	Saturation = 1.000000
	AnalogueGain = 1.995262
	ExposureTime = 34426
	FrameDuration = 34685
	ExposureTimeMode = 0
	AeExposureMode = 0
	AeConstraintMode = 0
	Gamma = 2.200000
	ExposureValue = 0.000000
	SensorTimestamp = 223710739000
223.745441 (28.82 fps) cam0-stream0 seq: 000006 bytesused: 20404224
	SensorBlackLevels = [ 4096, 4096, 4096, 4096 ]
	AnalogueGainMode = 0
	Contrast = 1.000000
	Saturation = 1.000000
	AnalogueGain = 1.995262
	ExposureTime = 34426
	FrameDuration = 34685
	ExposureTimeMode = 0
	AeExposureMode = 0
	AeConstraintMode = 0
	Gamma = 2.200000
	ExposureValue = 0.000000
	SensorTimestamp = 223745441000
223.780146 (28.81 fps) cam0-stream0 seq: 000007 bytesused: 20404224
	SensorBlackLevels = [ 4096, 4096, 4096, 4096 ]
	AnalogueGainMode = 0
	Contrast = 1.000000
	Saturation = 1.000000
	AnalogueGain = 1.995262
	ExposureTime = 34426
	FrameDuration = 34685
	ExposureTimeMode = 0
	AeExposureMode = 0
	AeConstraintMode = 0
	Gamma = 2.200000
	ExposureValue = 0.000000
	SensorTimestamp = 223780146000
223.814850 (28.82 fps) cam0-stream0 seq: 000008 bytesused: 20404224
	AeExposureMode = 0
	FrameDuration = 34685
	AnalogueGain = 1.995262
	Saturation = 1.000000
	Contrast = 1.000000
	Gamma = 2.200000
	ExposureTimeMode = 0
	ColourTemperature = 6124
	ExposureTime = 34426
	ColourGains = [ 1.164184, 1.105582 ]
	AwbEnable = true
	AnalogueGainMode = 0
	SensorBlackLevels = [ 4096, 4096, 4096, 4096 ]
	AeConstraintMode = 0
	ExposureValue = 0.000000
	SensorTimestamp = 223814850000
223.849555 (28.81 fps) cam0-stream0 seq: 000009 bytesused: 20404224
	SensorBlackLevels = [ 4096, 4096, 4096, 4096 ]
	AnalogueGainMode = 0
	Contrast = 1.000000
	Saturation = 1.000000
	AnalogueGain = 2.818383
	ExposureTime = 34426
	FrameDuration = 34685
	ExposureTimeMode = 0
	AeExposureMode = 0
	AeConstraintMode = 0
	Gamma = 2.200000
	ExposureValue = 0.000000
	SensorTimestamp = 223849555000
223.884259 (28.82 fps) cam0-stream0 seq: 000010 bytesused: 20404224
	SensorBlackLevels = [ 4096, 4096, 4096, 4096 ]
	AnalogueGainMode = 0
	Contrast = 1.000000
	Saturation = 1.000000
	AnalogueGain = 2.818383
	ExposureTime = 34426
	FrameDuration = 34685
	ExposureTimeMode = 0
	AeExposureMode = 0
	AeConstraintMode = 0
	Gamma = 2.200000
	ExposureValue = 0.000000
	SensorTimestamp = 223884259000
223.918961 (28.82 fps) cam0-stream0 seq: 000011 bytesused: 20404224
	SensorBlackLevels = [ 4096, 4096, 4096, 4096 ]
	AnalogueGainMode = 0
	Contrast = 1.000000
	Saturation = 1.000000
	AnalogueGain = 2.818383
	ExposureTime = 34426
	FrameDuration = 34685
	ExposureTimeMode = 0
	AeExposureMode = 0
	AeConstraintMode = 0
	Gamma = 2.200000
	ExposureValue = 0.000000
	SensorTimestamp = 223918961000
223.953667 (28.81 fps) cam0-stream0 seq: 000012 bytesused: 20404224
	AeExposureMode = 0
	FrameDuration = 34685
	AnalogueGain = 2.818383
	Saturation = 1.000000
	Contrast = 1.000000
	Gamma = 2.200000
	ExposureTimeMode = 0
	ColourTemperature = 5583
	ExposureTime = 34426
	ColourGains = [ 1.268913, 1.175592 ]
	AwbEnable = true
	AnalogueGainMode = 0
	SensorBlackLevels = [ 4096, 4096, 4096, 4096 ]
	AeConstraintMode = 0
	ExposureValue = 0.000000
	SensorTimestamp = 223953667000
223.988372 (28.81 fps) cam0-stream0 seq: 000013 bytesused: 20404224
	SensorBlackLevels = [ 4096, 4096, 4096, 4096 ]
	AnalogueGainMode = 0
	Contrast = 1.000000
	Saturation = 1.000000
	AnalogueGain = 1.678804
	ExposureTime = 34426
	FrameDuration = 34685
	ExposureTimeMode = 0
	AeExposureMode = 0
	AeConstraintMode = 0
	Gamma = 2.200000
	ExposureValue = 0.000000
	SensorTimestamp = 223988372000
224.023072 (28.82 fps) cam0-stream0 seq: 000014 bytesused: 20404224
	SensorBlackLevels = [ 4096, 4096, 4096, 4096 ]
	AnalogueGainMode = 0
	Contrast = 1.000000
	Saturation = 1.000000
	AnalogueGain = 1.678804
	ExposureTime = 34426
	FrameDuration = 34685
	ExposureTimeMode = 0
	AeExposureMode = 0
	AeConstraintMode = 0
	Gamma = 2.200000
	ExposureValue = 0.000000
	SensorTimestamp = 224023072000
224.057778 (28.81 fps) cam0-stream0 seq: 000015 bytesused: 20404224
	SensorBlackLevels = [ 4096, 4096, 4096, 4096 ]
	AnalogueGainMode = 0
	Contrast = 1.000000
	Saturation = 1.000000
	AnalogueGain = 1.678804
	ExposureTime = 34426
	FrameDuration = 34685
	ExposureTimeMode = 0
	AeExposureMode = 0
	AeConstraintMode = 0
	Gamma = 2.200000
	ExposureValue = 0.000000
	SensorTimestamp = 224057778000
224.092481 (28.82 fps) cam0-stream0 seq: 000016 bytesused: 20404224
	AeExposureMode = 0
	FrameDuration = 34685
	AnalogueGain = 1.678804
	Saturation = 1.000000
	Contrast = 1.000000
	Gamma = 2.200000
	ExposureTimeMode = 0
	ColourTemperature = 5592
	ExposureTime = 34426
	ColourGains = [ 1.353946, 1.231582 ]
	AwbEnable = true
	AnalogueGainMode = 0
	SensorBlackLevels = [ 4096, 4096, 4096, 4096 ]
	AeConstraintMode = 0
	ExposureValue = 0.000000
	SensorTimestamp = 224092481000
224.127187 (28.81 fps) cam0-stream0 seq: 000017 bytesused: 20404224
	SensorBlackLevels = [ 4096, 4096, 4096, 4096 ]
	AnalogueGainMode = 0
	Contrast = 1.000000
	Saturation = 1.000000
	AnalogueGain = 1.678804
	ExposureTime = 34426
	FrameDuration = 34685
	ExposureTimeMode = 0
	AeExposureMode = 0
	AeConstraintMode = 0
	Gamma = 2.200000
	ExposureValue = 0.000000
	SensorTimestamp = 224127187000
224.161890 (28.82 fps) cam0-stream0 seq: 000018 bytesused: 20404224
	SensorBlackLevels = [ 4096, 4096, 4096, 4096 ]
	AnalogueGainMode = 0
	Contrast = 1.000000
	Saturation = 1.000000
	AnalogueGain = 1.678804
	ExposureTime = 34426
	FrameDuration = 34685
	ExposureTimeMode = 0
	AeExposureMode = 0
	AeConstraintMode = 0
	Gamma = 2.200000
	ExposureValue = 0.000000
	SensorTimestamp = 224161890000
224.196596 (28.81 fps) cam0-stream0 seq: 000019 bytesused: 20404224
	SensorBlackLevels = [ 4096, 4096, 4096, 4096 ]
	AnalogueGainMode = 0
	Contrast = 1.000000
	Saturation = 1.000000
	AnalogueGain = 1.678804
	ExposureTime = 34426
	FrameDuration = 34685
	ExposureTimeMode = 0
	AeExposureMode = 0
	AeConstraintMode = 0
	Gamma = 2.200000
	ExposureValue = 0.000000
	SensorTimestamp = 224196596000
224.231300 (28.82 fps) cam0-stream0 seq: 000020 bytesused: 20404224
	AeExposureMode = 0
	FrameDuration = 34685
	AnalogueGain = 1.678804
	Saturation = 1.000000
	Contrast = 1.000000
	Gamma = 2.200000
	ExposureTimeMode = 0
	ColourTemperature = 5728
	ExposureTime = 34426
	ColourGains = [ 1.413251, 1.268096 ]
	AwbEnable = true
	AnalogueGainMode = 0
	SensorBlackLevels = [ 4096, 4096, 4096, 4096 ]
	AeConstraintMode = 0
	ExposureValue = 0.000000
	SensorTimestamp = 224231300000
224.266003 (28.82 fps) cam0-stream0 seq: 000021 bytesused: 20404224
	SensorBlackLevels = [ 4096, 4096, 4096, 4096 ]
	AnalogueGainMode = 0
	Contrast = 1.000000
	Saturation = 1.000000
	AnalogueGain = 1.678804
	ExposureTime = 34426
	FrameDuration = 34685
	ExposureTimeMode = 0
	AeExposureMode = 0
	AeConstraintMode = 0
	Gamma = 2.200000
	ExposureValue = 0.000000
	SensorTimestamp = 224266003000
224.300707 (28.82 fps) cam0-stream0 seq: 000022 bytesused: 20404224
	SensorBlackLevels = [ 4096, 4096, 4096, 4096 ]
	AnalogueGainMode = 0
	Contrast = 1.000000
	Saturation = 1.000000
	AnalogueGain = 1.678804
	ExposureTime = 34426
	FrameDuration = 34685
	ExposureTimeMode = 0
	AeExposureMode = 0
	AeConstraintMode = 0
	Gamma = 2.200000
	ExposureValue = 0.000000
	SensorTimestamp = 224300707000
224.335410 (28.82 fps) cam0-stream0 seq: 000023 bytesused: 20404224
	SensorBlackLevels = [ 4096, 4096, 4096, 4096 ]
	AnalogueGainMode = 0
	Contrast = 1.000000
	Saturation = 1.000000
	AnalogueGain = 1.678804
	ExposureTime = 34426
	FrameDuration = 34685
	ExposureTimeMode = 0
	AeExposureMode = 0
	AeConstraintMode = 0
	Gamma = 2.200000
	ExposureValue = 0.000000
	SensorTimestamp = 224335410000
224.370115 (28.81 fps) cam0-stream0 seq: 000024 bytesused: 20404224
	AeExposureMode = 0
	FrameDuration = 34685
	AnalogueGain = 1.678804
	Saturation = 1.000000
	Contrast = 1.000000
	Gamma = 2.200000
	ExposureTimeMode = 0
	ColourTemperature = 5591
	ExposureTime = 34426
	ColourGains = [ 1.469534, 1.305658 ]
	AwbEnable = true
	AnalogueGainMode = 0
	SensorBlackLevels = [ 4096, 4096, 4096, 4096 ]
	AeConstraintMode = 0
	ExposureValue = 0.000000
	SensorTimestamp = 224370115000
224.404820 (28.81 fps) cam0-stream0 seq: 000025 bytesused: 20404224
	SensorBlackLevels = [ 4096, 4096, 4096, 4096 ]
	AnalogueGainMode = 0
	Contrast = 1.000000
	Saturation = 1.000000
	AnalogueGain = 1.678804
	ExposureTime = 34426
	FrameDuration = 34685
	ExposureTimeMode = 0
	AeExposureMode = 0
	AeConstraintMode = 0
	Gamma = 2.200000
	ExposureValue = 0.000000
	SensorTimestamp = 224404820000
224.439522 (28.82 fps) cam0-stream0 seq: 000026 bytesused: 20404224
	SensorBlackLevels = [ 4096, 4096, 4096, 4096 ]
	AnalogueGainMode = 0
	Contrast = 1.000000
	Saturation = 1.000000
	AnalogueGain = 1.678804
	ExposureTime = 34426
	FrameDuration = 34685
	ExposureTimeMode = 0
	AeExposureMode = 0
	AeConstraintMode = 0
	Gamma = 2.200000
	ExposureValue = 0.000000
	SensorTimestamp = 224439522000
224.474228 (28.81 fps) cam0-stream0 seq: 000027 bytesused: 20404224
	SensorBlackLevels = [ 4096, 4096, 4096, 4096 ]
	AnalogueGainMode = 0
	Contrast = 1.000000
	Saturation = 1.000000
	AnalogueGain = 1.678804
	ExposureTime = 34426
	FrameDuration = 34685
	ExposureTimeMode = 0
	AeExposureMode = 0
	AeConstraintMode = 0
	Gamma = 2.200000
	ExposureValue = 0.000000
	SensorTimestamp = 224474228000
224.508933 (28.81 fps) cam0-stream0 seq: 000028 bytesused: 20404224
	AeExposureMode = 0
	FrameDuration = 34685
	AnalogueGain = 1.678804
	Saturation = 1.000000
	Contrast = 1.000000
	Gamma = 2.200000
	ExposureTimeMode = 0
	ColourTemperature = 5592
	ExposureTime = 34426
	ColourGains = [ 1.514411, 1.335608 ]
	AwbEnable = true
	AnalogueGainMode = 0
	SensorBlackLevels = [ 4096, 4096, 4096, 4096 ]
	AeConstraintMode = 0
	ExposureValue = 0.000000
	SensorTimestamp = 224508933000
224.543637 (28.82 fps) cam0-stream0 seq: 000029 bytesused: 20404224
	SensorBlackLevels = [ 4096, 4096, 4096, 4096 ]
	AnalogueGainMode = 0
	Contrast = 1.000000
	Saturation = 1.000000
	AnalogueGain = 1.678804
	ExposureTime = 34426
	FrameDuration = 34685
	ExposureTimeMode = 0
	AeExposureMode = 0
	AeConstraintMode = 0
	Gamma = 2.200000
	ExposureValue = 0.000000
	SensorTimestamp = 224543637000
224.578340 (28.82 fps) cam0-stream0 seq: 000030 bytesused: 20404224
	SensorBlackLevels = [ 4096, 4096, 4096, 4096 ]
	AnalogueGainMode = 0
	Contrast = 1.000000
	Saturation = 1.000000
	AnalogueGain = 1.678804
	ExposureTime = 34426
	FrameDuration = 34685
	ExposureTimeMode = 0
	AeExposureMode = 0
	AeConstraintMode = 0
	Gamma = 2.200000
	ExposureValue = 0.000000
	SensorTimestamp = 224578340000
224.613045 (28.81 fps) cam0-stream0 seq: 000031 bytesused: 20404224
	SensorBlackLevels = [ 4096, 4096, 4096, 4096 ]
	AnalogueGainMode = 0
	Contrast = 1.000000
	Saturation = 1.000000
	AnalogueGain = 1.678804
	ExposureTime = 34426
	FrameDuration = 34685
	ExposureTimeMode = 0
	AeExposureMode = 0
	AeConstraintMode = 0
	Gamma = 2.200000
	ExposureValue = 0.000000
	SensorTimestamp = 224613045000
224.647750 (28.81 fps) cam0-stream0 seq: 000032 bytesused: 20404224
	AeExposureMode = 0
	FrameDuration = 34685
	AnalogueGain = 1.678804
	Saturation = 1.000000
	Contrast = 1.000000
	Gamma = 2.200000
	ExposureTimeMode = 0
	ColourTemperature = 5592
	ExposureTime = 34426
	ColourGains = [ 1.550325, 1.359580 ]
	AwbEnable = true
	AnalogueGainMode = 0
	SensorBlackLevels = [ 4096, 4096, 4096, 4096 ]
	AeConstraintMode = 0
	ExposureValue = 0.000000
	SensorTimestamp = 224647750000
224.682451 (28.82 fps) cam0-stream0 seq: 000033 bytesused: 20404224
	SensorBlackLevels = [ 4096, 4096, 4096, 4096 ]
	AnalogueGainMode = 0
	Contrast = 1.000000
	Saturation = 1.000000
	AnalogueGain = 1.678804
	ExposureTime = 34426
	FrameDuration = 34685
	ExposureTimeMode = 0
	AeExposureMode = 0
	AeConstraintMode = 0
	Gamma = 2.200000
	ExposureValue = 0.000000
	SensorTimestamp = 224682451000
224.717157 (28.81 fps) cam0-stream0 seq: 000034 bytesused: 20404224
	SensorBlackLevels = [ 4096, 4096, 4096, 4096 ]
	AnalogueGainMode = 0
	Contrast = 1.000000
	Saturation = 1.000000
	AnalogueGain = 1.678804
	ExposureTime = 34426
	FrameDuration = 34685
	ExposureTimeMode = 0
	AeExposureMode = 0
	AeConstraintMode = 0
	Gamma = 2.200000
	ExposureValue = 0.000000
	SensorTimestamp = 224717157000
224.751860 (28.82 fps) cam0-stream0 seq: 000035 bytesused: 20404224
	SensorBlackLevels = [ 4096, 4096, 4096, 4096 ]
	AnalogueGainMode = 0
	Contrast = 1.000000
	Saturation = 1.000000
	AnalogueGain = 1.678804
	ExposureTime = 34426
	FrameDuration = 34685
	ExposureTimeMode = 0
	AeExposureMode = 0
	AeConstraintMode = 0
	Gamma = 2.200000
	ExposureValue = 0.000000
	SensorTimestamp = 224751860000
224.786565 (28.81 fps) cam0-stream0 seq: 000036 bytesused: 20404224
	AeExposureMode = 0
	FrameDuration = 34685
	AnalogueGain = 1.678804
	Saturation = 1.000000
	Contrast = 1.000000
	Gamma = 2.200000
	ExposureTimeMode = 0
	ColourTemperature = 5596
	ExposureTime = 34426
	ColourGains = [ 1.579136, 1.378634 ]
	AwbEnable = true
	AnalogueGainMode = 0
	SensorBlackLevels = [ 4096, 4096, 4096, 4096 ]
	AeConstraintMode = 0
	ExposureValue = 0.000000
	SensorTimestamp = 224786565000
224.821270 (28.81 fps) cam0-stream0 seq: 000037 bytesused: 20404224
	SensorBlackLevels = [ 4096, 4096, 4096, 4096 ]
	AnalogueGainMode = 0
	Contrast = 1.000000
	Saturation = 1.000000
	AnalogueGain = 1.678804
	ExposureTime = 34426
	FrameDuration = 34685
	ExposureTimeMode = 0
	AeExposureMode = 0
	AeConstraintMode = 0
	Gamma = 2.200000
	ExposureValue = 0.000000
	SensorTimestamp = 224821270000
224.855974 (28.82 fps) cam0-stream0 seq: 000038 bytesused: 20404224
	SensorBlackLevels = [ 4096, 4096, 4096, 4096 ]
	AnalogueGainMode = 0
	Contrast = 1.000000
	Saturation = 1.000000
	AnalogueGain = 1.678804
	ExposureTime = 34426
	FrameDuration = 34685
	ExposureTimeMode = 0
	AeExposureMode = 0
	AeConstraintMode = 0
	Gamma = 2.200000
	ExposureValue = 0.000000
	SensorTimestamp = 224855974000
224.890677 (28.82 fps) cam0-stream0 seq: 000039 bytesused: 20404224
	SensorBlackLevels = [ 4096, 4096, 4096, 4096 ]
	AnalogueGainMode = 0
	Contrast = 1.000000
	Saturation = 1.000000
	AnalogueGain = 1.678804
	ExposureTime = 34426
	FrameDuration = 34685
	ExposureTimeMode = 0
	AeExposureMode = 0
	AeConstraintMode = 0
	Gamma = 2.200000
	ExposureValue = 0.000000
	SensorTimestamp = 224890677000
224.925380 (28.82 fps) cam0-stream0 seq: 000040 bytesused: 20404224
	AeExposureMode = 0
	FrameDuration = 34685
	AnalogueGain = 1.678804
	Saturation = 1.000000
	Contrast = 1.000000
	Gamma = 2.200000
	ExposureTimeMode = 0
	ColourTemperature = 5591
	ExposureTime = 34426
	ColourGains = [ 1.601897, 1.393989 ]
	AwbEnable = true
	AnalogueGainMode = 0
	SensorBlackLevels = [ 4096, 4096, 4096, 4096 ]
	AeConstraintMode = 0
	ExposureValue = 0.000000
	SensorTimestamp = 224925380000
224.960086 (28.81 fps) cam0-stream0 seq: 000041 bytesused: 20404224
	SensorBlackLevels = [ 4096, 4096, 4096, 4096 ]
	AnalogueGainMode = 0
	Contrast = 1.000000
	Saturation = 1.000000
	AnalogueGain = 1.678804
	ExposureTime = 34426
	FrameDuration = 34685
	ExposureTimeMode = 0
	AeExposureMode = 0
	AeConstraintMode = 0
	Gamma = 2.200000
	ExposureValue = 0.000000
	SensorTimestamp = 224960086000
224.994791 (28.81 fps) cam0-stream0 seq: 000042 bytesused: 20404224
	SensorBlackLevels = [ 4096, 4096, 4096, 4096 ]
	AnalogueGainMode = 0
	Contrast = 1.000000
	Saturation = 1.000000
	AnalogueGain = 1.678804
	ExposureTime = 34426
	FrameDuration = 34685
	ExposureTimeMode = 0
	AeExposureMode = 0
	AeConstraintMode = 0
	Gamma = 2.200000
	ExposureValue = 0.000000
	SensorTimestamp = 224994791000
225.029495 (28.82 fps) cam0-stream0 seq: 000043 bytesused: 20404224
	SensorBlackLevels = [ 4096, 4096, 4096, 4096 ]
	AnalogueGainMode = 0
	Contrast = 1.000000
	Saturation = 1.000000
	AnalogueGain = 1.678804
	ExposureTime = 34426
	FrameDuration = 34685
	ExposureTimeMode = 0
	AeExposureMode = 0
	AeConstraintMode = 0
	Gamma = 2.200000
	ExposureValue = 0.000000
	SensorTimestamp = 225029495000
225.064197 (28.82 fps) cam0-stream0 seq: 000044 bytesused: 20404224
	AeExposureMode = 0
	FrameDuration = 34685
	AnalogueGain = 1.678804
	Saturation = 1.000000
	Contrast = 1.000000
	Gamma = 2.200000
	ExposureTimeMode = 0
	ColourTemperature = 5589
	ExposureTime = 34426
	ColourGains = [ 1.620013, 1.406336 ]
	AwbEnable = true
	AnalogueGainMode = 0
	SensorBlackLevels = [ 4096, 4096, 4096, 4096 ]
	AeConstraintMode = 0
	ExposureValue = 0.000000
	SensorTimestamp = 225064197000
225.098902 (28.81 fps) cam0-stream0 seq: 000045 bytesused: 20404224
	SensorBlackLevels = [ 4096, 4096, 4096, 4096 ]
	AnalogueGainMode = 0
	Contrast = 1.000000
	Saturation = 1.000000
	AnalogueGain = 1.678804
	ExposureTime = 34426
	FrameDuration = 34685
	ExposureTimeMode = 0
	AeExposureMode = 0
	AeConstraintMode = 0
	Gamma = 2.200000
	ExposureValue = 0.000000
	SensorTimestamp = 225098902000
225.133606 (28.82 fps) cam0-stream0 seq: 000046 bytesused: 20404224
	SensorBlackLevels = [ 4096, 4096, 4096, 4096 ]
	AnalogueGainMode = 0
	Contrast = 1.000000
	Saturation = 1.000000
	AnalogueGain = 1.678804
	ExposureTime = 34426
	FrameDuration = 34685
	ExposureTimeMode = 0
	AeExposureMode = 0
	AeConstraintMode = 0
	Gamma = 2.200000
	ExposureValue = 0.000000
	SensorTimestamp = 225133606000
225.168309 (28.82 fps) cam0-stream0 seq: 000047 bytesused: 20404224
	SensorBlackLevels = [ 4096, 4096, 4096, 4096 ]
	AnalogueGainMode = 0
	Contrast = 1.000000
	Saturation = 1.000000
	AnalogueGain = 1.678804
	ExposureTime = 34426
	FrameDuration = 34685
	ExposureTimeMode = 0
	AeExposureMode = 0
	AeConstraintMode = 0
	Gamma = 2.200000
	ExposureValue = 0.000000
	SensorTimestamp = 225168309000
225.203015 (28.81 fps) cam0-stream0 seq: 000048 bytesused: 20404224
	AeExposureMode = 0
	FrameDuration = 34685
	AnalogueGain = 1.678804
	Saturation = 1.000000
	Contrast = 1.000000
	Gamma = 2.200000
	ExposureTimeMode = 0
	ColourTemperature = 5588
	ExposureTime = 34426
	ColourGains = [ 1.634448, 1.416221 ]
	AwbEnable = true
	AnalogueGainMode = 0
	SensorBlackLevels = [ 4096, 4096, 4096, 4096 ]
	AeConstraintMode = 0
	ExposureValue = 0.000000
	SensorTimestamp = 225203015000
225.237718 (28.82 fps) cam0-stream0 seq: 000049 bytesused: 20404224
	SensorBlackLevels = [ 4096, 4096, 4096, 4096 ]
	AnalogueGainMode = 0
	Contrast = 1.000000
	Saturation = 1.000000
	AnalogueGain = 1.678804
	ExposureTime = 34426
	FrameDuration = 34685
	ExposureTimeMode = 0
	AeExposureMode = 0
	AeConstraintMode = 0
	Gamma = 2.200000
	ExposureValue = 0.000000
	SensorTimestamp = 225237718000
225.272422 (28.82 fps) cam0-stream0 seq: 000050 bytesused: 20404224
	SensorBlackLevels = [ 4096, 4096, 4096, 4096 ]
	AnalogueGainMode = 0
	Contrast = 1.000000
	Saturation = 1.000000
	AnalogueGain = 1.678804
	ExposureTime = 34426
	FrameDuration = 34685
	ExposureTimeMode = 0
	AeExposureMode = 0
	AeConstraintMode = 0
	Gamma = 2.200000
	ExposureValue = 0.000000
	SensorTimestamp = 225272422000
225.307126 (28.82 fps) cam0-stream0 seq: 000051 bytesused: 20404224
	SensorBlackLevels = [ 4096, 4096, 4096, 4096 ]
	AnalogueGainMode = 0
	Contrast = 1.000000
	Saturation = 1.000000
	AnalogueGain = 1.678804
	ExposureTime = 34426
	FrameDuration = 34685
	ExposureTimeMode = 0
	AeExposureMode = 0
	AeConstraintMode = 0
	Gamma = 2.200000
	ExposureValue = 0.000000
	SensorTimestamp = 225307126000
225.341832 (28.81 fps) cam0-stream0 seq: 000052 bytesused: 20404224
	AeExposureMode = 0
	FrameDuration = 34685
	AnalogueGain = 1.678804
	Saturation = 1.000000
	Contrast = 1.000000
	Gamma = 2.200000
	ExposureTimeMode = 0
	ColourTemperature = 5586
	ExposureTime = 34426
	ColourGains = [ 1.645825, 1.424185 ]
	AwbEnable = true
	AnalogueGainMode = 0
	SensorBlackLevels = [ 4096, 4096, 4096, 4096 ]
	AeConstraintMode = 0
	ExposureValue = 0.000000
	SensorTimestamp = 225341832000
225.376534 (28.82 fps) cam0-stream0 seq: 000053 bytesused: 20404224
	SensorBlackLevels = [ 4096, 4096, 4096, 4096 ]
	AnalogueGainMode = 0
	Contrast = 1.000000
	Saturation = 1.000000
	AnalogueGain = 1.678804
	ExposureTime = 34426
	FrameDuration = 34685
	ExposureTimeMode = 0
	AeExposureMode = 0
	AeConstraintMode = 0
	Gamma = 2.200000
	ExposureValue = 0.000000
	SensorTimestamp = 225376534000
225.411239 (28.81 fps) cam0-stream0 seq: 000054 bytesused: 20404224
	SensorBlackLevels = [ 4096, 4096, 4096, 4096 ]
	AnalogueGainMode = 0
	Contrast = 1.000000
	Saturation = 1.000000
	AnalogueGain = 1.678804
	ExposureTime = 34426
	FrameDuration = 34685
	ExposureTimeMode = 0
	AeExposureMode = 0
	AeConstraintMode = 0
	Gamma = 2.200000
	ExposureValue = 0.000000
	SensorTimestamp = 225411239000
225.445942 (28.82 fps) cam0-stream0 seq: 000055 bytesused: 20404224
	SensorBlackLevels = [ 4096, 4096, 4096, 4096 ]
	AnalogueGainMode = 0
	Contrast = 1.000000
	Saturation = 1.000000
	AnalogueGain = 1.678804
	ExposureTime = 34426
	FrameDuration = 34685
	ExposureTimeMode = 0
	AeExposureMode = 0
	AeConstraintMode = 0
	Gamma = 2.200000
	ExposureValue = 0.000000
	SensorTimestamp = 225445942000
225.480645 (28.82 fps) cam0-stream0 seq: 000056 bytesused: 20404224
	AeExposureMode = 0
	FrameDuration = 34685
	AnalogueGain = 1.678804
	Saturation = 1.000000
	Contrast = 1.000000
	Gamma = 2.200000
	ExposureTimeMode = 0
	ColourTemperature = 5583
	ExposureTime = 34426
	ColourGains = [ 1.654745, 1.430656 ]
	AwbEnable = true
	AnalogueGainMode = 0
	SensorBlackLevels = [ 4096, 4096, 4096, 4096 ]
	AeConstraintMode = 0
	ExposureValue = 0.000000
	SensorTimestamp = 225480645000
225.515350 (28.81 fps) cam0-stream0 seq: 000057 bytesused: 20404224
	SensorBlackLevels = [ 4096, 4096, 4096, 4096 ]
	AnalogueGainMode = 0
	Contrast = 1.000000
	Saturation = 1.000000
	AnalogueGain = 1.678804
	ExposureTime = 34426
	FrameDuration = 34685
	ExposureTimeMode = 0
	AeExposureMode = 0
	AeConstraintMode = 0
	Gamma = 2.200000
	ExposureValue = 0.000000
	SensorTimestamp = 225515350000
225.550055 (28.81 fps) cam0-stream0 seq: 000058 bytesused: 20404224
	SensorBlackLevels = [ 4096, 4096, 4096, 4096 ]
	AnalogueGainMode = 0
	Contrast = 1.000000
	Saturation = 1.000000
	AnalogueGain = 1.678804
	ExposureTime = 34426
	FrameDuration = 34685
	ExposureTimeMode = 0
	AeExposureMode = 0
	AeConstraintMode = 0
	Gamma = 2.200000
	ExposureValue = 0.000000
	SensorTimestamp = 225550055000
[0:03:45.641386049] [9547]  INFO Benchmark benchmark.cpp:89 Debayer processed 30 frames in 638212us, 21273 us/frame
225.584758 (28.82 fps) cam0-stream0 seq: 000059 bytesused: 20404224
	SensorBlackLevels = [ 4096, 4096, 4096, 4096 ]
	AnalogueGainMode = 0
	Contrast = 1.000000
	Saturation = 1.000000
	AnalogueGain = 1.678804
	ExposureTime = 34426
	FrameDuration = 34685
	ExposureTimeMode = 0
	AeExposureMode = 0
	AeConstraintMode = 0
	Gamma = 2.200000
	ExposureValue = 0.000000
	SensorTimestamp = 225584758000
225.619463 (28.81 fps) cam0-stream0 seq: 000060 bytesused: 20404224
	AeExposureMode = 0
	FrameDuration = 34685
	AnalogueGain = 1.678804
	Saturation = 1.000000
	Contrast = 1.000000
	Gamma = 2.200000
	ExposureTimeMode = 0
	ColourTemperature = 5578
	ExposureTime = 34426
	ColourGains = [ 1.661640, 1.435954 ]
	AwbEnable = true
	AnalogueGainMode = 0
	SensorBlackLevels = [ 4096, 4096, 4096, 4096 ]
	AeConstraintMode = 0
	ExposureValue = 0.000000
	SensorTimestamp = 225619463000
225.654169 (28.81 fps) cam0-stream0 seq: 000061 bytesused: 20404224
	SensorBlackLevels = [ 4096, 4096, 4096, 4096 ]
	AnalogueGainMode = 0
	Contrast = 1.000000
	Saturation = 1.000000
	AnalogueGain = 1.678804
	ExposureTime = 34426
	FrameDuration = 34685
	ExposureTimeMode = 0
	AeExposureMode = 0
	AeConstraintMode = 0
	Gamma = 2.200000
	ExposureValue = 0.000000
	SensorTimestamp = 225654169000
225.688873 (28.82 fps) cam0-stream0 seq: 000062 bytesused: 20404224
	SensorBlackLevels = [ 4096, 4096, 4096, 4096 ]
	AnalogueGainMode = 0
	Contrast = 1.000000
	Saturation = 1.000000
	AnalogueGain = 1.678804
	ExposureTime = 34426
	FrameDuration = 34685
	ExposureTimeMode = 0
	AeExposureMode = 0
	AeConstraintMode = 0
	Gamma = 2.200000
	ExposureValue = 0.000000
	SensorTimestamp = 225688873000
225.723576 (28.82 fps) cam0-stream0 seq: 000063 bytesused: 20404224
	SensorBlackLevels = [ 4096, 4096, 4096, 4096 ]
	AnalogueGainMode = 0
	Contrast = 1.000000
	Saturation = 1.000000
	AnalogueGain = 1.678804
	ExposureTime = 34426
	FrameDuration = 34685
	ExposureTimeMode = 0
	AeExposureMode = 0
	AeConstraintMode = 0
	Gamma = 2.200000
	ExposureValue = 0.000000
	SensorTimestamp = 225723576000
225.758281 (28.81 fps) cam0-stream0 seq: 000064 bytesused: 20404224
	AeExposureMode = 0
	FrameDuration = 34685
	AnalogueGain = 1.678804
	Saturation = 1.000000
	Contrast = 1.000000
	Gamma = 2.200000
	ExposureTimeMode = 0
	ColourTemperature = 5574
	ExposureTime = 34426
	ColourGains = [ 1.667000, 1.440323 ]
	AwbEnable = true
	AnalogueGainMode = 0
	SensorBlackLevels = [ 4096, 4096, 4096, 4096 ]
	AeConstraintMode = 0
	ExposureValue = 0.000000
	SensorTimestamp = 225758281000
225.792987 (28.81 fps) cam0-stream0 seq: 000065 bytesused: 20404224
	SensorBlackLevels = [ 4096, 4096, 4096, 4096 ]
	AnalogueGainMode = 0
	Contrast = 1.000000
	Saturation = 1.000000
	AnalogueGain = 1.678804
	ExposureTime = 34426
	FrameDuration = 34685
	ExposureTimeMode = 0
	AeExposureMode = 0
	AeConstraintMode = 0
	Gamma = 2.200000
	ExposureValue = 0.000000
	SensorTimestamp = 225792987000
225.827688 (28.82 fps) cam0-stream0 seq: 000066 bytesused: 20404224
	SensorBlackLevels = [ 4096, 4096, 4096, 4096 ]
	AnalogueGainMode = 0
	Contrast = 1.000000
	Saturation = 1.000000
	AnalogueGain = 1.678804
	ExposureTime = 34426
	FrameDuration = 34685
	ExposureTimeMode = 0
	AeExposureMode = 0
	AeConstraintMode = 0
	Gamma = 2.200000
	ExposureValue = 0.000000
	SensorTimestamp = 225827688000
225.862391 (28.82 fps) cam0-stream0 seq: 000067 bytesused: 20404224
	SensorBlackLevels = [ 4096, 4096, 4096, 4096 ]
	AnalogueGainMode = 0
	Contrast = 1.000000
	Saturation = 1.000000
	AnalogueGain = 1.678804
	ExposureTime = 34426
	FrameDuration = 34685
	ExposureTimeMode = 0
	AeExposureMode = 0
	AeConstraintMode = 0
	Gamma = 2.200000
	ExposureValue = 0.000000
	SensorTimestamp = 225862391000
225.897098 (28.81 fps) cam0-stream0 seq: 000068 bytesused: 20404224
	AeExposureMode = 0
	FrameDuration = 34685
	AnalogueGain = 1.678804
	Saturation = 1.000000
	Contrast = 1.000000
	Gamma = 2.200000
	ExposureTimeMode = 0
	ColourTemperature = 5569
	ExposureTime = 34426
	ColourGains = [ 1.670866, 1.443939 ]
	AwbEnable = true
	AnalogueGainMode = 0
	SensorBlackLevels = [ 4096, 4096, 4096, 4096 ]
	AeConstraintMode = 0
	ExposureValue = 0.000000
	SensorTimestamp = 225897098000
225.931801 (28.82 fps) cam0-stream0 seq: 000069 bytesused: 20404224
	SensorBlackLevels = [ 4096, 4096, 4096, 4096 ]
	AnalogueGainMode = 0
	Contrast = 1.000000
	Saturation = 1.000000
	AnalogueGain = 1.678804
	ExposureTime = 34426
	FrameDuration = 34685
	ExposureTimeMode = 0
	AeExposureMode = 0
	AeConstraintMode = 0
	Gamma = 2.200000
	ExposureValue = 0.000000
	SensorTimestamp = 225931801000
225.966503 (28.82 fps) cam0-stream0 seq: 000070 bytesused: 20404224
	SensorBlackLevels = [ 4096, 4096, 4096, 4096 ]
	AnalogueGainMode = 0
	Contrast = 1.000000
	Saturation = 1.000000
	AnalogueGain = 1.678804
	ExposureTime = 34426
	FrameDuration = 34685
	ExposureTimeMode = 0
	AeExposureMode = 0
	AeConstraintMode = 0
	Gamma = 2.200000
	ExposureValue = 0.000000
	SensorTimestamp = 225966503000
226.001209 (28.81 fps) cam0-stream0 seq: 000071 bytesused: 20404224
	SensorBlackLevels = [ 4096, 4096, 4096, 4096 ]
	AnalogueGainMode = 0
	Contrast = 1.000000
	Saturation = 1.000000
	AnalogueGain = 1.678804
	ExposureTime = 34426
	FrameDuration = 34685
	ExposureTimeMode = 0
	AeExposureMode = 0
	AeConstraintMode = 0
	Gamma = 2.200000
	ExposureValue = 0.000000
	SensorTimestamp = 226001209000
226.035913 (28.82 fps) cam0-stream0 seq: 000072 bytesused: 20404224
	AeExposureMode = 0
	FrameDuration = 34685
	AnalogueGain = 1.678804
	Saturation = 1.000000
	Contrast = 1.000000
	Gamma = 2.200000
	ExposureTimeMode = 0
	ColourTemperature = 5562
	ExposureTime = 34426
	ColourGains = [ 1.673580, 1.447011 ]
	AwbEnable = true
	AnalogueGainMode = 0
	SensorBlackLevels = [ 4096, 4096, 4096, 4096 ]
	AeConstraintMode = 0
	ExposureValue = 0.000000
	SensorTimestamp = 226035913000
226.070615 (28.82 fps) cam0-stream0 seq: 000073 bytesused: 20404224
	SensorBlackLevels = [ 4096, 4096, 4096, 4096 ]
	AnalogueGainMode = 0
	Contrast = 1.000000
	Saturation = 1.000000
	AnalogueGain = 1.678804
	ExposureTime = 34426
	FrameDuration = 34685
	ExposureTimeMode = 0
	AeExposureMode = 0
	AeConstraintMode = 0
	Gamma = 2.200000
	ExposureValue = 0.000000
	SensorTimestamp = 226070615000
226.105322 (28.81 fps) cam0-stream0 seq: 000074 bytesused: 20404224
	SensorBlackLevels = [ 4096, 4096, 4096, 4096 ]
	AnalogueGainMode = 0
	Contrast = 1.000000
	Saturation = 1.000000
	AnalogueGain = 1.678804
	ExposureTime = 34426
	FrameDuration = 34685
	ExposureTimeMode = 0
	AeExposureMode = 0
	AeConstraintMode = 0
	Gamma = 2.200000
	ExposureValue = 0.000000
	SensorTimestamp = 226105322000
226.140027 (28.81 fps) cam0-stream0 seq: 000075 bytesused: 20404224
	SensorBlackLevels = [ 4096, 4096, 4096, 4096 ]
	AnalogueGainMode = 0
	Contrast = 1.000000
	Saturation = 1.000000
	AnalogueGain = 1.678804
	ExposureTime = 34426
	FrameDuration = 34685
	ExposureTimeMode = 0
	AeExposureMode = 0
	AeConstraintMode = 0
	Gamma = 2.200000
	ExposureValue = 0.000000
	SensorTimestamp = 226140027000
226.174729 (28.82 fps) cam0-stream0 seq: 000076 bytesused: 20404224
	AeExposureMode = 0
	FrameDuration = 34685
	AnalogueGain = 1.678804
	Saturation = 1.000000
	Contrast = 1.000000
	Gamma = 2.200000
	ExposureTimeMode = 0
	ColourTemperature = 5554
	ExposureTime = 34426
	ColourGains = [ 1.675226, 1.449696 ]
	AwbEnable = true
	AnalogueGainMode = 0
	SensorBlackLevels = [ 4096, 4096, 4096, 4096 ]
	AeConstraintMode = 0
	ExposureValue = 0.000000
	SensorTimestamp = 226174729000
226.209434 (28.81 fps) cam0-stream0 seq: 000077 bytesused: 20404224
	SensorBlackLevels = [ 4096, 4096, 4096, 4096 ]
	AnalogueGainMode = 0
	Contrast = 1.000000
	Saturation = 1.000000
	AnalogueGain = 1.678804
	ExposureTime = 34426
	FrameDuration = 34685
	ExposureTimeMode = 0
	AeExposureMode = 0
	AeConstraintMode = 0
	Gamma = 2.200000
	ExposureValue = 0.000000
	SensorTimestamp = 226209434000
226.244138 (28.82 fps) cam0-stream0 seq: 000078 bytesused: 20404224
	SensorBlackLevels = [ 4096, 4096, 4096, 4096 ]
	AnalogueGainMode = 0
	Contrast = 1.000000
	Saturation = 1.000000
	AnalogueGain = 1.678804
	ExposureTime = 34426
	FrameDuration = 34685
	ExposureTimeMode = 0
	AeExposureMode = 0
	AeConstraintMode = 0
	Gamma = 2.200000
	ExposureValue = 0.000000
	SensorTimestamp = 226244138000
226.278842 (28.82 fps) cam0-stream0 seq: 000079 bytesused: 20404224
	SensorBlackLevels = [ 4096, 4096, 4096, 4096 ]
	AnalogueGainMode = 0
	Contrast = 1.000000
	Saturation = 1.000000
	AnalogueGain = 1.678804
	ExposureTime = 34426
	FrameDuration = 34685
	ExposureTimeMode = 0
	AeExposureMode = 0
	AeConstraintMode = 0
	Gamma = 2.200000
	ExposureValue = 0.000000
	SensorTimestamp = 226278842000
226.313546 (28.82 fps) cam0-stream0 seq: 000080 bytesused: 20404224
	AeExposureMode = 0
	FrameDuration = 34685
	AnalogueGain = 1.678804
	Saturation = 1.000000
	Contrast = 1.000000
	Gamma = 2.200000
	ExposureTimeMode = 0
	ColourTemperature = 5543
	ExposureTime = 34426
	ColourGains = [ 1.676025, 1.452187 ]
	AwbEnable = true
	AnalogueGainMode = 0
	SensorBlackLevels = [ 4096, 4096, 4096, 4096 ]
	AeConstraintMode = 0
	ExposureValue = 0.000000
	SensorTimestamp = 226313546000
226.348250 (28.82 fps) cam0-stream0 seq: 000081 bytesused: 20404224
	SensorBlackLevels = [ 4096, 4096, 4096, 4096 ]
	AnalogueGainMode = 0
	Contrast = 1.000000
	Saturation = 1.000000
	AnalogueGain = 1.678804
	ExposureTime = 34426
	FrameDuration = 34685
	ExposureTimeMode = 0
	AeExposureMode = 0
	AeConstraintMode = 0
	Gamma = 2.200000
	ExposureValue = 0.000000
	SensorTimestamp = 226348250000
226.382955 (28.81 fps) cam0-stream0 seq: 000082 bytesused: 20404224
	SensorBlackLevels = [ 4096, 4096, 4096, 4096 ]
	AnalogueGainMode = 0
	Contrast = 1.000000
	Saturation = 1.000000
	AnalogueGain = 1.678804
	ExposureTime = 34426
	FrameDuration = 34685
	ExposureTimeMode = 0
	AeExposureMode = 0
	AeConstraintMode = 0
	Gamma = 2.200000
	ExposureValue = 0.000000
	SensorTimestamp = 226382955000
226.417659 (28.82 fps) cam0-stream0 seq: 000083 bytesused: 20404224
	SensorBlackLevels = [ 4096, 4096, 4096, 4096 ]
	AnalogueGainMode = 0
	Contrast = 1.000000
	Saturation = 1.000000
	AnalogueGain = 1.678804
	ExposureTime = 34426
	FrameDuration = 34685
	ExposureTimeMode = 0
	AeExposureMode = 0
	AeConstraintMode = 0
	Gamma = 2.200000
	ExposureValue = 0.000000
	SensorTimestamp = 226417659000
226.452363 (28.82 fps) cam0-stream0 seq: 000084 bytesused: 20404224
	AeExposureMode = 0
	FrameDuration = 34685
	AnalogueGain = 1.678804
	Saturation = 1.000000
	Contrast = 1.000000
	Gamma = 2.200000
	ExposureTimeMode = 0
	ColourTemperature = 5537
	ExposureTime = 34426
	ColourGains = [ 1.676278, 1.454316 ]
	AwbEnable = true
	AnalogueGainMode = 0
	SensorBlackLevels = [ 4096, 4096, 4096, 4096 ]
	AeConstraintMode = 0
	ExposureValue = 0.000000
	SensorTimestamp = 226452363000
226.487065 (28.82 fps) cam0-stream0 seq: 000085 bytesused: 20404224
	SensorBlackLevels = [ 4096, 4096, 4096, 4096 ]
	AnalogueGainMode = 0
	Contrast = 1.000000
	Saturation = 1.000000
	AnalogueGain = 1.678804
	ExposureTime = 34426
	FrameDuration = 34685
	ExposureTimeMode = 0
	AeExposureMode = 0
	AeConstraintMode = 0
	Gamma = 2.200000
	ExposureValue = 0.000000
	SensorTimestamp = 226487065000
226.521772 (28.81 fps) cam0-stream0 seq: 000086 bytesused: 20404224
	SensorBlackLevels = [ 4096, 4096, 4096, 4096 ]
	AnalogueGainMode = 0
	Contrast = 1.000000
	Saturation = 1.000000
	AnalogueGain = 1.678804
	ExposureTime = 34426
	FrameDuration = 34685
	ExposureTimeMode = 0
	AeExposureMode = 0
	AeConstraintMode = 0
	Gamma = 2.200000
	ExposureValue = 0.000000
	SensorTimestamp = 226521772000
226.556476 (28.82 fps) cam0-stream0 seq: 000087 bytesused: 20404224
	SensorBlackLevels = [ 4096, 4096, 4096, 4096 ]
	AnalogueGainMode = 0
	Contrast = 1.000000
	Saturation = 1.000000
	AnalogueGain = 1.678804
	ExposureTime = 34426
	FrameDuration = 34685
	ExposureTimeMode = 0
	AeExposureMode = 0
	AeConstraintMode = 0
	Gamma = 2.200000
	ExposureValue = 0.000000
	SensorTimestamp = 226556476000
226.591178 (28.82 fps) cam0-stream0 seq: 000088 bytesused: 20404224
	AeExposureMode = 0
	FrameDuration = 34685
	AnalogueGain = 1.678804
	Saturation = 1.000000
	Contrast = 1.000000
	Gamma = 2.200000
	ExposureTimeMode = 0
	ColourTemperature = 5535
	ExposureTime = 34426
	ColourGains = [ 1.676401, 1.456100 ]
	AwbEnable = true
	AnalogueGainMode = 0
	SensorBlackLevels = [ 4096, 4096, 4096, 4096 ]
	AeConstraintMode = 0
	ExposureValue = 0.000000
	SensorTimestamp = 226591178000
226.625881 (28.82 fps) cam0-stream0 seq: 000089 bytesused: 20404224
	SensorBlackLevels = [ 4096, 4096, 4096, 4096 ]
	AnalogueGainMode = 0
	Contrast = 1.000000
	Saturation = 1.000000
	AnalogueGain = 1.678804
	ExposureTime = 34426
	FrameDuration = 34685
	ExposureTimeMode = 0
	AeExposureMode = 0
	AeConstraintMode = 0
	Gamma = 2.200000
	ExposureValue = 0.000000
	SensorTimestamp = 226625881000
