[0:05:00.642182093] [9785]  INFO Camera camera_manager.cpp:340 libcamera v0.7.2+160-8103c3f2
[0:05:00.643737399] [9786]  INFO IPAManager ipa_manager.cpp:147 libcamera is not installed. Adding '/home/nicfio/src/libcamera-senza-helper/build/src/ipa' to the IPA search path
[0:05:00.968780442] [9786]  WARN CameraSensorProperties camera_sensor_properties.cpp:616 No static properties available for 'gc5035'
[0:05:00.968889350] [9786]  WARN CameraSensorProperties camera_sensor_properties.cpp:618 Please consider updating the camera sensor properties database
[0:05:00.969090436] [9786]  WARN CameraSensor camera_sensor_legacy.cpp:518 'gc5035 2-003f': No sensor delays found in static properties. Assuming unverified defaults.
[0:05:00.971561540] [9786]  WARN CameraSensorProperties camera_sensor_properties.cpp:616 No static properties available for 'gc8034'
[0:05:00.971646467] [9786]  WARN CameraSensorProperties camera_sensor_properties.cpp:618 Please consider updating the camera sensor properties database
[0:05:00.971706167] [9786]  WARN CameraSensor camera_sensor_legacy.cpp:518 'gc8034 1-0037': No sensor delays found in static properties. Assuming unverified defaults.
[0:05:01.072298135] [9786]  INFO IPAProxy ipa_proxy.cpp:73 libcamera is not installed. Loading IPA configuration from '/home/nicfio/src/libcamera-senza-helper/src/ipa/softisp/data'
[0:05:01.073138624] [9786]  INFO IPAProxy ipa_proxy.cpp:73 libcamera is not installed. Loading IPA configuration from '/home/nicfio/src/libcamera-senza-helper/src/ipa/softisp/data'
[0:05:01.073236834] [9786]  WARN IPAProxy ipa_proxy.cpp:196 Configuration file 'gc5035.yaml' not found for IPA module 'softisp', falling back to '/home/nicfio/src/libcamera-senza-helper/src/ipa/softisp/data/uncalibrated.yaml'
[0:05:01.073521280] [9786]  WARN IPASoftIsp softisp.cpp:104 IPASoftIsp: Failed to create camera sensor helper for gc5035
[0:05:01.074117356] [9786]  INFO Awb awb.cpp:213 No AWB algorithm specified, using grey world
[0:05:01.074281444] [9786]  WARN Awb awb_grey.cpp:49 Failed to parse 'colourGains' parameter from tuning file; manual colour temperature will not work properly
[0:05:01.075858059] [9786]  INFO Camera camera_manager.cpp:223 Adding camera '\_SB_.PC00.LNK1' for pipeline handler simple
[0:05:01.112197747] [9786]  INFO IPAProxy ipa_proxy.cpp:73 libcamera is not installed. Loading IPA configuration from '/home/nicfio/src/libcamera-senza-helper/src/ipa/softisp/data'
[0:05:01.112991098] [9786]  INFO IPAProxy ipa_proxy.cpp:73 libcamera is not installed. Loading IPA configuration from '/home/nicfio/src/libcamera-senza-helper/src/ipa/softisp/data'
[0:05:01.113114944] [9786]  WARN IPAProxy ipa_proxy.cpp:196 Configuration file 'gc8034.yaml' not found for IPA module 'softisp', falling back to '/home/nicfio/src/libcamera-senza-helper/src/ipa/softisp/data/uncalibrated.yaml'
[0:05:01.113291276] [9786]  WARN IPASoftIsp softisp.cpp:104 IPASoftIsp: Failed to create camera sensor helper for gc8034
[0:05:01.113555404] [9786]  INFO Awb awb.cpp:213 No AWB algorithm specified, using grey world
[0:05:01.113596366] [9786]  WARN Awb awb_grey.cpp:49 Failed to parse 'colourGains' parameter from tuning file; manual colour temperature will not work properly
[0:05:01.114332601] [9786]  INFO Camera camera_manager.cpp:223 Adding camera '\_SB_.PC00.LNK0' for pipeline handler simple
Using camera \_SB_.PC00.LNK0 as cam0
[0:05:01.115486799] [9785]  INFO Camera camera.cpp:1216 configuring streams: (0) 3256x2448-ABGR8888/sRGB
[0:05:01.115879162] [9786]  INFO SimplePipeline simple.cpp:1570 Input buffer stride ignored by the driver. Requested 6656, got 6528
[0:05:01.116069124] [9786]  INFO Awb awb_grey.cpp:107 No gains curve defined, unable to interpolate gains to colour temperature
[0:05:01.116272407] [9786]  INFO SoftwareIsp software_isp.cpp:300 Input 3264x2448-RGGB-10 stride 6528
[0:05:01.257231799] [9790]  INFO eGL egl.cpp:408 EGL: EGL_VERSION: 1.5
[0:05:01.257364404] [9790]  INFO eGL egl.cpp:409 EGL: EGL_VENDOR: Mesa Project
[0:05:01.257402279] [9790]  INFO eGL egl.cpp:410 EGL: EGL_CLIENT_APIS: OpenGL OpenGL_ES 
[0:05:01.257427850] [9790]  INFO eGL egl.cpp:411 EGL: EGL_EXTENSIONS: EGL_ANDROID_blob_cache EGL_ANDROID_native_fence_sync EGL_EXT_config_select_group EGL_EXT_create_context_robustness EGL_EXT_image_dma_buf_import EGL_EXT_image_dma_buf_import_modifiers EGL_EXT_query_reset_notification_strategy EGL_EXT_surface_compression EGL_IMG_context_priority EGL_KHR_cl_event2 EGL_KHR_config_attribs EGL_KHR_context_flush_control EGL_KHR_create_context EGL_KHR_create_context_no_error EGL_KHR_fence_sync EGL_KHR_get_all_proc_addresses EGL_KHR_gl_colorspace EGL_KHR_gl_renderbuffer_image EGL_KHR_gl_texture_2D_image EGL_KHR_gl_texture_3D_image EGL_KHR_gl_texture_cubemap_image EGL_KHR_image_base EGL_KHR_no_config_context EGL_KHR_partial_update EGL_KHR_reusable_sync EGL_KHR_surfaceless_context EGL_EXT_pixel_format_float EGL_KHR_wait_sync EGL_MESA_configless_context EGL_MESA_drm_image EGL_MESA_gl_interop EGL_MESA_image_dma_buf_export EGL_MESA_query_driver EGL_MESA_x11_native_visual_id EGL_WL_bind_wayland_display 
[0:05:01.264082650] [9790]  INFO eGL egl.cpp:447 EGL: GL_RENDERER: Mesa Intel(R) Graphics (ADL-N)
[0:05:01.264226524] [9790]  INFO eGL egl.cpp:448 EGL: GL_VERSION: OpenGL ES 3.2 Mesa 25.0.7-2+deb13u1
cam0: Capture 90 frames
[0:05:01.448197198] [9790]  INFO Debayer debayer_egl.cpp:523 Importing input DMABuf failed, falling back to upload
301.405379 (0.00 fps) cam0-stream0 seq: 000000 bytesused: 31961088
	AeExposureMode = 0
	FrameDuration = 41649
	AnalogueGain = 0.000000
	SensorTimestamp = 301405379000
	ExposureValue = 0.000000
	Gamma = 2.200000
	AeConstraintMode = 0
	AwbEnable = true
	SensorBlackLevels = [ 4096, 4096, 4096, 4096 ]
	AnalogueGainMode = 0
	ColourGains = [ 1.000000, 1.000000 ]
	ExposureTime = 37493
	ColourTemperature = 5000
	ExposureTimeMode = 0
	Contrast = 1.000000
	Saturation = 1.000000
301.447029 (24.01 fps) cam0-stream0 seq: 000001 bytesused: 31961088
	SensorBlackLevels = [ 4096, 4096, 4096, 4096 ]
	AnalogueGainMode = 0
	Contrast = 1.000000
	Saturation = 1.000000
	AnalogueGain = 0.000000
	ExposureTime = 37493
	FrameDuration = 41649
	ExposureTimeMode = 0
	AeExposureMode = 0
	AeConstraintMode = 0
	Gamma = 2.200000
	ExposureValue = 0.000000
	SensorTimestamp = 301447029000
301.488682 (24.01 fps) cam0-stream0 seq: 000002 bytesused: 31961088
	SensorBlackLevels = [ 4096, 4096, 4096, 4096 ]
	AnalogueGainMode = 0
	Contrast = 1.000000
	Saturation = 1.000000
	AnalogueGain = 0.000000
	ExposureTime = 24489
	FrameDuration = 41649
	ExposureTimeMode = 0
	AeExposureMode = 0
	AeConstraintMode = 0
	Gamma = 2.200000
	ExposureValue = 0.000000
	SensorTimestamp = 301488682000
301.530334 (24.01 fps) cam0-stream0 seq: 000003 bytesused: 31961088
	SensorBlackLevels = [ 4096, 4096, 4096, 4096 ]
	AnalogueGainMode = 0
	Contrast = 1.000000
	Saturation = 1.000000
	AnalogueGain = 0.000000
	ExposureTime = 24489
	FrameDuration = 41649
	ExposureTimeMode = 0
	AeExposureMode = 0
	AeConstraintMode = 0
	Gamma = 2.200000
	ExposureValue = 0.000000
	SensorTimestamp = 301530334000
301.571986 (24.01 fps) cam0-stream0 seq: 000004 bytesused: 31961088
	AeExposureMode = 0
	FrameDuration = 41649
	AnalogueGain = 0.000000
	Saturation = 1.000000
	Contrast = 1.000000
	Gamma = 2.200000
	ExposureTimeMode = 0
	ColourTemperature = 5568
	ExposureTime = 24489
	ColourGains = [ 1.151530, 1.095927 ]
	AwbEnable = true
	AnalogueGainMode = 0
	SensorBlackLevels = [ 4096, 4096, 4096, 4096 ]
	AeConstraintMode = 0
	ExposureValue = 0.000000
	SensorTimestamp = 301571986000
301.627023 (18.17 fps) cam0-stream0 seq: 000005 bytesused: 31961088
	SensorBlackLevels = [ 4096, 4096, 4096, 4096 ]
	AnalogueGainMode = 0
	Contrast = 1.000000
	Saturation = 1.000000
	AnalogueGain = 0.000000
	ExposureTime = 24489
	FrameDuration = 41649
	ExposureTimeMode = 0
	AeExposureMode = 0
	AeConstraintMode = 0
	Gamma = 2.200000
	ExposureValue = 0.000000
	SensorTimestamp = 301627023000
301.668676 (24.01 fps) cam0-stream0 seq: 000006 bytesused: 31961088
	SensorBlackLevels = [ 4096, 4096, 4096, 4096 ]
	AnalogueGainMode = 0
	Contrast = 1.000000
	Saturation = 1.000000
	AnalogueGain = 0.000000
	ExposureTime = 24489
	FrameDuration = 41649
	ExposureTimeMode = 0
	AeExposureMode = 0
	AeConstraintMode = 0
	Gamma = 2.200000
	ExposureValue = 0.000000
	SensorTimestamp = 301668676000
301.710329 (24.01 fps) cam0-stream0 seq: 000007 bytesused: 31961088
	SensorBlackLevels = [ 4096, 4096, 4096, 4096 ]
	AnalogueGainMode = 0
	Contrast = 1.000000
	Saturation = 1.000000
	AnalogueGain = 0.000000
	ExposureTime = 24489
	FrameDuration = 41649
	ExposureTimeMode = 0
	AeExposureMode = 0
	AeConstraintMode = 0
	Gamma = 2.200000
	ExposureValue = 0.000000
	SensorTimestamp = 301710329000
301.751982 (24.01 fps) cam0-stream0 seq: 000008 bytesused: 31961088
	AeExposureMode = 0
	FrameDuration = 41649
	AnalogueGain = 0.000000
	Saturation = 1.000000
	Contrast = 1.000000
	Gamma = 2.200000
	ExposureTimeMode = 0
	ColourTemperature = 5572
	ExposureTime = 24489
	ColourGains = [ 1.273046, 1.172568 ]
	AwbEnable = true
	AnalogueGainMode = 0
	SensorBlackLevels = [ 4096, 4096, 4096, 4096 ]
	AeConstraintMode = 0
	ExposureValue = 0.000000
	SensorTimestamp = 301751982000
301.793632 (24.01 fps) cam0-stream0 seq: 000009 bytesused: 31961088
	SensorBlackLevels = [ 4096, 4096, 4096, 4096 ]
	AnalogueGainMode = 0
	Contrast = 1.000000
	Saturation = 1.000000
	AnalogueGain = 0.000000
	ExposureTime = 24489
	FrameDuration = 41649
	ExposureTimeMode = 0
	AeExposureMode = 0
	AeConstraintMode = 0
	Gamma = 2.200000
	ExposureValue = 0.000000
	SensorTimestamp = 301793632000
301.835285 (24.01 fps) cam0-stream0 seq: 000010 bytesused: 31961088
	SensorBlackLevels = [ 4096, 4096, 4096, 4096 ]
	AnalogueGainMode = 0
	Contrast = 1.000000
	Saturation = 1.000000
	AnalogueGain = 0.000000
	ExposureTime = 25056
	FrameDuration = 41649
	ExposureTimeMode = 0
	AeExposureMode = 0
	AeConstraintMode = 0
	Gamma = 2.200000
	ExposureValue = 0.000000
	SensorTimestamp = 301835285000
301.876937 (24.01 fps) cam0-stream0 seq: 000011 bytesused: 31961088
	SensorBlackLevels = [ 4096, 4096, 4096, 4096 ]
	AnalogueGainMode = 0
	Contrast = 1.000000
	Saturation = 1.000000
	AnalogueGain = 0.000000
	ExposureTime = 25056
	FrameDuration = 41649
	ExposureTimeMode = 0
	AeExposureMode = 0
	AeConstraintMode = 0
	Gamma = 2.200000
	ExposureValue = 0.000000
	SensorTimestamp = 301876937000
301.918590 (24.01 fps) cam0-stream0 seq: 000012 bytesused: 31961088
	AeExposureMode = 0
	FrameDuration = 41649
	AnalogueGain = 0.000000
	Saturation = 1.000000
	Contrast = 1.000000
	Gamma = 2.200000
	ExposureTimeMode = 0
	ColourTemperature = 5563
	ExposureTime = 25056
	ColourGains = [ 1.370094, 1.234270 ]
	AwbEnable = true
	AnalogueGainMode = 0
	SensorBlackLevels = [ 4096, 4096, 4096, 4096 ]
	AeConstraintMode = 0
	ExposureValue = 0.000000
	SensorTimestamp = 301918590000
301.960243 (24.01 fps) cam0-stream0 seq: 000013 bytesused: 31961088
	SensorBlackLevels = [ 4096, 4096, 4096, 4096 ]
	AnalogueGainMode = 0
	Contrast = 1.000000
	Saturation = 1.000000
	AnalogueGain = 0.000000
	ExposureTime = 25056
	FrameDuration = 41649
	ExposureTimeMode = 0
	AeExposureMode = 0
	AeConstraintMode = 0
	Gamma = 2.200000
	ExposureValue = 0.000000
	SensorTimestamp = 301960243000
302.001898 (24.01 fps) cam0-stream0 seq: 000014 bytesused: 31961088
	SensorBlackLevels = [ 4096, 4096, 4096, 4096 ]
	AnalogueGainMode = 0
	Contrast = 1.000000
	Saturation = 1.000000
	AnalogueGain = 0.000000
	ExposureTime = 25056
	FrameDuration = 41649
	ExposureTimeMode = 0
	AeExposureMode = 0
	AeConstraintMode = 0
	Gamma = 2.200000
	ExposureValue = 0.000000
	SensorTimestamp = 302001898000
302.043548 (24.01 fps) cam0-stream0 seq: 000015 bytesused: 31961088
	SensorBlackLevels = [ 4096, 4096, 4096, 4096 ]
	AnalogueGainMode = 0
	Contrast = 1.000000
	Saturation = 1.000000
	AnalogueGain = 0.000000
	ExposureTime = 25056
	FrameDuration = 41649
	ExposureTimeMode = 0
	AeExposureMode = 0
	AeConstraintMode = 0
	Gamma = 2.200000
	ExposureValue = 0.000000
	SensorTimestamp = 302043548000
302.085569 (23.80 fps) cam0-stream0 seq: 000016 bytesused: 31961088
	AeExposureMode = 0
	FrameDuration = 41649
	AnalogueGain = 0.000000
	Saturation = 1.000000
	Contrast = 1.000000
	Gamma = 2.200000
	ExposureTimeMode = 0
	ColourTemperature = 5566
	ExposureTime = 25056
	ColourGains = [ 1.447275, 1.283352 ]
	AwbEnable = true
	AnalogueGainMode = 0
	SensorBlackLevels = [ 4096, 4096, 4096, 4096 ]
	AeConstraintMode = 0
	ExposureValue = 0.000000
	SensorTimestamp = 302085569000
302.127222 (24.01 fps) cam0-stream0 seq: 000017 bytesused: 31961088
	SensorBlackLevels = [ 4096, 4096, 4096, 4096 ]
	AnalogueGainMode = 0
	Contrast = 1.000000
	Saturation = 1.000000
	AnalogueGain = 0.000000
	ExposureTime = 25607
	FrameDuration = 41649
	ExposureTimeMode = 0
	AeExposureMode = 0
	AeConstraintMode = 0
	Gamma = 2.200000
	ExposureValue = 0.000000
	SensorTimestamp = 302127222000
302.168872 (24.01 fps) cam0-stream0 seq: 000018 bytesused: 31961088
	SensorBlackLevels = [ 4096, 4096, 4096, 4096 ]
	AnalogueGainMode = 0
	Contrast = 1.000000
	Saturation = 1.000000
	AnalogueGain = 0.000000
	ExposureTime = 25607
	FrameDuration = 41649
	ExposureTimeMode = 0
	AeExposureMode = 0
	AeConstraintMode = 0
	Gamma = 2.200000
	ExposureValue = 0.000000
	SensorTimestamp = 302168872000
302.210524 (24.01 fps) cam0-stream0 seq: 000019 bytesused: 31961088
	SensorBlackLevels = [ 4096, 4096, 4096, 4096 ]
	AnalogueGainMode = 0
	Contrast = 1.000000
	Saturation = 1.000000
	AnalogueGain = 0.000000
	ExposureTime = 25607
	FrameDuration = 41649
	ExposureTimeMode = 0
	AeExposureMode = 0
	AeConstraintMode = 0
	Gamma = 2.200000
	ExposureValue = 0.000000
	SensorTimestamp = 302210524000
302.252180 (24.01 fps) cam0-stream0 seq: 000020 bytesused: 31961088
	AeExposureMode = 0
	FrameDuration = 41649
	AnalogueGain = 0.000000
	Saturation = 1.000000
	Contrast = 1.000000
	Gamma = 2.200000
	ExposureTimeMode = 0
	ColourTemperature = 5557
	ExposureTime = 25607
	ColourGains = [ 1.508887, 1.323003 ]
	AwbEnable = true
	AnalogueGainMode = 0
	SensorBlackLevels = [ 4096, 4096, 4096, 4096 ]
	AeConstraintMode = 0
	ExposureValue = 0.000000
	SensorTimestamp = 302252180000
302.293830 (24.01 fps) cam0-stream0 seq: 000021 bytesused: 31961088
	SensorBlackLevels = [ 4096, 4096, 4096, 4096 ]
	AnalogueGainMode = 0
	Contrast = 1.000000
	Saturation = 1.000000
	AnalogueGain = 0.000000
	ExposureTime = 25607
	FrameDuration = 41649
	ExposureTimeMode = 0
	AeExposureMode = 0
	AeConstraintMode = 0
	Gamma = 2.200000
	ExposureValue = 0.000000
	SensorTimestamp = 302293830000
302.335482 (24.01 fps) cam0-stream0 seq: 000022 bytesused: 31961088
	SensorBlackLevels = [ 4096, 4096, 4096, 4096 ]
	AnalogueGainMode = 0
	Contrast = 1.000000
	Saturation = 1.000000
	AnalogueGain = 0.000000
	ExposureTime = 25607
	FrameDuration = 41649
	ExposureTimeMode = 0
	AeExposureMode = 0
	AeConstraintMode = 0
	Gamma = 2.200000
	ExposureValue = 0.000000
	SensorTimestamp = 302335482000
302.377470 (23.82 fps) cam0-stream0 seq: 000023 bytesused: 31961088
	SensorBlackLevels = [ 4096, 4096, 4096, 4096 ]
	AnalogueGainMode = 0
	Contrast = 1.000000
	Saturation = 1.000000
	AnalogueGain = 0.000000
	ExposureTime = 25607
	FrameDuration = 41649
	ExposureTimeMode = 0
	AeExposureMode = 0
	AeConstraintMode = 0
	Gamma = 2.200000
	ExposureValue = 0.000000
	SensorTimestamp = 302377470000
302.419121 (24.01 fps) cam0-stream0 seq: 000024 bytesused: 31961088
	AeExposureMode = 0
	FrameDuration = 41649
	AnalogueGain = 0.000000
	Saturation = 1.000000
	Contrast = 1.000000
	Gamma = 2.200000
	ExposureTimeMode = 0
	ColourTemperature = 5566
	ExposureTime = 25607
	ColourGains = [ 1.558911, 1.354492 ]
	AwbEnable = true
	AnalogueGainMode = 0
	SensorBlackLevels = [ 4096, 4096, 4096, 4096 ]
	AeConstraintMode = 0
	ExposureValue = 0.000000
	SensorTimestamp = 302419121000
302.460775 (24.01 fps) cam0-stream0 seq: 000025 bytesused: 31961088
	SensorBlackLevels = [ 4096, 4096, 4096, 4096 ]
	AnalogueGainMode = 0
	Contrast = 1.000000
	Saturation = 1.000000
	AnalogueGain = 0.000000
	ExposureTime = 26141
	FrameDuration = 41649
	ExposureTimeMode = 0
	AeExposureMode = 0
	AeConstraintMode = 0
	Gamma = 2.200000
	ExposureValue = 0.000000
	SensorTimestamp = 302460775000
302.502425 (24.01 fps) cam0-stream0 seq: 000026 bytesused: 31961088
	SensorBlackLevels = [ 4096, 4096, 4096, 4096 ]
	AnalogueGainMode = 0
	Contrast = 1.000000
	Saturation = 1.000000
	AnalogueGain = 0.000000
	ExposureTime = 26141
	FrameDuration = 41649
	ExposureTimeMode = 0
	AeExposureMode = 0
	AeConstraintMode = 0
	Gamma = 2.200000
	ExposureValue = 0.000000
	SensorTimestamp = 302502425000
302.544079 (24.01 fps) cam0-stream0 seq: 000027 bytesused: 31961088
	SensorBlackLevels = [ 4096, 4096, 4096, 4096 ]
	AnalogueGainMode = 0
	Contrast = 1.000000
	Saturation = 1.000000
	AnalogueGain = 0.000000
	ExposureTime = 26141
	FrameDuration = 41649
	ExposureTimeMode = 0
	AeExposureMode = 0
	AeConstraintMode = 0
	Gamma = 2.200000
	ExposureValue = 0.000000
	SensorTimestamp = 302544079000
302.585733 (24.01 fps) cam0-stream0 seq: 000028 bytesused: 31961088
	AeExposureMode = 0
	FrameDuration = 41649
	AnalogueGain = 0.000000
	Saturation = 1.000000
	Contrast = 1.000000
	Gamma = 2.200000
	ExposureTimeMode = 0
	ColourTemperature = 5563
	ExposureTime = 26141
	ColourGains = [ 1.598364, 1.379679 ]
	AwbEnable = true
	AnalogueGainMode = 0
	SensorBlackLevels = [ 4096, 4096, 4096, 4096 ]
	AeConstraintMode = 0
	ExposureValue = 0.000000
	SensorTimestamp = 302585733000
302.627386 (24.01 fps) cam0-stream0 seq: 000029 bytesused: 31961088
	SensorBlackLevels = [ 4096, 4096, 4096, 4096 ]
	AnalogueGainMode = 0
	Contrast = 1.000000
	Saturation = 1.000000
	AnalogueGain = 0.000000
	ExposureTime = 26141
	FrameDuration = 41649
	ExposureTimeMode = 0
	AeExposureMode = 0
	AeConstraintMode = 0
	Gamma = 2.200000
	ExposureValue = 0.000000
	SensorTimestamp = 302627386000
302.669036 (24.01 fps) cam0-stream0 seq: 000030 bytesused: 31961088
	SensorBlackLevels = [ 4096, 4096, 4096, 4096 ]
	AnalogueGainMode = 0
	Contrast = 1.000000
	Saturation = 1.000000
	AnalogueGain = 0.000000
	ExposureTime = 26141
	FrameDuration = 41649
	ExposureTimeMode = 0
	AeExposureMode = 0
	AeConstraintMode = 0
	Gamma = 2.200000
	ExposureValue = 0.000000
	SensorTimestamp = 302669036000
302.711022 (23.82 fps) cam0-stream0 seq: 000031 bytesused: 31961088
	SensorBlackLevels = [ 4096, 4096, 4096, 4096 ]
	AnalogueGainMode = 0
	Contrast = 1.000000
	Saturation = 1.000000
	AnalogueGain = 0.000000
	ExposureTime = 26141
	FrameDuration = 41649
	ExposureTimeMode = 0
	AeExposureMode = 0
	AeConstraintMode = 0
	Gamma = 2.200000
	ExposureValue = 0.000000
	SensorTimestamp = 302711022000
302.752674 (24.01 fps) cam0-stream0 seq: 000032 bytesused: 31961088
	AeExposureMode = 0
	FrameDuration = 41649
	AnalogueGain = 0.000000
	Saturation = 1.000000
	Contrast = 1.000000
	Gamma = 2.200000
	ExposureTimeMode = 0
	ColourTemperature = 5562
	ExposureTime = 26141
	ColourGains = [ 1.629896, 1.399854 ]
	AwbEnable = true
	AnalogueGainMode = 0
	SensorBlackLevels = [ 4096, 4096, 4096, 4096 ]
	AeConstraintMode = 0
	ExposureValue = 0.000000
	SensorTimestamp = 302752674000
302.794329 (24.01 fps) cam0-stream0 seq: 000033 bytesused: 31961088
	SensorBlackLevels = [ 4096, 4096, 4096, 4096 ]
	AnalogueGainMode = 0
	Contrast = 1.000000
	Saturation = 1.000000
	AnalogueGain = 0.000000
	ExposureTime = 26659
	FrameDuration = 41649
	ExposureTimeMode = 0
	AeExposureMode = 0
	AeConstraintMode = 0
	Gamma = 2.200000
	ExposureValue = 0.000000
	SensorTimestamp = 302794329000
302.835982 (24.01 fps) cam0-stream0 seq: 000034 bytesused: 31961088
	SensorBlackLevels = [ 4096, 4096, 4096, 4096 ]
	AnalogueGainMode = 0
	Contrast = 1.000000
	Saturation = 1.000000
	AnalogueGain = 0.000000
	ExposureTime = 26659
	FrameDuration = 41649
	ExposureTimeMode = 0
	AeExposureMode = 0
	AeConstraintMode = 0
	Gamma = 2.200000
	ExposureValue = 0.000000
	SensorTimestamp = 302835982000
302.877632 (24.01 fps) cam0-stream0 seq: 000035 bytesused: 31961088
	SensorBlackLevels = [ 4096, 4096, 4096, 4096 ]
	AnalogueGainMode = 0
	Contrast = 1.000000
	Saturation = 1.000000
	AnalogueGain = 0.000000
	ExposureTime = 26659
	FrameDuration = 41649
	ExposureTimeMode = 0
	AeExposureMode = 0
	AeConstraintMode = 0
	Gamma = 2.200000
	ExposureValue = 0.000000
	SensorTimestamp = 302877632000
302.919287 (24.01 fps) cam0-stream0 seq: 000036 bytesused: 31961088
	AeExposureMode = 0
	FrameDuration = 41649
	AnalogueGain = 0.000000
	Saturation = 1.000000
	Contrast = 1.000000
	Gamma = 2.200000
	ExposureTimeMode = 0
	ColourTemperature = 5568
	ExposureTime = 26659
	ColourGains = [ 1.655414, 1.415795 ]
	AwbEnable = true
	AnalogueGainMode = 0
	SensorBlackLevels = [ 4096, 4096, 4096, 4096 ]
	AeConstraintMode = 0
	ExposureValue = 0.000000
	SensorTimestamp = 302919287000
302.960937 (24.01 fps) cam0-stream0 seq: 000037 bytesused: 31961088
	SensorBlackLevels = [ 4096, 4096, 4096, 4096 ]
	AnalogueGainMode = 0
	Contrast = 1.000000
	Saturation = 1.000000
	AnalogueGain = 0.000000
	ExposureTime = 26659
	FrameDuration = 41649
	ExposureTimeMode = 0
	AeExposureMode = 0
	AeConstraintMode = 0
	Gamma = 2.200000
	ExposureValue = 0.000000
	SensorTimestamp = 302960937000
303.002591 (24.01 fps) cam0-stream0 seq: 000038 bytesused: 31961088
	SensorBlackLevels = [ 4096, 4096, 4096, 4096 ]
	AnalogueGainMode = 0
	Contrast = 1.000000
	Saturation = 1.000000
	AnalogueGain = 0.000000
	ExposureTime = 26659
	FrameDuration = 41649
	ExposureTimeMode = 0
	AeExposureMode = 0
	AeConstraintMode = 0
	Gamma = 2.200000
	ExposureValue = 0.000000
	SensorTimestamp = 303002591000
303.044578 (23.82 fps) cam0-stream0 seq: 000039 bytesused: 31961088
	SensorBlackLevels = [ 4096, 4096, 4096, 4096 ]
	AnalogueGainMode = 0
	Contrast = 1.000000
	Saturation = 1.000000
	AnalogueGain = 0.000000
	ExposureTime = 26659
	FrameDuration = 41649
	ExposureTimeMode = 0
	AeExposureMode = 0
	AeConstraintMode = 0
	Gamma = 2.200000
	ExposureValue = 0.000000
	SensorTimestamp = 303044578000
303.086229 (24.01 fps) cam0-stream0 seq: 000040 bytesused: 31961088
	AeExposureMode = 0
	FrameDuration = 41649
	AnalogueGain = 0.000000
	Saturation = 1.000000
	Contrast = 1.000000
	Gamma = 2.200000
	ExposureTimeMode = 0
	ColourTemperature = 5562
	ExposureTime = 26659
	ColourGains = [ 1.675616, 1.428792 ]
	AwbEnable = true
	AnalogueGainMode = 0
	SensorBlackLevels = [ 4096, 4096, 4096, 4096 ]
	AeConstraintMode = 0
	ExposureValue = 0.000000
	SensorTimestamp = 303086229000
303.127884 (24.01 fps) cam0-stream0 seq: 000041 bytesused: 31961088
	SensorBlackLevels = [ 4096, 4096, 4096, 4096 ]
	AnalogueGainMode = 0
	Contrast = 1.000000
	Saturation = 1.000000
	AnalogueGain = 0.000000
	ExposureTime = 27160
	FrameDuration = 41649
	ExposureTimeMode = 0
	AeExposureMode = 0
	AeConstraintMode = 0
	Gamma = 2.200000
	ExposureValue = 0.000000
	SensorTimestamp = 303127884000
303.169534 (24.01 fps) cam0-stream0 seq: 000042 bytesused: 31961088
	SensorBlackLevels = [ 4096, 4096, 4096, 4096 ]
	AnalogueGainMode = 0
	Contrast = 1.000000
	Saturation = 1.000000
	AnalogueGain = 0.000000
	ExposureTime = 27160
	FrameDuration = 41649
	ExposureTimeMode = 0
	AeExposureMode = 0
	AeConstraintMode = 0
	Gamma = 2.200000
	ExposureValue = 0.000000
	SensorTimestamp = 303169534000
303.211186 (24.01 fps) cam0-stream0 seq: 000043 bytesused: 31961088
	SensorBlackLevels = [ 4096, 4096, 4096, 4096 ]
	AnalogueGainMode = 0
	Contrast = 1.000000
	Saturation = 1.000000
	AnalogueGain = 0.000000
	ExposureTime = 27160
	FrameDuration = 41649
	ExposureTimeMode = 0
	AeExposureMode = 0
	AeConstraintMode = 0
	Gamma = 2.200000
	ExposureValue = 0.000000
	SensorTimestamp = 303211186000
303.252840 (24.01 fps) cam0-stream0 seq: 000044 bytesused: 31961088
	AeExposureMode = 0
	FrameDuration = 41649
	AnalogueGain = 0.000000
	Saturation = 1.000000
	Contrast = 1.000000
	Gamma = 2.200000
	ExposureTimeMode = 0
	ColourTemperature = 5554
	ExposureTime = 27160
	ColourGains = [ 1.691725, 1.439532 ]
	AwbEnable = true
	AnalogueGainMode = 0
	SensorBlackLevels = [ 4096, 4096, 4096, 4096 ]
	AeConstraintMode = 0
	ExposureValue = 0.000000
	SensorTimestamp = 303252840000
303.294494 (24.01 fps) cam0-stream0 seq: 000045 bytesused: 31961088
	SensorBlackLevels = [ 4096, 4096, 4096, 4096 ]
	AnalogueGainMode = 0
	Contrast = 1.000000
	Saturation = 1.000000
	AnalogueGain = 0.000000
	ExposureTime = 27160
	FrameDuration = 41649
	ExposureTimeMode = 0
	AeExposureMode = 0
	AeConstraintMode = 0
	Gamma = 2.200000
	ExposureValue = 0.000000
	SensorTimestamp = 303294494000
303.336145 (24.01 fps) cam0-stream0 seq: 000046 bytesused: 31961088
	SensorBlackLevels = [ 4096, 4096, 4096, 4096 ]
	AnalogueGainMode = 0
	Contrast = 1.000000
	Saturation = 1.000000
	AnalogueGain = 0.000000
	ExposureTime = 27160
	FrameDuration = 41649
	ExposureTimeMode = 0
	AeExposureMode = 0
	AeConstraintMode = 0
	Gamma = 2.200000
	ExposureValue = 0.000000
	SensorTimestamp = 303336145000
303.378099 (23.84 fps) cam0-stream0 seq: 000047 bytesused: 31961088
	SensorBlackLevels = [ 4096, 4096, 4096, 4096 ]
	AnalogueGainMode = 0
	Contrast = 1.000000
	Saturation = 1.000000
	AnalogueGain = 0.000000
	ExposureTime = 27160
	FrameDuration = 41649
	ExposureTimeMode = 0
	AeExposureMode = 0
	AeConstraintMode = 0
	Gamma = 2.200000
	ExposureValue = 0.000000
	SensorTimestamp = 303378099000
303.419752 (24.01 fps) cam0-stream0 seq: 000048 bytesused: 31961088
	AeExposureMode = 0
	FrameDuration = 41649
	AnalogueGain = 0.000000
	Saturation = 1.000000
	Contrast = 1.000000
	Gamma = 2.200000
	ExposureTimeMode = 0
	ColourTemperature = 5562
	ExposureTime = 27160
	ColourGains = [ 1.704545, 1.447721 ]
	AwbEnable = true
	AnalogueGainMode = 0
	SensorBlackLevels = [ 4096, 4096, 4096, 4096 ]
	AeConstraintMode = 0
	ExposureValue = 0.000000
	SensorTimestamp = 303419752000
303.461403 (24.01 fps) cam0-stream0 seq: 000049 bytesused: 31961088
	SensorBlackLevels = [ 4096, 4096, 4096, 4096 ]
	AnalogueGainMode = 0
	Contrast = 1.000000
	Saturation = 1.000000
	AnalogueGain = 0.000000
	ExposureTime = 27644
	FrameDuration = 41649
	ExposureTimeMode = 0
	AeExposureMode = 0
	AeConstraintMode = 0
	Gamma = 2.200000
	ExposureValue = 0.000000
	SensorTimestamp = 303461403000
303.503056 (24.01 fps) cam0-stream0 seq: 000050 bytesused: 31961088
	SensorBlackLevels = [ 4096, 4096, 4096, 4096 ]
	AnalogueGainMode = 0
	Contrast = 1.000000
	Saturation = 1.000000
	AnalogueGain = 0.000000
	ExposureTime = 27644
	FrameDuration = 41649
	ExposureTimeMode = 0
	AeExposureMode = 0
	AeConstraintMode = 0
	Gamma = 2.200000
	ExposureValue = 0.000000
	SensorTimestamp = 303503056000
303.544707 (24.01 fps) cam0-stream0 seq: 000051 bytesused: 31961088
	SensorBlackLevels = [ 4096, 4096, 4096, 4096 ]
	AnalogueGainMode = 0
	Contrast = 1.000000
	Saturation = 1.000000
	AnalogueGain = 0.000000
	ExposureTime = 27644
	FrameDuration = 41649
	ExposureTimeMode = 0
	AeExposureMode = 0
	AeConstraintMode = 0
	Gamma = 2.200000
	ExposureValue = 0.000000
	SensorTimestamp = 303544707000
303.586361 (24.01 fps) cam0-stream0 seq: 000052 bytesused: 31961088
	AeExposureMode = 0
	FrameDuration = 41649
	AnalogueGain = 0.000000
	Saturation = 1.000000
	Contrast = 1.000000
	Gamma = 2.200000
	ExposureTimeMode = 0
	ColourTemperature = 5558
	ExposureTime = 27644
	ColourGains = [ 1.715333, 1.454620 ]
	AwbEnable = true
	AnalogueGainMode = 0
	SensorBlackLevels = [ 4096, 4096, 4096, 4096 ]
	AeConstraintMode = 0
	ExposureValue = 0.000000
	SensorTimestamp = 303586361000
303.628013 (24.01 fps) cam0-stream0 seq: 000053 bytesused: 31961088
	SensorBlackLevels = [ 4096, 4096, 4096, 4096 ]
	AnalogueGainMode = 0
	Contrast = 1.000000
	Saturation = 1.000000
	AnalogueGain = 0.000000
	ExposureTime = 27644
	FrameDuration = 41649
	ExposureTimeMode = 0
	AeExposureMode = 0
	AeConstraintMode = 0
	Gamma = 2.200000
	ExposureValue = 0.000000
	SensorTimestamp = 303628013000
303.669665 (24.01 fps) cam0-stream0 seq: 000054 bytesused: 31961088
	SensorBlackLevels = [ 4096, 4096, 4096, 4096 ]
	AnalogueGainMode = 0
	Contrast = 1.000000
	Saturation = 1.000000
	AnalogueGain = 0.000000
	ExposureTime = 27644
	FrameDuration = 41649
	ExposureTimeMode = 0
	AeExposureMode = 0
	AeConstraintMode = 0
	Gamma = 2.200000
	ExposureValue = 0.000000
	SensorTimestamp = 303669665000
303.711587 (23.85 fps) cam0-stream0 seq: 000055 bytesused: 31961088
	SensorBlackLevels = [ 4096, 4096, 4096, 4096 ]
	AnalogueGainMode = 0
	Contrast = 1.000000
	Saturation = 1.000000
	AnalogueGain = 0.000000
	ExposureTime = 27644
	FrameDuration = 41649
	ExposureTimeMode = 0
	AeExposureMode = 0
	AeConstraintMode = 0
	Gamma = 2.200000
	ExposureValue = 0.000000
	SensorTimestamp = 303711587000
303.753239 (24.01 fps) cam0-stream0 seq: 000056 bytesused: 31961088
	AeExposureMode = 0
	FrameDuration = 41649
	AnalogueGain = 0.000000
	Saturation = 1.000000
	Contrast = 1.000000
	Gamma = 2.200000
	ExposureTimeMode = 0
	ColourTemperature = 5566
	ExposureTime = 27644
	ColourGains = [ 1.723879, 1.459774 ]
	AwbEnable = true
	AnalogueGainMode = 0
	SensorBlackLevels = [ 4096, 4096, 4096, 4096 ]
	AeConstraintMode = 0
	ExposureValue = 0.000000
	SensorTimestamp = 303753239000
303.794891 (24.01 fps) cam0-stream0 seq: 000057 bytesused: 31961088
	SensorBlackLevels = [ 4096, 4096, 4096, 4096 ]
	AnalogueGainMode = 0
	Contrast = 1.000000
	Saturation = 1.000000
	AnalogueGain = 0.000000
	ExposureTime = 28128
	FrameDuration = 41649
	ExposureTimeMode = 0
	AeExposureMode = 0
	AeConstraintMode = 0
	Gamma = 2.200000
	ExposureValue = 0.000000
	SensorTimestamp = 303794891000
303.836542 (24.01 fps) cam0-stream0 seq: 000058 bytesused: 31961088
	SensorBlackLevels = [ 4096, 4096, 4096, 4096 ]
	AnalogueGainMode = 0
	Contrast = 1.000000
	Saturation = 1.000000
	AnalogueGain = 0.000000
	ExposureTime = 28128
	FrameDuration = 41649
	ExposureTimeMode = 0
	AeExposureMode = 0
	AeConstraintMode = 0
	Gamma = 2.200000
	ExposureValue = 0.000000
	SensorTimestamp = 303836542000
[0:05:03.953322188] [9790]  INFO Benchmark benchmark.cpp:89 Debayer processed 30 frames in 953422us, 31780 us/frame
303.878195 (24.01 fps) cam0-stream0 seq: 000059 bytesused: 31961088
	SensorBlackLevels = [ 4096, 4096, 4096, 4096 ]
	AnalogueGainMode = 0
	Contrast = 1.000000
	Saturation = 1.000000
	AnalogueGain = 0.000000
	ExposureTime = 28128
	FrameDuration = 41649
	ExposureTimeMode = 0
	AeExposureMode = 0
	AeConstraintMode = 0
	Gamma = 2.200000
	ExposureValue = 0.000000
	SensorTimestamp = 303878195000
303.919848 (24.01 fps) cam0-stream0 seq: 000060 bytesused: 31961088
	AeExposureMode = 0
	FrameDuration = 41649
	AnalogueGain = 0.000000
	Saturation = 1.000000
	Contrast = 1.000000
	Gamma = 2.200000
	ExposureTimeMode = 0
	ColourTemperature = 5563
	ExposureTime = 28128
	ColourGains = [ 1.730431, 1.463957 ]
	AwbEnable = true
	AnalogueGainMode = 0
	SensorBlackLevels = [ 4096, 4096, 4096, 4096 ]
	AeConstraintMode = 0
	ExposureValue = 0.000000
	SensorTimestamp = 303919848000
303.961500 (24.01 fps) cam0-stream0 seq: 000061 bytesused: 31961088
	SensorBlackLevels = [ 4096, 4096, 4096, 4096 ]
	AnalogueGainMode = 0
	Contrast = 1.000000
	Saturation = 1.000000
	AnalogueGain = 0.000000
	ExposureTime = 28128
	FrameDuration = 41649
	ExposureTimeMode = 0
	AeExposureMode = 0
	AeConstraintMode = 0
	Gamma = 2.200000
	ExposureValue = 0.000000
	SensorTimestamp = 303961500000
304.003153 (24.01 fps) cam0-stream0 seq: 000062 bytesused: 31961088
	SensorBlackLevels = [ 4096, 4096, 4096, 4096 ]
	AnalogueGainMode = 0
	Contrast = 1.000000
	Saturation = 1.000000
	AnalogueGain = 0.000000
	ExposureTime = 28128
	FrameDuration = 41649
	ExposureTimeMode = 0
	AeExposureMode = 0
	AeConstraintMode = 0
	Gamma = 2.200000
	ExposureValue = 0.000000
	SensorTimestamp = 304003153000
304.045105 (23.84 fps) cam0-stream0 seq: 000063 bytesused: 31961088
	SensorBlackLevels = [ 4096, 4096, 4096, 4096 ]
	AnalogueGainMode = 0
	Contrast = 1.000000
	Saturation = 1.000000
	AnalogueGain = 0.000000
	ExposureTime = 28128
	FrameDuration = 41649
	ExposureTimeMode = 0
	AeExposureMode = 0
	AeConstraintMode = 0
	Gamma = 2.200000
	ExposureValue = 0.000000
	SensorTimestamp = 304045105000
304.086758 (24.01 fps) cam0-stream0 seq: 000064 bytesused: 31961088
	AeExposureMode = 0
	FrameDuration = 41649
	AnalogueGain = 0.000000
	Saturation = 1.000000
	Contrast = 1.000000
	Gamma = 2.200000
	ExposureTimeMode = 0
	ColourTemperature = 5565
	ExposureTime = 28128
	ColourGains = [ 1.735280, 1.467069 ]
	AwbEnable = true
	AnalogueGainMode = 0
	SensorBlackLevels = [ 4096, 4096, 4096, 4096 ]
	AeConstraintMode = 0
	ExposureValue = 0.000000
	SensorTimestamp = 304086758000
304.128413 (24.01 fps) cam0-stream0 seq: 000065 bytesused: 31961088
	SensorBlackLevels = [ 4096, 4096, 4096, 4096 ]
	AnalogueGainMode = 0
	Contrast = 1.000000
	Saturation = 1.000000
	AnalogueGain = 0.000000
	ExposureTime = 28595
	FrameDuration = 41649
	ExposureTimeMode = 0
	AeExposureMode = 0
	AeConstraintMode = 0
	Gamma = 2.200000
	ExposureValue = 0.000000
	SensorTimestamp = 304128413000
304.170065 (24.01 fps) cam0-stream0 seq: 000066 bytesused: 31961088
	SensorBlackLevels = [ 4096, 4096, 4096, 4096 ]
	AnalogueGainMode = 0
	Contrast = 1.000000
	Saturation = 1.000000
	AnalogueGain = 0.000000
	ExposureTime = 28595
	FrameDuration = 41649
	ExposureTimeMode = 0
	AeExposureMode = 0
	AeConstraintMode = 0
	Gamma = 2.200000
	ExposureValue = 0.000000
	SensorTimestamp = 304170065000
304.211716 (24.01 fps) cam0-stream0 seq: 000067 bytesused: 31961088
	SensorBlackLevels = [ 4096, 4096, 4096, 4096 ]
	AnalogueGainMode = 0
	Contrast = 1.000000
	Saturation = 1.000000
	AnalogueGain = 0.000000
	ExposureTime = 28595
	FrameDuration = 41649
	ExposureTimeMode = 0
	AeExposureMode = 0
	AeConstraintMode = 0
	Gamma = 2.200000
	ExposureValue = 0.000000
	SensorTimestamp = 304211716000
304.253367 (24.01 fps) cam0-stream0 seq: 000068 bytesused: 31961088
	AeExposureMode = 0
	FrameDuration = 41649
	AnalogueGain = 0.000000
	Saturation = 1.000000
	Contrast = 1.000000
	Gamma = 2.200000
	ExposureTimeMode = 0
	ColourTemperature = 5563
	ExposureTime = 28595
	ColourGains = [ 1.739442, 1.469734 ]
	AwbEnable = true
	AnalogueGainMode = 0
	SensorBlackLevels = [ 4096, 4096, 4096, 4096 ]
	AeConstraintMode = 0
	ExposureValue = 0.000000
	SensorTimestamp = 304253367000
304.295021 (24.01 fps) cam0-stream0 seq: 000069 bytesused: 31961088
	SensorBlackLevels = [ 4096, 4096, 4096, 4096 ]
	AnalogueGainMode = 0
	Contrast = 1.000000
	Saturation = 1.000000
	AnalogueGain = 0.000000
	ExposureTime = 28595
	FrameDuration = 41649
	ExposureTimeMode = 0
	AeExposureMode = 0
	AeConstraintMode = 0
	Gamma = 2.200000
	ExposureValue = 0.000000
	SensorTimestamp = 304295021000
304.336673 (24.01 fps) cam0-stream0 seq: 000070 bytesused: 31961088
	SensorBlackLevels = [ 4096, 4096, 4096, 4096 ]
	AnalogueGainMode = 0
	Contrast = 1.000000
	Saturation = 1.000000
	AnalogueGain = 0.000000
	ExposureTime = 28595
	FrameDuration = 41649
	ExposureTimeMode = 0
	AeExposureMode = 0
	AeConstraintMode = 0
	Gamma = 2.200000
	ExposureValue = 0.000000
	SensorTimestamp = 304336673000
304.378591 (23.86 fps) cam0-stream0 seq: 000071 bytesused: 31961088
	SensorBlackLevels = [ 4096, 4096, 4096, 4096 ]
	AnalogueGainMode = 0
	Contrast = 1.000000
	Saturation = 1.000000
	AnalogueGain = 0.000000
	ExposureTime = 28595
	FrameDuration = 41649
	ExposureTimeMode = 0
	AeExposureMode = 0
	AeConstraintMode = 0
	Gamma = 2.200000
	ExposureValue = 0.000000
	SensorTimestamp = 304378591000
304.420246 (24.01 fps) cam0-stream0 seq: 000072 bytesused: 31961088
	AeExposureMode = 0
	FrameDuration = 41649
	AnalogueGain = 0.000000
	Saturation = 1.000000
	Contrast = 1.000000
	Gamma = 2.200000
	ExposureTimeMode = 0
	ColourTemperature = 5565
	ExposureTime = 28595
	ColourGains = [ 1.742572, 1.471729 ]
	AwbEnable = true
	AnalogueGainMode = 0
	SensorBlackLevels = [ 4096, 4096, 4096, 4096 ]
	AeConstraintMode = 0
	ExposureValue = 0.000000
	SensorTimestamp = 304420246000
304.461898 (24.01 fps) cam0-stream0 seq: 000073 bytesused: 31961088
	SensorBlackLevels = [ 4096, 4096, 4096, 4096 ]
	AnalogueGainMode = 0
	Contrast = 1.000000
	Saturation = 1.000000
	AnalogueGain = 0.000000
	ExposureTime = 29046
	FrameDuration = 41649
	ExposureTimeMode = 0
	AeExposureMode = 0
	AeConstraintMode = 0
	Gamma = 2.200000
	ExposureValue = 0.000000
	SensorTimestamp = 304461898000
304.503552 (24.01 fps) cam0-stream0 seq: 000074 bytesused: 31961088
	SensorBlackLevels = [ 4096, 4096, 4096, 4096 ]
	AnalogueGainMode = 0
	Contrast = 1.000000
	Saturation = 1.000000
	AnalogueGain = 0.000000
	ExposureTime = 29046
	FrameDuration = 41649
	ExposureTimeMode = 0
	AeExposureMode = 0
	AeConstraintMode = 0
	Gamma = 2.200000
	ExposureValue = 0.000000
	SensorTimestamp = 304503552000
304.545203 (24.01 fps) cam0-stream0 seq: 000075 bytesused: 31961088
	SensorBlackLevels = [ 4096, 4096, 4096, 4096 ]
	AnalogueGainMode = 0
	Contrast = 1.000000
	Saturation = 1.000000
	AnalogueGain = 0.000000
	ExposureTime = 29046
	FrameDuration = 41649
	ExposureTimeMode = 0
	AeExposureMode = 0
	AeConstraintMode = 0
	Gamma = 2.200000
	ExposureValue = 0.000000
	SensorTimestamp = 304545203000
304.586856 (24.01 fps) cam0-stream0 seq: 000076 bytesused: 31961088
	AeExposureMode = 0
	FrameDuration = 41649
	AnalogueGain = 0.000000
	Saturation = 1.000000
	Contrast = 1.000000
	Gamma = 2.200000
	ExposureTimeMode = 0
	ColourTemperature = 5560
	ExposureTime = 29046
	ColourGains = [ 1.744926, 1.473500 ]
	AwbEnable = true
	AnalogueGainMode = 0
	SensorBlackLevels = [ 4096, 4096, 4096, 4096 ]
	AeConstraintMode = 0
	ExposureValue = 0.000000
	SensorTimestamp = 304586856000
304.628507 (24.01 fps) cam0-stream0 seq: 000077 bytesused: 31961088
	SensorBlackLevels = [ 4096, 4096, 4096, 4096 ]
	AnalogueGainMode = 0
	Contrast = 1.000000
	Saturation = 1.000000
	AnalogueGain = 0.000000
	ExposureTime = 29046
	FrameDuration = 41649
	ExposureTimeMode = 0
	AeExposureMode = 0
	AeConstraintMode = 0
	Gamma = 2.200000
	ExposureValue = 0.000000
	SensorTimestamp = 304628507000
304.670159 (24.01 fps) cam0-stream0 seq: 000078 bytesused: 31961088
	SensorBlackLevels = [ 4096, 4096, 4096, 4096 ]
	AnalogueGainMode = 0
	Contrast = 1.000000
	Saturation = 1.000000
	AnalogueGain = 0.000000
	ExposureTime = 29046
	FrameDuration = 41649
	ExposureTimeMode = 0
	AeExposureMode = 0
	AeConstraintMode = 0
	Gamma = 2.200000
	ExposureValue = 0.000000
	SensorTimestamp = 304670159000
304.712046 (23.87 fps) cam0-stream0 seq: 000079 bytesused: 31961088
	SensorBlackLevels = [ 4096, 4096, 4096, 4096 ]
	AnalogueGainMode = 0
	Contrast = 1.000000
	Saturation = 1.000000
	AnalogueGain = 0.000000
	ExposureTime = 29046
	FrameDuration = 41649
	ExposureTimeMode = 0
	AeExposureMode = 0
	AeConstraintMode = 0
	Gamma = 2.200000
	ExposureValue = 0.000000
	SensorTimestamp = 304712046000
304.753700 (24.01 fps) cam0-stream0 seq: 000080 bytesused: 31961088
	AeExposureMode = 0
	FrameDuration = 41649
	AnalogueGain = 0.000000
	Saturation = 1.000000
	Contrast = 1.000000
	Gamma = 2.200000
	ExposureTimeMode = 0
	ColourTemperature = 5566
	ExposureTime = 29046
	ColourGains = [ 1.746789, 1.474633 ]
	AwbEnable = true
	AnalogueGainMode = 0
	SensorBlackLevels = [ 4096, 4096, 4096, 4096 ]
	AeConstraintMode = 0
	ExposureValue = 0.000000
	SensorTimestamp = 304753700000
304.795352 (24.01 fps) cam0-stream0 seq: 000081 bytesused: 31961088
	SensorBlackLevels = [ 4096, 4096, 4096, 4096 ]
	AnalogueGainMode = 0
	Contrast = 1.000000
	Saturation = 1.000000
	AnalogueGain = 0.000000
	ExposureTime = 29480
	FrameDuration = 41649
	ExposureTimeMode = 0
	AeExposureMode = 0
	AeConstraintMode = 0
	Gamma = 2.200000
	ExposureValue = 0.000000
	SensorTimestamp = 304795352000
304.837002 (24.01 fps) cam0-stream0 seq: 000082 bytesused: 31961088
	SensorBlackLevels = [ 4096, 4096, 4096, 4096 ]
	AnalogueGainMode = 0
	Contrast = 1.000000
	Saturation = 1.000000
	AnalogueGain = 0.000000
	ExposureTime = 29480
	FrameDuration = 41649
	ExposureTimeMode = 0
	AeExposureMode = 0
	AeConstraintMode = 0
	Gamma = 2.200000
	ExposureValue = 0.000000
	SensorTimestamp = 304837002000
304.878658 (24.01 fps) cam0-stream0 seq: 000083 bytesused: 31961088
	SensorBlackLevels = [ 4096, 4096, 4096, 4096 ]
	AnalogueGainMode = 0
	Contrast = 1.000000
	Saturation = 1.000000
	AnalogueGain = 0.000000
	ExposureTime = 29480
	FrameDuration = 41649
	ExposureTimeMode = 0
	AeExposureMode = 0
	AeConstraintMode = 0
	Gamma = 2.200000
	ExposureValue = 0.000000
	SensorTimestamp = 304878658000
304.920309 (24.01 fps) cam0-stream0 seq: 000084 bytesused: 31961088
	AeExposureMode = 0
	FrameDuration = 41649
	AnalogueGain = 0.000000
	Saturation = 1.000000
	Contrast = 1.000000
	Gamma = 2.200000
	ExposureTimeMode = 0
	ColourTemperature = 5564
	ExposureTime = 29480
	ColourGains = [ 1.748607, 1.475722 ]
	AwbEnable = true
	AnalogueGainMode = 0
	SensorBlackLevels = [ 4096, 4096, 4096, 4096 ]
	AeConstraintMode = 0
	ExposureValue = 0.000000
	SensorTimestamp = 304920309000
304.961960 (24.01 fps) cam0-stream0 seq: 000085 bytesused: 31961088
	SensorBlackLevels = [ 4096, 4096, 4096, 4096 ]
	AnalogueGainMode = 0
	Contrast = 1.000000
	Saturation = 1.000000
	AnalogueGain = 0.000000
	ExposureTime = 29480
	FrameDuration = 41649
	ExposureTimeMode = 0
	AeExposureMode = 0
	AeConstraintMode = 0
	Gamma = 2.200000
	ExposureValue = 0.000000
	SensorTimestamp = 304961960000
305.003615 (24.01 fps) cam0-stream0 seq: 000086 bytesused: 31961088
	SensorBlackLevels = [ 4096, 4096, 4096, 4096 ]
	AnalogueGainMode = 0
	Contrast = 1.000000
	Saturation = 1.000000
	AnalogueGain = 0.000000
	ExposureTime = 29480
	FrameDuration = 41649
	ExposureTimeMode = 0
	AeExposureMode = 0
	AeConstraintMode = 0
	Gamma = 2.200000
	ExposureValue = 0.000000
	SensorTimestamp = 305003615000
305.045499 (23.88 fps) cam0-stream0 seq: 000087 bytesused: 31961088
	SensorBlackLevels = [ 4096, 4096, 4096, 4096 ]
	AnalogueGainMode = 0
	Contrast = 1.000000
	Saturation = 1.000000
	AnalogueGain = 0.000000
	ExposureTime = 29480
	FrameDuration = 41649
	ExposureTimeMode = 0
	AeExposureMode = 0
	AeConstraintMode = 0
	Gamma = 2.200000
	ExposureValue = 0.000000
	SensorTimestamp = 305045499000
305.087153 (24.01 fps) cam0-stream0 seq: 000088 bytesused: 31961088
	AeExposureMode = 0
	FrameDuration = 41649
	AnalogueGain = 0.000000
	Saturation = 1.000000
	Contrast = 1.000000
	Gamma = 2.200000
	ExposureTimeMode = 0
	ColourTemperature = 5571
	ExposureTime = 29480
	ColourGains = [ 1.750062, 1.476280 ]
	AwbEnable = true
	AnalogueGainMode = 0
	SensorBlackLevels = [ 4096, 4096, 4096, 4096 ]
	AeConstraintMode = 0
	ExposureValue = 0.000000
	SensorTimestamp = 305087153000
305.128804 (24.01 fps) cam0-stream0 seq: 000089 bytesused: 31961088
	SensorBlackLevels = [ 4096, 4096, 4096, 4096 ]
	AnalogueGainMode = 0
	Contrast = 1.000000
	Saturation = 1.000000
	AnalogueGain = 0.000000
	ExposureTime = 29897
	FrameDuration = 41649
	ExposureTimeMode = 0
	AeExposureMode = 0
	AeConstraintMode = 0
	Gamma = 2.200000
	ExposureValue = 0.000000
	SensorTimestamp = 305128804000
