[0:03:38.378477438] [9528]  INFO Camera camera_manager.cpp:340 libcamera v0.7.2+160-8103c3f2
[0:03:38.380040988] [9529]  INFO IPAManager ipa_manager.cpp:147 libcamera is not installed. Adding '/home/nicfio/src/libcamera-senza-helper/build/src/ipa' to the IPA search path
[0:03:38.705204368] [9529]  WARN CameraSensorProperties camera_sensor_properties.cpp:616 No static properties available for 'gc5035'
[0:03:38.705328400] [9529]  WARN CameraSensorProperties camera_sensor_properties.cpp:618 Please consider updating the camera sensor properties database
[0:03:38.705506263] [9529]  WARN CameraSensor camera_sensor_legacy.cpp:518 'gc5035 2-003f': No sensor delays found in static properties. Assuming unverified defaults.
[0:03:38.708485316] [9529]  WARN CameraSensorProperties camera_sensor_properties.cpp:616 No static properties available for 'gc8034'
[0:03:38.708576449] [9529]  WARN CameraSensorProperties camera_sensor_properties.cpp:618 Please consider updating the camera sensor properties database
[0:03:38.708636802] [9529]  WARN CameraSensor camera_sensor_legacy.cpp:518 'gc8034 1-0037': No sensor delays found in static properties. Assuming unverified defaults.
[0:03:38.812106307] [9529]  INFO IPAProxy ipa_proxy.cpp:73 libcamera is not installed. Loading IPA configuration from '/home/nicfio/src/libcamera-senza-helper/src/ipa/softisp/data'
[0:03:38.812902620] [9529]  INFO IPAProxy ipa_proxy.cpp:73 libcamera is not installed. Loading IPA configuration from '/home/nicfio/src/libcamera-senza-helper/src/ipa/softisp/data'
[0:03:38.812967870] [9529]  WARN IPAProxy ipa_proxy.cpp:196 Configuration file 'gc5035.yaml' not found for IPA module 'softisp', falling back to '/home/nicfio/src/libcamera-senza-helper/src/ipa/softisp/data/uncalibrated.yaml'
[0:03:38.813268226] [9529]  WARN IPASoftIsp softisp.cpp:104 IPASoftIsp: Failed to create camera sensor helper for gc5035
[0:03:38.813872851] [9529]  INFO Awb awb.cpp:213 No AWB algorithm specified, using grey world
[0:03:38.813998830] [9529]  WARN Awb awb_grey.cpp:49 Failed to parse 'colourGains' parameter from tuning file; manual colour temperature will not work properly
[0:03:38.815612830] [9529]  INFO Camera camera_manager.cpp:223 Adding camera '\_SB_.PC00.LNK1' for pipeline handler simple
[0:03:38.851181523] [9529]  INFO IPAProxy ipa_proxy.cpp:73 libcamera is not installed. Loading IPA configuration from '/home/nicfio/src/libcamera-senza-helper/src/ipa/softisp/data'
[0:03:38.852105557] [9529]  INFO IPAProxy ipa_proxy.cpp:73 libcamera is not installed. Loading IPA configuration from '/home/nicfio/src/libcamera-senza-helper/src/ipa/softisp/data'
[0:03:38.852235604] [9529]  WARN IPAProxy ipa_proxy.cpp:196 Configuration file 'gc8034.yaml' not found for IPA module 'softisp', falling back to '/home/nicfio/src/libcamera-senza-helper/src/ipa/softisp/data/uncalibrated.yaml'
[0:03:38.852462895] [9529]  WARN IPASoftIsp softisp.cpp:104 IPASoftIsp: Failed to create camera sensor helper for gc8034
[0:03:38.852809944] [9529]  INFO Awb awb.cpp:213 No AWB algorithm specified, using grey world
[0:03:38.852864618] [9529]  WARN Awb awb_grey.cpp:49 Failed to parse 'colourGains' parameter from tuning file; manual colour temperature will not work properly
[0:03:38.853705232] [9529]  INFO Camera camera_manager.cpp:223 Adding camera '\_SB_.PC00.LNK0' for pipeline handler simple
Using camera \_SB_.PC00.LNK1 as cam0
[0:03:38.855310851] [9528]  INFO Camera camera.cpp:1216 configuring streams: (0) 2584x1944-ABGR8888/sRGB
[0:03:38.855887017] [9529]  INFO SimplePipeline simple.cpp:1570 Input buffer stride ignored by the driver. Requested 5376, got 5184
[0:03:38.856135730] [9529]  INFO Awb awb_grey.cpp:107 No gains curve defined, unable to interpolate gains to colour temperature
[0:03:38.856392632] [9529]  INFO SoftwareIsp software_isp.cpp:300 Input 2592x1944-GRBG-10 stride 5184
[0:03:38.947536491] [9533]  INFO eGL egl.cpp:408 EGL: EGL_VERSION: 1.5
[0:03:38.947671336] [9533]  INFO eGL egl.cpp:409 EGL: EGL_VENDOR: Mesa Project
[0:03:38.947709392] [9533]  INFO eGL egl.cpp:410 EGL: EGL_CLIENT_APIS: OpenGL OpenGL_ES 
[0:03:38.947735143] [9533]  INFO eGL egl.cpp:411 EGL: EGL_EXTENSIONS: EGL_ANDROID_blob_cache EGL_ANDROID_native_fence_sync EGL_EXT_config_select_group EGL_EXT_create_context_robustness EGL_EXT_image_dma_buf_import EGL_EXT_image_dma_buf_import_modifiers EGL_EXT_query_reset_notification_strategy EGL_EXT_surface_compression EGL_IMG_context_priority EGL_KHR_cl_event2 EGL_KHR_config_attribs EGL_KHR_context_flush_control EGL_KHR_create_context EGL_KHR_create_context_no_error EGL_KHR_fence_sync EGL_KHR_get_all_proc_addresses EGL_KHR_gl_colorspace EGL_KHR_gl_renderbuffer_image EGL_KHR_gl_texture_2D_image EGL_KHR_gl_texture_3D_image EGL_KHR_gl_texture_cubemap_image EGL_KHR_image_base EGL_KHR_no_config_context EGL_KHR_partial_update EGL_KHR_reusable_sync EGL_KHR_surfaceless_context EGL_EXT_pixel_format_float EGL_KHR_wait_sync EGL_MESA_configless_context EGL_MESA_drm_image EGL_MESA_gl_interop EGL_MESA_image_dma_buf_export EGL_MESA_query_driver EGL_MESA_x11_native_visual_id EGL_WL_bind_wayland_display 
[0:03:38.954455609] [9533]  INFO eGL egl.cpp:447 EGL: GL_RENDERER: Mesa Intel(R) Graphics (ADL-N)
[0:03:38.954597760] [9533]  INFO eGL egl.cpp:448 EGL: GL_VERSION: OpenGL ES 3.2 Mesa 25.0.7-2+deb13u1
cam0: Capture 90 frames
[0:03:39.261728885] [9533]  INFO Debayer debayer_egl.cpp:523 Importing input DMABuf failed, falling back to upload
219.226114 (0.00 fps) cam0-stream0 seq: 000000 bytesused: 20404224
	AeExposureMode = 0
	FrameDuration = 34685
	AnalogueGain = 0.000000
	SensorTimestamp = 219226114000
	ExposureValue = 0.000000
	Gamma = 2.200000
	AeConstraintMode = 0
	AwbEnable = true
	SensorBlackLevels = [ 4096, 4096, 4096, 4096 ]
	AnalogueGainMode = 0
	ColourGains = [ 1.000000, 1.000000 ]
	ExposureTime = 17005
	ColourTemperature = 5000
	ExposureTimeMode = 0
	Contrast = 1.000000
	Saturation = 1.000000
219.260817 (28.82 fps) cam0-stream0 seq: 000001 bytesused: 20404224
	SensorBlackLevels = [ 4096, 4096, 4096, 4096 ]
	AnalogueGainMode = 0
	Contrast = 1.000000
	Saturation = 1.000000
	AnalogueGain = 0.000000
	ExposureTime = 17005
	FrameDuration = 34685
	ExposureTimeMode = 0
	AeExposureMode = 0
	AeConstraintMode = 0
	Gamma = 2.200000
	ExposureValue = 0.000000
	SensorTimestamp = 219260817000
219.295522 (28.81 fps) cam0-stream0 seq: 000002 bytesused: 20404224
	SensorBlackLevels = [ 4096, 4096, 4096, 4096 ]
	AnalogueGainMode = 0
	Contrast = 1.000000
	Saturation = 1.000000
	AnalogueGain = 9.000000
	ExposureTime = 34426
	FrameDuration = 34685
	ExposureTimeMode = 0
	AeExposureMode = 0
	AeConstraintMode = 0
	Gamma = 2.200000
	ExposureValue = 0.000000
	SensorTimestamp = 219295522000
219.330223 (28.82 fps) cam0-stream0 seq: 000003 bytesused: 20404224
	SensorBlackLevels = [ 4096, 4096, 4096, 4096 ]
	AnalogueGainMode = 0
	Contrast = 1.000000
	Saturation = 1.000000
	AnalogueGain = 9.000000
	ExposureTime = 34426
	FrameDuration = 34685
	ExposureTimeMode = 0
	AeExposureMode = 0
	AeConstraintMode = 0
	Gamma = 2.200000
	ExposureValue = 0.000000
	SensorTimestamp = 219330223000
219.364927 (28.82 fps) cam0-stream0 seq: 000004 bytesused: 20404224
	AeExposureMode = 0
	FrameDuration = 34685
	AnalogueGain = 9.000000
	Saturation = 1.000000
	Contrast = 1.000000
	Gamma = 2.200000
	ExposureTimeMode = 0
	ColourTemperature = 6158
	ExposureTime = 34426
	ColourGains = [ 1.091783, 1.057946 ]
	AwbEnable = true
	AnalogueGainMode = 0
	SensorBlackLevels = [ 4096, 4096, 4096, 4096 ]
	AeConstraintMode = 0
	ExposureValue = 0.000000
	SensorTimestamp = 219364927000
219.399633 (28.81 fps) cam0-stream0 seq: 000005 bytesused: 20404224
	SensorBlackLevels = [ 4096, 4096, 4096, 4096 ]
	AnalogueGainMode = 0
	Contrast = 1.000000
	Saturation = 1.000000
	AnalogueGain = 9.000000
	ExposureTime = 34426
	FrameDuration = 34685
	ExposureTimeMode = 0
	AeExposureMode = 0
	AeConstraintMode = 0
	Gamma = 2.200000
	ExposureValue = 0.000000
	SensorTimestamp = 219399633000
219.434336 (28.82 fps) cam0-stream0 seq: 000006 bytesused: 20404224
	SensorBlackLevels = [ 4096, 4096, 4096, 4096 ]
	AnalogueGainMode = 0
	Contrast = 1.000000
	Saturation = 1.000000
	AnalogueGain = 9.000000
	ExposureTime = 34426
	FrameDuration = 34685
	ExposureTimeMode = 0
	AeExposureMode = 0
	AeConstraintMode = 0
	Gamma = 2.200000
	ExposureValue = 0.000000
	SensorTimestamp = 219434336000
219.469041 (28.81 fps) cam0-stream0 seq: 000007 bytesused: 20404224
	SensorBlackLevels = [ 4096, 4096, 4096, 4096 ]
	AnalogueGainMode = 0
	Contrast = 1.000000
	Saturation = 1.000000
	AnalogueGain = 9.000000
	ExposureTime = 34426
	FrameDuration = 34685
	ExposureTimeMode = 0
	AeExposureMode = 0
	AeConstraintMode = 0
	Gamma = 2.200000
	ExposureValue = 0.000000
	SensorTimestamp = 219469041000
219.503744 (28.82 fps) cam0-stream0 seq: 000008 bytesused: 20404224
	AeExposureMode = 0
	FrameDuration = 34685
	AnalogueGain = 9.000000
	Saturation = 1.000000
	Contrast = 1.000000
	Gamma = 2.200000
	ExposureTimeMode = 0
	ColourTemperature = 6147
	ExposureTime = 34426
	ColourGains = [ 1.165098, 1.104557 ]
	AwbEnable = true
	AnalogueGainMode = 0
	SensorBlackLevels = [ 4096, 4096, 4096, 4096 ]
	AeConstraintMode = 0
	ExposureValue = 0.000000
	SensorTimestamp = 219503744000
219.538452 (28.81 fps) cam0-stream0 seq: 000009 bytesused: 20404224
	SensorBlackLevels = [ 4096, 4096, 4096, 4096 ]
	AnalogueGainMode = 0
	Contrast = 1.000000
	Saturation = 1.000000
	AnalogueGain = 9.000000
	ExposureTime = 34426
	FrameDuration = 34685
	ExposureTimeMode = 0
	AeExposureMode = 0
	AeConstraintMode = 0
	Gamma = 2.200000
	ExposureValue = 0.000000
	SensorTimestamp = 219538452000
219.573152 (28.82 fps) cam0-stream0 seq: 000010 bytesused: 20404224
	SensorBlackLevels = [ 4096, 4096, 4096, 4096 ]
	AnalogueGainMode = 0
	Contrast = 1.000000
	Saturation = 1.000000
	AnalogueGain = 10.000000
	ExposureTime = 34426
	FrameDuration = 34685
	ExposureTimeMode = 0
	AeExposureMode = 0
	AeConstraintMode = 0
	Gamma = 2.200000
	ExposureValue = 0.000000
	SensorTimestamp = 219573152000
219.607856 (28.82 fps) cam0-stream0 seq: 000011 bytesused: 20404224
	SensorBlackLevels = [ 4096, 4096, 4096, 4096 ]
	AnalogueGainMode = 0
	Contrast = 1.000000
	Saturation = 1.000000
	AnalogueGain = 10.000000
	ExposureTime = 34426
	FrameDuration = 34685
	ExposureTimeMode = 0
	AeExposureMode = 0
	AeConstraintMode = 0
	Gamma = 2.200000
	ExposureValue = 0.000000
	SensorTimestamp = 219607856000
219.642559 (28.82 fps) cam0-stream0 seq: 000012 bytesused: 20404224
	AeExposureMode = 0
	FrameDuration = 34685
	AnalogueGain = 10.000000
	Saturation = 1.000000
	Contrast = 1.000000
	Gamma = 2.200000
	ExposureTimeMode = 0
	ColourTemperature = 5609
	ExposureTime = 34426
	ColourGains = [ 1.270245, 1.173825 ]
	AwbEnable = true
	AnalogueGainMode = 0
	SensorBlackLevels = [ 4096, 4096, 4096, 4096 ]
	AeConstraintMode = 0
	ExposureValue = 0.000000
	SensorTimestamp = 219642559000
219.677265 (28.81 fps) cam0-stream0 seq: 000013 bytesused: 20404224
	SensorBlackLevels = [ 4096, 4096, 4096, 4096 ]
	AnalogueGainMode = 0
	Contrast = 1.000000
	Saturation = 1.000000
	AnalogueGain = 9.000000
	ExposureTime = 34426
	FrameDuration = 34685
	ExposureTimeMode = 0
	AeExposureMode = 0
	AeConstraintMode = 0
	Gamma = 2.200000
	ExposureValue = 0.000000
	SensorTimestamp = 219677265000
219.711968 (28.82 fps) cam0-stream0 seq: 000014 bytesused: 20404224
	SensorBlackLevels = [ 4096, 4096, 4096, 4096 ]
	AnalogueGainMode = 0
	Contrast = 1.000000
	Saturation = 1.000000
	AnalogueGain = 9.000000
	ExposureTime = 34426
	FrameDuration = 34685
	ExposureTimeMode = 0
	AeExposureMode = 0
	AeConstraintMode = 0
	Gamma = 2.200000
	ExposureValue = 0.000000
	SensorTimestamp = 219711968000
219.746674 (28.81 fps) cam0-stream0 seq: 000015 bytesused: 20404224
	SensorBlackLevels = [ 4096, 4096, 4096, 4096 ]
	AnalogueGainMode = 0
	Contrast = 1.000000
	Saturation = 1.000000
	AnalogueGain = 9.000000
	ExposureTime = 34426
	FrameDuration = 34685
	ExposureTimeMode = 0
	AeExposureMode = 0
	AeConstraintMode = 0
	Gamma = 2.200000
	ExposureValue = 0.000000
	SensorTimestamp = 219746674000
219.781377 (28.82 fps) cam0-stream0 seq: 000016 bytesused: 20404224
	AeExposureMode = 0
	FrameDuration = 34685
	AnalogueGain = 9.000000
	Saturation = 1.000000
	Contrast = 1.000000
	Gamma = 2.200000
	ExposureTimeMode = 0
	ColourTemperature = 6143
	ExposureTime = 34426
	ColourGains = [ 1.307741, 1.197335 ]
	AwbEnable = true
	AnalogueGainMode = 0
	SensorBlackLevels = [ 4096, 4096, 4096, 4096 ]
	AeConstraintMode = 0
	ExposureValue = 0.000000
	SensorTimestamp = 219781377000
219.816081 (28.82 fps) cam0-stream0 seq: 000017 bytesused: 20404224
	SensorBlackLevels = [ 4096, 4096, 4096, 4096 ]
	AnalogueGainMode = 0
	Contrast = 1.000000
	Saturation = 1.000000
	AnalogueGain = 10.000000
	ExposureTime = 34426
	FrameDuration = 34685
	ExposureTimeMode = 0
	AeExposureMode = 0
	AeConstraintMode = 0
	Gamma = 2.200000
	ExposureValue = 0.000000
	SensorTimestamp = 219816081000
219.850786 (28.81 fps) cam0-stream0 seq: 000018 bytesused: 20404224
	SensorBlackLevels = [ 4096, 4096, 4096, 4096 ]
	AnalogueGainMode = 0
	Contrast = 1.000000
	Saturation = 1.000000
	AnalogueGain = 10.000000
	ExposureTime = 34426
	FrameDuration = 34685
	ExposureTimeMode = 0
	AeExposureMode = 0
	AeConstraintMode = 0
	Gamma = 2.200000
	ExposureValue = 0.000000
	SensorTimestamp = 219850786000
219.885489 (28.82 fps) cam0-stream0 seq: 000019 bytesused: 20404224
	SensorBlackLevels = [ 4096, 4096, 4096, 4096 ]
	AnalogueGainMode = 0
	Contrast = 1.000000
	Saturation = 1.000000
	AnalogueGain = 10.000000
	ExposureTime = 34426
	FrameDuration = 34685
	ExposureTimeMode = 0
	AeExposureMode = 0
	AeConstraintMode = 0
	Gamma = 2.200000
	ExposureValue = 0.000000
	SensorTimestamp = 219885489000
219.920194 (28.81 fps) cam0-stream0 seq: 000020 bytesused: 20404224
	AeExposureMode = 0
	FrameDuration = 34685
	AnalogueGain = 10.000000
	Saturation = 1.000000
	Contrast = 1.000000
	Gamma = 2.200000
	ExposureTimeMode = 0
	ColourTemperature = 6141
	ExposureTime = 34426
	ColourGains = [ 1.337708, 1.216182 ]
	AwbEnable = true
	AnalogueGainMode = 0
	SensorBlackLevels = [ 4096, 4096, 4096, 4096 ]
	AeConstraintMode = 0
	ExposureValue = 0.000000
	SensorTimestamp = 219920194000
219.954898 (28.82 fps) cam0-stream0 seq: 000021 bytesused: 20404224
	SensorBlackLevels = [ 4096, 4096, 4096, 4096 ]
	AnalogueGainMode = 0
	Contrast = 1.000000
	Saturation = 1.000000
	AnalogueGain = 9.000000
	ExposureTime = 34426
	FrameDuration = 34685
	ExposureTimeMode = 0
	AeExposureMode = 0
	AeConstraintMode = 0
	Gamma = 2.200000
	ExposureValue = 0.000000
	SensorTimestamp = 219954898000
219.989602 (28.82 fps) cam0-stream0 seq: 000022 bytesused: 20404224
	SensorBlackLevels = [ 4096, 4096, 4096, 4096 ]
	AnalogueGainMode = 0
	Contrast = 1.000000
	Saturation = 1.000000
	AnalogueGain = 9.000000
	ExposureTime = 34426
	FrameDuration = 34685
	ExposureTimeMode = 0
	AeExposureMode = 0
	AeConstraintMode = 0
	Gamma = 2.200000
	ExposureValue = 0.000000
	SensorTimestamp = 219989602000
220.024306 (28.82 fps) cam0-stream0 seq: 000023 bytesused: 20404224
	SensorBlackLevels = [ 4096, 4096, 4096, 4096 ]
	AnalogueGainMode = 0
	Contrast = 1.000000
	Saturation = 1.000000
	AnalogueGain = 9.000000
	ExposureTime = 34426
	FrameDuration = 34685
	ExposureTimeMode = 0
	AeExposureMode = 0
	AeConstraintMode = 0
	Gamma = 2.200000
	ExposureValue = 0.000000
	SensorTimestamp = 220024306000
220.059011 (28.81 fps) cam0-stream0 seq: 000024 bytesused: 20404224
	AeExposureMode = 0
	FrameDuration = 34685
	AnalogueGain = 9.000000
	Saturation = 1.000000
	Contrast = 1.000000
	Gamma = 2.200000
	ExposureTimeMode = 0
	ColourTemperature = 6141
	ExposureTime = 34426
	ColourGains = [ 1.361694, 1.231267 ]
	AwbEnable = true
	AnalogueGainMode = 0
	SensorBlackLevels = [ 4096, 4096, 4096, 4096 ]
	AeConstraintMode = 0
	ExposureValue = 0.000000
	SensorTimestamp = 220059011000
220.093715 (28.82 fps) cam0-stream0 seq: 000025 bytesused: 20404224
	SensorBlackLevels = [ 4096, 4096, 4096, 4096 ]
	AnalogueGainMode = 0
	Contrast = 1.000000
	Saturation = 1.000000
	AnalogueGain = 9.000000
	ExposureTime = 34426
	FrameDuration = 34685
	ExposureTimeMode = 0
	AeExposureMode = 0
	AeConstraintMode = 0
	Gamma = 2.200000
	ExposureValue = 0.000000
	SensorTimestamp = 220093715000
220.128417 (28.82 fps) cam0-stream0 seq: 000026 bytesused: 20404224
	SensorBlackLevels = [ 4096, 4096, 4096, 4096 ]
	AnalogueGainMode = 0
	Contrast = 1.000000
	Saturation = 1.000000
	AnalogueGain = 9.000000
	ExposureTime = 34426
	FrameDuration = 34685
	ExposureTimeMode = 0
	AeExposureMode = 0
	AeConstraintMode = 0
	Gamma = 2.200000
	ExposureValue = 0.000000
	SensorTimestamp = 220128417000
220.163123 (28.81 fps) cam0-stream0 seq: 000027 bytesused: 20404224
	SensorBlackLevels = [ 4096, 4096, 4096, 4096 ]
	AnalogueGainMode = 0
	Contrast = 1.000000
	Saturation = 1.000000
	AnalogueGain = 9.000000
	ExposureTime = 34426
	FrameDuration = 34685
	ExposureTimeMode = 0
	AeExposureMode = 0
	AeConstraintMode = 0
	Gamma = 2.200000
	ExposureValue = 0.000000
	SensorTimestamp = 220163123000
220.197827 (28.82 fps) cam0-stream0 seq: 000028 bytesused: 20404224
	AeExposureMode = 0
	FrameDuration = 34685
	AnalogueGain = 9.000000
	Saturation = 1.000000
	Contrast = 1.000000
	Gamma = 2.200000
	ExposureTimeMode = 0
	ColourTemperature = 6217
	ExposureTime = 34426
	ColourGains = [ 1.373559, 1.239275 ]
	AwbEnable = true
	AnalogueGainMode = 0
	SensorBlackLevels = [ 4096, 4096, 4096, 4096 ]
	AeConstraintMode = 0
	ExposureValue = 0.000000
	SensorTimestamp = 220197827000
220.232532 (28.81 fps) cam0-stream0 seq: 000029 bytesused: 20404224
	SensorBlackLevels = [ 4096, 4096, 4096, 4096 ]
	AnalogueGainMode = 0
	Contrast = 1.000000
	Saturation = 1.000000
	AnalogueGain = 9.000000
	ExposureTime = 34426
	FrameDuration = 34685
	ExposureTimeMode = 0
	AeExposureMode = 0
	AeConstraintMode = 0
	Gamma = 2.200000
	ExposureValue = 0.000000
	SensorTimestamp = 220232532000
220.267237 (28.81 fps) cam0-stream0 seq: 000030 bytesused: 20404224
	SensorBlackLevels = [ 4096, 4096, 4096, 4096 ]
	AnalogueGainMode = 0
	Contrast = 1.000000
	Saturation = 1.000000
	AnalogueGain = 9.000000
	ExposureTime = 34426
	FrameDuration = 34685
	ExposureTimeMode = 0
	AeExposureMode = 0
	AeConstraintMode = 0
	Gamma = 2.200000
	ExposureValue = 0.000000
	SensorTimestamp = 220267237000
220.301938 (28.82 fps) cam0-stream0 seq: 000031 bytesused: 20404224
	SensorBlackLevels = [ 4096, 4096, 4096, 4096 ]
	AnalogueGainMode = 0
	Contrast = 1.000000
	Saturation = 1.000000
	AnalogueGain = 9.000000
	ExposureTime = 34426
	FrameDuration = 34685
	ExposureTimeMode = 0
	AeExposureMode = 0
	AeConstraintMode = 0
	Gamma = 2.200000
	ExposureValue = 0.000000
	SensorTimestamp = 220301938000
220.336643 (28.81 fps) cam0-stream0 seq: 000032 bytesused: 20404224
	AeExposureMode = 0
	FrameDuration = 34685
	AnalogueGain = 9.000000
	Saturation = 1.000000
	Contrast = 1.000000
	Gamma = 2.200000
	ExposureTimeMode = 0
	ColourTemperature = 6138
	ExposureTime = 34426
	ColourGains = [ 1.390368, 1.249816 ]
	AwbEnable = true
	AnalogueGainMode = 0
	SensorBlackLevels = [ 4096, 4096, 4096, 4096 ]
	AeConstraintMode = 0
	ExposureValue = 0.000000
	SensorTimestamp = 220336643000
220.371348 (28.81 fps) cam0-stream0 seq: 000033 bytesused: 20404224
	SensorBlackLevels = [ 4096, 4096, 4096, 4096 ]
	AnalogueGainMode = 0
	Contrast = 1.000000
	Saturation = 1.000000
	AnalogueGain = 9.000000
	ExposureTime = 34426
	FrameDuration = 34685
	ExposureTimeMode = 0
	AeExposureMode = 0
	AeConstraintMode = 0
	Gamma = 2.200000
	ExposureValue = 0.000000
	SensorTimestamp = 220371348000
220.406051 (28.82 fps) cam0-stream0 seq: 000034 bytesused: 20404224
	SensorBlackLevels = [ 4096, 4096, 4096, 4096 ]
	AnalogueGainMode = 0
	Contrast = 1.000000
	Saturation = 1.000000
	AnalogueGain = 9.000000
	ExposureTime = 34426
	FrameDuration = 34685
	ExposureTimeMode = 0
	AeExposureMode = 0
	AeConstraintMode = 0
	Gamma = 2.200000
	ExposureValue = 0.000000
	SensorTimestamp = 220406051000
220.440757 (28.81 fps) cam0-stream0 seq: 000035 bytesused: 20404224
	SensorBlackLevels = [ 4096, 4096, 4096, 4096 ]
	AnalogueGainMode = 0
	Contrast = 1.000000
	Saturation = 1.000000
	AnalogueGain = 9.000000
	ExposureTime = 34426
	FrameDuration = 34685
	ExposureTimeMode = 0
	AeExposureMode = 0
	AeConstraintMode = 0
	Gamma = 2.200000
	ExposureValue = 0.000000
	SensorTimestamp = 220440757000
220.475462 (28.81 fps) cam0-stream0 seq: 000036 bytesused: 20404224
	AeExposureMode = 0
	FrameDuration = 34685
	AnalogueGain = 9.000000
	Saturation = 1.000000
	Contrast = 1.000000
	Gamma = 2.200000
	ExposureTimeMode = 0
	ColourTemperature = 6136
	ExposureTime = 34426
	ColourGains = [ 1.403721, 1.258267 ]
	AwbEnable = true
	AnalogueGainMode = 0
	SensorBlackLevels = [ 4096, 4096, 4096, 4096 ]
	AeConstraintMode = 0
	ExposureValue = 0.000000
	SensorTimestamp = 220475462000
220.510163 (28.82 fps) cam0-stream0 seq: 000037 bytesused: 20404224
	SensorBlackLevels = [ 4096, 4096, 4096, 4096 ]
	AnalogueGainMode = 0
	Contrast = 1.000000
	Saturation = 1.000000
	AnalogueGain = 9.000000
	ExposureTime = 34426
	FrameDuration = 34685
	ExposureTimeMode = 0
	AeExposureMode = 0
	AeConstraintMode = 0
	Gamma = 2.200000
	ExposureValue = 0.000000
	SensorTimestamp = 220510163000
220.544867 (28.82 fps) cam0-stream0 seq: 000038 bytesused: 20404224
	SensorBlackLevels = [ 4096, 4096, 4096, 4096 ]
	AnalogueGainMode = 0
	Contrast = 1.000000
	Saturation = 1.000000
	AnalogueGain = 9.000000
	ExposureTime = 34426
	FrameDuration = 34685
	ExposureTimeMode = 0
	AeExposureMode = 0
	AeConstraintMode = 0
	Gamma = 2.200000
	ExposureValue = 0.000000
	SensorTimestamp = 220544867000
220.579573 (28.81 fps) cam0-stream0 seq: 000039 bytesused: 20404224
	SensorBlackLevels = [ 4096, 4096, 4096, 4096 ]
	AnalogueGainMode = 0
	Contrast = 1.000000
	Saturation = 1.000000
	AnalogueGain = 9.000000
	ExposureTime = 34426
	FrameDuration = 34685
	ExposureTimeMode = 0
	AeExposureMode = 0
	AeConstraintMode = 0
	Gamma = 2.200000
	ExposureValue = 0.000000
	SensorTimestamp = 220579573000
220.614277 (28.82 fps) cam0-stream0 seq: 000040 bytesused: 20404224
	AeExposureMode = 0
	FrameDuration = 34685
	AnalogueGain = 9.000000
	Saturation = 1.000000
	Contrast = 1.000000
	Gamma = 2.200000
	ExposureTimeMode = 0
	ColourTemperature = 6136
	ExposureTime = 34426
	ColourGains = [ 1.414397, 1.265028 ]
	AwbEnable = true
	AnalogueGainMode = 0
	SensorBlackLevels = [ 4096, 4096, 4096, 4096 ]
	AeConstraintMode = 0
	ExposureValue = 0.000000
	SensorTimestamp = 220614277000
220.648982 (28.81 fps) cam0-stream0 seq: 000041 bytesused: 20404224
	SensorBlackLevels = [ 4096, 4096, 4096, 4096 ]
	AnalogueGainMode = 0
	Contrast = 1.000000
	Saturation = 1.000000
	AnalogueGain = 9.000000
	ExposureTime = 34426
	FrameDuration = 34685
	ExposureTimeMode = 0
	AeExposureMode = 0
	AeConstraintMode = 0
	Gamma = 2.200000
	ExposureValue = 0.000000
	SensorTimestamp = 220648982000
220.683686 (28.82 fps) cam0-stream0 seq: 000042 bytesused: 20404224
	SensorBlackLevels = [ 4096, 4096, 4096, 4096 ]
	AnalogueGainMode = 0
	Contrast = 1.000000
	Saturation = 1.000000
	AnalogueGain = 9.000000
	ExposureTime = 34426
	FrameDuration = 34685
	ExposureTimeMode = 0
	AeExposureMode = 0
	AeConstraintMode = 0
	Gamma = 2.200000
	ExposureValue = 0.000000
	SensorTimestamp = 220683686000
220.718389 (28.82 fps) cam0-stream0 seq: 000043 bytesused: 20404224
	SensorBlackLevels = [ 4096, 4096, 4096, 4096 ]
	AnalogueGainMode = 0
	Contrast = 1.000000
	Saturation = 1.000000
	AnalogueGain = 9.000000
	ExposureTime = 34426
	FrameDuration = 34685
	ExposureTimeMode = 0
	AeExposureMode = 0
	AeConstraintMode = 0
	Gamma = 2.200000
	ExposureValue = 0.000000
	SensorTimestamp = 220718389000
220.753092 (28.82 fps) cam0-stream0 seq: 000044 bytesused: 20404224
	AeExposureMode = 0
	FrameDuration = 34685
	AnalogueGain = 9.000000
	Saturation = 1.000000
	Contrast = 1.000000
	Gamma = 2.200000
	ExposureTimeMode = 0
	ColourTemperature = 6135
	ExposureTime = 34426
	ColourGains = [ 1.422969, 1.270483 ]
	AwbEnable = true
	AnalogueGainMode = 0
	SensorBlackLevels = [ 4096, 4096, 4096, 4096 ]
	AeConstraintMode = 0
	ExposureValue = 0.000000
	SensorTimestamp = 220753092000
220.787797 (28.81 fps) cam0-stream0 seq: 000045 bytesused: 20404224
	SensorBlackLevels = [ 4096, 4096, 4096, 4096 ]
	AnalogueGainMode = 0
	Contrast = 1.000000
	Saturation = 1.000000
	AnalogueGain = 9.000000
	ExposureTime = 34426
	FrameDuration = 34685
	ExposureTimeMode = 0
	AeExposureMode = 0
	AeConstraintMode = 0
	Gamma = 2.200000
	ExposureValue = 0.000000
	SensorTimestamp = 220787797000
220.822501 (28.82 fps) cam0-stream0 seq: 000046 bytesused: 20404224
	SensorBlackLevels = [ 4096, 4096, 4096, 4096 ]
	AnalogueGainMode = 0
	Contrast = 1.000000
	Saturation = 1.000000
	AnalogueGain = 9.000000
	ExposureTime = 34426
	FrameDuration = 34685
	ExposureTimeMode = 0
	AeExposureMode = 0
	AeConstraintMode = 0
	Gamma = 2.200000
	ExposureValue = 0.000000
	SensorTimestamp = 220822501000
220.857204 (28.82 fps) cam0-stream0 seq: 000047 bytesused: 20404224
	SensorBlackLevels = [ 4096, 4096, 4096, 4096 ]
	AnalogueGainMode = 0
	Contrast = 1.000000
	Saturation = 1.000000
	AnalogueGain = 9.000000
	ExposureTime = 34426
	FrameDuration = 34685
	ExposureTimeMode = 0
	AeExposureMode = 0
	AeConstraintMode = 0
	Gamma = 2.200000
	ExposureValue = 0.000000
	SensorTimestamp = 220857204000
220.891908 (28.82 fps) cam0-stream0 seq: 000048 bytesused: 20404224
	AeExposureMode = 0
	FrameDuration = 34685
	AnalogueGain = 9.000000
	Saturation = 1.000000
	Contrast = 1.000000
	Gamma = 2.200000
	ExposureTimeMode = 0
	ColourTemperature = 6135
	ExposureTime = 34426
	ColourGains = [ 1.429758, 1.274824 ]
	AwbEnable = true
	AnalogueGainMode = 0
	SensorBlackLevels = [ 4096, 4096, 4096, 4096 ]
	AeConstraintMode = 0
	ExposureValue = 0.000000
	SensorTimestamp = 220891908000
220.926615 (28.81 fps) cam0-stream0 seq: 000049 bytesused: 20404224
	SensorBlackLevels = [ 4096, 4096, 4096, 4096 ]
	AnalogueGainMode = 0
	Contrast = 1.000000
	Saturation = 1.000000
	AnalogueGain = 9.000000
	ExposureTime = 34426
	FrameDuration = 34685
	ExposureTimeMode = 0
	AeExposureMode = 0
	AeConstraintMode = 0
	Gamma = 2.200000
	ExposureValue = 0.000000
	SensorTimestamp = 220926615000
220.961317 (28.82 fps) cam0-stream0 seq: 000050 bytesused: 20404224
	SensorBlackLevels = [ 4096, 4096, 4096, 4096 ]
	AnalogueGainMode = 0
	Contrast = 1.000000
	Saturation = 1.000000
	AnalogueGain = 9.000000
	ExposureTime = 34426
	FrameDuration = 34685
	ExposureTimeMode = 0
	AeExposureMode = 0
	AeConstraintMode = 0
	Gamma = 2.200000
	ExposureValue = 0.000000
	SensorTimestamp = 220961317000
220.996023 (28.81 fps) cam0-stream0 seq: 000051 bytesused: 20404224
	SensorBlackLevels = [ 4096, 4096, 4096, 4096 ]
	AnalogueGainMode = 0
	Contrast = 1.000000
	Saturation = 1.000000
	AnalogueGain = 9.000000
	ExposureTime = 34426
	FrameDuration = 34685
	ExposureTimeMode = 0
	AeExposureMode = 0
	AeConstraintMode = 0
	Gamma = 2.200000
	ExposureValue = 0.000000
	SensorTimestamp = 220996023000
221.030724 (28.82 fps) cam0-stream0 seq: 000052 bytesused: 20404224
	AeExposureMode = 0
	FrameDuration = 34685
	AnalogueGain = 9.000000
	Saturation = 1.000000
	Contrast = 1.000000
	Gamma = 2.200000
	ExposureTimeMode = 0
	ColourTemperature = 6134
	ExposureTime = 34426
	ColourGains = [ 1.435187, 1.278315 ]
	AwbEnable = true
	AnalogueGainMode = 0
	SensorBlackLevels = [ 4096, 4096, 4096, 4096 ]
	AeConstraintMode = 0
	ExposureValue = 0.000000
	SensorTimestamp = 221030724000
221.065431 (28.81 fps) cam0-stream0 seq: 000053 bytesused: 20404224
	SensorBlackLevels = [ 4096, 4096, 4096, 4096 ]
	AnalogueGainMode = 0
	Contrast = 1.000000
	Saturation = 1.000000
	AnalogueGain = 9.000000
	ExposureTime = 34426
	FrameDuration = 34685
	ExposureTimeMode = 0
	AeExposureMode = 0
	AeConstraintMode = 0
	Gamma = 2.200000
	ExposureValue = 0.000000
	SensorTimestamp = 221065431000
221.100135 (28.82 fps) cam0-stream0 seq: 000054 bytesused: 20404224
	SensorBlackLevels = [ 4096, 4096, 4096, 4096 ]
	AnalogueGainMode = 0
	Contrast = 1.000000
	Saturation = 1.000000
	AnalogueGain = 9.000000
	ExposureTime = 34426
	FrameDuration = 34685
	ExposureTimeMode = 0
	AeExposureMode = 0
	AeConstraintMode = 0
	Gamma = 2.200000
	ExposureValue = 0.000000
	SensorTimestamp = 221100135000
221.134839 (28.82 fps) cam0-stream0 seq: 000055 bytesused: 20404224
	SensorBlackLevels = [ 4096, 4096, 4096, 4096 ]
	AnalogueGainMode = 0
	Contrast = 1.000000
	Saturation = 1.000000
	AnalogueGain = 9.000000
	ExposureTime = 34426
	FrameDuration = 34685
	ExposureTimeMode = 0
	AeExposureMode = 0
	AeConstraintMode = 0
	Gamma = 2.200000
	ExposureValue = 0.000000
	SensorTimestamp = 221134839000
221.169541 (28.82 fps) cam0-stream0 seq: 000056 bytesused: 20404224
	AeExposureMode = 0
	FrameDuration = 34685
	AnalogueGain = 9.000000
	Saturation = 1.000000
	Contrast = 1.000000
	Gamma = 2.200000
	ExposureTimeMode = 0
	ColourTemperature = 6132
	ExposureTime = 34426
	ColourGains = [ 1.439459, 1.281161 ]
	AwbEnable = true
	AnalogueGainMode = 0
	SensorBlackLevels = [ 4096, 4096, 4096, 4096 ]
	AeConstraintMode = 0
	ExposureValue = 0.000000
	SensorTimestamp = 221169541000
221.204246 (28.81 fps) cam0-stream0 seq: 000057 bytesused: 20404224
	SensorBlackLevels = [ 4096, 4096, 4096, 4096 ]
	AnalogueGainMode = 0
	Contrast = 1.000000
	Saturation = 1.000000
	AnalogueGain = 9.000000
	ExposureTime = 34426
	FrameDuration = 34685
	ExposureTimeMode = 0
	AeExposureMode = 0
	AeConstraintMode = 0
	Gamma = 2.200000
	ExposureValue = 0.000000
	SensorTimestamp = 221204246000
221.238950 (28.82 fps) cam0-stream0 seq: 000058 bytesused: 20404224
	SensorBlackLevels = [ 4096, 4096, 4096, 4096 ]
	AnalogueGainMode = 0
	Contrast = 1.000000
	Saturation = 1.000000
	AnalogueGain = 9.000000
	ExposureTime = 34426
	FrameDuration = 34685
	ExposureTimeMode = 0
	AeExposureMode = 0
	AeConstraintMode = 0
	Gamma = 2.200000
	ExposureValue = 0.000000
	SensorTimestamp = 221238950000
[0:03:41.331821627] [9533]  INFO Benchmark benchmark.cpp:89 Debayer processed 30 frames in 638102us, 21270 us/frame
221.273654 (28.82 fps) cam0-stream0 seq: 000059 bytesused: 20404224
	SensorBlackLevels = [ 4096, 4096, 4096, 4096 ]
	AnalogueGainMode = 0
	Contrast = 1.000000
	Saturation = 1.000000
	AnalogueGain = 9.000000
	ExposureTime = 34426
	FrameDuration = 34685
	ExposureTimeMode = 0
	AeExposureMode = 0
	AeConstraintMode = 0
	Gamma = 2.200000
	ExposureValue = 0.000000
	SensorTimestamp = 221273654000
221.308357 (28.82 fps) cam0-stream0 seq: 000060 bytesused: 20404224
	AeExposureMode = 0
	FrameDuration = 34685
	AnalogueGain = 9.000000
	Saturation = 1.000000
	Contrast = 1.000000
	Gamma = 2.200000
	ExposureTimeMode = 0
	ColourTemperature = 6129
	ExposureTime = 34426
	ColourGains = [ 1.442910, 1.283508 ]
	AwbEnable = true
	AnalogueGainMode = 0
	SensorBlackLevels = [ 4096, 4096, 4096, 4096 ]
	AeConstraintMode = 0
	ExposureValue = 0.000000
	SensorTimestamp = 221308357000
221.343061 (28.82 fps) cam0-stream0 seq: 000061 bytesused: 20404224
	SensorBlackLevels = [ 4096, 4096, 4096, 4096 ]
	AnalogueGainMode = 0
	Contrast = 1.000000
	Saturation = 1.000000
	AnalogueGain = 9.000000
	ExposureTime = 34426
	FrameDuration = 34685
	ExposureTimeMode = 0
	AeExposureMode = 0
	AeConstraintMode = 0
	Gamma = 2.200000
	ExposureValue = 0.000000
	SensorTimestamp = 221343061000
221.377767 (28.81 fps) cam0-stream0 seq: 000062 bytesused: 20404224
	SensorBlackLevels = [ 4096, 4096, 4096, 4096 ]
	AnalogueGainMode = 0
	Contrast = 1.000000
	Saturation = 1.000000
	AnalogueGain = 9.000000
	ExposureTime = 34426
	FrameDuration = 34685
	ExposureTimeMode = 0
	AeExposureMode = 0
	AeConstraintMode = 0
	Gamma = 2.200000
	ExposureValue = 0.000000
	SensorTimestamp = 221377767000
221.412473 (28.81 fps) cam0-stream0 seq: 000063 bytesused: 20404224
	SensorBlackLevels = [ 4096, 4096, 4096, 4096 ]
	AnalogueGainMode = 0
	Contrast = 1.000000
	Saturation = 1.000000
	AnalogueGain = 9.000000
	ExposureTime = 34426
	FrameDuration = 34685
	ExposureTimeMode = 0
	AeExposureMode = 0
	AeConstraintMode = 0
	Gamma = 2.200000
	ExposureValue = 0.000000
	SensorTimestamp = 221412473000
221.447175 (28.82 fps) cam0-stream0 seq: 000064 bytesused: 20404224
	AeExposureMode = 0
	FrameDuration = 34685
	AnalogueGain = 9.000000
	Saturation = 1.000000
	Contrast = 1.000000
	Gamma = 2.200000
	ExposureTimeMode = 0
	ColourTemperature = 6132
	ExposureTime = 34426
	ColourGains = [ 1.445669, 1.285309 ]
	AwbEnable = true
	AnalogueGainMode = 0
	SensorBlackLevels = [ 4096, 4096, 4096, 4096 ]
	AeConstraintMode = 0
	ExposureValue = 0.000000
	SensorTimestamp = 221447175000
221.481880 (28.81 fps) cam0-stream0 seq: 000065 bytesused: 20404224
	SensorBlackLevels = [ 4096, 4096, 4096, 4096 ]
	AnalogueGainMode = 0
	Contrast = 1.000000
	Saturation = 1.000000
	AnalogueGain = 9.000000
	ExposureTime = 34426
	FrameDuration = 34685
	ExposureTimeMode = 0
	AeExposureMode = 0
	AeConstraintMode = 0
	Gamma = 2.200000
	ExposureValue = 0.000000
	SensorTimestamp = 221481880000
221.516582 (28.82 fps) cam0-stream0 seq: 000066 bytesused: 20404224
	SensorBlackLevels = [ 4096, 4096, 4096, 4096 ]
	AnalogueGainMode = 0
	Contrast = 1.000000
	Saturation = 1.000000
	AnalogueGain = 9.000000
	ExposureTime = 34426
	FrameDuration = 34685
	ExposureTimeMode = 0
	AeExposureMode = 0
	AeConstraintMode = 0
	Gamma = 2.200000
	ExposureValue = 0.000000
	SensorTimestamp = 221516582000
221.551286 (28.82 fps) cam0-stream0 seq: 000067 bytesused: 20404224
	SensorBlackLevels = [ 4096, 4096, 4096, 4096 ]
	AnalogueGainMode = 0
	Contrast = 1.000000
	Saturation = 1.000000
	AnalogueGain = 9.000000
	ExposureTime = 34426
	FrameDuration = 34685
	ExposureTimeMode = 0
	AeExposureMode = 0
	AeConstraintMode = 0
	Gamma = 2.200000
	ExposureValue = 0.000000
	SensorTimestamp = 221551286000
221.585991 (28.81 fps) cam0-stream0 seq: 000068 bytesused: 20404224
	AeExposureMode = 0
	FrameDuration = 34685
	AnalogueGain = 9.000000
	Saturation = 1.000000
	Contrast = 1.000000
	Gamma = 2.200000
	ExposureTimeMode = 0
	ColourTemperature = 6131
	ExposureTime = 34426
	ColourGains = [ 1.447817, 1.286754 ]
	AwbEnable = true
	AnalogueGainMode = 0
	SensorBlackLevels = [ 4096, 4096, 4096, 4096 ]
	AeConstraintMode = 0
	ExposureValue = 0.000000
	SensorTimestamp = 221585991000
221.620696 (28.81 fps) cam0-stream0 seq: 000069 bytesused: 20404224
	SensorBlackLevels = [ 4096, 4096, 4096, 4096 ]
	AnalogueGainMode = 0
	Contrast = 1.000000
	Saturation = 1.000000
	AnalogueGain = 9.000000
	ExposureTime = 34426
	FrameDuration = 34685
	ExposureTimeMode = 0
	AeExposureMode = 0
	AeConstraintMode = 0
	Gamma = 2.200000
	ExposureValue = 0.000000
	SensorTimestamp = 221620696000
221.655401 (28.81 fps) cam0-stream0 seq: 000070 bytesused: 20404224
	SensorBlackLevels = [ 4096, 4096, 4096, 4096 ]
	AnalogueGainMode = 0
	Contrast = 1.000000
	Saturation = 1.000000
	AnalogueGain = 9.000000
	ExposureTime = 34426
	FrameDuration = 34685
	ExposureTimeMode = 0
	AeExposureMode = 0
	AeConstraintMode = 0
	Gamma = 2.200000
	ExposureValue = 0.000000
	SensorTimestamp = 221655401000
221.690105 (28.82 fps) cam0-stream0 seq: 000071 bytesused: 20404224
	SensorBlackLevels = [ 4096, 4096, 4096, 4096 ]
	AnalogueGainMode = 0
	Contrast = 1.000000
	Saturation = 1.000000
	AnalogueGain = 9.000000
	ExposureTime = 34426
	FrameDuration = 34685
	ExposureTimeMode = 0
	AeExposureMode = 0
	AeConstraintMode = 0
	Gamma = 2.200000
	ExposureValue = 0.000000
	SensorTimestamp = 221690105000
221.724808 (28.82 fps) cam0-stream0 seq: 000072 bytesused: 20404224
	AeExposureMode = 0
	FrameDuration = 34685
	AnalogueGain = 9.000000
	Saturation = 1.000000
	Contrast = 1.000000
	Gamma = 2.200000
	ExposureTimeMode = 0
	ColourTemperature = 6131
	ExposureTime = 34426
	ColourGains = [ 1.449498, 1.287908 ]
	AwbEnable = true
	AnalogueGainMode = 0
	SensorBlackLevels = [ 4096, 4096, 4096, 4096 ]
	AeConstraintMode = 0
	ExposureValue = 0.000000
	SensorTimestamp = 221724808000
221.759512 (28.82 fps) cam0-stream0 seq: 000073 bytesused: 20404224
	SensorBlackLevels = [ 4096, 4096, 4096, 4096 ]
	AnalogueGainMode = 0
	Contrast = 1.000000
	Saturation = 1.000000
	AnalogueGain = 9.000000
	ExposureTime = 34426
	FrameDuration = 34685
	ExposureTimeMode = 0
	AeExposureMode = 0
	AeConstraintMode = 0
	Gamma = 2.200000
	ExposureValue = 0.000000
	SensorTimestamp = 221759512000
221.794215 (28.82 fps) cam0-stream0 seq: 000074 bytesused: 20404224
	SensorBlackLevels = [ 4096, 4096, 4096, 4096 ]
	AnalogueGainMode = 0
	Contrast = 1.000000
	Saturation = 1.000000
	AnalogueGain = 9.000000
	ExposureTime = 34426
	FrameDuration = 34685
	ExposureTimeMode = 0
	AeExposureMode = 0
	AeConstraintMode = 0
	Gamma = 2.200000
	ExposureValue = 0.000000
	SensorTimestamp = 221794215000
221.828919 (28.82 fps) cam0-stream0 seq: 000075 bytesused: 20404224
	SensorBlackLevels = [ 4096, 4096, 4096, 4096 ]
	AnalogueGainMode = 0
	Contrast = 1.000000
	Saturation = 1.000000
	AnalogueGain = 9.000000
	ExposureTime = 34426
	FrameDuration = 34685
	ExposureTimeMode = 0
	AeExposureMode = 0
	AeConstraintMode = 0
	Gamma = 2.200000
	ExposureValue = 0.000000
	SensorTimestamp = 221828919000
221.863625 (28.81 fps) cam0-stream0 seq: 000076 bytesused: 20404224
	AeExposureMode = 0
	FrameDuration = 34685
	AnalogueGain = 9.000000
	Saturation = 1.000000
	Contrast = 1.000000
	Gamma = 2.200000
	ExposureTimeMode = 0
	ColourTemperature = 6131
	ExposureTime = 34426
	ColourGains = [ 1.450840, 1.288827 ]
	AwbEnable = true
	AnalogueGainMode = 0
	SensorBlackLevels = [ 4096, 4096, 4096, 4096 ]
	AeConstraintMode = 0
	ExposureValue = 0.000000
	SensorTimestamp = 221863625000
221.898329 (28.82 fps) cam0-stream0 seq: 000077 bytesused: 20404224
	SensorBlackLevels = [ 4096, 4096, 4096, 4096 ]
	AnalogueGainMode = 0
	Contrast = 1.000000
	Saturation = 1.000000
	AnalogueGain = 9.000000
	ExposureTime = 34426
	FrameDuration = 34685
	ExposureTimeMode = 0
	AeExposureMode = 0
	AeConstraintMode = 0
	Gamma = 2.200000
	ExposureValue = 0.000000
	SensorTimestamp = 221898329000
221.933033 (28.82 fps) cam0-stream0 seq: 000078 bytesused: 20404224
	SensorBlackLevels = [ 4096, 4096, 4096, 4096 ]
	AnalogueGainMode = 0
	Contrast = 1.000000
	Saturation = 1.000000
	AnalogueGain = 9.000000
	ExposureTime = 34426
	FrameDuration = 34685
	ExposureTimeMode = 0
	AeExposureMode = 0
	AeConstraintMode = 0
	Gamma = 2.200000
	ExposureValue = 0.000000
	SensorTimestamp = 221933033000
221.967738 (28.81 fps) cam0-stream0 seq: 000079 bytesused: 20404224
	SensorBlackLevels = [ 4096, 4096, 4096, 4096 ]
	AnalogueGainMode = 0
	Contrast = 1.000000
	Saturation = 1.000000
	AnalogueGain = 9.000000
	ExposureTime = 34426
	FrameDuration = 34685
	ExposureTimeMode = 0
	AeExposureMode = 0
	AeConstraintMode = 0
	Gamma = 2.200000
	ExposureValue = 0.000000
	SensorTimestamp = 221967738000
222.002439 (28.82 fps) cam0-stream0 seq: 000080 bytesused: 20404224
	AeExposureMode = 0
	FrameDuration = 34685
	AnalogueGain = 9.000000
	Saturation = 1.000000
	Contrast = 1.000000
	Gamma = 2.200000
	ExposureTimeMode = 0
	ColourTemperature = 6129
	ExposureTime = 34426
	ColourGains = [ 1.451879, 1.289607 ]
	AwbEnable = true
	AnalogueGainMode = 0
	SensorBlackLevels = [ 4096, 4096, 4096, 4096 ]
	AeConstraintMode = 0
	ExposureValue = 0.000000
	SensorTimestamp = 222002439000
222.037144 (28.81 fps) cam0-stream0 seq: 000081 bytesused: 20404224
	SensorBlackLevels = [ 4096, 4096, 4096, 4096 ]
	AnalogueGainMode = 0
	Contrast = 1.000000
	Saturation = 1.000000
	AnalogueGain = 9.000000
	ExposureTime = 34426
	FrameDuration = 34685
	ExposureTimeMode = 0
	AeExposureMode = 0
	AeConstraintMode = 0
	Gamma = 2.200000
	ExposureValue = 0.000000
	SensorTimestamp = 222037144000
222.071848 (28.82 fps) cam0-stream0 seq: 000082 bytesused: 20404224
	SensorBlackLevels = [ 4096, 4096, 4096, 4096 ]
	AnalogueGainMode = 0
	Contrast = 1.000000
	Saturation = 1.000000
	AnalogueGain = 9.000000
	ExposureTime = 34426
	FrameDuration = 34685
	ExposureTimeMode = 0
	AeExposureMode = 0
	AeConstraintMode = 0
	Gamma = 2.200000
	ExposureValue = 0.000000
	SensorTimestamp = 222071848000
222.106553 (28.81 fps) cam0-stream0 seq: 000083 bytesused: 20404224
	SensorBlackLevels = [ 4096, 4096, 4096, 4096 ]
	AnalogueGainMode = 0
	Contrast = 1.000000
	Saturation = 1.000000
	AnalogueGain = 9.000000
	ExposureTime = 34426
	FrameDuration = 34685
	ExposureTimeMode = 0
	AeExposureMode = 0
	AeConstraintMode = 0
	Gamma = 2.200000
	ExposureValue = 0.000000
	SensorTimestamp = 222106553000
222.141259 (28.81 fps) cam0-stream0 seq: 000084 bytesused: 20404224
	AeExposureMode = 0
	FrameDuration = 34685
	AnalogueGain = 9.000000
	Saturation = 1.000000
	Contrast = 1.000000
	Gamma = 2.200000
	ExposureTimeMode = 0
	ColourTemperature = 6130
	ExposureTime = 34426
	ColourGains = [ 1.452706, 1.290212 ]
	AwbEnable = true
	AnalogueGainMode = 0
	SensorBlackLevels = [ 4096, 4096, 4096, 4096 ]
	AeConstraintMode = 0
	ExposureValue = 0.000000
	SensorTimestamp = 222141259000
222.175960 (28.82 fps) cam0-stream0 seq: 000085 bytesused: 20404224
	SensorBlackLevels = [ 4096, 4096, 4096, 4096 ]
	AnalogueGainMode = 0
	Contrast = 1.000000
	Saturation = 1.000000
	AnalogueGain = 9.000000
	ExposureTime = 34426
	FrameDuration = 34685
	ExposureTimeMode = 0
	AeExposureMode = 0
	AeConstraintMode = 0
	Gamma = 2.200000
	ExposureValue = 0.000000
	SensorTimestamp = 222175960000
222.210667 (28.81 fps) cam0-stream0 seq: 000086 bytesused: 20404224
	SensorBlackLevels = [ 4096, 4096, 4096, 4096 ]
	AnalogueGainMode = 0
	Contrast = 1.000000
	Saturation = 1.000000
	AnalogueGain = 9.000000
	ExposureTime = 34426
	FrameDuration = 34685
	ExposureTimeMode = 0
	AeExposureMode = 0
	AeConstraintMode = 0
	Gamma = 2.200000
	ExposureValue = 0.000000
	SensorTimestamp = 222210667000
222.245369 (28.82 fps) cam0-stream0 seq: 000087 bytesused: 20404224
	SensorBlackLevels = [ 4096, 4096, 4096, 4096 ]
	AnalogueGainMode = 0
	Contrast = 1.000000
	Saturation = 1.000000
	AnalogueGain = 9.000000
	ExposureTime = 34426
	FrameDuration = 34685
	ExposureTimeMode = 0
	AeExposureMode = 0
	AeConstraintMode = 0
	Gamma = 2.200000
	ExposureValue = 0.000000
	SensorTimestamp = 222245369000
222.280073 (28.82 fps) cam0-stream0 seq: 000088 bytesused: 20404224
	AeExposureMode = 0
	FrameDuration = 34685
	AnalogueGain = 9.000000
	Saturation = 1.000000
	Contrast = 1.000000
	Gamma = 2.200000
	ExposureTimeMode = 0
	ColourTemperature = 6128
	ExposureTime = 34426
	ColourGains = [ 1.453303, 1.290735 ]
	AwbEnable = true
	AnalogueGainMode = 0
	SensorBlackLevels = [ 4096, 4096, 4096, 4096 ]
	AeConstraintMode = 0
	ExposureValue = 0.000000
	SensorTimestamp = 222280073000
222.314779 (28.81 fps) cam0-stream0 seq: 000089 bytesused: 20404224
	SensorBlackLevels = [ 4096, 4096, 4096, 4096 ]
	AnalogueGainMode = 0
	Contrast = 1.000000
	Saturation = 1.000000
	AnalogueGain = 9.000000
	ExposureTime = 34426
	FrameDuration = 34685
	ExposureTimeMode = 0
	AeExposureMode = 0
	AeConstraintMode = 0
	Gamma = 2.200000
	ExposureValue = 0.000000
	SensorTimestamp = 222314779000
