[0:04:55.571854067] [9768]  INFO Camera camera_manager.cpp:340 libcamera v0.7.2+160-8103c3f2
[0:04:55.573377888] [9769]  INFO IPAManager ipa_manager.cpp:147 libcamera is not installed. Adding '/home/nicfio/src/libcamera-senza-helper/build/src/ipa' to the IPA search path
[0:04:55.919833036] [9769]  WARN CameraSensorProperties camera_sensor_properties.cpp:616 No static properties available for 'gc5035'
[0:04:55.919956607] [9769]  WARN CameraSensorProperties camera_sensor_properties.cpp:618 Please consider updating the camera sensor properties database
[0:04:55.920251256] [9769]  WARN CameraSensor camera_sensor_legacy.cpp:518 'gc5035 2-003f': No sensor delays found in static properties. Assuming unverified defaults.
[0:04:55.922953731] [9769]  WARN CameraSensorProperties camera_sensor_properties.cpp:616 No static properties available for 'gc8034'
[0:04:55.923055752] [9769]  WARN CameraSensorProperties camera_sensor_properties.cpp:618 Please consider updating the camera sensor properties database
[0:04:55.923153991] [9769]  WARN CameraSensor camera_sensor_legacy.cpp:518 'gc8034 1-0037': No sensor delays found in static properties. Assuming unverified defaults.
[0:04:56.030626333] [9769]  INFO IPAProxy ipa_proxy.cpp:73 libcamera is not installed. Loading IPA configuration from '/home/nicfio/src/libcamera-senza-helper/src/ipa/softisp/data'
[0:04:56.031497328] [9769]  INFO IPAProxy ipa_proxy.cpp:73 libcamera is not installed. Loading IPA configuration from '/home/nicfio/src/libcamera-senza-helper/src/ipa/softisp/data'
[0:04:56.031614538] [9769]  WARN IPAProxy ipa_proxy.cpp:196 Configuration file 'gc5035.yaml' not found for IPA module 'softisp', falling back to '/home/nicfio/src/libcamera-senza-helper/src/ipa/softisp/data/uncalibrated.yaml'
[0:04:56.031972646] [9769]  WARN IPASoftIsp softisp.cpp:104 IPASoftIsp: Failed to create camera sensor helper for gc5035
[0:04:56.032663798] [9769]  INFO Awb awb.cpp:213 No AWB algorithm specified, using grey world
[0:04:56.032848798] [9769]  WARN Awb awb_grey.cpp:49 Failed to parse 'colourGains' parameter from tuning file; manual colour temperature will not work properly
[0:04:56.034559857] [9769]  INFO Camera camera_manager.cpp:223 Adding camera '\_SB_.PC00.LNK1' for pipeline handler simple
[0:04:56.070599278] [9769]  INFO IPAProxy ipa_proxy.cpp:73 libcamera is not installed. Loading IPA configuration from '/home/nicfio/src/libcamera-senza-helper/src/ipa/softisp/data'
[0:04:56.071418478] [9769]  INFO IPAProxy ipa_proxy.cpp:73 libcamera is not installed. Loading IPA configuration from '/home/nicfio/src/libcamera-senza-helper/src/ipa/softisp/data'
[0:04:56.071515548] [9769]  WARN IPAProxy ipa_proxy.cpp:196 Configuration file 'gc8034.yaml' not found for IPA module 'softisp', falling back to '/home/nicfio/src/libcamera-senza-helper/src/ipa/softisp/data/uncalibrated.yaml'
[0:04:56.071691725] [9769]  WARN IPASoftIsp softisp.cpp:104 IPASoftIsp: Failed to create camera sensor helper for gc8034
[0:04:56.071955452] [9769]  INFO Awb awb.cpp:213 No AWB algorithm specified, using grey world
[0:04:56.071996526] [9769]  WARN Awb awb_grey.cpp:49 Failed to parse 'colourGains' parameter from tuning file; manual colour temperature will not work properly
[0:04:56.072770427] [9769]  INFO Camera camera_manager.cpp:223 Adding camera '\_SB_.PC00.LNK0' for pipeline handler simple
Using camera \_SB_.PC00.LNK0 as cam0
[0:04:56.073842118] [9768]  INFO Camera camera.cpp:1216 configuring streams: (0) 3256x2448-ABGR8888/sRGB
[0:04:56.074199345] [9769]  INFO SimplePipeline simple.cpp:1570 Input buffer stride ignored by the driver. Requested 6656, got 6528
[0:04:56.074396524] [9769]  INFO Awb awb_grey.cpp:107 No gains curve defined, unable to interpolate gains to colour temperature
[0:04:56.074593115] [9769]  INFO SoftwareIsp software_isp.cpp:300 Input 3264x2448-RGGB-10 stride 6528
[0:04:56.216483596] [9774]  INFO eGL egl.cpp:408 EGL: EGL_VERSION: 1.5
[0:04:56.216624243] [9774]  INFO eGL egl.cpp:409 EGL: EGL_VENDOR: Mesa Project
[0:04:56.216661836] [9774]  INFO eGL egl.cpp:410 EGL: EGL_CLIENT_APIS: OpenGL OpenGL_ES 
[0:04:56.216686975] [9774]  INFO eGL egl.cpp:411 EGL: EGL_EXTENSIONS: EGL_ANDROID_blob_cache EGL_ANDROID_native_fence_sync EGL_EXT_config_select_group EGL_EXT_create_context_robustness EGL_EXT_image_dma_buf_import EGL_EXT_image_dma_buf_import_modifiers EGL_EXT_query_reset_notification_strategy EGL_EXT_surface_compression EGL_IMG_context_priority EGL_KHR_cl_event2 EGL_KHR_config_attribs EGL_KHR_context_flush_control EGL_KHR_create_context EGL_KHR_create_context_no_error EGL_KHR_fence_sync EGL_KHR_get_all_proc_addresses EGL_KHR_gl_colorspace EGL_KHR_gl_renderbuffer_image EGL_KHR_gl_texture_2D_image EGL_KHR_gl_texture_3D_image EGL_KHR_gl_texture_cubemap_image EGL_KHR_image_base EGL_KHR_no_config_context EGL_KHR_partial_update EGL_KHR_reusable_sync EGL_KHR_surfaceless_context EGL_EXT_pixel_format_float EGL_KHR_wait_sync EGL_MESA_configless_context EGL_MESA_drm_image EGL_MESA_gl_interop EGL_MESA_image_dma_buf_export EGL_MESA_query_driver EGL_MESA_x11_native_visual_id EGL_WL_bind_wayland_display 
[0:04:56.223430279] [9774]  INFO eGL egl.cpp:447 EGL: GL_RENDERER: Mesa Intel(R) Graphics (ADL-N)
[0:04:56.223579778] [9774]  INFO eGL egl.cpp:448 EGL: GL_VERSION: OpenGL ES 3.2 Mesa 25.0.7-2+deb13u1
cam0: Capture 90 frames
[0:04:56.407328589] [9774]  INFO Debayer debayer_egl.cpp:523 Importing input DMABuf failed, falling back to upload
296.364434 (0.00 fps) cam0-stream0 seq: 000000 bytesused: 31961088
	AeExposureMode = 0
	FrameDuration = 41649
	AnalogueGain = 0.000000
	SensorTimestamp = 296364434000
	ExposureValue = 0.000000
	Gamma = 2.200000
	AeConstraintMode = 0
	AwbEnable = true
	SensorBlackLevels = [ 4096, 4096, 4096, 4096 ]
	AnalogueGainMode = 0
	ColourGains = [ 1.000000, 1.000000 ]
	ExposureTime = 37493
	ColourTemperature = 5000
	ExposureTimeMode = 0
	Contrast = 1.000000
	Saturation = 1.000000
296.406086 (24.01 fps) cam0-stream0 seq: 000001 bytesused: 31961088
	SensorBlackLevels = [ 4096, 4096, 4096, 4096 ]
	AnalogueGainMode = 0
	Contrast = 1.000000
	Saturation = 1.000000
	AnalogueGain = 0.000000
	ExposureTime = 37493
	FrameDuration = 41649
	ExposureTimeMode = 0
	AeExposureMode = 0
	AeConstraintMode = 0
	Gamma = 2.200000
	ExposureValue = 0.000000
	SensorTimestamp = 296406086000
296.447740 (24.01 fps) cam0-stream0 seq: 000002 bytesused: 31961088
	SensorBlackLevels = [ 4096, 4096, 4096, 4096 ]
	AnalogueGainMode = 0
	Contrast = 1.000000
	Saturation = 1.000000
	AnalogueGain = 0.000000
	ExposureTime = 17461
	FrameDuration = 41649
	ExposureTimeMode = 0
	AeExposureMode = 0
	AeConstraintMode = 0
	Gamma = 2.200000
	ExposureValue = 0.000000
	SensorTimestamp = 296447740000
296.489393 (24.01 fps) cam0-stream0 seq: 000003 bytesused: 31961088
	SensorBlackLevels = [ 4096, 4096, 4096, 4096 ]
	AnalogueGainMode = 0
	Contrast = 1.000000
	Saturation = 1.000000
	AnalogueGain = 0.000000
	ExposureTime = 17461
	FrameDuration = 41649
	ExposureTimeMode = 0
	AeExposureMode = 0
	AeConstraintMode = 0
	Gamma = 2.200000
	ExposureValue = 0.000000
	SensorTimestamp = 296489393000
296.531050 (24.01 fps) cam0-stream0 seq: 000004 bytesused: 31961088
	AeExposureMode = 0
	FrameDuration = 41649
	AnalogueGain = 0.000000
	Saturation = 1.000000
	Contrast = 1.000000
	Gamma = 2.200000
	ExposureTimeMode = 0
	ColourTemperature = 5586
	ExposureTime = 17461
	ColourGains = [ 1.151152, 1.094985 ]
	AwbEnable = true
	AnalogueGainMode = 0
	SensorBlackLevels = [ 4096, 4096, 4096, 4096 ]
	AeConstraintMode = 0
	ExposureValue = 0.000000
	SensorTimestamp = 296531050000
296.593162 (16.10 fps) cam0-stream0 seq: 000005 bytesused: 31961088
	SensorBlackLevels = [ 4096, 4096, 4096, 4096 ]
	AnalogueGainMode = 0
	Contrast = 1.000000
	Saturation = 1.000000
	AnalogueGain = 0.000000
	ExposureTime = 17461
	FrameDuration = 41649
	ExposureTimeMode = 0
	AeExposureMode = 0
	AeConstraintMode = 0
	Gamma = 2.200000
	ExposureValue = 0.000000
	SensorTimestamp = 296593162000
296.634817 (24.01 fps) cam0-stream0 seq: 000006 bytesused: 31961088
	SensorBlackLevels = [ 4096, 4096, 4096, 4096 ]
	AnalogueGainMode = 0
	Contrast = 1.000000
	Saturation = 1.000000
	AnalogueGain = 0.000000
	ExposureTime = 17461
	FrameDuration = 41649
	ExposureTimeMode = 0
	AeExposureMode = 0
	AeConstraintMode = 0
	Gamma = 2.200000
	ExposureValue = 0.000000
	SensorTimestamp = 296634817000
296.718124 (12.00 fps) cam0-stream0 seq: 000007 bytesused: 31961088
	SensorBlackLevels = [ 4096, 4096, 4096, 4096 ]
	AnalogueGainMode = 0
	Contrast = 1.000000
	Saturation = 1.000000
	AnalogueGain = 0.000000
	ExposureTime = 17461
	FrameDuration = 41649
	ExposureTimeMode = 0
	AeExposureMode = 0
	AeConstraintMode = 0
	Gamma = 2.200000
	ExposureValue = 0.000000
	SensorTimestamp = 296718124000
296.759777 (24.01 fps) cam0-stream0 seq: 000008 bytesused: 31961088
	AeExposureMode = 0
	FrameDuration = 41649
	AnalogueGain = 0.000000
	Saturation = 1.000000
	Contrast = 1.000000
	Gamma = 2.200000
	ExposureTimeMode = 0
	ColourTemperature = 5579
	ExposureTime = 17461
	ColourGains = [ 1.271477, 1.171144 ]
	AwbEnable = true
	AnalogueGainMode = 0
	SensorBlackLevels = [ 4096, 4096, 4096, 4096 ]
	AeConstraintMode = 0
	ExposureValue = 0.000000
	SensorTimestamp = 296759777000
296.801431 (24.01 fps) cam0-stream0 seq: 000009 bytesused: 31961088
	SensorBlackLevels = [ 4096, 4096, 4096, 4096 ]
	AnalogueGainMode = 0
	Contrast = 1.000000
	Saturation = 1.000000
	AnalogueGain = 0.000000
	ExposureTime = 18112
	FrameDuration = 41649
	ExposureTimeMode = 0
	AeExposureMode = 0
	AeConstraintMode = 0
	Gamma = 2.200000
	ExposureValue = 0.000000
	SensorTimestamp = 296801431000
296.843086 (24.01 fps) cam0-stream0 seq: 000010 bytesused: 31961088
	SensorBlackLevels = [ 4096, 4096, 4096, 4096 ]
	AnalogueGainMode = 0
	Contrast = 1.000000
	Saturation = 1.000000
	AnalogueGain = 0.000000
	ExposureTime = 18112
	FrameDuration = 41649
	ExposureTimeMode = 0
	AeExposureMode = 0
	AeConstraintMode = 0
	Gamma = 2.200000
	ExposureValue = 0.000000
	SensorTimestamp = 296843086000
296.884738 (24.01 fps) cam0-stream0 seq: 000011 bytesused: 31961088
	SensorBlackLevels = [ 4096, 4096, 4096, 4096 ]
	AnalogueGainMode = 0
	Contrast = 1.000000
	Saturation = 1.000000
	AnalogueGain = 0.000000
	ExposureTime = 18112
	FrameDuration = 41649
	ExposureTimeMode = 0
	AeExposureMode = 0
	AeConstraintMode = 0
	Gamma = 2.200000
	ExposureValue = 0.000000
	SensorTimestamp = 296884738000
296.926394 (24.01 fps) cam0-stream0 seq: 000012 bytesused: 31961088
	AeExposureMode = 0
	FrameDuration = 41649
	AnalogueGain = 0.000000
	Saturation = 1.000000
	Contrast = 1.000000
	Gamma = 2.200000
	ExposureTimeMode = 0
	ColourTemperature = 5586
	ExposureTime = 18112
	ColourGains = [ 1.368265, 1.231885 ]
	AwbEnable = true
	AnalogueGainMode = 0
	SensorBlackLevels = [ 4096, 4096, 4096, 4096 ]
	AeConstraintMode = 0
	ExposureValue = 0.000000
	SensorTimestamp = 296926394000
296.968050 (24.01 fps) cam0-stream0 seq: 000013 bytesused: 31961088
	SensorBlackLevels = [ 4096, 4096, 4096, 4096 ]
	AnalogueGainMode = 0
	Contrast = 1.000000
	Saturation = 1.000000
	AnalogueGain = 0.000000
	ExposureTime = 18112
	FrameDuration = 41649
	ExposureTimeMode = 0
	AeExposureMode = 0
	AeConstraintMode = 0
	Gamma = 2.200000
	ExposureValue = 0.000000
	SensorTimestamp = 296968050000
297.009703 (24.01 fps) cam0-stream0 seq: 000014 bytesused: 31961088
	SensorBlackLevels = [ 4096, 4096, 4096, 4096 ]
	AnalogueGainMode = 0
	Contrast = 1.000000
	Saturation = 1.000000
	AnalogueGain = 0.000000
	ExposureTime = 18112
	FrameDuration = 41649
	ExposureTimeMode = 0
	AeExposureMode = 0
	AeConstraintMode = 0
	Gamma = 2.200000
	ExposureValue = 0.000000
	SensorTimestamp = 297009703000
297.051824 (23.74 fps) cam0-stream0 seq: 000015 bytesused: 31961088
	SensorBlackLevels = [ 4096, 4096, 4096, 4096 ]
	AnalogueGainMode = 0
	Contrast = 1.000000
	Saturation = 1.000000
	AnalogueGain = 0.000000
	ExposureTime = 18112
	FrameDuration = 41649
	ExposureTimeMode = 0
	AeExposureMode = 0
	AeConstraintMode = 0
	Gamma = 2.200000
	ExposureValue = 0.000000
	SensorTimestamp = 297051824000
297.093476 (24.01 fps) cam0-stream0 seq: 000016 bytesused: 31961088
	AeExposureMode = 0
	FrameDuration = 41649
	AnalogueGain = 0.000000
	Saturation = 1.000000
	Contrast = 1.000000
	Gamma = 2.200000
	ExposureTimeMode = 0
	ColourTemperature = 5587
	ExposureTime = 18112
	ColourGains = [ 1.445390, 1.280347 ]
	AwbEnable = true
	AnalogueGainMode = 0
	SensorBlackLevels = [ 4096, 4096, 4096, 4096 ]
	AeConstraintMode = 0
	ExposureValue = 0.000000
	SensorTimestamp = 297093476000
297.135129 (24.01 fps) cam0-stream0 seq: 000017 bytesused: 31961088
	SensorBlackLevels = [ 4096, 4096, 4096, 4096 ]
	AnalogueGainMode = 0
	Contrast = 1.000000
	Saturation = 1.000000
	AnalogueGain = 0.000000
	ExposureTime = 18763
	FrameDuration = 41649
	ExposureTimeMode = 0
	AeExposureMode = 0
	AeConstraintMode = 0
	Gamma = 2.200000
	ExposureValue = 0.000000
	SensorTimestamp = 297135129000
297.176785 (24.01 fps) cam0-stream0 seq: 000018 bytesused: 31961088
	SensorBlackLevels = [ 4096, 4096, 4096, 4096 ]
	AnalogueGainMode = 0
	Contrast = 1.000000
	Saturation = 1.000000
	AnalogueGain = 0.000000
	ExposureTime = 18763
	FrameDuration = 41649
	ExposureTimeMode = 0
	AeExposureMode = 0
	AeConstraintMode = 0
	Gamma = 2.200000
	ExposureValue = 0.000000
	SensorTimestamp = 297176785000
297.218438 (24.01 fps) cam0-stream0 seq: 000019 bytesused: 31961088
	SensorBlackLevels = [ 4096, 4096, 4096, 4096 ]
	AnalogueGainMode = 0
	Contrast = 1.000000
	Saturation = 1.000000
	AnalogueGain = 0.000000
	ExposureTime = 18763
	FrameDuration = 41649
	ExposureTimeMode = 0
	AeExposureMode = 0
	AeConstraintMode = 0
	Gamma = 2.200000
	ExposureValue = 0.000000
	SensorTimestamp = 297218438000
297.260091 (24.01 fps) cam0-stream0 seq: 000020 bytesused: 31961088
	AeExposureMode = 0
	FrameDuration = 41649
	AnalogueGain = 0.000000
	Saturation = 1.000000
	Contrast = 1.000000
	Gamma = 2.200000
	ExposureTimeMode = 0
	ColourTemperature = 5591
	ExposureTime = 18763
	ColourGains = [ 1.506769, 1.318807 ]
	AwbEnable = true
	AnalogueGainMode = 0
	SensorBlackLevels = [ 4096, 4096, 4096, 4096 ]
	AeConstraintMode = 0
	ExposureValue = 0.000000
	SensorTimestamp = 297260091000
297.301748 (24.01 fps) cam0-stream0 seq: 000021 bytesused: 31961088
	SensorBlackLevels = [ 4096, 4096, 4096, 4096 ]
	AnalogueGainMode = 0
	Contrast = 1.000000
	Saturation = 1.000000
	AnalogueGain = 0.000000
	ExposureTime = 18763
	FrameDuration = 41649
	ExposureTimeMode = 0
	AeExposureMode = 0
	AeConstraintMode = 0
	Gamma = 2.200000
	ExposureValue = 0.000000
	SensorTimestamp = 297301748000
297.343400 (24.01 fps) cam0-stream0 seq: 000022 bytesused: 31961088
	SensorBlackLevels = [ 4096, 4096, 4096, 4096 ]
	AnalogueGainMode = 0
	Contrast = 1.000000
	Saturation = 1.000000
	AnalogueGain = 0.000000
	ExposureTime = 18763
	FrameDuration = 41649
	ExposureTimeMode = 0
	AeExposureMode = 0
	AeConstraintMode = 0
	Gamma = 2.200000
	ExposureValue = 0.000000
	SensorTimestamp = 297343400000
297.385487 (23.76 fps) cam0-stream0 seq: 000023 bytesused: 31961088
	SensorBlackLevels = [ 4096, 4096, 4096, 4096 ]
	AnalogueGainMode = 0
	Contrast = 1.000000
	Saturation = 1.000000
	AnalogueGain = 0.000000
	ExposureTime = 18763
	FrameDuration = 41649
	ExposureTimeMode = 0
	AeExposureMode = 0
	AeConstraintMode = 0
	Gamma = 2.200000
	ExposureValue = 0.000000
	SensorTimestamp = 297385487000
297.427142 (24.01 fps) cam0-stream0 seq: 000024 bytesused: 31961088
	AeExposureMode = 0
	FrameDuration = 41649
	AnalogueGain = 0.000000
	Saturation = 1.000000
	Contrast = 1.000000
	Gamma = 2.200000
	ExposureTimeMode = 0
	ColourTemperature = 5586
	ExposureTime = 18763
	ColourGains = [ 1.556271, 1.349925 ]
	AwbEnable = true
	AnalogueGainMode = 0
	SensorBlackLevels = [ 4096, 4096, 4096, 4096 ]
	AeConstraintMode = 0
	ExposureValue = 0.000000
	SensorTimestamp = 297427142000
297.468797 (24.01 fps) cam0-stream0 seq: 000025 bytesused: 31961088
	SensorBlackLevels = [ 4096, 4096, 4096, 4096 ]
	AnalogueGainMode = 0
	Contrast = 1.000000
	Saturation = 1.000000
	AnalogueGain = 0.000000
	ExposureTime = 19414
	FrameDuration = 41649
	ExposureTimeMode = 0
	AeExposureMode = 0
	AeConstraintMode = 0
	Gamma = 2.200000
	ExposureValue = 0.000000
	SensorTimestamp = 297468797000
297.510449 (24.01 fps) cam0-stream0 seq: 000026 bytesused: 31961088
	SensorBlackLevels = [ 4096, 4096, 4096, 4096 ]
	AnalogueGainMode = 0
	Contrast = 1.000000
	Saturation = 1.000000
	AnalogueGain = 0.000000
	ExposureTime = 19414
	FrameDuration = 41649
	ExposureTimeMode = 0
	AeExposureMode = 0
	AeConstraintMode = 0
	Gamma = 2.200000
	ExposureValue = 0.000000
	SensorTimestamp = 297510449000
297.552105 (24.01 fps) cam0-stream0 seq: 000027 bytesused: 31961088
	SensorBlackLevels = [ 4096, 4096, 4096, 4096 ]
	AnalogueGainMode = 0
	Contrast = 1.000000
	Saturation = 1.000000
	AnalogueGain = 0.000000
	ExposureTime = 19414
	FrameDuration = 41649
	ExposureTimeMode = 0
	AeExposureMode = 0
	AeConstraintMode = 0
	Gamma = 2.200000
	ExposureValue = 0.000000
	SensorTimestamp = 297552105000
297.593759 (24.01 fps) cam0-stream0 seq: 000028 bytesused: 31961088
	AeExposureMode = 0
	FrameDuration = 41649
	AnalogueGain = 0.000000
	Saturation = 1.000000
	Contrast = 1.000000
	Gamma = 2.200000
	ExposureTimeMode = 0
	ColourTemperature = 5590
	ExposureTime = 19414
	ColourGains = [ 1.595546, 1.374574 ]
	AwbEnable = true
	AnalogueGainMode = 0
	SensorBlackLevels = [ 4096, 4096, 4096, 4096 ]
	AeConstraintMode = 0
	ExposureValue = 0.000000
	SensorTimestamp = 297593759000
297.635413 (24.01 fps) cam0-stream0 seq: 000029 bytesused: 31961088
	SensorBlackLevels = [ 4096, 4096, 4096, 4096 ]
	AnalogueGainMode = 0
	Contrast = 1.000000
	Saturation = 1.000000
	AnalogueGain = 0.000000
	ExposureTime = 19414
	FrameDuration = 41649
	ExposureTimeMode = 0
	AeExposureMode = 0
	AeConstraintMode = 0
	Gamma = 2.200000
	ExposureValue = 0.000000
	SensorTimestamp = 297635413000
297.677065 (24.01 fps) cam0-stream0 seq: 000030 bytesused: 31961088
	SensorBlackLevels = [ 4096, 4096, 4096, 4096 ]
	AnalogueGainMode = 0
	Contrast = 1.000000
	Saturation = 1.000000
	AnalogueGain = 0.000000
	ExposureTime = 19414
	FrameDuration = 41649
	ExposureTimeMode = 0
	AeExposureMode = 0
	AeConstraintMode = 0
	Gamma = 2.200000
	ExposureValue = 0.000000
	SensorTimestamp = 297677065000
297.719188 (23.74 fps) cam0-stream0 seq: 000031 bytesused: 31961088
	SensorBlackLevels = [ 4096, 4096, 4096, 4096 ]
	AnalogueGainMode = 0
	Contrast = 1.000000
	Saturation = 1.000000
	AnalogueGain = 0.000000
	ExposureTime = 19414
	FrameDuration = 41649
	ExposureTimeMode = 0
	AeExposureMode = 0
	AeConstraintMode = 0
	Gamma = 2.200000
	ExposureValue = 0.000000
	SensorTimestamp = 297719188000
297.760841 (24.01 fps) cam0-stream0 seq: 000032 bytesused: 31961088
	AeExposureMode = 0
	FrameDuration = 41649
	AnalogueGain = 0.000000
	Saturation = 1.000000
	Contrast = 1.000000
	Gamma = 2.200000
	ExposureTimeMode = 0
	ColourTemperature = 5588
	ExposureTime = 19414
	ColourGains = [ 1.627168, 1.394444 ]
	AwbEnable = true
	AnalogueGainMode = 0
	SensorBlackLevels = [ 4096, 4096, 4096, 4096 ]
	AeConstraintMode = 0
	ExposureValue = 0.000000
	SensorTimestamp = 297760841000
297.802495 (24.01 fps) cam0-stream0 seq: 000033 bytesused: 31961088
	SensorBlackLevels = [ 4096, 4096, 4096, 4096 ]
	AnalogueGainMode = 0
	Contrast = 1.000000
	Saturation = 1.000000
	AnalogueGain = 0.000000
	ExposureTime = 20065
	FrameDuration = 41649
	ExposureTimeMode = 0
	AeExposureMode = 0
	AeConstraintMode = 0
	Gamma = 2.200000
	ExposureValue = 0.000000
	SensorTimestamp = 297802495000
297.844148 (24.01 fps) cam0-stream0 seq: 000034 bytesused: 31961088
	SensorBlackLevels = [ 4096, 4096, 4096, 4096 ]
	AnalogueGainMode = 0
	Contrast = 1.000000
	Saturation = 1.000000
	AnalogueGain = 0.000000
	ExposureTime = 20065
	FrameDuration = 41649
	ExposureTimeMode = 0
	AeExposureMode = 0
	AeConstraintMode = 0
	Gamma = 2.200000
	ExposureValue = 0.000000
	SensorTimestamp = 297844148000
297.885802 (24.01 fps) cam0-stream0 seq: 000035 bytesused: 31961088
	SensorBlackLevels = [ 4096, 4096, 4096, 4096 ]
	AnalogueGainMode = 0
	Contrast = 1.000000
	Saturation = 1.000000
	AnalogueGain = 0.000000
	ExposureTime = 20065
	FrameDuration = 41649
	ExposureTimeMode = 0
	AeExposureMode = 0
	AeConstraintMode = 0
	Gamma = 2.200000
	ExposureValue = 0.000000
	SensorTimestamp = 297885802000
297.927458 (24.01 fps) cam0-stream0 seq: 000036 bytesused: 31961088
	AeExposureMode = 0
	FrameDuration = 41649
	AnalogueGain = 0.000000
	Saturation = 1.000000
	Contrast = 1.000000
	Gamma = 2.200000
	ExposureTimeMode = 0
	ColourTemperature = 5582
	ExposureTime = 20065
	ColourGains = [ 1.653012, 1.410740 ]
	AwbEnable = true
	AnalogueGainMode = 0
	SensorBlackLevels = [ 4096, 4096, 4096, 4096 ]
	AeConstraintMode = 0
	ExposureValue = 0.000000
	SensorTimestamp = 297927458000
297.969111 (24.01 fps) cam0-stream0 seq: 000037 bytesused: 31961088
	SensorBlackLevels = [ 4096, 4096, 4096, 4096 ]
	AnalogueGainMode = 0
	Contrast = 1.000000
	Saturation = 1.000000
	AnalogueGain = 0.000000
	ExposureTime = 20065
	FrameDuration = 41649
	ExposureTimeMode = 0
	AeExposureMode = 0
	AeConstraintMode = 0
	Gamma = 2.200000
	ExposureValue = 0.000000
	SensorTimestamp = 297969111000
298.010765 (24.01 fps) cam0-stream0 seq: 000038 bytesused: 31961088
	SensorBlackLevels = [ 4096, 4096, 4096, 4096 ]
	AnalogueGainMode = 0
	Contrast = 1.000000
	Saturation = 1.000000
	AnalogueGain = 0.000000
	ExposureTime = 20065
	FrameDuration = 41649
	ExposureTimeMode = 0
	AeExposureMode = 0
	AeConstraintMode = 0
	Gamma = 2.200000
	ExposureValue = 0.000000
	SensorTimestamp = 298010765000
298.052852 (23.76 fps) cam0-stream0 seq: 000039 bytesused: 31961088
	SensorBlackLevels = [ 4096, 4096, 4096, 4096 ]
	AnalogueGainMode = 0
	Contrast = 1.000000
	Saturation = 1.000000
	AnalogueGain = 0.000000
	ExposureTime = 20065
	FrameDuration = 41649
	ExposureTimeMode = 0
	AeExposureMode = 0
	AeConstraintMode = 0
	Gamma = 2.200000
	ExposureValue = 0.000000
	SensorTimestamp = 298052852000
298.094507 (24.01 fps) cam0-stream0 seq: 000040 bytesused: 31961088
	AeExposureMode = 0
	FrameDuration = 41649
	AnalogueGain = 0.000000
	Saturation = 1.000000
	Contrast = 1.000000
	Gamma = 2.200000
	ExposureTimeMode = 0
	ColourTemperature = 5575
	ExposureTime = 20065
	ColourGains = [ 1.673490, 1.424093 ]
	AwbEnable = true
	AnalogueGainMode = 0
	SensorBlackLevels = [ 4096, 4096, 4096, 4096 ]
	AeConstraintMode = 0
	ExposureValue = 0.000000
	SensorTimestamp = 298094507000
298.136160 (24.01 fps) cam0-stream0 seq: 000041 bytesused: 31961088
	SensorBlackLevels = [ 4096, 4096, 4096, 4096 ]
	AnalogueGainMode = 0
	Contrast = 1.000000
	Saturation = 1.000000
	AnalogueGain = 0.000000
	ExposureTime = 20716
	FrameDuration = 41649
	ExposureTimeMode = 0
	AeExposureMode = 0
	AeConstraintMode = 0
	Gamma = 2.200000
	ExposureValue = 0.000000
	SensorTimestamp = 298136160000
298.177815 (24.01 fps) cam0-stream0 seq: 000042 bytesused: 31961088
	SensorBlackLevels = [ 4096, 4096, 4096, 4096 ]
	AnalogueGainMode = 0
	Contrast = 1.000000
	Saturation = 1.000000
	AnalogueGain = 0.000000
	ExposureTime = 20716
	FrameDuration = 41649
	ExposureTimeMode = 0
	AeExposureMode = 0
	AeConstraintMode = 0
	Gamma = 2.200000
	ExposureValue = 0.000000
	SensorTimestamp = 298177815000
298.219468 (24.01 fps) cam0-stream0 seq: 000043 bytesused: 31961088
	SensorBlackLevels = [ 4096, 4096, 4096, 4096 ]
	AnalogueGainMode = 0
	Contrast = 1.000000
	Saturation = 1.000000
	AnalogueGain = 0.000000
	ExposureTime = 20716
	FrameDuration = 41649
	ExposureTimeMode = 0
	AeExposureMode = 0
	AeConstraintMode = 0
	Gamma = 2.200000
	ExposureValue = 0.000000
	SensorTimestamp = 298219468000
298.261121 (24.01 fps) cam0-stream0 seq: 000044 bytesused: 31961088
	AeExposureMode = 0
	FrameDuration = 41649
	AnalogueGain = 0.000000
	Saturation = 1.000000
	Contrast = 1.000000
	Gamma = 2.200000
	ExposureTimeMode = 0
	ColourTemperature = 5584
	ExposureTime = 20716
	ColourGains = [ 1.689698, 1.434270 ]
	AwbEnable = true
	AnalogueGainMode = 0
	SensorBlackLevels = [ 4096, 4096, 4096, 4096 ]
	AeConstraintMode = 0
	ExposureValue = 0.000000
	SensorTimestamp = 298261121000
298.302777 (24.01 fps) cam0-stream0 seq: 000045 bytesused: 31961088
	SensorBlackLevels = [ 4096, 4096, 4096, 4096 ]
	AnalogueGainMode = 0
	Contrast = 1.000000
	Saturation = 1.000000
	AnalogueGain = 0.000000
	ExposureTime = 20716
	FrameDuration = 41649
	ExposureTimeMode = 0
	AeExposureMode = 0
	AeConstraintMode = 0
	Gamma = 2.200000
	ExposureValue = 0.000000
	SensorTimestamp = 298302777000
298.344430 (24.01 fps) cam0-stream0 seq: 000046 bytesused: 31961088
	SensorBlackLevels = [ 4096, 4096, 4096, 4096 ]
	AnalogueGainMode = 0
	Contrast = 1.000000
	Saturation = 1.000000
	AnalogueGain = 0.000000
	ExposureTime = 20716
	FrameDuration = 41649
	ExposureTimeMode = 0
	AeExposureMode = 0
	AeConstraintMode = 0
	Gamma = 2.200000
	ExposureValue = 0.000000
	SensorTimestamp = 298344430000
298.386550 (23.74 fps) cam0-stream0 seq: 000047 bytesused: 31961088
	SensorBlackLevels = [ 4096, 4096, 4096, 4096 ]
	AnalogueGainMode = 0
	Contrast = 1.000000
	Saturation = 1.000000
	AnalogueGain = 0.000000
	ExposureTime = 20716
	FrameDuration = 41649
	ExposureTimeMode = 0
	AeExposureMode = 0
	AeConstraintMode = 0
	Gamma = 2.200000
	ExposureValue = 0.000000
	SensorTimestamp = 298386550000
298.428206 (24.01 fps) cam0-stream0 seq: 000048 bytesused: 31961088
	AeExposureMode = 0
	FrameDuration = 41649
	AnalogueGain = 0.000000
	Saturation = 1.000000
	Contrast = 1.000000
	Gamma = 2.200000
	ExposureTimeMode = 0
	ColourTemperature = 5584
	ExposureTime = 20716
	ColourGains = [ 1.702615, 1.442395 ]
	AwbEnable = true
	AnalogueGainMode = 0
	SensorBlackLevels = [ 4096, 4096, 4096, 4096 ]
	AeConstraintMode = 0
	ExposureValue = 0.000000
	SensorTimestamp = 298428206000
298.469858 (24.01 fps) cam0-stream0 seq: 000049 bytesused: 31961088
	SensorBlackLevels = [ 4096, 4096, 4096, 4096 ]
	AnalogueGainMode = 0
	Contrast = 1.000000
	Saturation = 1.000000
	AnalogueGain = 0.000000
	ExposureTime = 21367
	FrameDuration = 41649
	ExposureTimeMode = 0
	AeExposureMode = 0
	AeConstraintMode = 0
	Gamma = 2.200000
	ExposureValue = 0.000000
	SensorTimestamp = 298469858000
298.511512 (24.01 fps) cam0-stream0 seq: 000050 bytesused: 31961088
	SensorBlackLevels = [ 4096, 4096, 4096, 4096 ]
	AnalogueGainMode = 0
	Contrast = 1.000000
	Saturation = 1.000000
	AnalogueGain = 0.000000
	ExposureTime = 21367
	FrameDuration = 41649
	ExposureTimeMode = 0
	AeExposureMode = 0
	AeConstraintMode = 0
	Gamma = 2.200000
	ExposureValue = 0.000000
	SensorTimestamp = 298511512000
298.553166 (24.01 fps) cam0-stream0 seq: 000051 bytesused: 31961088
	SensorBlackLevels = [ 4096, 4096, 4096, 4096 ]
	AnalogueGainMode = 0
	Contrast = 1.000000
	Saturation = 1.000000
	AnalogueGain = 0.000000
	ExposureTime = 21367
	FrameDuration = 41649
	ExposureTimeMode = 0
	AeExposureMode = 0
	AeConstraintMode = 0
	Gamma = 2.200000
	ExposureValue = 0.000000
	SensorTimestamp = 298553166000
298.594820 (24.01 fps) cam0-stream0 seq: 000052 bytesused: 31961088
	AeExposureMode = 0
	FrameDuration = 41649
	AnalogueGain = 0.000000
	Saturation = 1.000000
	Contrast = 1.000000
	Gamma = 2.200000
	ExposureTimeMode = 0
	ColourTemperature = 5582
	ExposureTime = 21367
	ColourGains = [ 1.713476, 1.449149 ]
	AwbEnable = true
	AnalogueGainMode = 0
	SensorBlackLevels = [ 4096, 4096, 4096, 4096 ]
	AeConstraintMode = 0
	ExposureValue = 0.000000
	SensorTimestamp = 298594820000
298.636478 (24.00 fps) cam0-stream0 seq: 000053 bytesused: 31961088
	SensorBlackLevels = [ 4096, 4096, 4096, 4096 ]
	AnalogueGainMode = 0
	Contrast = 1.000000
	Saturation = 1.000000
	AnalogueGain = 0.000000
	ExposureTime = 21367
	FrameDuration = 41649
	ExposureTimeMode = 0
	AeExposureMode = 0
	AeConstraintMode = 0
	Gamma = 2.200000
	ExposureValue = 0.000000
	SensorTimestamp = 298636478000
298.678128 (24.01 fps) cam0-stream0 seq: 000054 bytesused: 31961088
	SensorBlackLevels = [ 4096, 4096, 4096, 4096 ]
	AnalogueGainMode = 0
	Contrast = 1.000000
	Saturation = 1.000000
	AnalogueGain = 0.000000
	ExposureTime = 21367
	FrameDuration = 41649
	ExposureTimeMode = 0
	AeExposureMode = 0
	AeConstraintMode = 0
	Gamma = 2.200000
	ExposureValue = 0.000000
	SensorTimestamp = 298678128000
298.720218 (23.76 fps) cam0-stream0 seq: 000055 bytesused: 31961088
	SensorBlackLevels = [ 4096, 4096, 4096, 4096 ]
	AnalogueGainMode = 0
	Contrast = 1.000000
	Saturation = 1.000000
	AnalogueGain = 0.000000
	ExposureTime = 21367
	FrameDuration = 41649
	ExposureTimeMode = 0
	AeExposureMode = 0
	AeConstraintMode = 0
	Gamma = 2.200000
	ExposureValue = 0.000000
	SensorTimestamp = 298720218000
298.761872 (24.01 fps) cam0-stream0 seq: 000056 bytesused: 31961088
	AeExposureMode = 0
	FrameDuration = 41649
	AnalogueGain = 0.000000
	Saturation = 1.000000
	Contrast = 1.000000
	Gamma = 2.200000
	ExposureTimeMode = 0
	ColourTemperature = 5582
	ExposureTime = 21367
	ColourGains = [ 1.721861, 1.454483 ]
	AwbEnable = true
	AnalogueGainMode = 0
	SensorBlackLevels = [ 4096, 4096, 4096, 4096 ]
	AeConstraintMode = 0
	ExposureValue = 0.000000
	SensorTimestamp = 298761872000
298.803525 (24.01 fps) cam0-stream0 seq: 000057 bytesused: 31961088
	SensorBlackLevels = [ 4096, 4096, 4096, 4096 ]
	AnalogueGainMode = 0
	Contrast = 1.000000
	Saturation = 1.000000
	AnalogueGain = 0.000000
	ExposureTime = 22018
	FrameDuration = 41649
	ExposureTimeMode = 0
	AeExposureMode = 0
	AeConstraintMode = 0
	Gamma = 2.200000
	ExposureValue = 0.000000
	SensorTimestamp = 298803525000
298.845180 (24.01 fps) cam0-stream0 seq: 000058 bytesused: 31961088
	SensorBlackLevels = [ 4096, 4096, 4096, 4096 ]
	AnalogueGainMode = 0
	Contrast = 1.000000
	Saturation = 1.000000
	AnalogueGain = 0.000000
	ExposureTime = 22018
	FrameDuration = 41649
	ExposureTimeMode = 0
	AeExposureMode = 0
	AeConstraintMode = 0
	Gamma = 2.200000
	ExposureValue = 0.000000
	SensorTimestamp = 298845180000
[0:04:58.965869402] [9774]  INFO Benchmark benchmark.cpp:89 Debayer processed 30 frames in 991798us, 33059 us/frame
298.886832 (24.01 fps) cam0-stream0 seq: 000059 bytesused: 31961088
	SensorBlackLevels = [ 4096, 4096, 4096, 4096 ]
	AnalogueGainMode = 0
	Contrast = 1.000000
	Saturation = 1.000000
	AnalogueGain = 0.000000
	ExposureTime = 22018
	FrameDuration = 41649
	ExposureTimeMode = 0
	AeExposureMode = 0
	AeConstraintMode = 0
	Gamma = 2.200000
	ExposureValue = 0.000000
	SensorTimestamp = 298886832000
298.928486 (24.01 fps) cam0-stream0 seq: 000060 bytesused: 31961088
	AeExposureMode = 0
	FrameDuration = 41649
	AnalogueGain = 0.000000
	Saturation = 1.000000
	Contrast = 1.000000
	Gamma = 2.200000
	ExposureTimeMode = 0
	ColourTemperature = 5582
	ExposureTime = 22018
	ColourGains = [ 1.728670, 1.458768 ]
	AwbEnable = true
	AnalogueGainMode = 0
	SensorBlackLevels = [ 4096, 4096, 4096, 4096 ]
	AeConstraintMode = 0
	ExposureValue = 0.000000
	SensorTimestamp = 298928486000
298.970139 (24.01 fps) cam0-stream0 seq: 000061 bytesused: 31961088
	SensorBlackLevels = [ 4096, 4096, 4096, 4096 ]
	AnalogueGainMode = 0
	Contrast = 1.000000
	Saturation = 1.000000
	AnalogueGain = 0.000000
	ExposureTime = 22018
	FrameDuration = 41649
	ExposureTimeMode = 0
	AeExposureMode = 0
	AeConstraintMode = 0
	Gamma = 2.200000
	ExposureValue = 0.000000
	SensorTimestamp = 298970139000
299.011796 (24.01 fps) cam0-stream0 seq: 000062 bytesused: 31961088
	SensorBlackLevels = [ 4096, 4096, 4096, 4096 ]
	AnalogueGainMode = 0
	Contrast = 1.000000
	Saturation = 1.000000
	AnalogueGain = 0.000000
	ExposureTime = 22018
	FrameDuration = 41649
	ExposureTimeMode = 0
	AeExposureMode = 0
	AeConstraintMode = 0
	Gamma = 2.200000
	ExposureValue = 0.000000
	SensorTimestamp = 299011796000
299.053917 (23.74 fps) cam0-stream0 seq: 000063 bytesused: 31961088
	SensorBlackLevels = [ 4096, 4096, 4096, 4096 ]
	AnalogueGainMode = 0
	Contrast = 1.000000
	Saturation = 1.000000
	AnalogueGain = 0.000000
	ExposureTime = 22018
	FrameDuration = 41649
	ExposureTimeMode = 0
	AeExposureMode = 0
	AeConstraintMode = 0
	Gamma = 2.200000
	ExposureValue = 0.000000
	SensorTimestamp = 299053917000
299.095569 (24.01 fps) cam0-stream0 seq: 000064 bytesused: 31961088
	AeExposureMode = 0
	FrameDuration = 41649
	AnalogueGain = 0.000000
	Saturation = 1.000000
	Contrast = 1.000000
	Gamma = 2.200000
	ExposureTimeMode = 0
	ColourTemperature = 5581
	ExposureTime = 22018
	ColourGains = [ 1.734069, 1.462247 ]
	AwbEnable = true
	AnalogueGainMode = 0
	SensorBlackLevels = [ 4096, 4096, 4096, 4096 ]
	AeConstraintMode = 0
	ExposureValue = 0.000000
	SensorTimestamp = 299095569000
299.137224 (24.01 fps) cam0-stream0 seq: 000065 bytesused: 31961088
	SensorBlackLevels = [ 4096, 4096, 4096, 4096 ]
	AnalogueGainMode = 0
	Contrast = 1.000000
	Saturation = 1.000000
	AnalogueGain = 0.000000
	ExposureTime = 22669
	FrameDuration = 41649
	ExposureTimeMode = 0
	AeExposureMode = 0
	AeConstraintMode = 0
	Gamma = 2.200000
	ExposureValue = 0.000000
	SensorTimestamp = 299137224000
299.178876 (24.01 fps) cam0-stream0 seq: 000066 bytesused: 31961088
	SensorBlackLevels = [ 4096, 4096, 4096, 4096 ]
	AnalogueGainMode = 0
	Contrast = 1.000000
	Saturation = 1.000000
	AnalogueGain = 0.000000
	ExposureTime = 22669
	FrameDuration = 41649
	ExposureTimeMode = 0
	AeExposureMode = 0
	AeConstraintMode = 0
	Gamma = 2.200000
	ExposureValue = 0.000000
	SensorTimestamp = 299178876000
299.220531 (24.01 fps) cam0-stream0 seq: 000067 bytesused: 31961088
	SensorBlackLevels = [ 4096, 4096, 4096, 4096 ]
	AnalogueGainMode = 0
	Contrast = 1.000000
	Saturation = 1.000000
	AnalogueGain = 0.000000
	ExposureTime = 22669
	FrameDuration = 41649
	ExposureTimeMode = 0
	AeExposureMode = 0
	AeConstraintMode = 0
	Gamma = 2.200000
	ExposureValue = 0.000000
	SensorTimestamp = 299220531000
299.262185 (24.01 fps) cam0-stream0 seq: 000068 bytesused: 31961088
	AeExposureMode = 0
	FrameDuration = 41649
	AnalogueGain = 0.000000
	Saturation = 1.000000
	Contrast = 1.000000
	Gamma = 2.200000
	ExposureTimeMode = 0
	ColourTemperature = 5576
	ExposureTime = 22669
	ColourGains = [ 1.738672, 1.465337 ]
	AwbEnable = true
	AnalogueGainMode = 0
	SensorBlackLevels = [ 4096, 4096, 4096, 4096 ]
	AeConstraintMode = 0
	ExposureValue = 0.000000
	SensorTimestamp = 299262185000
299.303839 (24.01 fps) cam0-stream0 seq: 000069 bytesused: 31961088
	SensorBlackLevels = [ 4096, 4096, 4096, 4096 ]
	AnalogueGainMode = 0
	Contrast = 1.000000
	Saturation = 1.000000
	AnalogueGain = 0.000000
	ExposureTime = 22669
	FrameDuration = 41649
	ExposureTimeMode = 0
	AeExposureMode = 0
	AeConstraintMode = 0
	Gamma = 2.200000
	ExposureValue = 0.000000
	SensorTimestamp = 299303839000
299.345493 (24.01 fps) cam0-stream0 seq: 000070 bytesused: 31961088
	SensorBlackLevels = [ 4096, 4096, 4096, 4096 ]
	AnalogueGainMode = 0
	Contrast = 1.000000
	Saturation = 1.000000
	AnalogueGain = 0.000000
	ExposureTime = 22669
	FrameDuration = 41649
	ExposureTimeMode = 0
	AeExposureMode = 0
	AeConstraintMode = 0
	Gamma = 2.200000
	ExposureValue = 0.000000
	SensorTimestamp = 299345493000
299.387582 (23.76 fps) cam0-stream0 seq: 000071 bytesused: 31961088
	SensorBlackLevels = [ 4096, 4096, 4096, 4096 ]
	AnalogueGainMode = 0
	Contrast = 1.000000
	Saturation = 1.000000
	AnalogueGain = 0.000000
	ExposureTime = 22669
	FrameDuration = 41649
	ExposureTimeMode = 0
	AeExposureMode = 0
	AeConstraintMode = 0
	Gamma = 2.200000
	ExposureValue = 0.000000
	SensorTimestamp = 299387582000
299.429235 (24.01 fps) cam0-stream0 seq: 000072 bytesused: 31961088
	AeExposureMode = 0
	FrameDuration = 41649
	AnalogueGain = 0.000000
	Saturation = 1.000000
	Contrast = 1.000000
	Gamma = 2.200000
	ExposureTimeMode = 0
	ColourTemperature = 5582
	ExposureTime = 22669
	ColourGains = [ 1.742755, 1.467612 ]
	AwbEnable = true
	AnalogueGainMode = 0
	SensorBlackLevels = [ 4096, 4096, 4096, 4096 ]
	AeConstraintMode = 0
	ExposureValue = 0.000000
	SensorTimestamp = 299429235000
299.470888 (24.01 fps) cam0-stream0 seq: 000073 bytesused: 31961088
	SensorBlackLevels = [ 4096, 4096, 4096, 4096 ]
	AnalogueGainMode = 0
	Contrast = 1.000000
	Saturation = 1.000000
	AnalogueGain = 0.000000
	ExposureTime = 23303
	FrameDuration = 41649
	ExposureTimeMode = 0
	AeExposureMode = 0
	AeConstraintMode = 0
	Gamma = 2.200000
	ExposureValue = 0.000000
	SensorTimestamp = 299470888000
299.512543 (24.01 fps) cam0-stream0 seq: 000074 bytesused: 31961088
	SensorBlackLevels = [ 4096, 4096, 4096, 4096 ]
	AnalogueGainMode = 0
	Contrast = 1.000000
	Saturation = 1.000000
	AnalogueGain = 0.000000
	ExposureTime = 23303
	FrameDuration = 41649
	ExposureTimeMode = 0
	AeExposureMode = 0
	AeConstraintMode = 0
	Gamma = 2.200000
	ExposureValue = 0.000000
	SensorTimestamp = 299512543000
299.554196 (24.01 fps) cam0-stream0 seq: 000075 bytesused: 31961088
	SensorBlackLevels = [ 4096, 4096, 4096, 4096 ]
	AnalogueGainMode = 0
	Contrast = 1.000000
	Saturation = 1.000000
	AnalogueGain = 0.000000
	ExposureTime = 23303
	FrameDuration = 41649
	ExposureTimeMode = 0
	AeExposureMode = 0
	AeConstraintMode = 0
	Gamma = 2.200000
	ExposureValue = 0.000000
	SensorTimestamp = 299554196000
299.595852 (24.01 fps) cam0-stream0 seq: 000076 bytesused: 31961088
	AeExposureMode = 0
	FrameDuration = 41649
	AnalogueGain = 0.000000
	Saturation = 1.000000
	Contrast = 1.000000
	Gamma = 2.200000
	ExposureTimeMode = 0
	ColourTemperature = 5573
	ExposureTime = 23303
	ColourGains = [ 1.745664, 1.469757 ]
	AwbEnable = true
	AnalogueGainMode = 0
	SensorBlackLevels = [ 4096, 4096, 4096, 4096 ]
	AeConstraintMode = 0
	ExposureValue = 0.000000
	SensorTimestamp = 299595852000
299.637506 (24.01 fps) cam0-stream0 seq: 000077 bytesused: 31961088
	SensorBlackLevels = [ 4096, 4096, 4096, 4096 ]
	AnalogueGainMode = 0
	Contrast = 1.000000
	Saturation = 1.000000
	AnalogueGain = 0.000000
	ExposureTime = 23303
	FrameDuration = 41649
	ExposureTimeMode = 0
	AeExposureMode = 0
	AeConstraintMode = 0
	Gamma = 2.200000
	ExposureValue = 0.000000
	SensorTimestamp = 299637506000
299.679158 (24.01 fps) cam0-stream0 seq: 000078 bytesused: 31961088
	SensorBlackLevels = [ 4096, 4096, 4096, 4096 ]
	AnalogueGainMode = 0
	Contrast = 1.000000
	Saturation = 1.000000
	AnalogueGain = 0.000000
	ExposureTime = 23303
	FrameDuration = 41649
	ExposureTimeMode = 0
	AeExposureMode = 0
	AeConstraintMode = 0
	Gamma = 2.200000
	ExposureValue = 0.000000
	SensorTimestamp = 299679158000
299.721247 (23.76 fps) cam0-stream0 seq: 000079 bytesused: 31961088
	SensorBlackLevels = [ 4096, 4096, 4096, 4096 ]
	AnalogueGainMode = 0
	Contrast = 1.000000
	Saturation = 1.000000
	AnalogueGain = 0.000000
	ExposureTime = 23303
	FrameDuration = 41649
	ExposureTimeMode = 0
	AeExposureMode = 0
	AeConstraintMode = 0
	Gamma = 2.200000
	ExposureValue = 0.000000
	SensorTimestamp = 299721247000
299.762902 (24.01 fps) cam0-stream0 seq: 000080 bytesused: 31961088
	AeExposureMode = 0
	FrameDuration = 41649
	AnalogueGain = 0.000000
	Saturation = 1.000000
	Contrast = 1.000000
	Gamma = 2.200000
	ExposureTimeMode = 0
	ColourTemperature = 5578
	ExposureTime = 23303
	ColourGains = [ 1.748331, 1.471344 ]
	AwbEnable = true
	AnalogueGainMode = 0
	SensorBlackLevels = [ 4096, 4096, 4096, 4096 ]
	AeConstraintMode = 0
	ExposureValue = 0.000000
	SensorTimestamp = 299762902000
299.804556 (24.01 fps) cam0-stream0 seq: 000081 bytesused: 31961088
	SensorBlackLevels = [ 4096, 4096, 4096, 4096 ]
	AnalogueGainMode = 0
	Contrast = 1.000000
	Saturation = 1.000000
	AnalogueGain = 0.000000
	ExposureTime = 23904
	FrameDuration = 41649
	ExposureTimeMode = 0
	AeExposureMode = 0
	AeConstraintMode = 0
	Gamma = 2.200000
	ExposureValue = 0.000000
	SensorTimestamp = 299804556000
299.846207 (24.01 fps) cam0-stream0 seq: 000082 bytesused: 31961088
	SensorBlackLevels = [ 4096, 4096, 4096, 4096 ]
	AnalogueGainMode = 0
	Contrast = 1.000000
	Saturation = 1.000000
	AnalogueGain = 0.000000
	ExposureTime = 23904
	FrameDuration = 41649
	ExposureTimeMode = 0
	AeExposureMode = 0
	AeConstraintMode = 0
	Gamma = 2.200000
	ExposureValue = 0.000000
	SensorTimestamp = 299846207000
299.887861 (24.01 fps) cam0-stream0 seq: 000083 bytesused: 31961088
	SensorBlackLevels = [ 4096, 4096, 4096, 4096 ]
	AnalogueGainMode = 0
	Contrast = 1.000000
	Saturation = 1.000000
	AnalogueGain = 0.000000
	ExposureTime = 23904
	FrameDuration = 41649
	ExposureTimeMode = 0
	AeExposureMode = 0
	AeConstraintMode = 0
	Gamma = 2.200000
	ExposureValue = 0.000000
	SensorTimestamp = 299887861000
299.929517 (24.01 fps) cam0-stream0 seq: 000084 bytesused: 31961088
	AeExposureMode = 0
	FrameDuration = 41649
	AnalogueGain = 0.000000
	Saturation = 1.000000
	Contrast = 1.000000
	Gamma = 2.200000
	ExposureTimeMode = 0
	ColourTemperature = 5571
	ExposureTime = 23904
	ColourGains = [ 1.750149, 1.472865 ]
	AwbEnable = true
	AnalogueGainMode = 0
	SensorBlackLevels = [ 4096, 4096, 4096, 4096 ]
	AeConstraintMode = 0
	ExposureValue = 0.000000
	SensorTimestamp = 299929517000
299.971173 (24.01 fps) cam0-stream0 seq: 000085 bytesused: 31961088
	SensorBlackLevels = [ 4096, 4096, 4096, 4096 ]
	AnalogueGainMode = 0
	Contrast = 1.000000
	Saturation = 1.000000
	AnalogueGain = 0.000000
	ExposureTime = 23904
	FrameDuration = 41649
	ExposureTimeMode = 0
	AeExposureMode = 0
	AeConstraintMode = 0
	Gamma = 2.200000
	ExposureValue = 0.000000
	SensorTimestamp = 299971173000
300.012823 (24.01 fps) cam0-stream0 seq: 000086 bytesused: 31961088
	SensorBlackLevels = [ 4096, 4096, 4096, 4096 ]
	AnalogueGainMode = 0
	Contrast = 1.000000
	Saturation = 1.000000
	AnalogueGain = 0.000000
	ExposureTime = 23904
	FrameDuration = 41649
	ExposureTimeMode = 0
	AeExposureMode = 0
	AeConstraintMode = 0
	Gamma = 2.200000
	ExposureValue = 0.000000
	SensorTimestamp = 300012823000
300.054879 (23.78 fps) cam0-stream0 seq: 000087 bytesused: 31961088
	SensorBlackLevels = [ 4096, 4096, 4096, 4096 ]
	AnalogueGainMode = 0
	Contrast = 1.000000
	Saturation = 1.000000
	AnalogueGain = 0.000000
	ExposureTime = 23904
	FrameDuration = 41649
	ExposureTimeMode = 0
	AeExposureMode = 0
	AeConstraintMode = 0
	Gamma = 2.200000
	ExposureValue = 0.000000
	SensorTimestamp = 300054879000
300.096535 (24.01 fps) cam0-stream0 seq: 000088 bytesused: 31961088
	AeExposureMode = 0
	FrameDuration = 41649
	AnalogueGain = 0.000000
	Saturation = 1.000000
	Contrast = 1.000000
	Gamma = 2.200000
	ExposureTimeMode = 0
	ColourTemperature = 5579
	ExposureTime = 23904
	ColourGains = [ 1.751649, 1.473709 ]
	AwbEnable = true
	AnalogueGainMode = 0
	SensorBlackLevels = [ 4096, 4096, 4096, 4096 ]
	AeConstraintMode = 0
	ExposureValue = 0.000000
	SensorTimestamp = 300096535000
300.138186 (24.01 fps) cam0-stream0 seq: 000089 bytesused: 31961088
	SensorBlackLevels = [ 4096, 4096, 4096, 4096 ]
	AnalogueGainMode = 0
	Contrast = 1.000000
	Saturation = 1.000000
	AnalogueGain = 0.000000
	ExposureTime = 24489
	FrameDuration = 41649
	ExposureTimeMode = 0
	AeExposureMode = 0
	AeConstraintMode = 0
	Gamma = 2.200000
	ExposureValue = 0.000000
	SensorTimestamp = 300138186000
