[0:03:17.165397210] [9247]  INFO Camera camera_manager.cpp:340 libcamera v0.7.2+160-8103c3f2-dirty (2026-10-08T19:49:32CEST)
[0:03:17.167986096] [9254]  INFO IPAManager ipa_manager.cpp:147 libcamera is not installed. Adding '/home/nicfio/src/libcamera/build/src/ipa' to the IPA search path
[0:03:17.538069410] [9254]  WARN CameraSensorProperties camera_sensor_properties.cpp:616 No static properties available for 'gc5035'
[0:03:17.538195569] [9254]  WARN CameraSensorProperties camera_sensor_properties.cpp:618 Please consider updating the camera sensor properties database
[0:03:17.538400286] [9254]  WARN CameraSensor camera_sensor_legacy.cpp:518 'gc5035 2-003f': No sensor delays found in static properties. Assuming unverified defaults.
[0:03:17.542835118] [9254]  WARN CameraSensorProperties camera_sensor_properties.cpp:616 No static properties available for 'gc8034'
[0:03:17.542988171] [9254]  WARN CameraSensorProperties camera_sensor_properties.cpp:618 Please consider updating the camera sensor properties database
[0:03:17.543157473] [9254]  WARN CameraSensor camera_sensor_legacy.cpp:518 'gc8034 1-0037': No sensor delays found in static properties. Assuming unverified defaults.
[0:03:17.653168481] [9254]  INFO IPAProxy ipa_proxy.cpp:73 libcamera is not installed. Loading IPA configuration from '/home/nicfio/src/libcamera/src/ipa/softisp/data'
[0:03:17.654079587] [9254]  INFO IPAProxy ipa_proxy.cpp:73 libcamera is not installed. Loading IPA configuration from '/home/nicfio/src/libcamera/src/ipa/softisp/data'
[0:03:17.654196584] [9254]  WARN IPAProxy ipa_proxy.cpp:196 Configuration file 'gc5035.yaml' not found for IPA module 'softisp', falling back to '/home/nicfio/src/libcamera/src/ipa/softisp/data/uncalibrated.yaml'
[0:03:17.655246264] [9254]  INFO Awb awb.cpp:213 No AWB algorithm specified, using grey world
[0:03:17.655459966] [9254]  WARN Awb awb_grey.cpp:49 Failed to parse 'colourGains' parameter from tuning file; manual colour temperature will not work properly
[0:03:17.657772857] [9254]  INFO Camera camera_manager.cpp:223 Adding camera '\_SB_.PC00.LNK1' for pipeline handler simple
[0:03:17.696904055] [9254]  INFO IPAProxy ipa_proxy.cpp:73 libcamera is not installed. Loading IPA configuration from '/home/nicfio/src/libcamera/src/ipa/softisp/data'
[0:03:17.698177518] [9254]  INFO IPAProxy ipa_proxy.cpp:73 libcamera is not installed. Loading IPA configuration from '/home/nicfio/src/libcamera/src/ipa/softisp/data'
[0:03:17.698297298] [9254]  WARN IPAProxy ipa_proxy.cpp:196 Configuration file 'gc8034.yaml' not found for IPA module 'softisp', falling back to '/home/nicfio/src/libcamera/src/ipa/softisp/data/uncalibrated.yaml'
[0:03:17.698795837] [9254]  INFO Awb awb.cpp:213 No AWB algorithm specified, using grey world
[0:03:17.698860703] [9254]  WARN Awb awb_grey.cpp:49 Failed to parse 'colourGains' parameter from tuning file; manual colour temperature will not work properly
[0:03:17.699795107] [9254]  INFO Camera camera_manager.cpp:223 Adding camera '\_SB_.PC00.LNK0' for pipeline handler simple
Using camera \_SB_.PC00.LNK1 as cam0
[0:03:17.701386628] [9247]  INFO Camera camera.cpp:1216 configuring streams: (0) 2584x1944-ABGR8888/sRGB
[0:03:17.701921490] [9254]  INFO SimplePipeline simple.cpp:1570 Input buffer stride ignored by the driver. Requested 5376, got 5184
[0:03:17.703444596] [9254]  INFO Awb awb_grey.cpp:107 No gains curve defined, unable to interpolate gains to colour temperature
[0:03:17.703780041] [9254]  INFO SoftwareIsp software_isp.cpp:300 Input 2592x1944-GRBG-10 stride 5184
[0:03:17.800957379] [9294]  INFO eGL egl.cpp:408 EGL: EGL_VERSION: 1.5
[0:03:17.801152491] [9294]  INFO eGL egl.cpp:409 EGL: EGL_VENDOR: Mesa Project
[0:03:17.801218075] [9294]  INFO eGL egl.cpp:410 EGL: EGL_CLIENT_APIS: OpenGL OpenGL_ES 
[0:03:17.801263298] [9294]  INFO eGL egl.cpp:411 EGL: EGL_EXTENSIONS: EGL_ANDROID_blob_cache EGL_ANDROID_native_fence_sync EGL_EXT_config_select_group EGL_EXT_create_context_robustness EGL_EXT_image_dma_buf_import EGL_EXT_image_dma_buf_import_modifiers EGL_EXT_query_reset_notification_strategy EGL_EXT_surface_compression EGL_IMG_context_priority EGL_KHR_cl_event2 EGL_KHR_config_attribs EGL_KHR_context_flush_control EGL_KHR_create_context EGL_KHR_create_context_no_error EGL_KHR_fence_sync EGL_KHR_get_all_proc_addresses EGL_KHR_gl_colorspace EGL_KHR_gl_renderbuffer_image EGL_KHR_gl_texture_2D_image EGL_KHR_gl_texture_3D_image EGL_KHR_gl_texture_cubemap_image EGL_KHR_image_base EGL_KHR_no_config_context EGL_KHR_partial_update EGL_KHR_reusable_sync EGL_KHR_surfaceless_context EGL_EXT_pixel_format_float EGL_KHR_wait_sync EGL_MESA_configless_context EGL_MESA_drm_image EGL_MESA_gl_interop EGL_MESA_image_dma_buf_export EGL_MESA_query_driver EGL_MESA_x11_native_visual_id EGL_WL_bind_wayland_display 
[0:03:17.810384365] [9294]  INFO eGL egl.cpp:447 EGL: GL_RENDERER: Mesa Intel(R) Graphics (ADL-N)
[0:03:17.810532622] [9294]  INFO eGL egl.cpp:448 EGL: GL_VERSION: OpenGL ES 3.2 Mesa 25.0.7-2+deb13u1
cam0: Capture 90 frames
[0:03:18.120958206] [9294]  INFO Debayer debayer_egl.cpp:523 Importing input DMABuf failed, falling back to upload
198.086065 (0.00 fps) cam0-stream0 seq: 000000 bytesused: 20404224
	AeExposureMode = 0
	FrameDuration = 34685
	AnalogueGain = 1.000000
	SensorTimestamp = 198086065000
	ExposureValue = 0.000000
	Gamma = 2.200000
	AeConstraintMode = 0
	AwbEnable = true
	SensorBlackLevels = [ 4096, 4096, 4096, 4096 ]
	AnalogueGainMode = 0
	ColourGains = [ 1.000000, 1.000000 ]
	ExposureTime = 17005
	ColourTemperature = 5000
	ExposureTimeMode = 0
	Contrast = 1.000000
	Saturation = 1.000000
198.120765 (28.82 fps) cam0-stream0 seq: 000001 bytesused: 20404224
	SensorBlackLevels = [ 4096, 4096, 4096, 4096 ]
	AnalogueGainMode = 0
	Contrast = 1.000000
	Saturation = 1.000000
	AnalogueGain = 1.000000
	ExposureTime = 17005
	FrameDuration = 34685
	ExposureTimeMode = 0
	AeExposureMode = 0
	AeConstraintMode = 0
	Gamma = 2.200000
	ExposureValue = 0.000000
	SensorTimestamp = 198120765000
198.155469 (28.82 fps) cam0-stream0 seq: 000002 bytesused: 20404224
	SensorBlackLevels = [ 4096, 4096, 4096, 4096 ]
	AnalogueGainMode = 0
	Contrast = 1.000000
	Saturation = 1.000000
	AnalogueGain = 6.683439
	ExposureTime = 34426
	FrameDuration = 34685
	ExposureTimeMode = 0
	AeExposureMode = 0
	AeConstraintMode = 0
	Gamma = 2.200000
	ExposureValue = 0.000000
	SensorTimestamp = 198155469000
198.190175 (28.81 fps) cam0-stream0 seq: 000003 bytesused: 20404224
	SensorBlackLevels = [ 4096, 4096, 4096, 4096 ]
	AnalogueGainMode = 0
	Contrast = 1.000000
	Saturation = 1.000000
	AnalogueGain = 6.683439
	ExposureTime = 34426
	FrameDuration = 34685
	ExposureTimeMode = 0
	AeExposureMode = 0
	AeConstraintMode = 0
	Gamma = 2.200000
	ExposureValue = 0.000000
	SensorTimestamp = 198190175000
198.224877 (28.82 fps) cam0-stream0 seq: 000004 bytesused: 20404224
	AeExposureMode = 0
	FrameDuration = 34685
	AnalogueGain = 6.683439
	Saturation = 1.000000
	Contrast = 1.000000
	Gamma = 2.200000
	ExposureTimeMode = 0
	ColourTemperature = 6483
	ExposureTime = 34426
	ColourGains = [ 1.037161, 1.034186 ]
	AwbEnable = true
	AnalogueGainMode = 0
	SensorBlackLevels = [ 4096, 4096, 4096, 4096 ]
	AeConstraintMode = 0
	ExposureValue = 0.000000
	SensorTimestamp = 198224877000
198.259581 (28.82 fps) cam0-stream0 seq: 000005 bytesused: 20404224
	SensorBlackLevels = [ 4096, 4096, 4096, 4096 ]
	AnalogueGainMode = 0
	Contrast = 1.000000
	Saturation = 1.000000
	AnalogueGain = 6.683439
	ExposureTime = 34426
	FrameDuration = 34685
	ExposureTimeMode = 0
	AeExposureMode = 0
	AeConstraintMode = 0
	Gamma = 2.200000
	ExposureValue = 0.000000
	SensorTimestamp = 198259581000
198.294287 (28.81 fps) cam0-stream0 seq: 000006 bytesused: 20404224
	SensorBlackLevels = [ 4096, 4096, 4096, 4096 ]
	AnalogueGainMode = 0
	Contrast = 1.000000
	Saturation = 1.000000
	AnalogueGain = 6.683439
	ExposureTime = 34426
	FrameDuration = 34685
	ExposureTimeMode = 0
	AeExposureMode = 0
	AeConstraintMode = 0
	Gamma = 2.200000
	ExposureValue = 0.000000
	SensorTimestamp = 198294287000
198.328990 (28.82 fps) cam0-stream0 seq: 000007 bytesused: 20404224
	SensorBlackLevels = [ 4096, 4096, 4096, 4096 ]
	AnalogueGainMode = 0
	Contrast = 1.000000
	Saturation = 1.000000
	AnalogueGain = 6.683439
	ExposureTime = 34426
	FrameDuration = 34685
	ExposureTimeMode = 0
	AeExposureMode = 0
	AeConstraintMode = 0
	Gamma = 2.200000
	ExposureValue = 0.000000
	SensorTimestamp = 198328990000
198.363693 (28.82 fps) cam0-stream0 seq: 000008 bytesused: 20404224
	AeExposureMode = 0
	FrameDuration = 34685
	AnalogueGain = 6.683439
	Saturation = 1.000000
	Contrast = 1.000000
	Gamma = 2.200000
	ExposureTimeMode = 0
	ColourTemperature = 6510
	ExposureTime = 34426
	ColourGains = [ 1.066918, 1.061099 ]
	AwbEnable = true
	AnalogueGainMode = 0
	SensorBlackLevels = [ 4096, 4096, 4096, 4096 ]
	AeConstraintMode = 0
	ExposureValue = 0.000000
	SensorTimestamp = 198363693000
198.398399 (28.81 fps) cam0-stream0 seq: 000009 bytesused: 20404224
	SensorBlackLevels = [ 4096, 4096, 4096, 4096 ]
	AnalogueGainMode = 0
	Contrast = 1.000000
	Saturation = 1.000000
	AnalogueGain = 11.220184
	ExposureTime = 34426
	FrameDuration = 34685
	ExposureTimeMode = 0
	AeExposureMode = 0
	AeConstraintMode = 0
	Gamma = 2.200000
	ExposureValue = 0.000000
	SensorTimestamp = 198398399000
198.433105 (28.81 fps) cam0-stream0 seq: 000010 bytesused: 20404224
	SensorBlackLevels = [ 4096, 4096, 4096, 4096 ]
	AnalogueGainMode = 0
	Contrast = 1.000000
	Saturation = 1.000000
	AnalogueGain = 11.220184
	ExposureTime = 34426
	FrameDuration = 34685
	ExposureTimeMode = 0
	AeExposureMode = 0
	AeConstraintMode = 0
	Gamma = 2.200000
	ExposureValue = 0.000000
	SensorTimestamp = 198433105000
198.467807 (28.82 fps) cam0-stream0 seq: 000011 bytesused: 20404224
	SensorBlackLevels = [ 4096, 4096, 4096, 4096 ]
	AnalogueGainMode = 0
	Contrast = 1.000000
	Saturation = 1.000000
	AnalogueGain = 11.220184
	ExposureTime = 34426
	FrameDuration = 34685
	ExposureTimeMode = 0
	AeExposureMode = 0
	AeConstraintMode = 0
	Gamma = 2.200000
	ExposureValue = 0.000000
	SensorTimestamp = 198467807000
198.502510 (28.82 fps) cam0-stream0 seq: 000012 bytesused: 20404224
	AeExposureMode = 0
	FrameDuration = 34685
	AnalogueGain = 11.220184
	Saturation = 1.000000
	Contrast = 1.000000
	Gamma = 2.200000
	ExposureTimeMode = 0
	ColourTemperature = 5566
	ExposureTime = 34426
	ColourGains = [ 1.188557, 1.139998 ]
	AwbEnable = true
	AnalogueGainMode = 0
	SensorBlackLevels = [ 4096, 4096, 4096, 4096 ]
	AeConstraintMode = 0
	ExposureValue = 0.000000
	SensorTimestamp = 198502510000
198.537214 (28.82 fps) cam0-stream0 seq: 000013 bytesused: 20404224
	SensorBlackLevels = [ 4096, 4096, 4096, 4096 ]
	AnalogueGainMode = 0
	Contrast = 1.000000
	Saturation = 1.000000
	AnalogueGain = 2.818383
	ExposureTime = 34426
	FrameDuration = 34685
	ExposureTimeMode = 0
	AeExposureMode = 0
	AeConstraintMode = 0
	Gamma = 2.200000
	ExposureValue = 0.000000
	SensorTimestamp = 198537214000
198.571918 (28.82 fps) cam0-stream0 seq: 000014 bytesused: 20404224
	SensorBlackLevels = [ 4096, 4096, 4096, 4096 ]
	AnalogueGainMode = 0
	Contrast = 1.000000
	Saturation = 1.000000
	AnalogueGain = 2.818383
	ExposureTime = 34426
	FrameDuration = 34685
	ExposureTimeMode = 0
	AeExposureMode = 0
	AeConstraintMode = 0
	Gamma = 2.200000
	ExposureValue = 0.000000
	SensorTimestamp = 198571918000
198.606623 (28.81 fps) cam0-stream0 seq: 000015 bytesused: 20404224
	SensorBlackLevels = [ 4096, 4096, 4096, 4096 ]
	AnalogueGainMode = 0
	Contrast = 1.000000
	Saturation = 1.000000
	AnalogueGain = 2.818383
	ExposureTime = 34426
	FrameDuration = 34685
	ExposureTimeMode = 0
	AeExposureMode = 0
	AeConstraintMode = 0
	Gamma = 2.200000
	ExposureValue = 0.000000
	SensorTimestamp = 198606623000
198.641327 (28.82 fps) cam0-stream0 seq: 000016 bytesused: 20404224
	AeExposureMode = 0
	FrameDuration = 34685
	AnalogueGain = 2.818383
	Saturation = 1.000000
	Contrast = 1.000000
	Gamma = 2.200000
	ExposureTimeMode = 0
	ColourTemperature = 6423
	ExposureTime = 34426
	ColourGains = [ 1.222521, 1.157994 ]
	AwbEnable = true
	AnalogueGainMode = 0
	SensorBlackLevels = [ 4096, 4096, 4096, 4096 ]
	AeConstraintMode = 0
	ExposureValue = 0.000000
	SensorTimestamp = 198641327000
198.676031 (28.82 fps) cam0-stream0 seq: 000017 bytesused: 20404224
	SensorBlackLevels = [ 4096, 4096, 4096, 4096 ]
	AnalogueGainMode = 0
	Contrast = 1.000000
	Saturation = 1.000000
	AnalogueGain = 4.731513
	ExposureTime = 34426
	FrameDuration = 34685
	ExposureTimeMode = 0
	AeExposureMode = 0
	AeConstraintMode = 0
	Gamma = 2.200000
	ExposureValue = 0.000000
	SensorTimestamp = 198676031000
198.710736 (28.81 fps) cam0-stream0 seq: 000018 bytesused: 20404224
	SensorBlackLevels = [ 4096, 4096, 4096, 4096 ]
	AnalogueGainMode = 0
	Contrast = 1.000000
	Saturation = 1.000000
	AnalogueGain = 4.731513
	ExposureTime = 34426
	FrameDuration = 34685
	ExposureTimeMode = 0
	AeExposureMode = 0
	AeConstraintMode = 0
	Gamma = 2.200000
	ExposureValue = 0.000000
	SensorTimestamp = 198710736000
198.745441 (28.81 fps) cam0-stream0 seq: 000019 bytesused: 20404224
	SensorBlackLevels = [ 4096, 4096, 4096, 4096 ]
	AnalogueGainMode = 0
	Contrast = 1.000000
	Saturation = 1.000000
	AnalogueGain = 4.731513
	ExposureTime = 34426
	FrameDuration = 34685
	ExposureTimeMode = 0
	AeExposureMode = 0
	AeConstraintMode = 0
	Gamma = 2.200000
	ExposureValue = 0.000000
	SensorTimestamp = 198745441000
198.780146 (28.81 fps) cam0-stream0 seq: 000020 bytesused: 20404224
	AeExposureMode = 0
	FrameDuration = 34685
	AnalogueGain = 4.731513
	Saturation = 1.000000
	Contrast = 1.000000
	Gamma = 2.200000
	ExposureTimeMode = 0
	ColourTemperature = 6654
	ExposureTime = 34426
	ColourGains = [ 1.219799, 1.159241 ]
	AwbEnable = true
	AnalogueGainMode = 0
	SensorBlackLevels = [ 4096, 4096, 4096, 4096 ]
	AeConstraintMode = 0
	ExposureValue = 0.000000
	SensorTimestamp = 198780146000
198.814850 (28.82 fps) cam0-stream0 seq: 000021 bytesused: 20404224
	SensorBlackLevels = [ 4096, 4096, 4096, 4096 ]
	AnalogueGainMode = 0
	Contrast = 1.000000
	Saturation = 1.000000
	AnalogueGain = 1.678804
	ExposureTime = 34426
	FrameDuration = 34685
	ExposureTimeMode = 0
	AeExposureMode = 0
	AeConstraintMode = 0
	Gamma = 2.200000
	ExposureValue = 0.000000
	SensorTimestamp = 198814850000
198.849554 (28.82 fps) cam0-stream0 seq: 000022 bytesused: 20404224
	SensorBlackLevels = [ 4096, 4096, 4096, 4096 ]
	AnalogueGainMode = 0
	Contrast = 1.000000
	Saturation = 1.000000
	AnalogueGain = 1.678804
	ExposureTime = 34426
	FrameDuration = 34685
	ExposureTimeMode = 0
	AeExposureMode = 0
	AeConstraintMode = 0
	Gamma = 2.200000
	ExposureValue = 0.000000
	SensorTimestamp = 198849554000
198.884259 (28.81 fps) cam0-stream0 seq: 000023 bytesused: 20404224
	SensorBlackLevels = [ 4096, 4096, 4096, 4096 ]
	AnalogueGainMode = 0
	Contrast = 1.000000
	Saturation = 1.000000
	AnalogueGain = 1.678804
	ExposureTime = 34426
	FrameDuration = 34685
	ExposureTimeMode = 0
	AeExposureMode = 0
	AeConstraintMode = 0
	Gamma = 2.200000
	ExposureValue = 0.000000
	SensorTimestamp = 198884259000
198.918962 (28.82 fps) cam0-stream0 seq: 000024 bytesused: 20404224
	AeExposureMode = 0
	FrameDuration = 34685
	AnalogueGain = 1.678804
	Saturation = 1.000000
	Contrast = 1.000000
	Gamma = 2.200000
	ExposureTimeMode = 0
	ColourTemperature = 5740
	ExposureTime = 34426
	ColourGains = [ 1.303863, 1.209146 ]
	AwbEnable = true
	AnalogueGainMode = 0
	SensorBlackLevels = [ 4096, 4096, 4096, 4096 ]
	AeConstraintMode = 0
	ExposureValue = 0.000000
	SensorTimestamp = 198918962000
198.953665 (28.82 fps) cam0-stream0 seq: 000025 bytesused: 20404224
	SensorBlackLevels = [ 4096, 4096, 4096, 4096 ]
	AnalogueGainMode = 0
	Contrast = 1.000000
	Saturation = 1.000000
	AnalogueGain = 1.995262
	ExposureTime = 34426
	FrameDuration = 34685
	ExposureTimeMode = 0
	AeExposureMode = 0
	AeConstraintMode = 0
	Gamma = 2.200000
	ExposureValue = 0.000000
	SensorTimestamp = 198953665000
198.988372 (28.81 fps) cam0-stream0 seq: 000026 bytesused: 20404224
	SensorBlackLevels = [ 4096, 4096, 4096, 4096 ]
	AnalogueGainMode = 0
	Contrast = 1.000000
	Saturation = 1.000000
	AnalogueGain = 1.995262
	ExposureTime = 34426
	FrameDuration = 34685
	ExposureTimeMode = 0
	AeExposureMode = 0
	AeConstraintMode = 0
	Gamma = 2.200000
	ExposureValue = 0.000000
	SensorTimestamp = 198988372000
199.023074 (28.82 fps) cam0-stream0 seq: 000027 bytesused: 20404224
	SensorBlackLevels = [ 4096, 4096, 4096, 4096 ]
	AnalogueGainMode = 0
	Contrast = 1.000000
	Saturation = 1.000000
	AnalogueGain = 1.995262
	ExposureTime = 34426
	FrameDuration = 34685
	ExposureTimeMode = 0
	AeExposureMode = 0
	AeConstraintMode = 0
	Gamma = 2.200000
	ExposureValue = 0.000000
	SensorTimestamp = 199023074000
199.057776 (28.82 fps) cam0-stream0 seq: 000028 bytesused: 20404224
	AeExposureMode = 0
	FrameDuration = 34685
	AnalogueGain = 1.995262
	Saturation = 1.000000
	Contrast = 1.000000
	Gamma = 2.200000
	ExposureTimeMode = 0
	ColourTemperature = 6077
	ExposureTime = 34426
	ColourGains = [ 1.341626, 1.229387 ]
	AwbEnable = true
	AnalogueGainMode = 0
	SensorBlackLevels = [ 4096, 4096, 4096, 4096 ]
	AeConstraintMode = 0
	ExposureValue = 0.000000
	SensorTimestamp = 199057776000
199.092483 (28.81 fps) cam0-stream0 seq: 000029 bytesused: 20404224
	SensorBlackLevels = [ 4096, 4096, 4096, 4096 ]
	AnalogueGainMode = 0
	Contrast = 1.000000
	Saturation = 1.000000
	AnalogueGain = 1.678804
	ExposureTime = 34426
	FrameDuration = 34685
	ExposureTimeMode = 0
	AeExposureMode = 0
	AeConstraintMode = 0
	Gamma = 2.200000
	ExposureValue = 0.000000
	SensorTimestamp = 199092483000
199.127185 (28.82 fps) cam0-stream0 seq: 000030 bytesused: 20404224
	SensorBlackLevels = [ 4096, 4096, 4096, 4096 ]
	AnalogueGainMode = 0
	Contrast = 1.000000
	Saturation = 1.000000
	AnalogueGain = 1.678804
	ExposureTime = 34426
	FrameDuration = 34685
	ExposureTimeMode = 0
	AeExposureMode = 0
	AeConstraintMode = 0
	Gamma = 2.200000
	ExposureValue = 0.000000
	SensorTimestamp = 199127185000
199.161890 (28.81 fps) cam0-stream0 seq: 000031 bytesused: 20404224
	SensorBlackLevels = [ 4096, 4096, 4096, 4096 ]
	AnalogueGainMode = 0
	Contrast = 1.000000
	Saturation = 1.000000
	AnalogueGain = 1.678804
	ExposureTime = 34426
	FrameDuration = 34685
	ExposureTimeMode = 0
	AeExposureMode = 0
	AeConstraintMode = 0
	Gamma = 2.200000
	ExposureValue = 0.000000
	SensorTimestamp = 199161890000
199.196594 (28.82 fps) cam0-stream0 seq: 000032 bytesused: 20404224
	AeExposureMode = 0
	FrameDuration = 34685
	AnalogueGain = 1.678804
	Saturation = 1.000000
	Contrast = 1.000000
	Gamma = 2.200000
	ExposureTimeMode = 0
	ColourTemperature = 5596
	ExposureTime = 34426
	ColourGains = [ 1.411184, 1.274165 ]
	AwbEnable = true
	AnalogueGainMode = 0
	SensorBlackLevels = [ 4096, 4096, 4096, 4096 ]
	AeConstraintMode = 0
	ExposureValue = 0.000000
	SensorTimestamp = 199196594000
199.231299 (28.81 fps) cam0-stream0 seq: 000033 bytesused: 20404224
	SensorBlackLevels = [ 4096, 4096, 4096, 4096 ]
	AnalogueGainMode = 0
	Contrast = 1.000000
	Saturation = 1.000000
	AnalogueGain = 1.678804
	ExposureTime = 34426
	FrameDuration = 34685
	ExposureTimeMode = 0
	AeExposureMode = 0
	AeConstraintMode = 0
	Gamma = 2.200000
	ExposureValue = 0.000000
	SensorTimestamp = 199231299000
199.266002 (28.82 fps) cam0-stream0 seq: 000034 bytesused: 20404224
	SensorBlackLevels = [ 4096, 4096, 4096, 4096 ]
	AnalogueGainMode = 0
	Contrast = 1.000000
	Saturation = 1.000000
	AnalogueGain = 1.678804
	ExposureTime = 34426
	FrameDuration = 34685
	ExposureTimeMode = 0
	AeExposureMode = 0
	AeConstraintMode = 0
	Gamma = 2.200000
	ExposureValue = 0.000000
	SensorTimestamp = 199266002000
199.300706 (28.82 fps) cam0-stream0 seq: 000035 bytesused: 20404224
	SensorBlackLevels = [ 4096, 4096, 4096, 4096 ]
	AnalogueGainMode = 0
	Contrast = 1.000000
	Saturation = 1.000000
	AnalogueGain = 1.678804
	ExposureTime = 34426
	FrameDuration = 34685
	ExposureTimeMode = 0
	AeExposureMode = 0
	AeConstraintMode = 0
	Gamma = 2.200000
	ExposureValue = 0.000000
	SensorTimestamp = 199300706000
199.335412 (28.81 fps) cam0-stream0 seq: 000036 bytesused: 20404224
	AeExposureMode = 0
	FrameDuration = 34685
	AnalogueGain = 1.678804
	Saturation = 1.000000
	Contrast = 1.000000
	Gamma = 2.200000
	ExposureTimeMode = 0
	ColourTemperature = 5602
	ExposureTime = 34426
	ColourGains = [ 1.467355, 1.309893 ]
	AwbEnable = true
	AnalogueGainMode = 0
	SensorBlackLevels = [ 4096, 4096, 4096, 4096 ]
	AeConstraintMode = 0
	ExposureValue = 0.000000
	SensorTimestamp = 199335412000
199.370113 (28.82 fps) cam0-stream0 seq: 000037 bytesused: 20404224
	SensorBlackLevels = [ 4096, 4096, 4096, 4096 ]
	AnalogueGainMode = 0
	Contrast = 1.000000
	Saturation = 1.000000
	AnalogueGain = 1.678804
	ExposureTime = 34426
	FrameDuration = 34685
	ExposureTimeMode = 0
	AeExposureMode = 0
	AeConstraintMode = 0
	Gamma = 2.200000
	ExposureValue = 0.000000
	SensorTimestamp = 199370113000
199.404819 (28.81 fps) cam0-stream0 seq: 000038 bytesused: 20404224
	SensorBlackLevels = [ 4096, 4096, 4096, 4096 ]
	AnalogueGainMode = 0
	Contrast = 1.000000
	Saturation = 1.000000
	AnalogueGain = 1.678804
	ExposureTime = 34426
	FrameDuration = 34685
	ExposureTimeMode = 0
	AeExposureMode = 0
	AeConstraintMode = 0
	Gamma = 2.200000
	ExposureValue = 0.000000
	SensorTimestamp = 199404819000
199.439523 (28.82 fps) cam0-stream0 seq: 000039 bytesused: 20404224
	SensorBlackLevels = [ 4096, 4096, 4096, 4096 ]
	AnalogueGainMode = 0
	Contrast = 1.000000
	Saturation = 1.000000
	AnalogueGain = 1.678804
	ExposureTime = 34426
	FrameDuration = 34685
	ExposureTimeMode = 0
	AeExposureMode = 0
	AeConstraintMode = 0
	Gamma = 2.200000
	ExposureValue = 0.000000
	SensorTimestamp = 199439523000
199.474226 (28.82 fps) cam0-stream0 seq: 000040 bytesused: 20404224
	AeExposureMode = 0
	FrameDuration = 34685
	AnalogueGain = 1.678804
	Saturation = 1.000000
	Contrast = 1.000000
	Gamma = 2.200000
	ExposureTimeMode = 0
	ColourTemperature = 5607
	ExposureTime = 34426
	ColourGains = [ 1.512625, 1.338336 ]
	AwbEnable = true
	AnalogueGainMode = 0
	SensorBlackLevels = [ 4096, 4096, 4096, 4096 ]
	AeConstraintMode = 0
	ExposureValue = 0.000000
	SensorTimestamp = 199474226000
199.508930 (28.82 fps) cam0-stream0 seq: 000041 bytesused: 20404224
	SensorBlackLevels = [ 4096, 4096, 4096, 4096 ]
	AnalogueGainMode = 0
	Contrast = 1.000000
	Saturation = 1.000000
	AnalogueGain = 1.678804
	ExposureTime = 34426
	FrameDuration = 34685
	ExposureTimeMode = 0
	AeExposureMode = 0
	AeConstraintMode = 0
	Gamma = 2.200000
	ExposureValue = 0.000000
	SensorTimestamp = 199508930000
199.543634 (28.82 fps) cam0-stream0 seq: 000042 bytesused: 20404224
	SensorBlackLevels = [ 4096, 4096, 4096, 4096 ]
	AnalogueGainMode = 0
	Contrast = 1.000000
	Saturation = 1.000000
	AnalogueGain = 1.678804
	ExposureTime = 34426
	FrameDuration = 34685
	ExposureTimeMode = 0
	AeExposureMode = 0
	AeConstraintMode = 0
	Gamma = 2.200000
	ExposureValue = 0.000000
	SensorTimestamp = 199543634000
199.578341 (28.81 fps) cam0-stream0 seq: 000043 bytesused: 20404224
	SensorBlackLevels = [ 4096, 4096, 4096, 4096 ]
	AnalogueGainMode = 0
	Contrast = 1.000000
	Saturation = 1.000000
	AnalogueGain = 1.678804
	ExposureTime = 34426
	FrameDuration = 34685
	ExposureTimeMode = 0
	AeExposureMode = 0
	AeConstraintMode = 0
	Gamma = 2.200000
	ExposureValue = 0.000000
	SensorTimestamp = 199578341000
199.613043 (28.82 fps) cam0-stream0 seq: 000044 bytesused: 20404224
	AeExposureMode = 0
	FrameDuration = 34685
	AnalogueGain = 1.678804
	Saturation = 1.000000
	Contrast = 1.000000
	Gamma = 2.200000
	ExposureTimeMode = 0
	ColourTemperature = 5613
	ExposureTime = 34426
	ColourGains = [ 1.549106, 1.360892 ]
	AwbEnable = true
	AnalogueGainMode = 0
	SensorBlackLevels = [ 4096, 4096, 4096, 4096 ]
	AeConstraintMode = 0
	ExposureValue = 0.000000
	SensorTimestamp = 199613043000
199.647747 (28.82 fps) cam0-stream0 seq: 000045 bytesused: 20404224
	SensorBlackLevels = [ 4096, 4096, 4096, 4096 ]
	AnalogueGainMode = 0
	Contrast = 1.000000
	Saturation = 1.000000
	AnalogueGain = 1.678804
	ExposureTime = 34426
	FrameDuration = 34685
	ExposureTimeMode = 0
	AeExposureMode = 0
	AeConstraintMode = 0
	Gamma = 2.200000
	ExposureValue = 0.000000
	SensorTimestamp = 199647747000
199.682453 (28.81 fps) cam0-stream0 seq: 000046 bytesused: 20404224
	SensorBlackLevels = [ 4096, 4096, 4096, 4096 ]
	AnalogueGainMode = 0
	Contrast = 1.000000
	Saturation = 1.000000
	AnalogueGain = 1.678804
	ExposureTime = 34426
	FrameDuration = 34685
	ExposureTimeMode = 0
	AeExposureMode = 0
	AeConstraintMode = 0
	Gamma = 2.200000
	ExposureValue = 0.000000
	SensorTimestamp = 199682453000
199.717155 (28.82 fps) cam0-stream0 seq: 000047 bytesused: 20404224
	SensorBlackLevels = [ 4096, 4096, 4096, 4096 ]
	AnalogueGainMode = 0
	Contrast = 1.000000
	Saturation = 1.000000
	AnalogueGain = 1.678804
	ExposureTime = 34426
	FrameDuration = 34685
	ExposureTimeMode = 0
	AeExposureMode = 0
	AeConstraintMode = 0
	Gamma = 2.200000
	ExposureValue = 0.000000
	SensorTimestamp = 199717155000
199.751861 (28.81 fps) cam0-stream0 seq: 000048 bytesused: 20404224
	AeExposureMode = 0
	FrameDuration = 34685
	AnalogueGain = 1.678804
	Saturation = 1.000000
	Contrast = 1.000000
	Gamma = 2.200000
	ExposureTimeMode = 0
	ColourTemperature = 5612
	ExposureTime = 34426
	ColourGains = [ 1.578352, 1.379006 ]
	AwbEnable = true
	AnalogueGainMode = 0
	SensorBlackLevels = [ 4096, 4096, 4096, 4096 ]
	AeConstraintMode = 0
	ExposureValue = 0.000000
	SensorTimestamp = 199751861000
199.786565 (28.82 fps) cam0-stream0 seq: 000049 bytesused: 20404224
	SensorBlackLevels = [ 4096, 4096, 4096, 4096 ]
	AnalogueGainMode = 0
	Contrast = 1.000000
	Saturation = 1.000000
	AnalogueGain = 1.678804
	ExposureTime = 34426
	FrameDuration = 34685
	ExposureTimeMode = 0
	AeExposureMode = 0
	AeConstraintMode = 0
	Gamma = 2.200000
	ExposureValue = 0.000000
	SensorTimestamp = 199786565000
199.821266 (28.82 fps) cam0-stream0 seq: 000050 bytesused: 20404224
	SensorBlackLevels = [ 4096, 4096, 4096, 4096 ]
	AnalogueGainMode = 0
	Contrast = 1.000000
	Saturation = 1.000000
	AnalogueGain = 1.678804
	ExposureTime = 34426
	FrameDuration = 34685
	ExposureTimeMode = 0
	AeExposureMode = 0
	AeConstraintMode = 0
	Gamma = 2.200000
	ExposureValue = 0.000000
	SensorTimestamp = 199821266000
199.855973 (28.81 fps) cam0-stream0 seq: 000051 bytesused: 20404224
	SensorBlackLevels = [ 4096, 4096, 4096, 4096 ]
	AnalogueGainMode = 0
	Contrast = 1.000000
	Saturation = 1.000000
	AnalogueGain = 1.678804
	ExposureTime = 34426
	FrameDuration = 34685
	ExposureTimeMode = 0
	AeExposureMode = 0
	AeConstraintMode = 0
	Gamma = 2.200000
	ExposureValue = 0.000000
	SensorTimestamp = 199855973000
199.890675 (28.82 fps) cam0-stream0 seq: 000052 bytesused: 20404224
	AeExposureMode = 0
	FrameDuration = 34685
	AnalogueGain = 1.678804
	Saturation = 1.000000
	Contrast = 1.000000
	Gamma = 2.200000
	ExposureTimeMode = 0
	ColourTemperature = 5611
	ExposureTime = 34426
	ColourGains = [ 1.601571, 1.393499 ]
	AwbEnable = true
	AnalogueGainMode = 0
	SensorBlackLevels = [ 4096, 4096, 4096, 4096 ]
	AeConstraintMode = 0
	ExposureValue = 0.000000
	SensorTimestamp = 199890675000
199.925381 (28.81 fps) cam0-stream0 seq: 000053 bytesused: 20404224
	SensorBlackLevels = [ 4096, 4096, 4096, 4096 ]
	AnalogueGainMode = 0
	Contrast = 1.000000
	Saturation = 1.000000
	AnalogueGain = 1.678804
	ExposureTime = 34426
	FrameDuration = 34685
	ExposureTimeMode = 0
	AeExposureMode = 0
	AeConstraintMode = 0
	Gamma = 2.200000
	ExposureValue = 0.000000
	SensorTimestamp = 199925381000
199.960084 (28.82 fps) cam0-stream0 seq: 000054 bytesused: 20404224
	SensorBlackLevels = [ 4096, 4096, 4096, 4096 ]
	AnalogueGainMode = 0
	Contrast = 1.000000
	Saturation = 1.000000
	AnalogueGain = 1.678804
	ExposureTime = 34426
	FrameDuration = 34685
	ExposureTimeMode = 0
	AeExposureMode = 0
	AeConstraintMode = 0
	Gamma = 2.200000
	ExposureValue = 0.000000
	SensorTimestamp = 199960084000
199.994788 (28.82 fps) cam0-stream0 seq: 000055 bytesused: 20404224
	SensorBlackLevels = [ 4096, 4096, 4096, 4096 ]
	AnalogueGainMode = 0
	Contrast = 1.000000
	Saturation = 1.000000
	AnalogueGain = 1.678804
	ExposureTime = 34426
	FrameDuration = 34685
	ExposureTimeMode = 0
	AeExposureMode = 0
	AeConstraintMode = 0
	Gamma = 2.200000
	ExposureValue = 0.000000
	SensorTimestamp = 199994788000
200.029493 (28.81 fps) cam0-stream0 seq: 000056 bytesused: 20404224
	AeExposureMode = 0
	FrameDuration = 34685
	AnalogueGain = 1.678804
	Saturation = 1.000000
	Contrast = 1.000000
	Gamma = 2.200000
	ExposureTimeMode = 0
	ColourTemperature = 5610
	ExposureTime = 34426
	ColourGains = [ 1.620231, 1.405138 ]
	AwbEnable = true
	AnalogueGainMode = 0
	SensorBlackLevels = [ 4096, 4096, 4096, 4096 ]
	AeConstraintMode = 0
	ExposureValue = 0.000000
	SensorTimestamp = 200029493000
200.064197 (28.82 fps) cam0-stream0 seq: 000057 bytesused: 20404224
	SensorBlackLevels = [ 4096, 4096, 4096, 4096 ]
	AnalogueGainMode = 0
	Contrast = 1.000000
	Saturation = 1.000000
	AnalogueGain = 1.678804
	ExposureTime = 34426
	FrameDuration = 34685
	ExposureTimeMode = 0
	AeExposureMode = 0
	AeConstraintMode = 0
	Gamma = 2.200000
	ExposureValue = 0.000000
	SensorTimestamp = 200064197000
200.098900 (28.82 fps) cam0-stream0 seq: 000058 bytesused: 20404224
	SensorBlackLevels = [ 4096, 4096, 4096, 4096 ]
	AnalogueGainMode = 0
	Contrast = 1.000000
	Saturation = 1.000000
	AnalogueGain = 1.678804
	ExposureTime = 34426
	FrameDuration = 34685
	ExposureTimeMode = 0
	AeExposureMode = 0
	AeConstraintMode = 0
	Gamma = 2.200000
	ExposureValue = 0.000000
	SensorTimestamp = 200098900000
[0:03:20.186561472] [9294]  INFO Benchmark benchmark.cpp:89 Debayer processed 30 frames in 558372us, 18612 us/frame
200.133605 (28.81 fps) cam0-stream0 seq: 000059 bytesused: 20404224
	SensorBlackLevels = [ 4096, 4096, 4096, 4096 ]
	AnalogueGainMode = 0
	Contrast = 1.000000
	Saturation = 1.000000
	AnalogueGain = 1.678804
	ExposureTime = 34426
	FrameDuration = 34685
	ExposureTimeMode = 0
	AeExposureMode = 0
	AeConstraintMode = 0
	Gamma = 2.200000
	ExposureValue = 0.000000
	SensorTimestamp = 200133605000
200.168310 (28.81 fps) cam0-stream0 seq: 000060 bytesused: 20404224
	AeExposureMode = 0
	FrameDuration = 34685
	AnalogueGain = 1.678804
	Saturation = 1.000000
	Contrast = 1.000000
	Gamma = 2.200000
	ExposureTimeMode = 0
	ColourTemperature = 5611
	ExposureTime = 34426
	ColourGains = [ 1.635158, 1.414419 ]
	AwbEnable = true
	AnalogueGainMode = 0
	SensorBlackLevels = [ 4096, 4096, 4096, 4096 ]
	AeConstraintMode = 0
	ExposureValue = 0.000000
	SensorTimestamp = 200168310000
200.203013 (28.82 fps) cam0-stream0 seq: 000061 bytesused: 20404224
	SensorBlackLevels = [ 4096, 4096, 4096, 4096 ]
	AnalogueGainMode = 0
	Contrast = 1.000000
	Saturation = 1.000000
	AnalogueGain = 1.678804
	ExposureTime = 34426
	FrameDuration = 34685
	ExposureTimeMode = 0
	AeExposureMode = 0
	AeConstraintMode = 0
	Gamma = 2.200000
	ExposureValue = 0.000000
	SensorTimestamp = 200203013000
200.237717 (28.82 fps) cam0-stream0 seq: 000062 bytesused: 20404224
	SensorBlackLevels = [ 4096, 4096, 4096, 4096 ]
	AnalogueGainMode = 0
	Contrast = 1.000000
	Saturation = 1.000000
	AnalogueGain = 1.678804
	ExposureTime = 34426
	FrameDuration = 34685
	ExposureTimeMode = 0
	AeExposureMode = 0
	AeConstraintMode = 0
	Gamma = 2.200000
	ExposureValue = 0.000000
	SensorTimestamp = 200237717000
200.272424 (28.81 fps) cam0-stream0 seq: 000063 bytesused: 20404224
	SensorBlackLevels = [ 4096, 4096, 4096, 4096 ]
	AnalogueGainMode = 0
	Contrast = 1.000000
	Saturation = 1.000000
	AnalogueGain = 1.678804
	ExposureTime = 34426
	FrameDuration = 34685
	ExposureTimeMode = 0
	AeExposureMode = 0
	AeConstraintMode = 0
	Gamma = 2.200000
	ExposureValue = 0.000000
	SensorTimestamp = 200272424000
200.307126 (28.82 fps) cam0-stream0 seq: 000064 bytesused: 20404224
	AeExposureMode = 0
	FrameDuration = 34685
	AnalogueGain = 1.678804
	Saturation = 1.000000
	Contrast = 1.000000
	Gamma = 2.200000
	ExposureTimeMode = 0
	ColourTemperature = 5612
	ExposureTime = 34426
	ColourGains = [ 1.647151, 1.421819 ]
	AwbEnable = true
	AnalogueGainMode = 0
	SensorBlackLevels = [ 4096, 4096, 4096, 4096 ]
	AeConstraintMode = 0
	ExposureValue = 0.000000
	SensorTimestamp = 200307126000
200.341828 (28.82 fps) cam0-stream0 seq: 000065 bytesused: 20404224
	SensorBlackLevels = [ 4096, 4096, 4096, 4096 ]
	AnalogueGainMode = 0
	Contrast = 1.000000
	Saturation = 1.000000
	AnalogueGain = 1.678804
	ExposureTime = 34426
	FrameDuration = 34685
	ExposureTimeMode = 0
	AeExposureMode = 0
	AeConstraintMode = 0
	Gamma = 2.200000
	ExposureValue = 0.000000
	SensorTimestamp = 200341828000
200.376534 (28.81 fps) cam0-stream0 seq: 000066 bytesused: 20404224
	SensorBlackLevels = [ 4096, 4096, 4096, 4096 ]
	AnalogueGainMode = 0
	Contrast = 1.000000
	Saturation = 1.000000
	AnalogueGain = 1.678804
	ExposureTime = 34426
	FrameDuration = 34685
	ExposureTimeMode = 0
	AeExposureMode = 0
	AeConstraintMode = 0
	Gamma = 2.200000
	ExposureValue = 0.000000
	SensorTimestamp = 200376534000
200.411237 (28.82 fps) cam0-stream0 seq: 000067 bytesused: 20404224
	SensorBlackLevels = [ 4096, 4096, 4096, 4096 ]
	AnalogueGainMode = 0
	Contrast = 1.000000
	Saturation = 1.000000
	AnalogueGain = 1.678804
	ExposureTime = 34426
	FrameDuration = 34685
	ExposureTimeMode = 0
	AeExposureMode = 0
	AeConstraintMode = 0
	Gamma = 2.200000
	ExposureValue = 0.000000
	SensorTimestamp = 200411237000
200.445940 (28.82 fps) cam0-stream0 seq: 000068 bytesused: 20404224
	AeExposureMode = 0
	FrameDuration = 34685
	AnalogueGain = 1.678804
	Saturation = 1.000000
	Contrast = 1.000000
	Gamma = 2.200000
	ExposureTimeMode = 0
	ColourTemperature = 5614
	ExposureTime = 34426
	ColourGains = [ 1.656903, 1.427705 ]
	AwbEnable = true
	AnalogueGainMode = 0
	SensorBlackLevels = [ 4096, 4096, 4096, 4096 ]
	AeConstraintMode = 0
	ExposureValue = 0.000000
	SensorTimestamp = 200445940000
200.480648 (28.81 fps) cam0-stream0 seq: 000069 bytesused: 20404224
	SensorBlackLevels = [ 4096, 4096, 4096, 4096 ]
	AnalogueGainMode = 0
	Contrast = 1.000000
	Saturation = 1.000000
	AnalogueGain = 1.678804
	ExposureTime = 34426
	FrameDuration = 34685
	ExposureTimeMode = 0
	AeExposureMode = 0
	AeConstraintMode = 0
	Gamma = 2.200000
	ExposureValue = 0.000000
	SensorTimestamp = 200480648000
200.515350 (28.82 fps) cam0-stream0 seq: 000070 bytesused: 20404224
	SensorBlackLevels = [ 4096, 4096, 4096, 4096 ]
	AnalogueGainMode = 0
	Contrast = 1.000000
	Saturation = 1.000000
	AnalogueGain = 1.678804
	ExposureTime = 34426
	FrameDuration = 34685
	ExposureTimeMode = 0
	AeExposureMode = 0
	AeConstraintMode = 0
	Gamma = 2.200000
	ExposureValue = 0.000000
	SensorTimestamp = 200515350000
200.550054 (28.82 fps) cam0-stream0 seq: 000071 bytesused: 20404224
	SensorBlackLevels = [ 4096, 4096, 4096, 4096 ]
	AnalogueGainMode = 0
	Contrast = 1.000000
	Saturation = 1.000000
	AnalogueGain = 1.678804
	ExposureTime = 34426
	FrameDuration = 34685
	ExposureTimeMode = 0
	AeExposureMode = 0
	AeConstraintMode = 0
	Gamma = 2.200000
	ExposureValue = 0.000000
	SensorTimestamp = 200550054000
200.584757 (28.82 fps) cam0-stream0 seq: 000072 bytesused: 20404224
	AeExposureMode = 0
	FrameDuration = 34685
	AnalogueGain = 1.678804
	Saturation = 1.000000
	Contrast = 1.000000
	Gamma = 2.200000
	ExposureTimeMode = 0
	ColourTemperature = 5611
	ExposureTime = 34426
	ColourGains = [ 1.664734, 1.432534 ]
	AwbEnable = true
	AnalogueGainMode = 0
	SensorBlackLevels = [ 4096, 4096, 4096, 4096 ]
	AeConstraintMode = 0
	ExposureValue = 0.000000
	SensorTimestamp = 200584757000
200.619464 (28.81 fps) cam0-stream0 seq: 000073 bytesused: 20404224
	SensorBlackLevels = [ 4096, 4096, 4096, 4096 ]
	AnalogueGainMode = 0
	Contrast = 1.000000
	Saturation = 1.000000
	AnalogueGain = 1.678804
	ExposureTime = 34426
	FrameDuration = 34685
	ExposureTimeMode = 0
	AeExposureMode = 0
	AeConstraintMode = 0
	Gamma = 2.200000
	ExposureValue = 0.000000
	SensorTimestamp = 200619464000
200.654166 (28.82 fps) cam0-stream0 seq: 000074 bytesused: 20404224
	SensorBlackLevels = [ 4096, 4096, 4096, 4096 ]
	AnalogueGainMode = 0
	Contrast = 1.000000
	Saturation = 1.000000
	AnalogueGain = 1.678804
	ExposureTime = 34426
	FrameDuration = 34685
	ExposureTimeMode = 0
	AeExposureMode = 0
	AeConstraintMode = 0
	Gamma = 2.200000
	ExposureValue = 0.000000
	SensorTimestamp = 200654166000
200.688872 (28.81 fps) cam0-stream0 seq: 000075 bytesused: 20404224
	SensorBlackLevels = [ 4096, 4096, 4096, 4096 ]
	AnalogueGainMode = 0
	Contrast = 1.000000
	Saturation = 1.000000
	AnalogueGain = 1.678804
	ExposureTime = 34426
	FrameDuration = 34685
	ExposureTimeMode = 0
	AeExposureMode = 0
	AeConstraintMode = 0
	Gamma = 2.200000
	ExposureValue = 0.000000
	SensorTimestamp = 200688872000
200.723576 (28.82 fps) cam0-stream0 seq: 000076 bytesused: 20404224
	AeExposureMode = 0
	FrameDuration = 34685
	AnalogueGain = 1.678804
	Saturation = 1.000000
	Contrast = 1.000000
	Gamma = 2.200000
	ExposureTimeMode = 0
	ColourTemperature = 5612
	ExposureTime = 34426
	ColourGains = [ 1.671041, 1.436368 ]
	AwbEnable = true
	AnalogueGainMode = 0
	SensorBlackLevels = [ 4096, 4096, 4096, 4096 ]
	AeConstraintMode = 0
	ExposureValue = 0.000000
	SensorTimestamp = 200723576000
200.758278 (28.82 fps) cam0-stream0 seq: 000077 bytesused: 20404224
	SensorBlackLevels = [ 4096, 4096, 4096, 4096 ]
	AnalogueGainMode = 0
	Contrast = 1.000000
	Saturation = 1.000000
	AnalogueGain = 1.678804
	ExposureTime = 34426
	FrameDuration = 34685
	ExposureTimeMode = 0
	AeExposureMode = 0
	AeConstraintMode = 0
	Gamma = 2.200000
	ExposureValue = 0.000000
	SensorTimestamp = 200758278000
200.792983 (28.81 fps) cam0-stream0 seq: 000078 bytesused: 20404224
	SensorBlackLevels = [ 4096, 4096, 4096, 4096 ]
	AnalogueGainMode = 0
	Contrast = 1.000000
	Saturation = 1.000000
	AnalogueGain = 1.678804
	ExposureTime = 34426
	FrameDuration = 34685
	ExposureTimeMode = 0
	AeExposureMode = 0
	AeConstraintMode = 0
	Gamma = 2.200000
	ExposureValue = 0.000000
	SensorTimestamp = 200792983000
200.827688 (28.81 fps) cam0-stream0 seq: 000079 bytesused: 20404224
	SensorBlackLevels = [ 4096, 4096, 4096, 4096 ]
	AnalogueGainMode = 0
	Contrast = 1.000000
	Saturation = 1.000000
	AnalogueGain = 1.678804
	ExposureTime = 34426
	FrameDuration = 34685
	ExposureTimeMode = 0
	AeExposureMode = 0
	AeConstraintMode = 0
	Gamma = 2.200000
	ExposureValue = 0.000000
	SensorTimestamp = 200827688000
200.862393 (28.81 fps) cam0-stream0 seq: 000080 bytesused: 20404224
	AeExposureMode = 0
	FrameDuration = 34685
	AnalogueGain = 1.678804
	Saturation = 1.000000
	Contrast = 1.000000
	Gamma = 2.200000
	ExposureTimeMode = 0
	ColourTemperature = 5610
	ExposureTime = 34426
	ColourGains = [ 1.676080, 1.439512 ]
	AwbEnable = true
	AnalogueGainMode = 0
	SensorBlackLevels = [ 4096, 4096, 4096, 4096 ]
	AeConstraintMode = 0
	ExposureValue = 0.000000
	SensorTimestamp = 200862393000
200.897097 (28.82 fps) cam0-stream0 seq: 000081 bytesused: 20404224
	SensorBlackLevels = [ 4096, 4096, 4096, 4096 ]
	AnalogueGainMode = 0
	Contrast = 1.000000
	Saturation = 1.000000
	AnalogueGain = 1.678804
	ExposureTime = 34426
	FrameDuration = 34685
	ExposureTimeMode = 0
	AeExposureMode = 0
	AeConstraintMode = 0
	Gamma = 2.200000
	ExposureValue = 0.000000
	SensorTimestamp = 200897097000
200.931799 (28.82 fps) cam0-stream0 seq: 000082 bytesused: 20404224
	SensorBlackLevels = [ 4096, 4096, 4096, 4096 ]
	AnalogueGainMode = 0
	Contrast = 1.000000
	Saturation = 1.000000
	AnalogueGain = 1.678804
	ExposureTime = 34426
	FrameDuration = 34685
	ExposureTimeMode = 0
	AeExposureMode = 0
	AeConstraintMode = 0
	Gamma = 2.200000
	ExposureValue = 0.000000
	SensorTimestamp = 200931799000
200.966504 (28.81 fps) cam0-stream0 seq: 000083 bytesused: 20404224
	SensorBlackLevels = [ 4096, 4096, 4096, 4096 ]
	AnalogueGainMode = 0
	Contrast = 1.000000
	Saturation = 1.000000
	AnalogueGain = 1.678804
	ExposureTime = 34426
	FrameDuration = 34685
	ExposureTimeMode = 0
	AeExposureMode = 0
	AeConstraintMode = 0
	Gamma = 2.200000
	ExposureValue = 0.000000
	SensorTimestamp = 200966504000
201.001207 (28.82 fps) cam0-stream0 seq: 000084 bytesused: 20404224
	AeExposureMode = 0
	FrameDuration = 34685
	AnalogueGain = 1.678804
	Saturation = 1.000000
	Contrast = 1.000000
	Gamma = 2.200000
	ExposureTimeMode = 0
	ColourTemperature = 5610
	ExposureTime = 34426
	ColourGains = [ 1.680137, 1.442044 ]
	AwbEnable = true
	AnalogueGainMode = 0
	SensorBlackLevels = [ 4096, 4096, 4096, 4096 ]
	AeConstraintMode = 0
	ExposureValue = 0.000000
	SensorTimestamp = 201001207000
201.035911 (28.82 fps) cam0-stream0 seq: 000085 bytesused: 20404224
	SensorBlackLevels = [ 4096, 4096, 4096, 4096 ]
	AnalogueGainMode = 0
	Contrast = 1.000000
	Saturation = 1.000000
	AnalogueGain = 1.678804
	ExposureTime = 34426
	FrameDuration = 34685
	ExposureTimeMode = 0
	AeExposureMode = 0
	AeConstraintMode = 0
	Gamma = 2.200000
	ExposureValue = 0.000000
	SensorTimestamp = 201035911000
201.070617 (28.81 fps) cam0-stream0 seq: 000086 bytesused: 20404224
	SensorBlackLevels = [ 4096, 4096, 4096, 4096 ]
	AnalogueGainMode = 0
	Contrast = 1.000000
	Saturation = 1.000000
	AnalogueGain = 1.678804
	ExposureTime = 34426
	FrameDuration = 34685
	ExposureTimeMode = 0
	AeExposureMode = 0
	AeConstraintMode = 0
	Gamma = 2.200000
	ExposureValue = 0.000000
	SensorTimestamp = 201070617000
201.105318 (28.82 fps) cam0-stream0 seq: 000087 bytesused: 20404224
	SensorBlackLevels = [ 4096, 4096, 4096, 4096 ]
	AnalogueGainMode = 0
	Contrast = 1.000000
	Saturation = 1.000000
	AnalogueGain = 1.678804
	ExposureTime = 34426
	FrameDuration = 34685
	ExposureTimeMode = 0
	AeExposureMode = 0
	AeConstraintMode = 0
	Gamma = 2.200000
	ExposureValue = 0.000000
	SensorTimestamp = 201105318000
201.140026 (28.81 fps) cam0-stream0 seq: 000088 bytesused: 20404224
	AeExposureMode = 0
	FrameDuration = 34685
	AnalogueGain = 1.678804
	Saturation = 1.000000
	Contrast = 1.000000
	Gamma = 2.200000
	ExposureTimeMode = 0
	ColourTemperature = 5610
	ExposureTime = 34426
	ColourGains = [ 1.683445, 1.444102 ]
	AwbEnable = true
	AnalogueGainMode = 0
	SensorBlackLevels = [ 4096, 4096, 4096, 4096 ]
	AeConstraintMode = 0
	ExposureValue = 0.000000
	SensorTimestamp = 201140026000
201.174728 (28.82 fps) cam0-stream0 seq: 000089 bytesused: 20404224
	SensorBlackLevels = [ 4096, 4096, 4096, 4096 ]
	AnalogueGainMode = 0
	Contrast = 1.000000
	Saturation = 1.000000
	AnalogueGain = 1.678804
	ExposureTime = 34426
	FrameDuration = 34685
	ExposureTimeMode = 0
	AeExposureMode = 0
	AeConstraintMode = 0
	Gamma = 2.200000
	ExposureValue = 0.000000
	SensorTimestamp = 201174728000
