[0:04:50.484665561] [9718]  INFO Camera camera_manager.cpp:340 libcamera v0.7.2+160-8103c3f2-dirty (2026-10-08T19:49:32CEST)
[0:04:50.486181113] [9719]  INFO IPAManager ipa_manager.cpp:147 libcamera is not installed. Adding '/home/nicfio/src/libcamera/build/src/ipa' to the IPA search path
[0:04:50.804566111] [9719]  WARN CameraSensorProperties camera_sensor_properties.cpp:616 No static properties available for 'gc5035'
[0:04:50.804676938] [9719]  WARN CameraSensorProperties camera_sensor_properties.cpp:618 Please consider updating the camera sensor properties database
[0:04:50.804837310] [9719]  WARN CameraSensor camera_sensor_legacy.cpp:518 'gc5035 2-003f': No sensor delays found in static properties. Assuming unverified defaults.
[0:04:50.807958727] [9719]  WARN CameraSensorProperties camera_sensor_properties.cpp:616 No static properties available for 'gc8034'
[0:04:50.808068138] [9719]  WARN CameraSensorProperties camera_sensor_properties.cpp:618 Please consider updating the camera sensor properties database
[0:04:50.808174450] [9719]  WARN CameraSensor camera_sensor_legacy.cpp:518 'gc8034 1-0037': No sensor delays found in static properties. Assuming unverified defaults.
[0:04:50.913417856] [9719]  INFO IPAProxy ipa_proxy.cpp:73 libcamera is not installed. Loading IPA configuration from '/home/nicfio/src/libcamera/src/ipa/softisp/data'
[0:04:50.914269093] [9719]  INFO IPAProxy ipa_proxy.cpp:73 libcamera is not installed. Loading IPA configuration from '/home/nicfio/src/libcamera/src/ipa/softisp/data'
[0:04:50.914364844] [9719]  WARN IPAProxy ipa_proxy.cpp:196 Configuration file 'gc5035.yaml' not found for IPA module 'softisp', falling back to '/home/nicfio/src/libcamera/src/ipa/softisp/data/uncalibrated.yaml'
[0:04:50.915498494] [9719]  INFO Awb awb.cpp:213 No AWB algorithm specified, using grey world
[0:04:50.915686813] [9719]  WARN Awb awb_grey.cpp:49 Failed to parse 'colourGains' parameter from tuning file; manual colour temperature will not work properly
[0:04:50.917800851] [9719]  INFO Camera camera_manager.cpp:223 Adding camera '\_SB_.PC00.LNK1' for pipeline handler simple
[0:04:50.953811139] [9719]  INFO IPAProxy ipa_proxy.cpp:73 libcamera is not installed. Loading IPA configuration from '/home/nicfio/src/libcamera/src/ipa/softisp/data'
[0:04:50.954635935] [9719]  INFO IPAProxy ipa_proxy.cpp:73 libcamera is not installed. Loading IPA configuration from '/home/nicfio/src/libcamera/src/ipa/softisp/data'
[0:04:50.954732918] [9719]  WARN IPAProxy ipa_proxy.cpp:196 Configuration file 'gc8034.yaml' not found for IPA module 'softisp', falling back to '/home/nicfio/src/libcamera/src/ipa/softisp/data/uncalibrated.yaml'
[0:04:50.955175804] [9719]  INFO Awb awb.cpp:213 No AWB algorithm specified, using grey world
[0:04:50.955254027] [9719]  WARN Awb awb_grey.cpp:49 Failed to parse 'colourGains' parameter from tuning file; manual colour temperature will not work properly
[0:04:50.956546886] [9719]  INFO Camera camera_manager.cpp:223 Adding camera '\_SB_.PC00.LNK0' for pipeline handler simple
Using camera \_SB_.PC00.LNK0 as cam0
[0:04:50.957734708] [9718]  INFO Camera camera.cpp:1216 configuring streams: (0) 3256x2448-ABGR8888/sRGB
[0:04:50.958271833] [9719]  INFO SimplePipeline simple.cpp:1570 Input buffer stride ignored by the driver. Requested 6656, got 6528
[0:04:50.958484586] [9719]  INFO Awb awb_grey.cpp:107 No gains curve defined, unable to interpolate gains to colour temperature
[0:04:50.958668199] [9719]  INFO SoftwareIsp software_isp.cpp:300 Input 3264x2448-RGGB-10 stride 6528
[0:04:51.100824781] [9723]  INFO eGL egl.cpp:408 EGL: EGL_VERSION: 1.5
[0:04:51.100993482] [9723]  INFO eGL egl.cpp:409 EGL: EGL_VENDOR: Mesa Project
[0:04:51.101134802] [9723]  INFO eGL egl.cpp:410 EGL: EGL_CLIENT_APIS: OpenGL OpenGL_ES 
[0:04:51.101183186] [9723]  INFO eGL egl.cpp:411 EGL: EGL_EXTENSIONS: EGL_ANDROID_blob_cache EGL_ANDROID_native_fence_sync EGL_EXT_config_select_group EGL_EXT_create_context_robustness EGL_EXT_image_dma_buf_import EGL_EXT_image_dma_buf_import_modifiers EGL_EXT_query_reset_notification_strategy EGL_EXT_surface_compression EGL_IMG_context_priority EGL_KHR_cl_event2 EGL_KHR_config_attribs EGL_KHR_context_flush_control EGL_KHR_create_context EGL_KHR_create_context_no_error EGL_KHR_fence_sync EGL_KHR_get_all_proc_addresses EGL_KHR_gl_colorspace EGL_KHR_gl_renderbuffer_image EGL_KHR_gl_texture_2D_image EGL_KHR_gl_texture_3D_image EGL_KHR_gl_texture_cubemap_image EGL_KHR_image_base EGL_KHR_no_config_context EGL_KHR_partial_update EGL_KHR_reusable_sync EGL_KHR_surfaceless_context EGL_EXT_pixel_format_float EGL_KHR_wait_sync EGL_MESA_configless_context EGL_MESA_drm_image EGL_MESA_gl_interop EGL_MESA_image_dma_buf_export EGL_MESA_query_driver EGL_MESA_x11_native_visual_id EGL_WL_bind_wayland_display 
[0:04:51.108892559] [9723]  INFO eGL egl.cpp:447 EGL: GL_RENDERER: Mesa Intel(R) Graphics (ADL-N)
[0:04:51.109086579] [9723]  INFO eGL egl.cpp:448 EGL: GL_VERSION: OpenGL ES 3.2 Mesa 25.0.7-2+deb13u1
cam0: Capture 90 frames
[0:04:51.404681281] [9723]  INFO Debayer debayer_egl.cpp:523 Importing input DMABuf failed, falling back to upload
291.362078 (0.00 fps) cam0-stream0 seq: 000000 bytesused: 31961088
	AeExposureMode = 0
	FrameDuration = 41649
	AnalogueGain = 1.000000
	SensorTimestamp = 291362078000
	ExposureValue = 0.000000
	Gamma = 2.200000
	AeConstraintMode = 0
	AwbEnable = true
	SensorBlackLevels = [ 4096, 4096, 4096, 4096 ]
	AnalogueGainMode = 0
	ColourGains = [ 1.000000, 1.000000 ]
	ExposureTime = 37493
	ColourTemperature = 5000
	ExposureTimeMode = 0
	Contrast = 1.000000
	Saturation = 1.000000
291.403730 (24.01 fps) cam0-stream0 seq: 000001 bytesused: 31961088
	SensorBlackLevels = [ 4096, 4096, 4096, 4096 ]
	AnalogueGainMode = 0
	Contrast = 1.000000
	Saturation = 1.000000
	AnalogueGain = 1.000000
	ExposureTime = 37493
	FrameDuration = 41649
	ExposureTimeMode = 0
	AeExposureMode = 0
	AeConstraintMode = 0
	Gamma = 2.200000
	ExposureValue = 0.000000
	SensorTimestamp = 291403730000
291.445383 (24.01 fps) cam0-stream0 seq: 000002 bytesused: 31961088
	SensorBlackLevels = [ 4096, 4096, 4096, 4096 ]
	AnalogueGainMode = 0
	Contrast = 1.000000
	Saturation = 1.000000
	AnalogueGain = 1.000000
	ExposureTime = 20332
	FrameDuration = 41649
	ExposureTimeMode = 0
	AeExposureMode = 0
	AeConstraintMode = 0
	Gamma = 2.200000
	ExposureValue = 0.000000
	SensorTimestamp = 291445383000
291.487036 (24.01 fps) cam0-stream0 seq: 000003 bytesused: 31961088
	SensorBlackLevels = [ 4096, 4096, 4096, 4096 ]
	AnalogueGainMode = 0
	Contrast = 1.000000
	Saturation = 1.000000
	AnalogueGain = 1.000000
	ExposureTime = 20332
	FrameDuration = 41649
	ExposureTimeMode = 0
	AeExposureMode = 0
	AeConstraintMode = 0
	Gamma = 2.200000
	ExposureValue = 0.000000
	SensorTimestamp = 291487036000
291.528690 (24.01 fps) cam0-stream0 seq: 000004 bytesused: 31961088
	AeExposureMode = 0
	FrameDuration = 41649
	AnalogueGain = 1.000000
	Saturation = 1.000000
	Contrast = 1.000000
	Gamma = 2.200000
	ExposureTimeMode = 0
	ColourTemperature = 5747
	ExposureTime = 20332
	ColourGains = [ 1.141841, 1.085337 ]
	AwbEnable = true
	AnalogueGainMode = 0
	SensorBlackLevels = [ 4096, 4096, 4096, 4096 ]
	AeConstraintMode = 0
	ExposureValue = 0.000000
	SensorTimestamp = 291528690000
291.570345 (24.01 fps) cam0-stream0 seq: 000005 bytesused: 31961088
	SensorBlackLevels = [ 4096, 4096, 4096, 4096 ]
	AnalogueGainMode = 0
	Contrast = 1.000000
	Saturation = 1.000000
	AnalogueGain = 1.000000
	ExposureTime = 20332
	FrameDuration = 41649
	ExposureTimeMode = 0
	AeExposureMode = 0
	AeConstraintMode = 0
	Gamma = 2.200000
	ExposureValue = 0.000000
	SensorTimestamp = 291570345000
291.653651 (12.00 fps) cam0-stream0 seq: 000006 bytesused: 31961088
	SensorBlackLevels = [ 4096, 4096, 4096, 4096 ]
	AnalogueGainMode = 0
	Contrast = 1.000000
	Saturation = 1.000000
	AnalogueGain = 1.000000
	ExposureTime = 20332
	FrameDuration = 41649
	ExposureTimeMode = 0
	AeExposureMode = 0
	AeConstraintMode = 0
	Gamma = 2.200000
	ExposureValue = 0.000000
	SensorTimestamp = 291653651000
291.695307 (24.01 fps) cam0-stream0 seq: 000007 bytesused: 31961088
	SensorBlackLevels = [ 4096, 4096, 4096, 4096 ]
	AnalogueGainMode = 0
	Contrast = 1.000000
	Saturation = 1.000000
	AnalogueGain = 1.000000
	ExposureTime = 20332
	FrameDuration = 41649
	ExposureTimeMode = 0
	AeExposureMode = 0
	AeConstraintMode = 0
	Gamma = 2.200000
	ExposureValue = 0.000000
	SensorTimestamp = 291695307000
291.736960 (24.01 fps) cam0-stream0 seq: 000008 bytesused: 31961088
	AeExposureMode = 0
	FrameDuration = 41649
	AnalogueGain = 1.000000
	Saturation = 1.000000
	Contrast = 1.000000
	Gamma = 2.200000
	ExposureTimeMode = 0
	ColourTemperature = 5733
	ExposureTime = 20332
	ColourGains = [ 1.255008, 1.154094 ]
	AwbEnable = true
	AnalogueGainMode = 0
	SensorBlackLevels = [ 4096, 4096, 4096, 4096 ]
	AeConstraintMode = 0
	ExposureValue = 0.000000
	SensorTimestamp = 291736960000
291.778617 (24.01 fps) cam0-stream0 seq: 000009 bytesused: 31961088
	SensorBlackLevels = [ 4096, 4096, 4096, 4096 ]
	AnalogueGainMode = 0
	Contrast = 1.000000
	Saturation = 1.000000
	AnalogueGain = 1.000000
	ExposureTime = 16843
	FrameDuration = 41649
	ExposureTimeMode = 0
	AeExposureMode = 0
	AeConstraintMode = 0
	Gamma = 2.200000
	ExposureValue = 0.000000
	SensorTimestamp = 291778617000
291.820267 (24.01 fps) cam0-stream0 seq: 000010 bytesused: 31961088
	SensorBlackLevels = [ 4096, 4096, 4096, 4096 ]
	AnalogueGainMode = 0
	Contrast = 1.000000
	Saturation = 1.000000
	AnalogueGain = 1.000000
	ExposureTime = 16843
	FrameDuration = 41649
	ExposureTimeMode = 0
	AeExposureMode = 0
	AeConstraintMode = 0
	Gamma = 2.200000
	ExposureValue = 0.000000
	SensorTimestamp = 291820267000
291.861922 (24.01 fps) cam0-stream0 seq: 000011 bytesused: 31961088
	SensorBlackLevels = [ 4096, 4096, 4096, 4096 ]
	AnalogueGainMode = 0
	Contrast = 1.000000
	Saturation = 1.000000
	AnalogueGain = 1.000000
	ExposureTime = 16843
	FrameDuration = 41649
	ExposureTimeMode = 0
	AeExposureMode = 0
	AeConstraintMode = 0
	Gamma = 2.200000
	ExposureValue = 0.000000
	SensorTimestamp = 291861922000
291.903574 (24.01 fps) cam0-stream0 seq: 000012 bytesused: 31961088
	AeExposureMode = 0
	FrameDuration = 41649
	AnalogueGain = 1.000000
	Saturation = 1.000000
	Contrast = 1.000000
	Gamma = 2.200000
	ExposureTimeMode = 0
	ColourTemperature = 5600
	ExposureTime = 16843
	ColourGains = [ 1.356200, 1.217891 ]
	AwbEnable = true
	AnalogueGainMode = 0
	SensorBlackLevels = [ 4096, 4096, 4096, 4096 ]
	AeConstraintMode = 0
	ExposureValue = 0.000000
	SensorTimestamp = 291903574000
291.945229 (24.01 fps) cam0-stream0 seq: 000013 bytesused: 31961088
	SensorBlackLevels = [ 4096, 4096, 4096, 4096 ]
	AnalogueGainMode = 0
	Contrast = 1.000000
	Saturation = 1.000000
	AnalogueGain = 1.000000
	ExposureTime = 16843
	FrameDuration = 41649
	ExposureTimeMode = 0
	AeExposureMode = 0
	AeConstraintMode = 0
	Gamma = 2.200000
	ExposureValue = 0.000000
	SensorTimestamp = 291945229000
291.986885 (24.01 fps) cam0-stream0 seq: 000014 bytesused: 31961088
	SensorBlackLevels = [ 4096, 4096, 4096, 4096 ]
	AnalogueGainMode = 0
	Contrast = 1.000000
	Saturation = 1.000000
	AnalogueGain = 1.000000
	ExposureTime = 16843
	FrameDuration = 41649
	ExposureTimeMode = 0
	AeExposureMode = 0
	AeConstraintMode = 0
	Gamma = 2.200000
	ExposureValue = 0.000000
	SensorTimestamp = 291986885000
292.028539 (24.01 fps) cam0-stream0 seq: 000015 bytesused: 31961088
	SensorBlackLevels = [ 4096, 4096, 4096, 4096 ]
	AnalogueGainMode = 0
	Contrast = 1.000000
	Saturation = 1.000000
	AnalogueGain = 1.000000
	ExposureTime = 16843
	FrameDuration = 41649
	ExposureTimeMode = 0
	AeExposureMode = 0
	AeConstraintMode = 0
	Gamma = 2.200000
	ExposureValue = 0.000000
	SensorTimestamp = 292028539000
292.070192 (24.01 fps) cam0-stream0 seq: 000016 bytesused: 31961088
	AeExposureMode = 0
	FrameDuration = 41649
	AnalogueGain = 1.000000
	Saturation = 1.000000
	Contrast = 1.000000
	Gamma = 2.200000
	ExposureTimeMode = 0
	ColourTemperature = 5602
	ExposureTime = 16843
	ColourGains = [ 1.436534, 1.268667 ]
	AwbEnable = true
	AnalogueGainMode = 0
	SensorBlackLevels = [ 4096, 4096, 4096, 4096 ]
	AeConstraintMode = 0
	ExposureValue = 0.000000
	SensorTimestamp = 292070192000
292.111847 (24.01 fps) cam0-stream0 seq: 000017 bytesused: 31961088
	SensorBlackLevels = [ 4096, 4096, 4096, 4096 ]
	AnalogueGainMode = 0
	Contrast = 1.000000
	Saturation = 1.000000
	AnalogueGain = 1.000000
	ExposureTime = 16843
	FrameDuration = 41649
	ExposureTimeMode = 0
	AeExposureMode = 0
	AeConstraintMode = 0
	Gamma = 2.200000
	ExposureValue = 0.000000
	SensorTimestamp = 292111847000
292.153498 (24.01 fps) cam0-stream0 seq: 000018 bytesused: 31961088
	SensorBlackLevels = [ 4096, 4096, 4096, 4096 ]
	AnalogueGainMode = 0
	Contrast = 1.000000
	Saturation = 1.000000
	AnalogueGain = 1.000000
	ExposureTime = 16843
	FrameDuration = 41649
	ExposureTimeMode = 0
	AeExposureMode = 0
	AeConstraintMode = 0
	Gamma = 2.200000
	ExposureValue = 0.000000
	SensorTimestamp = 292153498000
292.195152 (24.01 fps) cam0-stream0 seq: 000019 bytesused: 31961088
	SensorBlackLevels = [ 4096, 4096, 4096, 4096 ]
	AnalogueGainMode = 0
	Contrast = 1.000000
	Saturation = 1.000000
	AnalogueGain = 1.000000
	ExposureTime = 16843
	FrameDuration = 41649
	ExposureTimeMode = 0
	AeExposureMode = 0
	AeConstraintMode = 0
	Gamma = 2.200000
	ExposureValue = 0.000000
	SensorTimestamp = 292195152000
292.236808 (24.01 fps) cam0-stream0 seq: 000020 bytesused: 31961088
	AeExposureMode = 0
	FrameDuration = 41649
	AnalogueGain = 1.000000
	Saturation = 1.000000
	Contrast = 1.000000
	Gamma = 2.200000
	ExposureTimeMode = 0
	ColourTemperature = 5593
	ExposureTime = 16843
	ColourGains = [ 1.500330, 1.309592 ]
	AwbEnable = true
	AnalogueGainMode = 0
	SensorBlackLevels = [ 4096, 4096, 4096, 4096 ]
	AeConstraintMode = 0
	ExposureValue = 0.000000
	SensorTimestamp = 292236808000
292.278463 (24.01 fps) cam0-stream0 seq: 000021 bytesused: 31961088
	SensorBlackLevels = [ 4096, 4096, 4096, 4096 ]
	AnalogueGainMode = 0
	Contrast = 1.000000
	Saturation = 1.000000
	AnalogueGain = 1.000000
	ExposureTime = 16826
	FrameDuration = 41649
	ExposureTimeMode = 0
	AeExposureMode = 0
	AeConstraintMode = 0
	Gamma = 2.200000
	ExposureValue = 0.000000
	SensorTimestamp = 292278463000
292.320116 (24.01 fps) cam0-stream0 seq: 000022 bytesused: 31961088
	SensorBlackLevels = [ 4096, 4096, 4096, 4096 ]
	AnalogueGainMode = 0
	Contrast = 1.000000
	Saturation = 1.000000
	AnalogueGain = 1.000000
	ExposureTime = 16826
	FrameDuration = 41649
	ExposureTimeMode = 0
	AeExposureMode = 0
	AeConstraintMode = 0
	Gamma = 2.200000
	ExposureValue = 0.000000
	SensorTimestamp = 292320116000
292.361769 (24.01 fps) cam0-stream0 seq: 000023 bytesused: 31961088
	SensorBlackLevels = [ 4096, 4096, 4096, 4096 ]
	AnalogueGainMode = 0
	Contrast = 1.000000
	Saturation = 1.000000
	AnalogueGain = 1.000000
	ExposureTime = 16826
	FrameDuration = 41649
	ExposureTimeMode = 0
	AeExposureMode = 0
	AeConstraintMode = 0
	Gamma = 2.200000
	ExposureValue = 0.000000
	SensorTimestamp = 292361769000
292.403425 (24.01 fps) cam0-stream0 seq: 000024 bytesused: 31961088
	AeExposureMode = 0
	FrameDuration = 41649
	AnalogueGain = 1.000000
	Saturation = 1.000000
	Contrast = 1.000000
	Gamma = 2.200000
	ExposureTimeMode = 0
	ColourTemperature = 5599
	ExposureTime = 16826
	ColourGains = [ 1.551754, 1.342122 ]
	AwbEnable = true
	AnalogueGainMode = 0
	SensorBlackLevels = [ 4096, 4096, 4096, 4096 ]
	AeConstraintMode = 0
	ExposureValue = 0.000000
	SensorTimestamp = 292403425000
292.445077 (24.01 fps) cam0-stream0 seq: 000025 bytesused: 31961088
	SensorBlackLevels = [ 4096, 4096, 4096, 4096 ]
	AnalogueGainMode = 0
	Contrast = 1.000000
	Saturation = 1.000000
	AnalogueGain = 1.000000
	ExposureTime = 16826
	FrameDuration = 41649
	ExposureTimeMode = 0
	AeExposureMode = 0
	AeConstraintMode = 0
	Gamma = 2.200000
	ExposureValue = 0.000000
	SensorTimestamp = 292445077000
292.486730 (24.01 fps) cam0-stream0 seq: 000026 bytesused: 31961088
	SensorBlackLevels = [ 4096, 4096, 4096, 4096 ]
	AnalogueGainMode = 0
	Contrast = 1.000000
	Saturation = 1.000000
	AnalogueGain = 1.000000
	ExposureTime = 16826
	FrameDuration = 41649
	ExposureTimeMode = 0
	AeExposureMode = 0
	AeConstraintMode = 0
	Gamma = 2.200000
	ExposureValue = 0.000000
	SensorTimestamp = 292486730000
292.528385 (24.01 fps) cam0-stream0 seq: 000027 bytesused: 31961088
	SensorBlackLevels = [ 4096, 4096, 4096, 4096 ]
	AnalogueGainMode = 0
	Contrast = 1.000000
	Saturation = 1.000000
	AnalogueGain = 1.000000
	ExposureTime = 16826
	FrameDuration = 41649
	ExposureTimeMode = 0
	AeExposureMode = 0
	AeConstraintMode = 0
	Gamma = 2.200000
	ExposureValue = 0.000000
	SensorTimestamp = 292528385000
292.570040 (24.01 fps) cam0-stream0 seq: 000028 bytesused: 31961088
	AeExposureMode = 0
	FrameDuration = 41649
	AnalogueGain = 1.000000
	Saturation = 1.000000
	Contrast = 1.000000
	Gamma = 2.200000
	ExposureTimeMode = 0
	ColourTemperature = 5598
	ExposureTime = 16826
	ColourGains = [ 1.592904, 1.368226 ]
	AwbEnable = true
	AnalogueGainMode = 0
	SensorBlackLevels = [ 4096, 4096, 4096, 4096 ]
	AeConstraintMode = 0
	ExposureValue = 0.000000
	SensorTimestamp = 292570040000
292.611694 (24.01 fps) cam0-stream0 seq: 000029 bytesused: 31961088
	SensorBlackLevels = [ 4096, 4096, 4096, 4096 ]
	AnalogueGainMode = 0
	Contrast = 1.000000
	Saturation = 1.000000
	AnalogueGain = 1.000000
	ExposureTime = 16843
	FrameDuration = 41649
	ExposureTimeMode = 0
	AeExposureMode = 0
	AeConstraintMode = 0
	Gamma = 2.200000
	ExposureValue = 0.000000
	SensorTimestamp = 292611694000
292.653346 (24.01 fps) cam0-stream0 seq: 000030 bytesused: 31961088
	SensorBlackLevels = [ 4096, 4096, 4096, 4096 ]
	AnalogueGainMode = 0
	Contrast = 1.000000
	Saturation = 1.000000
	AnalogueGain = 1.000000
	ExposureTime = 16843
	FrameDuration = 41649
	ExposureTimeMode = 0
	AeExposureMode = 0
	AeConstraintMode = 0
	Gamma = 2.200000
	ExposureValue = 0.000000
	SensorTimestamp = 292653346000
292.695000 (24.01 fps) cam0-stream0 seq: 000031 bytesused: 31961088
	SensorBlackLevels = [ 4096, 4096, 4096, 4096 ]
	AnalogueGainMode = 0
	Contrast = 1.000000
	Saturation = 1.000000
	AnalogueGain = 1.000000
	ExposureTime = 16843
	FrameDuration = 41649
	ExposureTimeMode = 0
	AeExposureMode = 0
	AeConstraintMode = 0
	Gamma = 2.200000
	ExposureValue = 0.000000
	SensorTimestamp = 292695000000
292.736656 (24.01 fps) cam0-stream0 seq: 000032 bytesused: 31961088
	AeExposureMode = 0
	FrameDuration = 41649
	AnalogueGain = 1.000000
	Saturation = 1.000000
	Contrast = 1.000000
	Gamma = 2.200000
	ExposureTimeMode = 0
	ColourTemperature = 5593
	ExposureTime = 16843
	ColourGains = [ 1.626421, 1.389482 ]
	AwbEnable = true
	AnalogueGainMode = 0
	SensorBlackLevels = [ 4096, 4096, 4096, 4096 ]
	AeConstraintMode = 0
	ExposureValue = 0.000000
	SensorTimestamp = 292736656000
292.778309 (24.01 fps) cam0-stream0 seq: 000033 bytesused: 31961088
	SensorBlackLevels = [ 4096, 4096, 4096, 4096 ]
	AnalogueGainMode = 0
	Contrast = 1.000000
	Saturation = 1.000000
	AnalogueGain = 1.000000
	ExposureTime = 16843
	FrameDuration = 41649
	ExposureTimeMode = 0
	AeExposureMode = 0
	AeConstraintMode = 0
	Gamma = 2.200000
	ExposureValue = 0.000000
	SensorTimestamp = 292778309000
292.819962 (24.01 fps) cam0-stream0 seq: 000034 bytesused: 31961088
	SensorBlackLevels = [ 4096, 4096, 4096, 4096 ]
	AnalogueGainMode = 0
	Contrast = 1.000000
	Saturation = 1.000000
	AnalogueGain = 1.000000
	ExposureTime = 16843
	FrameDuration = 41649
	ExposureTimeMode = 0
	AeExposureMode = 0
	AeConstraintMode = 0
	Gamma = 2.200000
	ExposureValue = 0.000000
	SensorTimestamp = 292819962000
292.861615 (24.01 fps) cam0-stream0 seq: 000035 bytesused: 31961088
	SensorBlackLevels = [ 4096, 4096, 4096, 4096 ]
	AnalogueGainMode = 0
	Contrast = 1.000000
	Saturation = 1.000000
	AnalogueGain = 1.000000
	ExposureTime = 16843
	FrameDuration = 41649
	ExposureTimeMode = 0
	AeExposureMode = 0
	AeConstraintMode = 0
	Gamma = 2.200000
	ExposureValue = 0.000000
	SensorTimestamp = 292861615000
292.903272 (24.01 fps) cam0-stream0 seq: 000036 bytesused: 31961088
	AeExposureMode = 0
	FrameDuration = 41649
	AnalogueGain = 1.000000
	Saturation = 1.000000
	Contrast = 1.000000
	Gamma = 2.200000
	ExposureTimeMode = 0
	ColourTemperature = 5598
	ExposureTime = 16843
	ColourGains = [ 1.652357, 1.406005 ]
	AwbEnable = true
	AnalogueGainMode = 0
	SensorBlackLevels = [ 4096, 4096, 4096, 4096 ]
	AeConstraintMode = 0
	ExposureValue = 0.000000
	SensorTimestamp = 292903272000
292.944923 (24.01 fps) cam0-stream0 seq: 000037 bytesused: 31961088
	SensorBlackLevels = [ 4096, 4096, 4096, 4096 ]
	AnalogueGainMode = 0
	Contrast = 1.000000
	Saturation = 1.000000
	AnalogueGain = 1.000000
	ExposureTime = 16843
	FrameDuration = 41649
	ExposureTimeMode = 0
	AeExposureMode = 0
	AeConstraintMode = 0
	Gamma = 2.200000
	ExposureValue = 0.000000
	SensorTimestamp = 292944923000
292.986578 (24.01 fps) cam0-stream0 seq: 000038 bytesused: 31961088
	SensorBlackLevels = [ 4096, 4096, 4096, 4096 ]
	AnalogueGainMode = 0
	Contrast = 1.000000
	Saturation = 1.000000
	AnalogueGain = 1.000000
	ExposureTime = 16843
	FrameDuration = 41649
	ExposureTimeMode = 0
	AeExposureMode = 0
	AeConstraintMode = 0
	Gamma = 2.200000
	ExposureValue = 0.000000
	SensorTimestamp = 292986578000
293.028233 (24.01 fps) cam0-stream0 seq: 000039 bytesused: 31961088
	SensorBlackLevels = [ 4096, 4096, 4096, 4096 ]
	AnalogueGainMode = 0
	Contrast = 1.000000
	Saturation = 1.000000
	AnalogueGain = 1.000000
	ExposureTime = 16843
	FrameDuration = 41649
	ExposureTimeMode = 0
	AeExposureMode = 0
	AeConstraintMode = 0
	Gamma = 2.200000
	ExposureValue = 0.000000
	SensorTimestamp = 293028233000
293.069887 (24.01 fps) cam0-stream0 seq: 000040 bytesused: 31961088
	AeExposureMode = 0
	FrameDuration = 41649
	AnalogueGain = 1.000000
	Saturation = 1.000000
	Contrast = 1.000000
	Gamma = 2.200000
	ExposureTimeMode = 0
	ColourTemperature = 5600
	ExposureTime = 16843
	ColourGains = [ 1.673051, 1.419148 ]
	AwbEnable = true
	AnalogueGainMode = 0
	SensorBlackLevels = [ 4096, 4096, 4096, 4096 ]
	AeConstraintMode = 0
	ExposureValue = 0.000000
	SensorTimestamp = 293069887000
293.111541 (24.01 fps) cam0-stream0 seq: 000041 bytesused: 31961088
	SensorBlackLevels = [ 4096, 4096, 4096, 4096 ]
	AnalogueGainMode = 0
	Contrast = 1.000000
	Saturation = 1.000000
	AnalogueGain = 1.000000
	ExposureTime = 16826
	FrameDuration = 41649
	ExposureTimeMode = 0
	AeExposureMode = 0
	AeConstraintMode = 0
	Gamma = 2.200000
	ExposureValue = 0.000000
	SensorTimestamp = 293111541000
293.153193 (24.01 fps) cam0-stream0 seq: 000042 bytesused: 31961088
	SensorBlackLevels = [ 4096, 4096, 4096, 4096 ]
	AnalogueGainMode = 0
	Contrast = 1.000000
	Saturation = 1.000000
	AnalogueGain = 1.000000
	ExposureTime = 16826
	FrameDuration = 41649
	ExposureTimeMode = 0
	AeExposureMode = 0
	AeConstraintMode = 0
	Gamma = 2.200000
	ExposureValue = 0.000000
	SensorTimestamp = 293153193000
293.194846 (24.01 fps) cam0-stream0 seq: 000043 bytesused: 31961088
	SensorBlackLevels = [ 4096, 4096, 4096, 4096 ]
	AnalogueGainMode = 0
	Contrast = 1.000000
	Saturation = 1.000000
	AnalogueGain = 1.000000
	ExposureTime = 16826
	FrameDuration = 41649
	ExposureTimeMode = 0
	AeExposureMode = 0
	AeConstraintMode = 0
	Gamma = 2.200000
	ExposureValue = 0.000000
	SensorTimestamp = 293194846000
293.236501 (24.01 fps) cam0-stream0 seq: 000044 bytesused: 31961088
	AeExposureMode = 0
	FrameDuration = 41649
	AnalogueGain = 1.000000
	Saturation = 1.000000
	Contrast = 1.000000
	Gamma = 2.200000
	ExposureTimeMode = 0
	ColourTemperature = 5596
	ExposureTime = 16826
	ColourGains = [ 1.689812, 1.429883 ]
	AwbEnable = true
	AnalogueGainMode = 0
	SensorBlackLevels = [ 4096, 4096, 4096, 4096 ]
	AeConstraintMode = 0
	ExposureValue = 0.000000
	SensorTimestamp = 293236501000
293.278157 (24.01 fps) cam0-stream0 seq: 000045 bytesused: 31961088
	SensorBlackLevels = [ 4096, 4096, 4096, 4096 ]
	AnalogueGainMode = 0
	Contrast = 1.000000
	Saturation = 1.000000
	AnalogueGain = 1.000000
	ExposureTime = 16826
	FrameDuration = 41649
	ExposureTimeMode = 0
	AeExposureMode = 0
	AeConstraintMode = 0
	Gamma = 2.200000
	ExposureValue = 0.000000
	SensorTimestamp = 293278157000
293.319808 (24.01 fps) cam0-stream0 seq: 000046 bytesused: 31961088
	SensorBlackLevels = [ 4096, 4096, 4096, 4096 ]
	AnalogueGainMode = 0
	Contrast = 1.000000
	Saturation = 1.000000
	AnalogueGain = 1.000000
	ExposureTime = 16826
	FrameDuration = 41649
	ExposureTimeMode = 0
	AeExposureMode = 0
	AeConstraintMode = 0
	Gamma = 2.200000
	ExposureValue = 0.000000
	SensorTimestamp = 293319808000
293.361462 (24.01 fps) cam0-stream0 seq: 000047 bytesused: 31961088
	SensorBlackLevels = [ 4096, 4096, 4096, 4096 ]
	AnalogueGainMode = 0
	Contrast = 1.000000
	Saturation = 1.000000
	AnalogueGain = 1.000000
	ExposureTime = 16826
	FrameDuration = 41649
	ExposureTimeMode = 0
	AeExposureMode = 0
	AeConstraintMode = 0
	Gamma = 2.200000
	ExposureValue = 0.000000
	SensorTimestamp = 293361462000
293.403119 (24.01 fps) cam0-stream0 seq: 000048 bytesused: 31961088
	AeExposureMode = 0
	FrameDuration = 41649
	AnalogueGain = 1.000000
	Saturation = 1.000000
	Contrast = 1.000000
	Gamma = 2.200000
	ExposureTimeMode = 0
	ColourTemperature = 5595
	ExposureTime = 16826
	ColourGains = [ 1.703222, 1.438511 ]
	AwbEnable = true
	AnalogueGainMode = 0
	SensorBlackLevels = [ 4096, 4096, 4096, 4096 ]
	AeConstraintMode = 0
	ExposureValue = 0.000000
	SensorTimestamp = 293403119000
293.444770 (24.01 fps) cam0-stream0 seq: 000049 bytesused: 31961088
	SensorBlackLevels = [ 4096, 4096, 4096, 4096 ]
	AnalogueGainMode = 0
	Contrast = 1.000000
	Saturation = 1.000000
	AnalogueGain = 1.000000
	ExposureTime = 16843
	FrameDuration = 41649
	ExposureTimeMode = 0
	AeExposureMode = 0
	AeConstraintMode = 0
	Gamma = 2.200000
	ExposureValue = 0.000000
	SensorTimestamp = 293444770000
293.486427 (24.01 fps) cam0-stream0 seq: 000050 bytesused: 31961088
	SensorBlackLevels = [ 4096, 4096, 4096, 4096 ]
	AnalogueGainMode = 0
	Contrast = 1.000000
	Saturation = 1.000000
	AnalogueGain = 1.000000
	ExposureTime = 16843
	FrameDuration = 41649
	ExposureTimeMode = 0
	AeExposureMode = 0
	AeConstraintMode = 0
	Gamma = 2.200000
	ExposureValue = 0.000000
	SensorTimestamp = 293486427000
293.528079 (24.01 fps) cam0-stream0 seq: 000051 bytesused: 31961088
	SensorBlackLevels = [ 4096, 4096, 4096, 4096 ]
	AnalogueGainMode = 0
	Contrast = 1.000000
	Saturation = 1.000000
	AnalogueGain = 1.000000
	ExposureTime = 16843
	FrameDuration = 41649
	ExposureTimeMode = 0
	AeExposureMode = 0
	AeConstraintMode = 0
	Gamma = 2.200000
	ExposureValue = 0.000000
	SensorTimestamp = 293528079000
293.569732 (24.01 fps) cam0-stream0 seq: 000052 bytesused: 31961088
	AeExposureMode = 0
	FrameDuration = 41649
	AnalogueGain = 1.000000
	Saturation = 1.000000
	Contrast = 1.000000
	Gamma = 2.200000
	ExposureTimeMode = 0
	ColourTemperature = 5586
	ExposureTime = 16843
	ColourGains = [ 1.713515, 1.445715 ]
	AwbEnable = true
	AnalogueGainMode = 0
	SensorBlackLevels = [ 4096, 4096, 4096, 4096 ]
	AeConstraintMode = 0
	ExposureValue = 0.000000
	SensorTimestamp = 293569732000
293.611387 (24.01 fps) cam0-stream0 seq: 000053 bytesused: 31961088
	SensorBlackLevels = [ 4096, 4096, 4096, 4096 ]
	AnalogueGainMode = 0
	Contrast = 1.000000
	Saturation = 1.000000
	AnalogueGain = 1.000000
	ExposureTime = 16843
	FrameDuration = 41649
	ExposureTimeMode = 0
	AeExposureMode = 0
	AeConstraintMode = 0
	Gamma = 2.200000
	ExposureValue = 0.000000
	SensorTimestamp = 293611387000
293.653040 (24.01 fps) cam0-stream0 seq: 000054 bytesused: 31961088
	SensorBlackLevels = [ 4096, 4096, 4096, 4096 ]
	AnalogueGainMode = 0
	Contrast = 1.000000
	Saturation = 1.000000
	AnalogueGain = 1.000000
	ExposureTime = 16843
	FrameDuration = 41649
	ExposureTimeMode = 0
	AeExposureMode = 0
	AeConstraintMode = 0
	Gamma = 2.200000
	ExposureValue = 0.000000
	SensorTimestamp = 293653040000
293.694697 (24.01 fps) cam0-stream0 seq: 000055 bytesused: 31961088
	SensorBlackLevels = [ 4096, 4096, 4096, 4096 ]
	AnalogueGainMode = 0
	Contrast = 1.000000
	Saturation = 1.000000
	AnalogueGain = 1.000000
	ExposureTime = 16843
	FrameDuration = 41649
	ExposureTimeMode = 0
	AeExposureMode = 0
	AeConstraintMode = 0
	Gamma = 2.200000
	ExposureValue = 0.000000
	SensorTimestamp = 293694697000
293.736351 (24.01 fps) cam0-stream0 seq: 000056 bytesused: 31961088
	AeExposureMode = 0
	FrameDuration = 41649
	AnalogueGain = 1.000000
	Saturation = 1.000000
	Contrast = 1.000000
	Gamma = 2.200000
	ExposureTimeMode = 0
	ColourTemperature = 5596
	ExposureTime = 16843
	ColourGains = [ 1.722012, 1.451111 ]
	AwbEnable = true
	AnalogueGainMode = 0
	SensorBlackLevels = [ 4096, 4096, 4096, 4096 ]
	AeConstraintMode = 0
	ExposureValue = 0.000000
	SensorTimestamp = 293736351000
293.778003 (24.01 fps) cam0-stream0 seq: 000057 bytesused: 31961088
	SensorBlackLevels = [ 4096, 4096, 4096, 4096 ]
	AnalogueGainMode = 0
	Contrast = 1.000000
	Saturation = 1.000000
	AnalogueGain = 1.000000
	ExposureTime = 16843
	FrameDuration = 41649
	ExposureTimeMode = 0
	AeExposureMode = 0
	AeConstraintMode = 0
	Gamma = 2.200000
	ExposureValue = 0.000000
	SensorTimestamp = 293778003000
293.819656 (24.01 fps) cam0-stream0 seq: 000058 bytesused: 31961088
	SensorBlackLevels = [ 4096, 4096, 4096, 4096 ]
	AnalogueGainMode = 0
	Contrast = 1.000000
	Saturation = 1.000000
	AnalogueGain = 1.000000
	ExposureTime = 16843
	FrameDuration = 41649
	ExposureTimeMode = 0
	AeExposureMode = 0
	AeConstraintMode = 0
	Gamma = 2.200000
	ExposureValue = 0.000000
	SensorTimestamp = 293819656000
[0:04:53.937779765] [9723]  INFO Benchmark benchmark.cpp:89 Debayer processed 30 frames in 937951us, 31265 us/frame
293.861310 (24.01 fps) cam0-stream0 seq: 000059 bytesused: 31961088
	SensorBlackLevels = [ 4096, 4096, 4096, 4096 ]
	AnalogueGainMode = 0
	Contrast = 1.000000
	Saturation = 1.000000
	AnalogueGain = 1.000000
	ExposureTime = 16843
	FrameDuration = 41649
	ExposureTimeMode = 0
	AeExposureMode = 0
	AeConstraintMode = 0
	Gamma = 2.200000
	ExposureValue = 0.000000
	SensorTimestamp = 293861310000
293.902964 (24.01 fps) cam0-stream0 seq: 000060 bytesused: 31961088
	AeExposureMode = 0
	FrameDuration = 41649
	AnalogueGain = 1.000000
	Saturation = 1.000000
	Contrast = 1.000000
	Gamma = 2.200000
	ExposureTimeMode = 0
	ColourTemperature = 5599
	ExposureTime = 16843
	ColourGains = [ 1.728537, 1.455207 ]
	AwbEnable = true
	AnalogueGainMode = 0
	SensorBlackLevels = [ 4096, 4096, 4096, 4096 ]
	AeConstraintMode = 0
	ExposureValue = 0.000000
	SensorTimestamp = 293902964000
293.944620 (24.01 fps) cam0-stream0 seq: 000061 bytesused: 31961088
	SensorBlackLevels = [ 4096, 4096, 4096, 4096 ]
	AnalogueGainMode = 0
	Contrast = 1.000000
	Saturation = 1.000000
	AnalogueGain = 1.000000
	ExposureTime = 16826
	FrameDuration = 41649
	ExposureTimeMode = 0
	AeExposureMode = 0
	AeConstraintMode = 0
	Gamma = 2.200000
	ExposureValue = 0.000000
	SensorTimestamp = 293944620000
293.986272 (24.01 fps) cam0-stream0 seq: 000062 bytesused: 31961088
	SensorBlackLevels = [ 4096, 4096, 4096, 4096 ]
	AnalogueGainMode = 0
	Contrast = 1.000000
	Saturation = 1.000000
	AnalogueGain = 1.000000
	ExposureTime = 16826
	FrameDuration = 41649
	ExposureTimeMode = 0
	AeExposureMode = 0
	AeConstraintMode = 0
	Gamma = 2.200000
	ExposureValue = 0.000000
	SensorTimestamp = 293986272000
294.027927 (24.01 fps) cam0-stream0 seq: 000063 bytesused: 31961088
	SensorBlackLevels = [ 4096, 4096, 4096, 4096 ]
	AnalogueGainMode = 0
	Contrast = 1.000000
	Saturation = 1.000000
	AnalogueGain = 1.000000
	ExposureTime = 16826
	FrameDuration = 41649
	ExposureTimeMode = 0
	AeExposureMode = 0
	AeConstraintMode = 0
	Gamma = 2.200000
	ExposureValue = 0.000000
	SensorTimestamp = 294027927000
294.069579 (24.01 fps) cam0-stream0 seq: 000064 bytesused: 31961088
	AeExposureMode = 0
	FrameDuration = 41649
	AnalogueGain = 1.000000
	Saturation = 1.000000
	Contrast = 1.000000
	Gamma = 2.200000
	ExposureTimeMode = 0
	ColourTemperature = 5593
	ExposureTime = 16826
	ColourGains = [ 1.734231, 1.458874 ]
	AwbEnable = true
	AnalogueGainMode = 0
	SensorBlackLevels = [ 4096, 4096, 4096, 4096 ]
	AeConstraintMode = 0
	ExposureValue = 0.000000
	SensorTimestamp = 294069579000
294.111234 (24.01 fps) cam0-stream0 seq: 000065 bytesused: 31961088
	SensorBlackLevels = [ 4096, 4096, 4096, 4096 ]
	AnalogueGainMode = 0
	Contrast = 1.000000
	Saturation = 1.000000
	AnalogueGain = 1.000000
	ExposureTime = 16826
	FrameDuration = 41649
	ExposureTimeMode = 0
	AeExposureMode = 0
	AeConstraintMode = 0
	Gamma = 2.200000
	ExposureValue = 0.000000
	SensorTimestamp = 294111234000
294.152888 (24.01 fps) cam0-stream0 seq: 000066 bytesused: 31961088
	SensorBlackLevels = [ 4096, 4096, 4096, 4096 ]
	AnalogueGainMode = 0
	Contrast = 1.000000
	Saturation = 1.000000
	AnalogueGain = 1.000000
	ExposureTime = 16826
	FrameDuration = 41649
	ExposureTimeMode = 0
	AeExposureMode = 0
	AeConstraintMode = 0
	Gamma = 2.200000
	ExposureValue = 0.000000
	SensorTimestamp = 294152888000
294.194543 (24.01 fps) cam0-stream0 seq: 000067 bytesused: 31961088
	SensorBlackLevels = [ 4096, 4096, 4096, 4096 ]
	AnalogueGainMode = 0
	Contrast = 1.000000
	Saturation = 1.000000
	AnalogueGain = 1.000000
	ExposureTime = 16826
	FrameDuration = 41649
	ExposureTimeMode = 0
	AeExposureMode = 0
	AeConstraintMode = 0
	Gamma = 2.200000
	ExposureValue = 0.000000
	SensorTimestamp = 294194543000
294.236198 (24.01 fps) cam0-stream0 seq: 000068 bytesused: 31961088
	AeExposureMode = 0
	FrameDuration = 41649
	AnalogueGain = 1.000000
	Saturation = 1.000000
	Contrast = 1.000000
	Gamma = 2.200000
	ExposureTimeMode = 0
	ColourTemperature = 5593
	ExposureTime = 16826
	ColourGains = [ 1.738807, 1.461822 ]
	AwbEnable = true
	AnalogueGainMode = 0
	SensorBlackLevels = [ 4096, 4096, 4096, 4096 ]
	AeConstraintMode = 0
	ExposureValue = 0.000000
	SensorTimestamp = 294236198000
294.277852 (24.01 fps) cam0-stream0 seq: 000069 bytesused: 31961088
	SensorBlackLevels = [ 4096, 4096, 4096, 4096 ]
	AnalogueGainMode = 0
	Contrast = 1.000000
	Saturation = 1.000000
	AnalogueGain = 1.000000
	ExposureTime = 16843
	FrameDuration = 41649
	ExposureTimeMode = 0
	AeExposureMode = 0
	AeConstraintMode = 0
	Gamma = 2.200000
	ExposureValue = 0.000000
	SensorTimestamp = 294277852000
294.319504 (24.01 fps) cam0-stream0 seq: 000070 bytesused: 31961088
	SensorBlackLevels = [ 4096, 4096, 4096, 4096 ]
	AnalogueGainMode = 0
	Contrast = 1.000000
	Saturation = 1.000000
	AnalogueGain = 1.000000
	ExposureTime = 16843
	FrameDuration = 41649
	ExposureTimeMode = 0
	AeExposureMode = 0
	AeConstraintMode = 0
	Gamma = 2.200000
	ExposureValue = 0.000000
	SensorTimestamp = 294319504000
294.361159 (24.01 fps) cam0-stream0 seq: 000071 bytesused: 31961088
	SensorBlackLevels = [ 4096, 4096, 4096, 4096 ]
	AnalogueGainMode = 0
	Contrast = 1.000000
	Saturation = 1.000000
	AnalogueGain = 1.000000
	ExposureTime = 16843
	FrameDuration = 41649
	ExposureTimeMode = 0
	AeExposureMode = 0
	AeConstraintMode = 0
	Gamma = 2.200000
	ExposureValue = 0.000000
	SensorTimestamp = 294361159000
294.402813 (24.01 fps) cam0-stream0 seq: 000072 bytesused: 31961088
	AeExposureMode = 0
	FrameDuration = 41649
	AnalogueGain = 1.000000
	Saturation = 1.000000
	Contrast = 1.000000
	Gamma = 2.200000
	ExposureTimeMode = 0
	ColourTemperature = 5591
	ExposureTime = 16843
	ColourGains = [ 1.742407, 1.464242 ]
	AwbEnable = true
	AnalogueGainMode = 0
	SensorBlackLevels = [ 4096, 4096, 4096, 4096 ]
	AeConstraintMode = 0
	ExposureValue = 0.000000
	SensorTimestamp = 294402813000
294.444467 (24.01 fps) cam0-stream0 seq: 000073 bytesused: 31961088
	SensorBlackLevels = [ 4096, 4096, 4096, 4096 ]
	AnalogueGainMode = 0
	Contrast = 1.000000
	Saturation = 1.000000
	AnalogueGain = 1.000000
	ExposureTime = 16843
	FrameDuration = 41649
	ExposureTimeMode = 0
	AeExposureMode = 0
	AeConstraintMode = 0
	Gamma = 2.200000
	ExposureValue = 0.000000
	SensorTimestamp = 294444467000
294.486121 (24.01 fps) cam0-stream0 seq: 000074 bytesused: 31961088
	SensorBlackLevels = [ 4096, 4096, 4096, 4096 ]
	AnalogueGainMode = 0
	Contrast = 1.000000
	Saturation = 1.000000
	AnalogueGain = 1.000000
	ExposureTime = 16843
	FrameDuration = 41649
	ExposureTimeMode = 0
	AeExposureMode = 0
	AeConstraintMode = 0
	Gamma = 2.200000
	ExposureValue = 0.000000
	SensorTimestamp = 294486121000
294.527775 (24.01 fps) cam0-stream0 seq: 000075 bytesused: 31961088
	SensorBlackLevels = [ 4096, 4096, 4096, 4096 ]
	AnalogueGainMode = 0
	Contrast = 1.000000
	Saturation = 1.000000
	AnalogueGain = 1.000000
	ExposureTime = 16843
	FrameDuration = 41649
	ExposureTimeMode = 0
	AeExposureMode = 0
	AeConstraintMode = 0
	Gamma = 2.200000
	ExposureValue = 0.000000
	SensorTimestamp = 294527775000
294.569428 (24.01 fps) cam0-stream0 seq: 000076 bytesused: 31961088
	AeExposureMode = 0
	FrameDuration = 41649
	AnalogueGain = 1.000000
	Saturation = 1.000000
	Contrast = 1.000000
	Gamma = 2.200000
	ExposureTimeMode = 0
	ColourTemperature = 5592
	ExposureTime = 16843
	ColourGains = [ 1.745300, 1.466170 ]
	AwbEnable = true
	AnalogueGainMode = 0
	SensorBlackLevels = [ 4096, 4096, 4096, 4096 ]
	AeConstraintMode = 0
	ExposureValue = 0.000000
	SensorTimestamp = 294569428000
294.611080 (24.01 fps) cam0-stream0 seq: 000077 bytesused: 31961088
	SensorBlackLevels = [ 4096, 4096, 4096, 4096 ]
	AnalogueGainMode = 0
	Contrast = 1.000000
	Saturation = 1.000000
	AnalogueGain = 1.000000
	ExposureTime = 16843
	FrameDuration = 41649
	ExposureTimeMode = 0
	AeExposureMode = 0
	AeConstraintMode = 0
	Gamma = 2.200000
	ExposureValue = 0.000000
	SensorTimestamp = 294611080000
294.652737 (24.01 fps) cam0-stream0 seq: 000078 bytesused: 31961088
	SensorBlackLevels = [ 4096, 4096, 4096, 4096 ]
	AnalogueGainMode = 0
	Contrast = 1.000000
	Saturation = 1.000000
	AnalogueGain = 1.000000
	ExposureTime = 16843
	FrameDuration = 41649
	ExposureTimeMode = 0
	AeExposureMode = 0
	AeConstraintMode = 0
	Gamma = 2.200000
	ExposureValue = 0.000000
	SensorTimestamp = 294652737000
294.694390 (24.01 fps) cam0-stream0 seq: 000079 bytesused: 31961088
	SensorBlackLevels = [ 4096, 4096, 4096, 4096 ]
	AnalogueGainMode = 0
	Contrast = 1.000000
	Saturation = 1.000000
	AnalogueGain = 1.000000
	ExposureTime = 16843
	FrameDuration = 41649
	ExposureTimeMode = 0
	AeExposureMode = 0
	AeConstraintMode = 0
	Gamma = 2.200000
	ExposureValue = 0.000000
	SensorTimestamp = 294694390000
294.736046 (24.01 fps) cam0-stream0 seq: 000080 bytesused: 31961088
	AeExposureMode = 0
	FrameDuration = 41649
	AnalogueGain = 1.000000
	Saturation = 1.000000
	Contrast = 1.000000
	Gamma = 2.200000
	ExposureTimeMode = 0
	ColourTemperature = 5589
	ExposureTime = 16843
	ColourGains = [ 1.747965, 1.467943 ]
	AwbEnable = true
	AnalogueGainMode = 0
	SensorBlackLevels = [ 4096, 4096, 4096, 4096 ]
	AeConstraintMode = 0
	ExposureValue = 0.000000
	SensorTimestamp = 294736046000
294.777698 (24.01 fps) cam0-stream0 seq: 000081 bytesused: 31961088
	SensorBlackLevels = [ 4096, 4096, 4096, 4096 ]
	AnalogueGainMode = 0
	Contrast = 1.000000
	Saturation = 1.000000
	AnalogueGain = 1.000000
	ExposureTime = 16843
	FrameDuration = 41649
	ExposureTimeMode = 0
	AeExposureMode = 0
	AeConstraintMode = 0
	Gamma = 2.200000
	ExposureValue = 0.000000
	SensorTimestamp = 294777698000
294.819351 (24.01 fps) cam0-stream0 seq: 000082 bytesused: 31961088
	SensorBlackLevels = [ 4096, 4096, 4096, 4096 ]
	AnalogueGainMode = 0
	Contrast = 1.000000
	Saturation = 1.000000
	AnalogueGain = 1.000000
	ExposureTime = 16843
	FrameDuration = 41649
	ExposureTimeMode = 0
	AeExposureMode = 0
	AeConstraintMode = 0
	Gamma = 2.200000
	ExposureValue = 0.000000
	SensorTimestamp = 294819351000
294.861006 (24.01 fps) cam0-stream0 seq: 000083 bytesused: 31961088
	SensorBlackLevels = [ 4096, 4096, 4096, 4096 ]
	AnalogueGainMode = 0
	Contrast = 1.000000
	Saturation = 1.000000
	AnalogueGain = 1.000000
	ExposureTime = 16843
	FrameDuration = 41649
	ExposureTimeMode = 0
	AeExposureMode = 0
	AeConstraintMode = 0
	Gamma = 2.200000
	ExposureValue = 0.000000
	SensorTimestamp = 294861006000
294.902659 (24.01 fps) cam0-stream0 seq: 000084 bytesused: 31961088
	AeExposureMode = 0
	FrameDuration = 41649
	AnalogueGain = 1.000000
	Saturation = 1.000000
	Contrast = 1.000000
	Gamma = 2.200000
	ExposureTimeMode = 0
	ColourTemperature = 5593
	ExposureTime = 16843
	ColourGains = [ 1.749513, 1.469008 ]
	AwbEnable = true
	AnalogueGainMode = 0
	SensorBlackLevels = [ 4096, 4096, 4096, 4096 ]
	AeConstraintMode = 0
	ExposureValue = 0.000000
	SensorTimestamp = 294902659000
294.944313 (24.01 fps) cam0-stream0 seq: 000085 bytesused: 31961088
	SensorBlackLevels = [ 4096, 4096, 4096, 4096 ]
	AnalogueGainMode = 0
	Contrast = 1.000000
	Saturation = 1.000000
	AnalogueGain = 1.000000
	ExposureTime = 16826
	FrameDuration = 41649
	ExposureTimeMode = 0
	AeExposureMode = 0
	AeConstraintMode = 0
	Gamma = 2.200000
	ExposureValue = 0.000000
	SensorTimestamp = 294944313000
294.985966 (24.01 fps) cam0-stream0 seq: 000086 bytesused: 31961088
	SensorBlackLevels = [ 4096, 4096, 4096, 4096 ]
	AnalogueGainMode = 0
	Contrast = 1.000000
	Saturation = 1.000000
	AnalogueGain = 1.000000
	ExposureTime = 16826
	FrameDuration = 41649
	ExposureTimeMode = 0
	AeExposureMode = 0
	AeConstraintMode = 0
	Gamma = 2.200000
	ExposureValue = 0.000000
	SensorTimestamp = 294985966000
295.027622 (24.01 fps) cam0-stream0 seq: 000087 bytesused: 31961088
	SensorBlackLevels = [ 4096, 4096, 4096, 4096 ]
	AnalogueGainMode = 0
	Contrast = 1.000000
	Saturation = 1.000000
	AnalogueGain = 1.000000
	ExposureTime = 16826
	FrameDuration = 41649
	ExposureTimeMode = 0
	AeExposureMode = 0
	AeConstraintMode = 0
	Gamma = 2.200000
	ExposureValue = 0.000000
	SensorTimestamp = 295027622000
295.069275 (24.01 fps) cam0-stream0 seq: 000088 bytesused: 31961088
	AeExposureMode = 0
	FrameDuration = 41649
	AnalogueGain = 1.000000
	Saturation = 1.000000
	Contrast = 1.000000
	Gamma = 2.200000
	ExposureTimeMode = 0
	ColourTemperature = 5589
	ExposureTime = 16826
	ColourGains = [ 1.750959, 1.470085 ]
	AwbEnable = true
	AnalogueGainMode = 0
	SensorBlackLevels = [ 4096, 4096, 4096, 4096 ]
	AeConstraintMode = 0
	ExposureValue = 0.000000
	SensorTimestamp = 295069275000
295.110930 (24.01 fps) cam0-stream0 seq: 000089 bytesused: 31961088
	SensorBlackLevels = [ 4096, 4096, 4096, 4096 ]
	AnalogueGainMode = 0
	Contrast = 1.000000
	Saturation = 1.000000
	AnalogueGain = 1.000000
	ExposureTime = 16843
	FrameDuration = 41649
	ExposureTimeMode = 0
	AeExposureMode = 0
	AeConstraintMode = 0
	Gamma = 2.200000
	ExposureValue = 0.000000
	SensorTimestamp = 295110930000
