		VIDIOC_REQBUFS returned 0 (Success)
		VIDIOC_CREATE_BUFS returned 0 (Success)
		VIDIOC_QUERYBUF returned 0 (Success)
		VIDIOC_QUERYBUF returned 0 (Success)
		VIDIOC_QUERYBUF returned 0 (Success)
		VIDIOC_QUERYBUF returned 0 (Success)
		VIDIOC_G_FMT returned 0 (Success)
		VIDIOC_QBUF returned 0 (Success)
		VIDIOC_QBUF returned 0 (Success)
		VIDIOC_QBUF returned 0 (Success)
		VIDIOC_QBUF returned 0 (Success)
		VIDIOC_STREAMON returned 0 (Success)
cap dqbuf: 0 seq:      0 bytesused: 15980544 ts: 17226.799996 field: None (ts-monotonic, ts-src-eof)
cap dqbuf: 1 seq:      1 bytesused: 15980544 ts: 17226.841646 delta: 41.650 ms field: None (ts-monotonic, ts-src-eof)
cap dqbuf: 2 seq:      2 bytesused: 15980544 ts: 17226.883300 delta: 41.654 ms field: None (ts-monotonic, ts-src-eof)
cap dqbuf: 3 seq:      3 bytesused: 15980544 ts: 17226.924957 delta: 41.657 ms field: None (ts-monotonic, ts-src-eof)
cap dqbuf: 0 seq:      4 bytesused: 15980544 ts: 17226.966610 delta: 41.653 ms fps: 24.01 field: None (ts-monotonic, ts-src-eof)
cap dqbuf: 1 seq:      5 bytesused: 15980544 ts: 17227.008263 delta: 41.653 ms fps: 24.01 field: None (ts-monotonic, ts-src-eof)
cap dqbuf: 2 seq:      6 bytesused: 15980544 ts: 17227.049917 delta: 41.654 ms fps: 24.01 field: None (ts-monotonic, ts-src-eof)
cap dqbuf: 3 seq:      7 bytesused: 15980544 ts: 17227.091571 delta: 41.654 ms fps: 24.01 field: None (ts-monotonic, ts-src-eof)
cap dqbuf: 0 seq:      8 bytesused: 15980544 ts: 17227.133227 delta: 41.656 ms fps: 24.01 field: None (ts-monotonic, ts-src-eof)
cap dqbuf: 1 seq:      9 bytesused: 15980544 ts: 17227.174879 delta: 41.652 ms fps: 24.01 field: None (ts-monotonic, ts-src-eof)
cap dqbuf: 2 seq:     10 bytesused: 15980544 ts: 17227.216532 delta: 41.653 ms fps: 24.01 field: None (ts-monotonic, ts-src-eof)
cap dqbuf: 3 seq:     11 bytesused: 15980544 ts: 17227.258186 delta: 41.654 ms fps: 24.01 field: None (ts-monotonic, ts-src-eof)
cap dqbuf: 0 seq:     12 bytesused: 15980544 ts: 17227.299841 delta: 41.655 ms fps: 24.01 field: None (ts-monotonic, ts-src-eof)
cap dqbuf: 1 seq:     13 bytesused: 15980544 ts: 17227.341494 delta: 41.653 ms fps: 24.01 field: None (ts-monotonic, ts-src-eof)
cap dqbuf: 2 seq:     14 bytesused: 15980544 ts: 17227.383149 delta: 41.655 ms fps: 24.01 field: None (ts-monotonic, ts-src-eof)
cap dqbuf: 3 seq:     15 bytesused: 15980544 ts: 17227.424802 delta: 41.653 ms fps: 24.01 field: None (ts-monotonic, ts-src-eof)
cap dqbuf: 0 seq:     16 bytesused: 15980544 ts: 17227.466454 delta: 41.652 ms fps: 24.01 field: None (ts-monotonic, ts-src-eof)
cap dqbuf: 1 seq:     17 bytesused: 15980544 ts: 17227.508110 delta: 41.656 ms fps: 24.01 field: None (ts-monotonic, ts-src-eof)
cap dqbuf: 2 seq:     18 bytesused: 15980544 ts: 17227.549762 delta: 41.652 ms fps: 24.01 field: None (ts-monotonic, ts-src-eof)
cap dqbuf: 3 seq:     19 bytesused: 15980544 ts: 17227.591416 delta: 41.654 ms fps: 24.01 field: None (ts-monotonic, ts-src-eof)
cap dqbuf: 0 seq:     20 bytesused: 15980544 ts: 17227.633071 delta: 41.655 ms fps: 24.01 field: None (ts-monotonic, ts-src-eof)
cap dqbuf: 1 seq:     21 bytesused: 15980544 ts: 17227.674724 delta: 41.653 ms fps: 24.01 field: None (ts-monotonic, ts-src-eof)
cap dqbuf: 2 seq:     22 bytesused: 15980544 ts: 17227.716378 delta: 41.654 ms fps: 24.01 field: None (ts-monotonic, ts-src-eof)
cap dqbuf: 3 seq:     23 bytesused: 15980544 ts: 17227.758032 delta: 41.654 ms fps: 24.01 field: None (ts-monotonic, ts-src-eof)
cap dqbuf: 0 seq:     24 bytesused: 15980544 ts: 17227.799686 delta: 41.654 ms fps: 24.01 field: None (ts-monotonic, ts-src-eof)
cap dqbuf: 1 seq:     25 bytesused: 15980544 ts: 17227.841341 delta: 41.655 ms fps: 24.01 field: None (ts-monotonic, ts-src-eof)
cap dqbuf: 2 seq:     26 bytesused: 15980544 ts: 17227.882994 delta: 41.653 ms fps: 24.01 field: None (ts-monotonic, ts-src-eof)
cap dqbuf: 3 seq:     27 bytesused: 15980544 ts: 17227.924648 delta: 41.654 ms fps: 24.01 field: None (ts-monotonic, ts-src-eof)
cap dqbuf: 0 seq:     28 bytesused: 15980544 ts: 17227.966300 delta: 41.652 ms fps: 24.01 field: None (ts-monotonic, ts-src-eof)
cap dqbuf: 1 seq:     29 bytesused: 15980544 ts: 17228.007956 delta: 41.656 ms fps: 24.01 field: None (ts-monotonic, ts-src-eof)
cap dqbuf: 2 seq:     30 bytesused: 15980544 ts: 17228.049610 delta: 41.654 ms fps: 24.01 field: None (ts-monotonic, ts-src-eof)
cap dqbuf: 3 seq:     31 bytesused: 15980544 ts: 17228.091264 delta: 41.654 ms fps: 24.01 field: None (ts-monotonic, ts-src-eof)
cap dqbuf: 0 seq:     32 bytesused: 15980544 ts: 17228.132916 delta: 41.652 ms fps: 24.01 field: None (ts-monotonic, ts-src-eof)
cap dqbuf: 1 seq:     33 bytesused: 15980544 ts: 17228.174569 delta: 41.653 ms fps: 24.01 field: None (ts-monotonic, ts-src-eof)
cap dqbuf: 2 seq:     34 bytesused: 15980544 ts: 17228.216225 delta: 41.656 ms fps: 24.01 field: None (ts-monotonic, ts-src-eof)
cap dqbuf: 3 seq:     35 bytesused: 15980544 ts: 17228.257877 delta: 41.652 ms fps: 24.01 field: None (ts-monotonic, ts-src-eof)
cap dqbuf: 0 seq:     36 bytesused: 15980544 ts: 17228.299532 delta: 41.655 ms fps: 24.01 field: None (ts-monotonic, ts-src-eof)
cap dqbuf: 1 seq:     37 bytesused: 15980544 ts: 17228.341185 delta: 41.653 ms fps: 24.01 field: None (ts-monotonic, ts-src-eof)
cap dqbuf: 2 seq:     38 bytesused: 15980544 ts: 17228.382839 delta: 41.654 ms fps: 24.01 field: None (ts-monotonic, ts-src-eof)
cap dqbuf: 3 seq:     39 bytesused: 15980544 ts: 17228.424493 delta: 41.654 ms fps: 24.01 field: None (ts-monotonic, ts-src-eof)
cap dqbuf: 0 seq:     40 bytesused: 15980544 ts: 17228.466148 delta: 41.655 ms fps: 24.01 field: None (ts-monotonic, ts-src-eof)
cap dqbuf: 1 seq:     41 bytesused: 15980544 ts: 17228.507802 delta: 41.654 ms fps: 24.01 field: None (ts-monotonic, ts-src-eof)
cap dqbuf: 2 seq:     42 bytesused: 15980544 ts: 17228.549454 delta: 41.652 ms fps: 24.01 field: None (ts-monotonic, ts-src-eof)
cap dqbuf: 3 seq:     43 bytesused: 15980544 ts: 17228.591108 delta: 41.654 ms fps: 24.01 field: None (ts-monotonic, ts-src-eof)
cap dqbuf: 0 seq:     44 bytesused: 15980544 ts: 17228.632763 delta: 41.655 ms fps: 24.01 field: None (ts-monotonic, ts-src-eof)
cap dqbuf: 1 seq:     45 bytesused: 15980544 ts: 17228.674418 delta: 41.655 ms fps: 24.01 field: None (ts-monotonic, ts-src-eof)
cap dqbuf: 2 seq:     46 bytesused: 15980544 ts: 17228.716069 delta: 41.651 ms fps: 24.01 field: None (ts-monotonic, ts-src-eof)
cap dqbuf: 3 seq:     47 bytesused: 15980544 ts: 17228.757724 delta: 41.655 ms fps: 24.01 field: None (ts-monotonic, ts-src-eof)
cap dqbuf: 0 seq:     48 bytesused: 15980544 ts: 17228.799377 delta: 41.653 ms fps: 24.01 field: None (ts-monotonic, ts-src-eof)
cap dqbuf: 1 seq:     49 bytesused: 15980544 ts: 17228.841033 delta: 41.656 ms fps: 24.01 field: None (ts-monotonic, ts-src-eof)
cap dqbuf: 2 seq:     50 bytesused: 15980544 ts: 17228.882686 delta: 41.653 ms fps: 24.01 field: None (ts-monotonic, ts-src-eof)
cap dqbuf: 3 seq:     51 bytesused: 15980544 ts: 17228.924339 delta: 41.653 ms fps: 24.01 field: None (ts-monotonic, ts-src-eof)
cap dqbuf: 0 seq:     52 bytesused: 15980544 ts: 17228.965996 delta: 41.657 ms fps: 24.01 field: None (ts-monotonic, ts-src-eof)
cap dqbuf: 1 seq:     53 bytesused: 15980544 ts: 17229.007645 delta: 41.649 ms fps: 24.01 field: None (ts-monotonic, ts-src-eof)
cap dqbuf: 2 seq:     54 bytesused: 15980544 ts: 17229.049300 delta: 41.655 ms fps: 24.01 field: None (ts-monotonic, ts-src-eof)
cap dqbuf: 3 seq:     55 bytesused: 15980544 ts: 17229.090956 delta: 41.656 ms fps: 24.01 field: None (ts-monotonic, ts-src-eof)
cap dqbuf: 0 seq:     56 bytesused: 15980544 ts: 17229.132610 delta: 41.654 ms fps: 24.01 field: None (ts-monotonic, ts-src-eof)
cap dqbuf: 1 seq:     57 bytesused: 15980544 ts: 17229.174263 delta: 41.653 ms fps: 24.01 field: None (ts-monotonic, ts-src-eof)
cap dqbuf: 2 seq:     58 bytesused: 15980544 ts: 17229.215915 delta: 41.652 ms fps: 24.01 field: None (ts-monotonic, ts-src-eof)
cap dqbuf: 3 seq:     59 bytesused: 15980544 ts: 17229.257570 delta: 41.655 ms fps: 24.01 field: None (ts-monotonic, ts-src-eof)
cap dqbuf: 0 seq:     60 bytesused: 15980544 ts: 17229.299224 delta: 41.654 ms fps: 24.01 field: None (ts-monotonic, ts-src-eof)
cap dqbuf: 1 seq:     61 bytesused: 15980544 ts: 17229.340877 delta: 41.653 ms fps: 24.01 field: None (ts-monotonic, ts-src-eof)
cap dqbuf: 2 seq:     62 bytesused: 15980544 ts: 17229.382531 delta: 41.654 ms fps: 24.01 field: None (ts-monotonic, ts-src-eof)
cap dqbuf: 3 seq:     63 bytesused: 15980544 ts: 17229.424185 delta: 41.654 ms fps: 24.01 field: None (ts-monotonic, ts-src-eof)
cap dqbuf: 0 seq:     64 bytesused: 15980544 ts: 17229.465839 delta: 41.654 ms fps: 24.01 field: None (ts-monotonic, ts-src-eof)
cap dqbuf: 1 seq:     65 bytesused: 15980544 ts: 17229.507493 delta: 41.654 ms fps: 24.01 field: None (ts-monotonic, ts-src-eof)
cap dqbuf: 2 seq:     66 bytesused: 15980544 ts: 17229.549148 delta: 41.655 ms fps: 24.01 field: None (ts-monotonic, ts-src-eof)
cap dqbuf: 3 seq:     67 bytesused: 15980544 ts: 17229.590799 delta: 41.651 ms fps: 24.01 field: None (ts-monotonic, ts-src-eof)
cap dqbuf: 0 seq:     68 bytesused: 15980544 ts: 17229.632453 delta: 41.654 ms fps: 24.01 field: None (ts-monotonic, ts-src-eof)
cap dqbuf: 1 seq:     69 bytesused: 15980544 ts: 17229.674109 delta: 41.656 ms fps: 24.01 field: None (ts-monotonic, ts-src-eof)
cap dqbuf: 2 seq:     70 bytesused: 15980544 ts: 17229.715763 delta: 41.654 ms fps: 24.01 field: None (ts-monotonic, ts-src-eof)
cap dqbuf: 3 seq:     71 bytesused: 15980544 ts: 17229.757417 delta: 41.654 ms fps: 24.01 field: None (ts-monotonic, ts-src-eof)
cap dqbuf: 0 seq:     72 bytesused: 15980544 ts: 17229.799070 delta: 41.653 ms fps: 24.01 field: None (ts-monotonic, ts-src-eof)
cap dqbuf: 1 seq:     73 bytesused: 15980544 ts: 17229.840722 delta: 41.652 ms fps: 24.01 field: None (ts-monotonic, ts-src-eof)
cap dqbuf: 2 seq:     74 bytesused: 15980544 ts: 17229.882378 delta: 41.656 ms fps: 24.01 field: None (ts-monotonic, ts-src-eof)
cap dqbuf: 3 seq:     75 bytesused: 15980544 ts: 17229.924032 delta: 41.654 ms fps: 24.01 field: None (ts-monotonic, ts-src-eof)
cap dqbuf: 0 seq:     76 bytesused: 15980544 ts: 17229.965686 delta: 41.654 ms fps: 24.01 field: None (ts-monotonic, ts-src-eof)
cap dqbuf: 1 seq:     77 bytesused: 15980544 ts: 17230.007338 delta: 41.652 ms fps: 24.01 field: None (ts-monotonic, ts-src-eof)
cap dqbuf: 2 seq:     78 bytesused: 15980544 ts: 17230.048991 delta: 41.653 ms fps: 24.01 field: None (ts-monotonic, ts-src-eof)
cap dqbuf: 3 seq:     79 bytesused: 15980544 ts: 17230.090646 delta: 41.655 ms fps: 24.01 field: None (ts-monotonic, ts-src-eof)
cap dqbuf: 0 seq:     80 bytesused: 15980544 ts: 17230.132302 delta: 41.656 ms fps: 24.01 field: None (ts-monotonic, ts-src-eof)
cap dqbuf: 1 seq:     81 bytesused: 15980544 ts: 17230.173957 delta: 41.655 ms fps: 24.01 field: None (ts-monotonic, ts-src-eof)
cap dqbuf: 2 seq:     82 bytesused: 15980544 ts: 17230.215609 delta: 41.652 ms fps: 24.01 field: None (ts-monotonic, ts-src-eof)
cap dqbuf: 3 seq:     83 bytesused: 15980544 ts: 17230.257261 delta: 41.652 ms fps: 24.01 field: None (ts-monotonic, ts-src-eof)
cap dqbuf: 0 seq:     84 bytesused: 15980544 ts: 17230.298918 delta: 41.657 ms fps: 24.01 field: None (ts-monotonic, ts-src-eof)
cap dqbuf: 1 seq:     85 bytesused: 15980544 ts: 17230.340568 delta: 41.650 ms fps: 24.01 field: None (ts-monotonic, ts-src-eof)
cap dqbuf: 2 seq:     86 bytesused: 15980544 ts: 17230.382224 delta: 41.656 ms fps: 24.01 field: None (ts-monotonic, ts-src-eof)
cap dqbuf: 3 seq:     87 bytesused: 15980544 ts: 17230.423876 delta: 41.652 ms fps: 24.01 field: None (ts-monotonic, ts-src-eof)
cap dqbuf: 0 seq:     88 bytesused: 15980544 ts: 17230.465531 delta: 41.655 ms fps: 24.01 field: None (ts-monotonic, ts-src-eof)
cap dqbuf: 1 seq:     89 bytesused: 15980544 ts: 17230.507186 delta: 41.655 ms fps: 24.01 field: None (ts-monotonic, ts-src-eof)
cap dqbuf: 2 seq:     90 bytesused: 15980544 ts: 17230.548838 delta: 41.652 ms fps: 24.01 field: None (ts-monotonic, ts-src-eof)
cap dqbuf: 3 seq:     91 bytesused: 15980544 ts: 17230.590494 delta: 41.656 ms fps: 24.01 field: None (ts-monotonic, ts-src-eof)
cap dqbuf: 0 seq:     92 bytesused: 15980544 ts: 17230.632144 delta: 41.650 ms fps: 24.01 field: None (ts-monotonic, ts-src-eof)
cap dqbuf: 1 seq:     93 bytesused: 15980544 ts: 17230.673800 delta: 41.656 ms fps: 24.01 field: None (ts-monotonic, ts-src-eof)
cap dqbuf: 2 seq:     94 bytesused: 15980544 ts: 17230.715453 delta: 41.653 ms fps: 24.01 field: None (ts-monotonic, ts-src-eof)
cap dqbuf: 3 seq:     95 bytesused: 15980544 ts: 17230.757109 delta: 41.656 ms fps: 24.01 field: None (ts-monotonic, ts-src-eof)
cap dqbuf: 0 seq:     96 bytesused: 15980544 ts: 17230.798762 delta: 41.653 ms fps: 24.01 field: None (ts-monotonic, ts-src-eof)
cap dqbuf: 1 seq:     97 bytesused: 15980544 ts: 17230.840417 delta: 41.655 ms fps: 24.01 field: None (ts-monotonic, ts-src-eof)
cap dqbuf: 2 seq:     98 bytesused: 15980544 ts: 17230.882070 delta: 41.653 ms fps: 24.01 field: None (ts-monotonic, ts-src-eof)
cap dqbuf: 3 seq:     99 bytesused: 15980544 ts: 17230.923725 delta: 41.655 ms fps: 24.01 field: None (ts-monotonic, ts-src-eof)

VIDIOC_QUERYCAP: ok
