[0:17:20.344711925] [12301]  INFO Camera camera_manager.cpp:340 libcamera v0.7.2+160-8103c3f2-dirty (2026-10-08T19:49:32CEST)
[0:17:20.345982084] [12302]  INFO IPAManager ipa_manager.cpp:147 libcamera is not installed. Adding '/home/nicfio/src/libcamera/build/src/ipa' to the IPA search path
[0:17:20.675623451] [12302]  WARN CameraSensorProperties camera_sensor_properties.cpp:616 No static properties available for 'gc5035'
[0:17:20.675657716] [12302]  WARN CameraSensorProperties camera_sensor_properties.cpp:618 Please consider updating the camera sensor properties database
[0:17:20.675782353] [12302]  WARN CameraSensor camera_sensor_legacy.cpp:518 'gc5035 2-003f': No sensor delays found in static properties. Assuming unverified defaults.
[0:17:20.677721572] [12302]  WARN CameraSensorProperties camera_sensor_properties.cpp:616 No static properties available for 'gc8034'
[0:17:20.677744946] [12302]  WARN CameraSensorProperties camera_sensor_properties.cpp:618 Please consider updating the camera sensor properties database
[0:17:20.677776487] [12302]  WARN CameraSensor camera_sensor_legacy.cpp:518 'gc8034 1-0037': No sensor delays found in static properties. Assuming unverified defaults.
[0:17:20.781204184] [12302]  INFO IPAProxy ipa_proxy.cpp:73 libcamera is not installed. Loading IPA configuration from '/home/nicfio/src/libcamera/src/ipa/softisp/data'
[0:17:20.781905898] [12302]  INFO IPAProxy ipa_proxy.cpp:73 libcamera is not installed. Loading IPA configuration from '/home/nicfio/src/libcamera/src/ipa/softisp/data'
[0:17:20.781941056] [12302]  WARN IPAProxy ipa_proxy.cpp:196 Configuration file 'gc5035.yaml' not found for IPA module 'softisp', falling back to '/home/nicfio/src/libcamera/src/ipa/softisp/data/uncalibrated.yaml'
[0:17:20.782733900] [12302]  INFO Awb awb.cpp:213 No AWB algorithm specified, using grey world
[0:17:20.782844804] [12302]  WARN Awb awb_grey.cpp:49 Failed to parse 'colourGains' parameter from tuning file; manual colour temperature will not work properly
[0:17:20.784688449] [12302]  INFO Camera camera_manager.cpp:223 Adding camera '\_SB_.PC00.LNK1' for pipeline handler simple
[0:17:20.820873866] [12302]  INFO IPAProxy ipa_proxy.cpp:73 libcamera is not installed. Loading IPA configuration from '/home/nicfio/src/libcamera/src/ipa/softisp/data'
[0:17:20.821634741] [12302]  INFO IPAProxy ipa_proxy.cpp:73 libcamera is not installed. Loading IPA configuration from '/home/nicfio/src/libcamera/src/ipa/softisp/data'
[0:17:20.821680628] [12302]  WARN IPAProxy ipa_proxy.cpp:196 Configuration file 'gc8034.yaml' not found for IPA module 'softisp', falling back to '/home/nicfio/src/libcamera/src/ipa/softisp/data/uncalibrated.yaml'
[0:17:20.822135936] [12302]  INFO Awb awb.cpp:213 No AWB algorithm specified, using grey world
[0:17:20.822167504] [12302]  WARN Awb awb_grey.cpp:49 Failed to parse 'colourGains' parameter from tuning file; manual colour temperature will not work properly
[0:17:20.823100059] [12302]  INFO Camera camera_manager.cpp:223 Adding camera '\_SB_.PC00.LNK0' for pipeline handler simple
Using camera \_SB_.PC00.LNK0 as cam0
[0:17:20.824325557] [12301]  INFO Camera camera.cpp:1216 configuring streams: (0) 3256x2448-ABGR8888/sRGB
[0:17:20.824715552] [12302]  INFO SimplePipeline simple.cpp:1570 Input buffer stride ignored by the driver. Requested 6656, got 6528
[0:17:20.824872177] [12302]  INFO Awb awb_grey.cpp:107 No gains curve defined, unable to interpolate gains to colour temperature
[0:17:20.825092367] [12302]  INFO SoftwareIsp software_isp.cpp:300 Input 3264x2448-RGGB-10 stride 6528
[0:17:20.965867402] [12306]  INFO eGL egl.cpp:408 EGL: EGL_VERSION: 1.5
[0:17:20.965922292] [12306]  INFO eGL egl.cpp:409 EGL: EGL_VENDOR: Mesa Project
[0:17:20.965933999] [12306]  INFO eGL egl.cpp:410 EGL: EGL_CLIENT_APIS: OpenGL OpenGL_ES 
[0:17:20.965943723] [12306]  INFO eGL egl.cpp:411 EGL: EGL_EXTENSIONS: EGL_ANDROID_blob_cache EGL_ANDROID_native_fence_sync EGL_EXT_config_select_group EGL_EXT_create_context_robustness EGL_EXT_image_dma_buf_import EGL_EXT_image_dma_buf_import_modifiers EGL_EXT_query_reset_notification_strategy EGL_EXT_surface_compression EGL_IMG_context_priority EGL_KHR_cl_event2 EGL_KHR_config_attribs EGL_KHR_context_flush_control EGL_KHR_create_context EGL_KHR_create_context_no_error EGL_KHR_fence_sync EGL_KHR_get_all_proc_addresses EGL_KHR_gl_colorspace EGL_KHR_gl_renderbuffer_image EGL_KHR_gl_texture_2D_image EGL_KHR_gl_texture_3D_image EGL_KHR_gl_texture_cubemap_image EGL_KHR_image_base EGL_KHR_no_config_context EGL_KHR_partial_update EGL_KHR_reusable_sync EGL_KHR_surfaceless_context EGL_EXT_pixel_format_float EGL_KHR_wait_sync EGL_MESA_configless_context EGL_MESA_drm_image EGL_MESA_gl_interop EGL_MESA_image_dma_buf_export EGL_MESA_query_driver EGL_MESA_x11_native_visual_id EGL_WL_bind_wayland_display 
[0:17:20.972807978] [12306]  INFO eGL egl.cpp:447 EGL: GL_RENDERER: Mesa Intel(R) Graphics (ADL-N)
[0:17:20.972871714] [12306]  INFO eGL egl.cpp:448 EGL: GL_VERSION: OpenGL ES 3.2 Mesa 25.0.7-2+deb13u1
cam0: Capture 90 frames
[0:17:21.270575138] [12306]  INFO Debayer debayer_egl.cpp:523 Importing input DMABuf failed, falling back to upload
1041.228233 (0.00 fps) cam0-stream0 seq: 000000 bytesused: 31961088
	AeExposureMode = 0
	FrameDuration = 41649
	AnalogueGain = 1.000000
	SensorTimestamp = 1041228233000
	ExposureValue = 0.000000
	Gamma = 2.200000
	AeConstraintMode = 0
	AwbEnable = true
	SensorBlackLevels = [ 4096, 4096, 4096, 4096 ]
	AnalogueGainMode = 0
	ColourGains = [ 1.000000, 1.000000 ]
	ExposureTime = 37493
	ColourTemperature = 5000
	ExposureTimeMode = 0
	Contrast = 1.000000
	Saturation = 1.000000
1041.269883 (24.01 fps) cam0-stream0 seq: 000001 bytesused: 31961088
	SensorBlackLevels = [ 4096, 4096, 4096, 4096 ]
	AnalogueGainMode = 0
	Contrast = 1.000000
	Saturation = 1.000000
	AnalogueGain = 1.000000
	ExposureTime = 37493
	FrameDuration = 41649
	ExposureTimeMode = 0
	AeExposureMode = 0
	AeConstraintMode = 0
	Gamma = 2.200000
	ExposureValue = 0.000000
	SensorTimestamp = 1041269883000
1041.311535 (24.01 fps) cam0-stream0 seq: 000002 bytesused: 31961088
	SensorBlackLevels = [ 4096, 4096, 4096, 4096 ]
	AnalogueGainMode = 0
	Contrast = 1.000000
	Saturation = 1.000000
	AnalogueGain = 7.673615
	ExposureTime = 41599
	FrameDuration = 41649
	ExposureTimeMode = 0
	AeExposureMode = 0
	AeConstraintMode = 0
	Gamma = 2.200000
	ExposureValue = 0.000000
	SensorTimestamp = 1041311535000
1041.353192 (24.01 fps) cam0-stream0 seq: 000003 bytesused: 31961088
	SensorBlackLevels = [ 4096, 4096, 4096, 4096 ]
	AnalogueGainMode = 0
	Contrast = 1.000000
	Saturation = 1.000000
	AnalogueGain = 7.673615
	ExposureTime = 41599
	FrameDuration = 41649
	ExposureTimeMode = 0
	AeExposureMode = 0
	AeConstraintMode = 0
	Gamma = 2.200000
	ExposureValue = 0.000000
	SensorTimestamp = 1041353192000
1041.394845 (24.01 fps) cam0-stream0 seq: 000004 bytesused: 31961088
	AeExposureMode = 0
	FrameDuration = 41649
	AnalogueGain = 7.673615
	Saturation = 1.000000
	Contrast = 1.000000
	Gamma = 2.200000
	ExposureTimeMode = 0
	ColourTemperature = 9729
	ExposureTime = 41599
	ColourGains = [ 1.199615, 1.019450 ]
	AwbEnable = true
	AnalogueGainMode = 0
	SensorBlackLevels = [ 4096, 4096, 4096, 4096 ]
	AeConstraintMode = 0
	ExposureValue = 0.000000
	SensorTimestamp = 1041394845000
1041.436499 (24.01 fps) cam0-stream0 seq: 000005 bytesused: 31961088
	SensorBlackLevels = [ 4096, 4096, 4096, 4096 ]
	AnalogueGainMode = 0
	Contrast = 1.000000
	Saturation = 1.000000
	AnalogueGain = 7.673615
	ExposureTime = 41599
	FrameDuration = 41649
	ExposureTimeMode = 0
	AeExposureMode = 0
	AeConstraintMode = 0
	Gamma = 2.200000
	ExposureValue = 0.000000
	SensorTimestamp = 1041436499000
1041.519805 (12.00 fps) cam0-stream0 seq: 000006 bytesused: 31961088
	SensorBlackLevels = [ 4096, 4096, 4096, 4096 ]
	AnalogueGainMode = 0
	Contrast = 1.000000
	Saturation = 1.000000
	AnalogueGain = 7.673615
	ExposureTime = 41599
	FrameDuration = 41649
	ExposureTimeMode = 0
	AeExposureMode = 0
	AeConstraintMode = 0
	Gamma = 2.200000
	ExposureValue = 0.000000
	SensorTimestamp = 1041519805000
1041.561461 (24.01 fps) cam0-stream0 seq: 000007 bytesused: 31961088
	SensorBlackLevels = [ 4096, 4096, 4096, 4096 ]
	AnalogueGainMode = 0
	Contrast = 1.000000
	Saturation = 1.000000
	AnalogueGain = 7.673615
	ExposureTime = 41599
	FrameDuration = 41649
	ExposureTimeMode = 0
	AeExposureMode = 0
	AeConstraintMode = 0
	Gamma = 2.200000
	ExposureValue = 0.000000
	SensorTimestamp = 1041561461000
1041.607021 (21.95 fps) cam0-stream0 seq: 000008 bytesused: 31961088
	AeExposureMode = 0
	FrameDuration = 41649
	AnalogueGain = 7.673615
	Saturation = 1.000000
	Contrast = 1.000000
	Gamma = 2.200000
	ExposureTimeMode = 0
	ColourTemperature = 9518
	ExposureTime = 41599
	ColourGains = [ 1.356358, 1.036707 ]
	AwbEnable = true
	AnalogueGainMode = 0
	SensorBlackLevels = [ 4096, 4096, 4096, 4096 ]
	AeConstraintMode = 0
	ExposureValue = 0.000000
	SensorTimestamp = 1041607021000
1041.648673 (24.01 fps) cam0-stream0 seq: 000009 bytesused: 31961088
	SensorBlackLevels = [ 4096, 4096, 4096, 4096 ]
	AnalogueGainMode = 0
	Contrast = 1.000000
	Saturation = 1.000000
	AnalogueGain = 7.673615
	ExposureTime = 41599
	FrameDuration = 41649
	ExposureTimeMode = 0
	AeExposureMode = 0
	AeConstraintMode = 0
	Gamma = 2.200000
	ExposureValue = 0.000000
	SensorTimestamp = 1041648673000
1041.690328 (24.01 fps) cam0-stream0 seq: 000010 bytesused: 31961088
	SensorBlackLevels = [ 4096, 4096, 4096, 4096 ]
	AnalogueGainMode = 0
	Contrast = 1.000000
	Saturation = 1.000000
	AnalogueGain = 7.673615
	ExposureTime = 41599
	FrameDuration = 41649
	ExposureTimeMode = 0
	AeExposureMode = 0
	AeConstraintMode = 0
	Gamma = 2.200000
	ExposureValue = 0.000000
	SensorTimestamp = 1041690328000
1041.731981 (24.01 fps) cam0-stream0 seq: 000011 bytesused: 31961088
	SensorBlackLevels = [ 4096, 4096, 4096, 4096 ]
	AnalogueGainMode = 0
	Contrast = 1.000000
	Saturation = 1.000000
	AnalogueGain = 7.673615
	ExposureTime = 41599
	FrameDuration = 41649
	ExposureTimeMode = 0
	AeExposureMode = 0
	AeConstraintMode = 0
	Gamma = 2.200000
	ExposureValue = 0.000000
	SensorTimestamp = 1041731981000
1041.773636 (24.01 fps) cam0-stream0 seq: 000012 bytesused: 31961088
	AeExposureMode = 0
	FrameDuration = 41649
	AnalogueGain = 7.673615
	Saturation = 1.000000
	Contrast = 1.000000
	Gamma = 2.200000
	ExposureTimeMode = 0
	ColourTemperature = 9459
	ExposureTime = 41599
	ColourGains = [ 1.458393, 1.049315 ]
	AwbEnable = true
	AnalogueGainMode = 0
	SensorBlackLevels = [ 4096, 4096, 4096, 4096 ]
	AeConstraintMode = 0
	ExposureValue = 0.000000
	SensorTimestamp = 1041773636000
1041.815288 (24.01 fps) cam0-stream0 seq: 000013 bytesused: 31961088
	SensorBlackLevels = [ 4096, 4096, 4096, 4096 ]
	AnalogueGainMode = 0
	Contrast = 1.000000
	Saturation = 1.000000
	AnalogueGain = 7.673615
	ExposureTime = 41599
	FrameDuration = 41649
	ExposureTimeMode = 0
	AeExposureMode = 0
	AeConstraintMode = 0
	Gamma = 2.200000
	ExposureValue = 0.000000
	SensorTimestamp = 1041815288000
1041.856944 (24.01 fps) cam0-stream0 seq: 000014 bytesused: 31961088
	SensorBlackLevels = [ 4096, 4096, 4096, 4096 ]
	AnalogueGainMode = 0
	Contrast = 1.000000
	Saturation = 1.000000
	AnalogueGain = 7.673615
	ExposureTime = 41599
	FrameDuration = 41649
	ExposureTimeMode = 0
	AeExposureMode = 0
	AeConstraintMode = 0
	Gamma = 2.200000
	ExposureValue = 0.000000
	SensorTimestamp = 1041856944000
1041.898598 (24.01 fps) cam0-stream0 seq: 000015 bytesused: 31961088
	SensorBlackLevels = [ 4096, 4096, 4096, 4096 ]
	AnalogueGainMode = 0
	Contrast = 1.000000
	Saturation = 1.000000
	AnalogueGain = 7.673615
	ExposureTime = 41599
	FrameDuration = 41649
	ExposureTimeMode = 0
	AeExposureMode = 0
	AeConstraintMode = 0
	Gamma = 2.200000
	ExposureValue = 0.000000
	SensorTimestamp = 1041898598000
1041.940253 (24.01 fps) cam0-stream0 seq: 000016 bytesused: 31961088
	AeExposureMode = 0
	FrameDuration = 41649
	AnalogueGain = 7.673615
	Saturation = 1.000000
	Contrast = 1.000000
	Gamma = 2.200000
	ExposureTimeMode = 0
	ColourTemperature = 9508
	ExposureTime = 41599
	ColourGains = [ 1.563206, 1.060677 ]
	AwbEnable = true
	AnalogueGainMode = 0
	SensorBlackLevels = [ 4096, 4096, 4096, 4096 ]
	AeConstraintMode = 0
	ExposureValue = 0.000000
	SensorTimestamp = 1041940253000
1041.981904 (24.01 fps) cam0-stream0 seq: 000017 bytesused: 31961088
	SensorBlackLevels = [ 4096, 4096, 4096, 4096 ]
	AnalogueGainMode = 0
	Contrast = 1.000000
	Saturation = 1.000000
	AnalogueGain = 7.673615
	ExposureTime = 41599
	FrameDuration = 41649
	ExposureTimeMode = 0
	AeExposureMode = 0
	AeConstraintMode = 0
	Gamma = 2.200000
	ExposureValue = 0.000000
	SensorTimestamp = 1041981904000
1042.023558 (24.01 fps) cam0-stream0 seq: 000018 bytesused: 31961088
	SensorBlackLevels = [ 4096, 4096, 4096, 4096 ]
	AnalogueGainMode = 0
	Contrast = 1.000000
	Saturation = 1.000000
	AnalogueGain = 7.673615
	ExposureTime = 41599
	FrameDuration = 41649
	ExposureTimeMode = 0
	AeExposureMode = 0
	AeConstraintMode = 0
	Gamma = 2.200000
	ExposureValue = 0.000000
	SensorTimestamp = 1042023558000
1042.065213 (24.01 fps) cam0-stream0 seq: 000019 bytesused: 31961088
	SensorBlackLevels = [ 4096, 4096, 4096, 4096 ]
	AnalogueGainMode = 0
	Contrast = 1.000000
	Saturation = 1.000000
	AnalogueGain = 7.673615
	ExposureTime = 41599
	FrameDuration = 41649
	ExposureTimeMode = 0
	AeExposureMode = 0
	AeConstraintMode = 0
	Gamma = 2.200000
	ExposureValue = 0.000000
	SensorTimestamp = 1042065213000
1042.106868 (24.01 fps) cam0-stream0 seq: 000020 bytesused: 31961088
	AeExposureMode = 0
	FrameDuration = 41649
	AnalogueGain = 7.673615
	Saturation = 1.000000
	Contrast = 1.000000
	Gamma = 2.200000
	ExposureTimeMode = 0
	ColourTemperature = 9497
	ExposureTime = 41599
	ColourGains = [ 1.647161, 1.069879 ]
	AwbEnable = true
	AnalogueGainMode = 0
	SensorBlackLevels = [ 4096, 4096, 4096, 4096 ]
	AeConstraintMode = 0
	ExposureValue = 0.000000
	SensorTimestamp = 1042106868000
1042.148522 (24.01 fps) cam0-stream0 seq: 000021 bytesused: 31961088
	SensorBlackLevels = [ 4096, 4096, 4096, 4096 ]
	AnalogueGainMode = 0
	Contrast = 1.000000
	Saturation = 1.000000
	AnalogueGain = 7.673615
	ExposureTime = 41599
	FrameDuration = 41649
	ExposureTimeMode = 0
	AeExposureMode = 0
	AeConstraintMode = 0
	Gamma = 2.200000
	ExposureValue = 0.000000
	SensorTimestamp = 1042148522000
1042.190177 (24.01 fps) cam0-stream0 seq: 000022 bytesused: 31961088
	SensorBlackLevels = [ 4096, 4096, 4096, 4096 ]
	AnalogueGainMode = 0
	Contrast = 1.000000
	Saturation = 1.000000
	AnalogueGain = 7.673615
	ExposureTime = 41599
	FrameDuration = 41649
	ExposureTimeMode = 0
	AeExposureMode = 0
	AeConstraintMode = 0
	Gamma = 2.200000
	ExposureValue = 0.000000
	SensorTimestamp = 1042190177000
1042.231830 (24.01 fps) cam0-stream0 seq: 000023 bytesused: 31961088
	SensorBlackLevels = [ 4096, 4096, 4096, 4096 ]
	AnalogueGainMode = 0
	Contrast = 1.000000
	Saturation = 1.000000
	AnalogueGain = 7.673615
	ExposureTime = 41599
	FrameDuration = 41649
	ExposureTimeMode = 0
	AeExposureMode = 0
	AeConstraintMode = 0
	Gamma = 2.200000
	ExposureValue = 0.000000
	SensorTimestamp = 1042231830000
1042.273483 (24.01 fps) cam0-stream0 seq: 000024 bytesused: 31961088
	AeExposureMode = 0
	FrameDuration = 41649
	AnalogueGain = 7.673615
	Saturation = 1.000000
	Contrast = 1.000000
	Gamma = 2.200000
	ExposureTimeMode = 0
	ColourTemperature = 9483
	ExposureTime = 41599
	ColourGains = [ 1.712531, 1.077248 ]
	AwbEnable = true
	AnalogueGainMode = 0
	SensorBlackLevels = [ 4096, 4096, 4096, 4096 ]
	AeConstraintMode = 0
	ExposureValue = 0.000000
	SensorTimestamp = 1042273483000
1042.315136 (24.01 fps) cam0-stream0 seq: 000025 bytesused: 31961088
	SensorBlackLevels = [ 4096, 4096, 4096, 4096 ]
	AnalogueGainMode = 0
	Contrast = 1.000000
	Saturation = 1.000000
	AnalogueGain = 7.673615
	ExposureTime = 41599
	FrameDuration = 41649
	ExposureTimeMode = 0
	AeExposureMode = 0
	AeConstraintMode = 0
	Gamma = 2.200000
	ExposureValue = 0.000000
	SensorTimestamp = 1042315136000
1042.356790 (24.01 fps) cam0-stream0 seq: 000026 bytesused: 31961088
	SensorBlackLevels = [ 4096, 4096, 4096, 4096 ]
	AnalogueGainMode = 0
	Contrast = 1.000000
	Saturation = 1.000000
	AnalogueGain = 7.673615
	ExposureTime = 41599
	FrameDuration = 41649
	ExposureTimeMode = 0
	AeExposureMode = 0
	AeConstraintMode = 0
	Gamma = 2.200000
	ExposureValue = 0.000000
	SensorTimestamp = 1042356790000
1042.398445 (24.01 fps) cam0-stream0 seq: 000027 bytesused: 31961088
	SensorBlackLevels = [ 4096, 4096, 4096, 4096 ]
	AnalogueGainMode = 0
	Contrast = 1.000000
	Saturation = 1.000000
	AnalogueGain = 7.673615
	ExposureTime = 41599
	FrameDuration = 41649
	ExposureTimeMode = 0
	AeExposureMode = 0
	AeConstraintMode = 0
	Gamma = 2.200000
	ExposureValue = 0.000000
	SensorTimestamp = 1042398445000
1042.440099 (24.01 fps) cam0-stream0 seq: 000028 bytesused: 31961088
	AeExposureMode = 0
	FrameDuration = 41649
	AnalogueGain = 7.673615
	Saturation = 1.000000
	Contrast = 1.000000
	Gamma = 2.200000
	ExposureTimeMode = 0
	ColourTemperature = 9478
	ExposureTime = 41599
	ColourGains = [ 1.764818, 1.083183 ]
	AwbEnable = true
	AnalogueGainMode = 0
	SensorBlackLevels = [ 4096, 4096, 4096, 4096 ]
	AeConstraintMode = 0
	ExposureValue = 0.000000
	SensorTimestamp = 1042440099000
1042.481755 (24.01 fps) cam0-stream0 seq: 000029 bytesused: 31961088
	SensorBlackLevels = [ 4096, 4096, 4096, 4096 ]
	AnalogueGainMode = 0
	Contrast = 1.000000
	Saturation = 1.000000
	AnalogueGain = 7.673615
	ExposureTime = 41599
	FrameDuration = 41649
	ExposureTimeMode = 0
	AeExposureMode = 0
	AeConstraintMode = 0
	Gamma = 2.200000
	ExposureValue = 0.000000
	SensorTimestamp = 1042481755000
1042.523407 (24.01 fps) cam0-stream0 seq: 000030 bytesused: 31961088
	SensorBlackLevels = [ 4096, 4096, 4096, 4096 ]
	AnalogueGainMode = 0
	Contrast = 1.000000
	Saturation = 1.000000
	AnalogueGain = 7.673615
	ExposureTime = 41599
	FrameDuration = 41649
	ExposureTimeMode = 0
	AeExposureMode = 0
	AeConstraintMode = 0
	Gamma = 2.200000
	ExposureValue = 0.000000
	SensorTimestamp = 1042523407000
1042.565062 (24.01 fps) cam0-stream0 seq: 000031 bytesused: 31961088
	SensorBlackLevels = [ 4096, 4096, 4096, 4096 ]
	AnalogueGainMode = 0
	Contrast = 1.000000
	Saturation = 1.000000
	AnalogueGain = 7.673615
	ExposureTime = 41599
	FrameDuration = 41649
	ExposureTimeMode = 0
	AeExposureMode = 0
	AeConstraintMode = 0
	Gamma = 2.200000
	ExposureValue = 0.000000
	SensorTimestamp = 1042565062000
1042.606714 (24.01 fps) cam0-stream0 seq: 000032 bytesused: 31961088
	AeExposureMode = 0
	FrameDuration = 41649
	AnalogueGain = 7.673615
	Saturation = 1.000000
	Contrast = 1.000000
	Gamma = 2.200000
	ExposureTimeMode = 0
	ColourTemperature = 9477
	ExposureTime = 41599
	ColourGains = [ 1.806525, 1.087931 ]
	AwbEnable = true
	AnalogueGainMode = 0
	SensorBlackLevels = [ 4096, 4096, 4096, 4096 ]
	AeConstraintMode = 0
	ExposureValue = 0.000000
	SensorTimestamp = 1042606714000
1042.648369 (24.01 fps) cam0-stream0 seq: 000033 bytesused: 31961088
	SensorBlackLevels = [ 4096, 4096, 4096, 4096 ]
	AnalogueGainMode = 0
	Contrast = 1.000000
	Saturation = 1.000000
	AnalogueGain = 7.673615
	ExposureTime = 41599
	FrameDuration = 41649
	ExposureTimeMode = 0
	AeExposureMode = 0
	AeConstraintMode = 0
	Gamma = 2.200000
	ExposureValue = 0.000000
	SensorTimestamp = 1042648369000
1042.690026 (24.01 fps) cam0-stream0 seq: 000034 bytesused: 31961088
	SensorBlackLevels = [ 4096, 4096, 4096, 4096 ]
	AnalogueGainMode = 0
	Contrast = 1.000000
	Saturation = 1.000000
	AnalogueGain = 7.673615
	ExposureTime = 41599
	FrameDuration = 41649
	ExposureTimeMode = 0
	AeExposureMode = 0
	AeConstraintMode = 0
	Gamma = 2.200000
	ExposureValue = 0.000000
	SensorTimestamp = 1042690026000
1042.731678 (24.01 fps) cam0-stream0 seq: 000035 bytesused: 31961088
	SensorBlackLevels = [ 4096, 4096, 4096, 4096 ]
	AnalogueGainMode = 0
	Contrast = 1.000000
	Saturation = 1.000000
	AnalogueGain = 7.673615
	ExposureTime = 41599
	FrameDuration = 41649
	ExposureTimeMode = 0
	AeExposureMode = 0
	AeConstraintMode = 0
	Gamma = 2.200000
	ExposureValue = 0.000000
	SensorTimestamp = 1042731678000
1042.773332 (24.01 fps) cam0-stream0 seq: 000036 bytesused: 31961088
	AeExposureMode = 0
	FrameDuration = 41649
	AnalogueGain = 7.673615
	Saturation = 1.000000
	Contrast = 1.000000
	Gamma = 2.200000
	ExposureTimeMode = 0
	ColourTemperature = 9474
	ExposureTime = 41599
	ColourGains = [ 1.839908, 1.091763 ]
	AwbEnable = true
	AnalogueGainMode = 0
	SensorBlackLevels = [ 4096, 4096, 4096, 4096 ]
	AeConstraintMode = 0
	ExposureValue = 0.000000
	SensorTimestamp = 1042773332000
1042.814984 (24.01 fps) cam0-stream0 seq: 000037 bytesused: 31961088
	SensorBlackLevels = [ 4096, 4096, 4096, 4096 ]
	AnalogueGainMode = 0
	Contrast = 1.000000
	Saturation = 1.000000
	AnalogueGain = 7.673615
	ExposureTime = 41599
	FrameDuration = 41649
	ExposureTimeMode = 0
	AeExposureMode = 0
	AeConstraintMode = 0
	Gamma = 2.200000
	ExposureValue = 0.000000
	SensorTimestamp = 1042814984000
1042.856639 (24.01 fps) cam0-stream0 seq: 000038 bytesused: 31961088
	SensorBlackLevels = [ 4096, 4096, 4096, 4096 ]
	AnalogueGainMode = 0
	Contrast = 1.000000
	Saturation = 1.000000
	AnalogueGain = 7.673615
	ExposureTime = 41599
	FrameDuration = 41649
	ExposureTimeMode = 0
	AeExposureMode = 0
	AeConstraintMode = 0
	Gamma = 2.200000
	ExposureValue = 0.000000
	SensorTimestamp = 1042856639000
1042.898295 (24.01 fps) cam0-stream0 seq: 000039 bytesused: 31961088
	SensorBlackLevels = [ 4096, 4096, 4096, 4096 ]
	AnalogueGainMode = 0
	Contrast = 1.000000
	Saturation = 1.000000
	AnalogueGain = 7.673615
	ExposureTime = 41599
	FrameDuration = 41649
	ExposureTimeMode = 0
	AeExposureMode = 0
	AeConstraintMode = 0
	Gamma = 2.200000
	ExposureValue = 0.000000
	SensorTimestamp = 1042898295000
1042.939946 (24.01 fps) cam0-stream0 seq: 000040 bytesused: 31961088
	AeExposureMode = 0
	FrameDuration = 41649
	AnalogueGain = 7.673615
	Saturation = 1.000000
	Contrast = 1.000000
	Gamma = 2.200000
	ExposureTimeMode = 0
	ColourTemperature = 9441
	ExposureTime = 41599
	ColourGains = [ 1.867055, 1.095165 ]
	AwbEnable = true
	AnalogueGainMode = 0
	SensorBlackLevels = [ 4096, 4096, 4096, 4096 ]
	AeConstraintMode = 0
	ExposureValue = 0.000000
	SensorTimestamp = 1042939946000
1042.981603 (24.01 fps) cam0-stream0 seq: 000041 bytesused: 31961088
	SensorBlackLevels = [ 4096, 4096, 4096, 4096 ]
	AnalogueGainMode = 0
	Contrast = 1.000000
	Saturation = 1.000000
	AnalogueGain = 7.673615
	ExposureTime = 41599
	FrameDuration = 41649
	ExposureTimeMode = 0
	AeExposureMode = 0
	AeConstraintMode = 0
	Gamma = 2.200000
	ExposureValue = 0.000000
	SensorTimestamp = 1042981603000
1043.023256 (24.01 fps) cam0-stream0 seq: 000042 bytesused: 31961088
	SensorBlackLevels = [ 4096, 4096, 4096, 4096 ]
	AnalogueGainMode = 0
	Contrast = 1.000000
	Saturation = 1.000000
	AnalogueGain = 7.673615
	ExposureTime = 41599
	FrameDuration = 41649
	ExposureTimeMode = 0
	AeExposureMode = 0
	AeConstraintMode = 0
	Gamma = 2.200000
	ExposureValue = 0.000000
	SensorTimestamp = 1043023256000
1043.064908 (24.01 fps) cam0-stream0 seq: 000043 bytesused: 31961088
	SensorBlackLevels = [ 4096, 4096, 4096, 4096 ]
	AnalogueGainMode = 0
	Contrast = 1.000000
	Saturation = 1.000000
	AnalogueGain = 7.673615
	ExposureTime = 41599
	FrameDuration = 41649
	ExposureTimeMode = 0
	AeExposureMode = 0
	AeConstraintMode = 0
	Gamma = 2.200000
	ExposureValue = 0.000000
	SensorTimestamp = 1043064908000
1043.106563 (24.01 fps) cam0-stream0 seq: 000044 bytesused: 31961088
	AeExposureMode = 0
	FrameDuration = 41649
	AnalogueGain = 7.673615
	Saturation = 1.000000
	Contrast = 1.000000
	Gamma = 2.200000
	ExposureTimeMode = 0
	ColourTemperature = 9458
	ExposureTime = 41599
	ColourGains = [ 1.888793, 1.097733 ]
	AwbEnable = true
	AnalogueGainMode = 0
	SensorBlackLevels = [ 4096, 4096, 4096, 4096 ]
	AeConstraintMode = 0
	ExposureValue = 0.000000
	SensorTimestamp = 1043106563000
1043.148218 (24.01 fps) cam0-stream0 seq: 000045 bytesused: 31961088
	SensorBlackLevels = [ 4096, 4096, 4096, 4096 ]
	AnalogueGainMode = 0
	Contrast = 1.000000
	Saturation = 1.000000
	AnalogueGain = 7.673615
	ExposureTime = 41599
	FrameDuration = 41649
	ExposureTimeMode = 0
	AeExposureMode = 0
	AeConstraintMode = 0
	Gamma = 2.200000
	ExposureValue = 0.000000
	SensorTimestamp = 1043148218000
1043.189871 (24.01 fps) cam0-stream0 seq: 000046 bytesused: 31961088
	SensorBlackLevels = [ 4096, 4096, 4096, 4096 ]
	AnalogueGainMode = 0
	Contrast = 1.000000
	Saturation = 1.000000
	AnalogueGain = 7.673615
	ExposureTime = 41599
	FrameDuration = 41649
	ExposureTimeMode = 0
	AeExposureMode = 0
	AeConstraintMode = 0
	Gamma = 2.200000
	ExposureValue = 0.000000
	SensorTimestamp = 1043189871000
1043.231524 (24.01 fps) cam0-stream0 seq: 000047 bytesused: 31961088
	SensorBlackLevels = [ 4096, 4096, 4096, 4096 ]
	AnalogueGainMode = 0
	Contrast = 1.000000
	Saturation = 1.000000
	AnalogueGain = 7.673615
	ExposureTime = 41599
	FrameDuration = 41649
	ExposureTimeMode = 0
	AeExposureMode = 0
	AeConstraintMode = 0
	Gamma = 2.200000
	ExposureValue = 0.000000
	SensorTimestamp = 1043231524000
1043.273181 (24.01 fps) cam0-stream0 seq: 000048 bytesused: 31961088
	AeExposureMode = 0
	FrameDuration = 41649
	AnalogueGain = 7.673615
	Saturation = 1.000000
	Contrast = 1.000000
	Gamma = 2.200000
	ExposureTimeMode = 0
	ColourTemperature = 9447
	ExposureTime = 41599
	ColourGains = [ 1.906245, 1.099892 ]
	AwbEnable = true
	AnalogueGainMode = 0
	SensorBlackLevels = [ 4096, 4096, 4096, 4096 ]
	AeConstraintMode = 0
	ExposureValue = 0.000000
	SensorTimestamp = 1043273181000
1043.314832 (24.01 fps) cam0-stream0 seq: 000049 bytesused: 31961088
	SensorBlackLevels = [ 4096, 4096, 4096, 4096 ]
	AnalogueGainMode = 0
	Contrast = 1.000000
	Saturation = 1.000000
	AnalogueGain = 7.673615
	ExposureTime = 41599
	FrameDuration = 41649
	ExposureTimeMode = 0
	AeExposureMode = 0
	AeConstraintMode = 0
	Gamma = 2.200000
	ExposureValue = 0.000000
	SensorTimestamp = 1043314832000
1043.356486 (24.01 fps) cam0-stream0 seq: 000050 bytesused: 31961088
	SensorBlackLevels = [ 4096, 4096, 4096, 4096 ]
	AnalogueGainMode = 0
	Contrast = 1.000000
	Saturation = 1.000000
	AnalogueGain = 7.673615
	ExposureTime = 41599
	FrameDuration = 41649
	ExposureTimeMode = 0
	AeExposureMode = 0
	AeConstraintMode = 0
	Gamma = 2.200000
	ExposureValue = 0.000000
	SensorTimestamp = 1043356486000
1043.398141 (24.01 fps) cam0-stream0 seq: 000051 bytesused: 31961088
	SensorBlackLevels = [ 4096, 4096, 4096, 4096 ]
	AnalogueGainMode = 0
	Contrast = 1.000000
	Saturation = 1.000000
	AnalogueGain = 7.673615
	ExposureTime = 41599
	FrameDuration = 41649
	ExposureTimeMode = 0
	AeExposureMode = 0
	AeConstraintMode = 0
	Gamma = 2.200000
	ExposureValue = 0.000000
	SensorTimestamp = 1043398141000
1043.439796 (24.01 fps) cam0-stream0 seq: 000052 bytesused: 31961088
	AeExposureMode = 0
	FrameDuration = 41649
	AnalogueGain = 7.673615
	Saturation = 1.000000
	Contrast = 1.000000
	Gamma = 2.200000
	ExposureTimeMode = 0
	ColourTemperature = 9503
	ExposureTime = 41599
	ColourGains = [ 1.920022, 1.101081 ]
	AwbEnable = true
	AnalogueGainMode = 0
	SensorBlackLevels = [ 4096, 4096, 4096, 4096 ]
	AeConstraintMode = 0
	ExposureValue = 0.000000
	SensorTimestamp = 1043439796000
1043.481448 (24.01 fps) cam0-stream0 seq: 000053 bytesused: 31961088
	SensorBlackLevels = [ 4096, 4096, 4096, 4096 ]
	AnalogueGainMode = 0
	Contrast = 1.000000
	Saturation = 1.000000
	AnalogueGain = 7.673615
	ExposureTime = 41599
	FrameDuration = 41649
	ExposureTimeMode = 0
	AeExposureMode = 0
	AeConstraintMode = 0
	Gamma = 2.200000
	ExposureValue = 0.000000
	SensorTimestamp = 1043481448000
1043.523102 (24.01 fps) cam0-stream0 seq: 000054 bytesused: 31961088
	SensorBlackLevels = [ 4096, 4096, 4096, 4096 ]
	AnalogueGainMode = 0
	Contrast = 1.000000
	Saturation = 1.000000
	AnalogueGain = 7.673615
	ExposureTime = 41599
	FrameDuration = 41649
	ExposureTimeMode = 0
	AeExposureMode = 0
	AeConstraintMode = 0
	Gamma = 2.200000
	ExposureValue = 0.000000
	SensorTimestamp = 1043523102000
1043.564758 (24.01 fps) cam0-stream0 seq: 000055 bytesused: 31961088
	SensorBlackLevels = [ 4096, 4096, 4096, 4096 ]
	AnalogueGainMode = 0
	Contrast = 1.000000
	Saturation = 1.000000
	AnalogueGain = 7.673615
	ExposureTime = 41599
	FrameDuration = 41649
	ExposureTimeMode = 0
	AeExposureMode = 0
	AeConstraintMode = 0
	Gamma = 2.200000
	ExposureValue = 0.000000
	SensorTimestamp = 1043564758000
1043.606412 (24.01 fps) cam0-stream0 seq: 000056 bytesused: 31961088
	AeExposureMode = 0
	FrameDuration = 41649
	AnalogueGain = 7.673615
	Saturation = 1.000000
	Contrast = 1.000000
	Gamma = 2.200000
	ExposureTimeMode = 0
	ColourTemperature = 9498
	ExposureTime = 41599
	ColourGains = [ 1.930959, 1.102078 ]
	AwbEnable = true
	AnalogueGainMode = 0
	SensorBlackLevels = [ 4096, 4096, 4096, 4096 ]
	AeConstraintMode = 0
	ExposureValue = 0.000000
	SensorTimestamp = 1043606412000
1043.648064 (24.01 fps) cam0-stream0 seq: 000057 bytesused: 31961088
	SensorBlackLevels = [ 4096, 4096, 4096, 4096 ]
	AnalogueGainMode = 0
	Contrast = 1.000000
	Saturation = 1.000000
	AnalogueGain = 7.673615
	ExposureTime = 41599
	FrameDuration = 41649
	ExposureTimeMode = 0
	AeExposureMode = 0
	AeConstraintMode = 0
	Gamma = 2.200000
	ExposureValue = 0.000000
	SensorTimestamp = 1043648064000
1043.689720 (24.01 fps) cam0-stream0 seq: 000058 bytesused: 31961088
	SensorBlackLevels = [ 4096, 4096, 4096, 4096 ]
	AnalogueGainMode = 0
	Contrast = 1.000000
	Saturation = 1.000000
	AnalogueGain = 7.673615
	ExposureTime = 41599
	FrameDuration = 41649
	ExposureTimeMode = 0
	AeExposureMode = 0
	AeConstraintMode = 0
	Gamma = 2.200000
	ExposureValue = 0.000000
	SensorTimestamp = 1043689720000
[0:17:23.807373312] [12306]  INFO Benchmark benchmark.cpp:89 Debayer processed 30 frames in 934355us, 31145 us/frame
1043.731373 (24.01 fps) cam0-stream0 seq: 000059 bytesused: 31961088
	SensorBlackLevels = [ 4096, 4096, 4096, 4096 ]
	AnalogueGainMode = 0
	Contrast = 1.000000
	Saturation = 1.000000
	AnalogueGain = 7.673615
	ExposureTime = 41599
	FrameDuration = 41649
	ExposureTimeMode = 0
	AeExposureMode = 0
	AeConstraintMode = 0
	Gamma = 2.200000
	ExposureValue = 0.000000
	SensorTimestamp = 1043731373000
1043.773026 (24.01 fps) cam0-stream0 seq: 000060 bytesused: 31961088
	AeExposureMode = 0
	FrameDuration = 41649
	AnalogueGain = 7.673615
	Saturation = 1.000000
	Contrast = 1.000000
	Gamma = 2.200000
	ExposureTimeMode = 0
	ColourTemperature = 9497
	ExposureTime = 41599
	ColourGains = [ 1.939771, 1.102892 ]
	AwbEnable = true
	AnalogueGainMode = 0
	SensorBlackLevels = [ 4096, 4096, 4096, 4096 ]
	AeConstraintMode = 0
	ExposureValue = 0.000000
	SensorTimestamp = 1043773026000
1043.814680 (24.01 fps) cam0-stream0 seq: 000061 bytesused: 31961088
	SensorBlackLevels = [ 4096, 4096, 4096, 4096 ]
	AnalogueGainMode = 0
	Contrast = 1.000000
	Saturation = 1.000000
	AnalogueGain = 7.673615
	ExposureTime = 41599
	FrameDuration = 41649
	ExposureTimeMode = 0
	AeExposureMode = 0
	AeConstraintMode = 0
	Gamma = 2.200000
	ExposureValue = 0.000000
	SensorTimestamp = 1043814680000
1043.856335 (24.01 fps) cam0-stream0 seq: 000062 bytesused: 31961088
	SensorBlackLevels = [ 4096, 4096, 4096, 4096 ]
	AnalogueGainMode = 0
	Contrast = 1.000000
	Saturation = 1.000000
	AnalogueGain = 7.673615
	ExposureTime = 41599
	FrameDuration = 41649
	ExposureTimeMode = 0
	AeExposureMode = 0
	AeConstraintMode = 0
	Gamma = 2.200000
	ExposureValue = 0.000000
	SensorTimestamp = 1043856335000
1043.897989 (24.01 fps) cam0-stream0 seq: 000063 bytesused: 31961088
	SensorBlackLevels = [ 4096, 4096, 4096, 4096 ]
	AnalogueGainMode = 0
	Contrast = 1.000000
	Saturation = 1.000000
	AnalogueGain = 7.673615
	ExposureTime = 41599
	FrameDuration = 41649
	ExposureTimeMode = 0
	AeExposureMode = 0
	AeConstraintMode = 0
	Gamma = 2.200000
	ExposureValue = 0.000000
	SensorTimestamp = 1043897989000
1043.939642 (24.01 fps) cam0-stream0 seq: 000064 bytesused: 31961088
	AeExposureMode = 0
	FrameDuration = 41649
	AnalogueGain = 7.673615
	Saturation = 1.000000
	Contrast = 1.000000
	Gamma = 2.200000
	ExposureTimeMode = 0
	ColourTemperature = 9496
	ExposureTime = 41599
	ColourGains = [ 1.946908, 1.103556 ]
	AwbEnable = true
	AnalogueGainMode = 0
	SensorBlackLevels = [ 4096, 4096, 4096, 4096 ]
	AeConstraintMode = 0
	ExposureValue = 0.000000
	SensorTimestamp = 1043939642000
1043.981298 (24.01 fps) cam0-stream0 seq: 000065 bytesused: 31961088
	SensorBlackLevels = [ 4096, 4096, 4096, 4096 ]
	AnalogueGainMode = 0
	Contrast = 1.000000
	Saturation = 1.000000
	AnalogueGain = 7.673615
	ExposureTime = 41599
	FrameDuration = 41649
	ExposureTimeMode = 0
	AeExposureMode = 0
	AeConstraintMode = 0
	Gamma = 2.200000
	ExposureValue = 0.000000
	SensorTimestamp = 1043981298000
1044.022952 (24.01 fps) cam0-stream0 seq: 000066 bytesused: 31961088
	SensorBlackLevels = [ 4096, 4096, 4096, 4096 ]
	AnalogueGainMode = 0
	Contrast = 1.000000
	Saturation = 1.000000
	AnalogueGain = 7.673615
	ExposureTime = 41599
	FrameDuration = 41649
	ExposureTimeMode = 0
	AeExposureMode = 0
	AeConstraintMode = 0
	Gamma = 2.200000
	ExposureValue = 0.000000
	SensorTimestamp = 1044022952000
1044.064604 (24.01 fps) cam0-stream0 seq: 000067 bytesused: 31961088
	SensorBlackLevels = [ 4096, 4096, 4096, 4096 ]
	AnalogueGainMode = 0
	Contrast = 1.000000
	Saturation = 1.000000
	AnalogueGain = 7.673615
	ExposureTime = 41599
	FrameDuration = 41649
	ExposureTimeMode = 0
	AeExposureMode = 0
	AeConstraintMode = 0
	Gamma = 2.200000
	ExposureValue = 0.000000
	SensorTimestamp = 1044064604000
1044.106257 (24.01 fps) cam0-stream0 seq: 000068 bytesused: 31961088
	AeExposureMode = 0
	FrameDuration = 41649
	AnalogueGain = 7.673615
	Saturation = 1.000000
	Contrast = 1.000000
	Gamma = 2.200000
	ExposureTimeMode = 0
	ColourTemperature = 9495
	ExposureTime = 41599
	ColourGains = [ 1.952401, 1.104075 ]
	AwbEnable = true
	AnalogueGainMode = 0
	SensorBlackLevels = [ 4096, 4096, 4096, 4096 ]
	AeConstraintMode = 0
	ExposureValue = 0.000000
	SensorTimestamp = 1044106257000
1044.147913 (24.01 fps) cam0-stream0 seq: 000069 bytesused: 31961088
	SensorBlackLevels = [ 4096, 4096, 4096, 4096 ]
	AnalogueGainMode = 0
	Contrast = 1.000000
	Saturation = 1.000000
	AnalogueGain = 7.673615
	ExposureTime = 41599
	FrameDuration = 41649
	ExposureTimeMode = 0
	AeExposureMode = 0
	AeConstraintMode = 0
	Gamma = 2.200000
	ExposureValue = 0.000000
	SensorTimestamp = 1044147913000
1044.189565 (24.01 fps) cam0-stream0 seq: 000070 bytesused: 31961088
	SensorBlackLevels = [ 4096, 4096, 4096, 4096 ]
	AnalogueGainMode = 0
	Contrast = 1.000000
	Saturation = 1.000000
	AnalogueGain = 7.673615
	ExposureTime = 41599
	FrameDuration = 41649
	ExposureTimeMode = 0
	AeExposureMode = 0
	AeConstraintMode = 0
	Gamma = 2.200000
	ExposureValue = 0.000000
	SensorTimestamp = 1044189565000
1044.231220 (24.01 fps) cam0-stream0 seq: 000071 bytesused: 31961088
	SensorBlackLevels = [ 4096, 4096, 4096, 4096 ]
	AnalogueGainMode = 0
	Contrast = 1.000000
	Saturation = 1.000000
	AnalogueGain = 7.673615
	ExposureTime = 41599
	FrameDuration = 41649
	ExposureTimeMode = 0
	AeExposureMode = 0
	AeConstraintMode = 0
	Gamma = 2.200000
	ExposureValue = 0.000000
	SensorTimestamp = 1044231220000
1044.272874 (24.01 fps) cam0-stream0 seq: 000072 bytesused: 31961088
	AeExposureMode = 0
	FrameDuration = 41649
	AnalogueGain = 7.673615
	Saturation = 1.000000
	Contrast = 1.000000
	Gamma = 2.200000
	ExposureTimeMode = 0
	ColourTemperature = 9491
	ExposureTime = 41599
	ColourGains = [ 1.957218, 1.104562 ]
	AwbEnable = true
	AnalogueGainMode = 0
	SensorBlackLevels = [ 4096, 4096, 4096, 4096 ]
	AeConstraintMode = 0
	ExposureValue = 0.000000
	SensorTimestamp = 1044272874000
1044.314530 (24.01 fps) cam0-stream0 seq: 000073 bytesused: 31961088
	SensorBlackLevels = [ 4096, 4096, 4096, 4096 ]
	AnalogueGainMode = 0
	Contrast = 1.000000
	Saturation = 1.000000
	AnalogueGain = 7.673615
	ExposureTime = 41599
	FrameDuration = 41649
	ExposureTimeMode = 0
	AeExposureMode = 0
	AeConstraintMode = 0
	Gamma = 2.200000
	ExposureValue = 0.000000
	SensorTimestamp = 1044314530000
1044.356181 (24.01 fps) cam0-stream0 seq: 000074 bytesused: 31961088
	SensorBlackLevels = [ 4096, 4096, 4096, 4096 ]
	AnalogueGainMode = 0
	Contrast = 1.000000
	Saturation = 1.000000
	AnalogueGain = 7.673615
	ExposureTime = 41599
	FrameDuration = 41649
	ExposureTimeMode = 0
	AeExposureMode = 0
	AeConstraintMode = 0
	Gamma = 2.200000
	ExposureValue = 0.000000
	SensorTimestamp = 1044356181000
1044.397837 (24.01 fps) cam0-stream0 seq: 000075 bytesused: 31961088
	SensorBlackLevels = [ 4096, 4096, 4096, 4096 ]
	AnalogueGainMode = 0
	Contrast = 1.000000
	Saturation = 1.000000
	AnalogueGain = 7.673615
	ExposureTime = 41599
	FrameDuration = 41649
	ExposureTimeMode = 0
	AeExposureMode = 0
	AeConstraintMode = 0
	Gamma = 2.200000
	ExposureValue = 0.000000
	SensorTimestamp = 1044397837000
1044.439490 (24.01 fps) cam0-stream0 seq: 000076 bytesused: 31961088
	AeExposureMode = 0
	FrameDuration = 41649
	AnalogueGain = 7.673615
	Saturation = 1.000000
	Contrast = 1.000000
	Gamma = 2.200000
	ExposureTimeMode = 0
	ColourTemperature = 9488
	ExposureTime = 41599
	ColourGains = [ 1.960909, 1.104966 ]
	AwbEnable = true
	AnalogueGainMode = 0
	SensorBlackLevels = [ 4096, 4096, 4096, 4096 ]
	AeConstraintMode = 0
	ExposureValue = 0.000000
	SensorTimestamp = 1044439490000
1044.481146 (24.01 fps) cam0-stream0 seq: 000077 bytesused: 31961088
	SensorBlackLevels = [ 4096, 4096, 4096, 4096 ]
	AnalogueGainMode = 0
	Contrast = 1.000000
	Saturation = 1.000000
	AnalogueGain = 7.673615
	ExposureTime = 41599
	FrameDuration = 41649
	ExposureTimeMode = 0
	AeExposureMode = 0
	AeConstraintMode = 0
	Gamma = 2.200000
	ExposureValue = 0.000000
	SensorTimestamp = 1044481146000
1044.522798 (24.01 fps) cam0-stream0 seq: 000078 bytesused: 31961088
	SensorBlackLevels = [ 4096, 4096, 4096, 4096 ]
	AnalogueGainMode = 0
	Contrast = 1.000000
	Saturation = 1.000000
	AnalogueGain = 7.673615
	ExposureTime = 41599
	FrameDuration = 41649
	ExposureTimeMode = 0
	AeExposureMode = 0
	AeConstraintMode = 0
	Gamma = 2.200000
	ExposureValue = 0.000000
	SensorTimestamp = 1044522798000
1044.564453 (24.01 fps) cam0-stream0 seq: 000079 bytesused: 31961088
	SensorBlackLevels = [ 4096, 4096, 4096, 4096 ]
	AnalogueGainMode = 0
	Contrast = 1.000000
	Saturation = 1.000000
	AnalogueGain = 7.673615
	ExposureTime = 41599
	FrameDuration = 41649
	ExposureTimeMode = 0
	AeExposureMode = 0
	AeConstraintMode = 0
	Gamma = 2.200000
	ExposureValue = 0.000000
	SensorTimestamp = 1044564453000
1044.606107 (24.01 fps) cam0-stream0 seq: 000080 bytesused: 31961088
	AeExposureMode = 0
	FrameDuration = 41649
	AnalogueGain = 7.673615
	Saturation = 1.000000
	Contrast = 1.000000
	Gamma = 2.200000
	ExposureTimeMode = 0
	ColourTemperature = 9483
	ExposureTime = 41599
	ColourGains = [ 1.963848, 1.105340 ]
	AwbEnable = true
	AnalogueGainMode = 0
	SensorBlackLevels = [ 4096, 4096, 4096, 4096 ]
	AeConstraintMode = 0
	ExposureValue = 0.000000
	SensorTimestamp = 1044606107000
1044.647760 (24.01 fps) cam0-stream0 seq: 000081 bytesused: 31961088
	SensorBlackLevels = [ 4096, 4096, 4096, 4096 ]
	AnalogueGainMode = 0
	Contrast = 1.000000
	Saturation = 1.000000
	AnalogueGain = 7.673615
	ExposureTime = 41599
	FrameDuration = 41649
	ExposureTimeMode = 0
	AeExposureMode = 0
	AeConstraintMode = 0
	Gamma = 2.200000
	ExposureValue = 0.000000
	SensorTimestamp = 1044647760000
1044.689416 (24.01 fps) cam0-stream0 seq: 000082 bytesused: 31961088
	SensorBlackLevels = [ 4096, 4096, 4096, 4096 ]
	AnalogueGainMode = 0
	Contrast = 1.000000
	Saturation = 1.000000
	AnalogueGain = 7.673615
	ExposureTime = 41599
	FrameDuration = 41649
	ExposureTimeMode = 0
	AeExposureMode = 0
	AeConstraintMode = 0
	Gamma = 2.200000
	ExposureValue = 0.000000
	SensorTimestamp = 1044689416000
1044.731068 (24.01 fps) cam0-stream0 seq: 000083 bytesused: 31961088
	SensorBlackLevels = [ 4096, 4096, 4096, 4096 ]
	AnalogueGainMode = 0
	Contrast = 1.000000
	Saturation = 1.000000
	AnalogueGain = 7.673615
	ExposureTime = 41599
	FrameDuration = 41649
	ExposureTimeMode = 0
	AeExposureMode = 0
	AeConstraintMode = 0
	Gamma = 2.200000
	ExposureValue = 0.000000
	SensorTimestamp = 1044731068000
1044.772722 (24.01 fps) cam0-stream0 seq: 000084 bytesused: 31961088
	AeExposureMode = 0
	FrameDuration = 41649
	AnalogueGain = 7.673615
	Saturation = 1.000000
	Contrast = 1.000000
	Gamma = 2.200000
	ExposureTimeMode = 0
	ColourTemperature = 9490
	ExposureTime = 41599
	ColourGains = [ 1.965812, 1.105540 ]
	AwbEnable = true
	AnalogueGainMode = 0
	SensorBlackLevels = [ 4096, 4096, 4096, 4096 ]
	AeConstraintMode = 0
	ExposureValue = 0.000000
	SensorTimestamp = 1044772722000
1044.814377 (24.01 fps) cam0-stream0 seq: 000085 bytesused: 31961088
	SensorBlackLevels = [ 4096, 4096, 4096, 4096 ]
	AnalogueGainMode = 0
	Contrast = 1.000000
	Saturation = 1.000000
	AnalogueGain = 7.673615
	ExposureTime = 41599
	FrameDuration = 41649
	ExposureTimeMode = 0
	AeExposureMode = 0
	AeConstraintMode = 0
	Gamma = 2.200000
	ExposureValue = 0.000000
	SensorTimestamp = 1044814377000
1044.856030 (24.01 fps) cam0-stream0 seq: 000086 bytesused: 31961088
	SensorBlackLevels = [ 4096, 4096, 4096, 4096 ]
	AnalogueGainMode = 0
	Contrast = 1.000000
	Saturation = 1.000000
	AnalogueGain = 7.673615
	ExposureTime = 41599
	FrameDuration = 41649
	ExposureTimeMode = 0
	AeExposureMode = 0
	AeConstraintMode = 0
	Gamma = 2.200000
	ExposureValue = 0.000000
	SensorTimestamp = 1044856030000
1044.897688 (24.00 fps) cam0-stream0 seq: 000087 bytesused: 31961088
	SensorBlackLevels = [ 4096, 4096, 4096, 4096 ]
	AnalogueGainMode = 0
	Contrast = 1.000000
	Saturation = 1.000000
	AnalogueGain = 7.673615
	ExposureTime = 41599
	FrameDuration = 41649
	ExposureTimeMode = 0
	AeExposureMode = 0
	AeConstraintMode = 0
	Gamma = 2.200000
	ExposureValue = 0.000000
	SensorTimestamp = 1044897688000
1044.939336 (24.01 fps) cam0-stream0 seq: 000088 bytesused: 31961088
	AeExposureMode = 0
	FrameDuration = 41649
	AnalogueGain = 7.673615
	Saturation = 1.000000
	Contrast = 1.000000
	Gamma = 2.200000
	ExposureTimeMode = 0
	ColourTemperature = 9487
	ExposureTime = 41599
	ColourGains = [ 1.967482, 1.105733 ]
	AwbEnable = true
	AnalogueGainMode = 0
	SensorBlackLevels = [ 4096, 4096, 4096, 4096 ]
	AeConstraintMode = 0
	ExposureValue = 0.000000
	SensorTimestamp = 1044939336000
1044.980993 (24.01 fps) cam0-stream0 seq: 000089 bytesused: 31961088
	SensorBlackLevels = [ 4096, 4096, 4096, 4096 ]
	AnalogueGainMode = 0
	Contrast = 1.000000
	Saturation = 1.000000
	AnalogueGain = 7.673615
	ExposureTime = 41599
	FrameDuration = 41649
	ExposureTimeMode = 0
	AeExposureMode = 0
	AeConstraintMode = 0
	Gamma = 2.200000
	ExposureValue = 0.000000
	SensorTimestamp = 1044980993000
