[0:17:25.386517060] [12310]  INFO Camera camera_manager.cpp:340 libcamera v0.7.2+160-8103c3f2
[0:17:25.387786060] [12311]  INFO IPAManager ipa_manager.cpp:147 libcamera is not installed. Adding '/home/nicfio/src/libcamera-senza-helper/build/src/ipa' to the IPA search path
[0:17:25.722152432] [12311]  WARN CameraSensorProperties camera_sensor_properties.cpp:616 No static properties available for 'gc5035'
[0:17:25.722209229] [12311]  WARN CameraSensorProperties camera_sensor_properties.cpp:618 Please consider updating the camera sensor properties database
[0:17:25.722426585] [12311]  WARN CameraSensor camera_sensor_legacy.cpp:518 'gc5035 2-003f': No sensor delays found in static properties. Assuming unverified defaults.
[0:17:25.726444222] [12311]  WARN CameraSensorProperties camera_sensor_properties.cpp:616 No static properties available for 'gc8034'
[0:17:25.726491170] [12311]  WARN CameraSensorProperties camera_sensor_properties.cpp:618 Please consider updating the camera sensor properties database
[0:17:25.726565314] [12311]  WARN CameraSensor camera_sensor_legacy.cpp:518 'gc8034 1-0037': No sensor delays found in static properties. Assuming unverified defaults.
[0:17:25.833400424] [12311]  INFO IPAProxy ipa_proxy.cpp:73 libcamera is not installed. Loading IPA configuration from '/home/nicfio/src/libcamera-senza-helper/src/ipa/softisp/data'
[0:17:25.834148385] [12311]  INFO IPAProxy ipa_proxy.cpp:73 libcamera is not installed. Loading IPA configuration from '/home/nicfio/src/libcamera-senza-helper/src/ipa/softisp/data'
[0:17:25.834186938] [12311]  WARN IPAProxy ipa_proxy.cpp:196 Configuration file 'gc5035.yaml' not found for IPA module 'softisp', falling back to '/home/nicfio/src/libcamera-senza-helper/src/ipa/softisp/data/uncalibrated.yaml'
[0:17:25.834430664] [12311]  WARN IPASoftIsp softisp.cpp:104 IPASoftIsp: Failed to create camera sensor helper for gc5035
[0:17:25.834945187] [12311]  INFO Awb awb.cpp:213 No AWB algorithm specified, using grey world
[0:17:25.835058346] [12311]  WARN Awb awb_grey.cpp:49 Failed to parse 'colourGains' parameter from tuning file; manual colour temperature will not work properly
[0:17:25.836499538] [12311]  INFO Camera camera_manager.cpp:223 Adding camera '\_SB_.PC00.LNK1' for pipeline handler simple
[0:17:25.873114286] [12311]  INFO IPAProxy ipa_proxy.cpp:73 libcamera is not installed. Loading IPA configuration from '/home/nicfio/src/libcamera-senza-helper/src/ipa/softisp/data'
[0:17:25.873853727] [12311]  INFO IPAProxy ipa_proxy.cpp:73 libcamera is not installed. Loading IPA configuration from '/home/nicfio/src/libcamera-senza-helper/src/ipa/softisp/data'
[0:17:25.873888965] [12311]  WARN IPAProxy ipa_proxy.cpp:196 Configuration file 'gc8034.yaml' not found for IPA module 'softisp', falling back to '/home/nicfio/src/libcamera-senza-helper/src/ipa/softisp/data/uncalibrated.yaml'
[0:17:25.874076247] [12311]  WARN IPASoftIsp softisp.cpp:104 IPASoftIsp: Failed to create camera sensor helper for gc8034
[0:17:25.874332282] [12311]  INFO Awb awb.cpp:213 No AWB algorithm specified, using grey world
[0:17:25.874355754] [12311]  WARN Awb awb_grey.cpp:49 Failed to parse 'colourGains' parameter from tuning file; manual colour temperature will not work properly
[0:17:25.875113126] [12311]  INFO Camera camera_manager.cpp:223 Adding camera '\_SB_.PC00.LNK0' for pipeline handler simple
Using camera \_SB_.PC00.LNK1 as cam0
[0:17:25.876096753] [12310]  INFO Camera camera.cpp:1216 configuring streams: (0) 2584x1944-ABGR8888/sRGB
[0:17:25.876493509] [12311]  INFO SimplePipeline simple.cpp:1570 Input buffer stride ignored by the driver. Requested 5376, got 5184
[0:17:25.876620852] [12311]  INFO Awb awb_grey.cpp:107 No gains curve defined, unable to interpolate gains to colour temperature
[0:17:25.876753754] [12311]  INFO SoftwareIsp software_isp.cpp:300 Input 2592x1944-GRBG-10 stride 5184
[0:17:25.967855903] [12315]  INFO eGL egl.cpp:408 EGL: EGL_VERSION: 1.5
[0:17:25.967912130] [12315]  INFO eGL egl.cpp:409 EGL: EGL_VENDOR: Mesa Project
[0:17:25.967924005] [12315]  INFO eGL egl.cpp:410 EGL: EGL_CLIENT_APIS: OpenGL OpenGL_ES 
[0:17:25.967963686] [12315]  INFO eGL egl.cpp:411 EGL: EGL_EXTENSIONS: EGL_ANDROID_blob_cache EGL_ANDROID_native_fence_sync EGL_EXT_config_select_group EGL_EXT_create_context_robustness EGL_EXT_image_dma_buf_import EGL_EXT_image_dma_buf_import_modifiers EGL_EXT_query_reset_notification_strategy EGL_EXT_surface_compression EGL_IMG_context_priority EGL_KHR_cl_event2 EGL_KHR_config_attribs EGL_KHR_context_flush_control EGL_KHR_create_context EGL_KHR_create_context_no_error EGL_KHR_fence_sync EGL_KHR_get_all_proc_addresses EGL_KHR_gl_colorspace EGL_KHR_gl_renderbuffer_image EGL_KHR_gl_texture_2D_image EGL_KHR_gl_texture_3D_image EGL_KHR_gl_texture_cubemap_image EGL_KHR_image_base EGL_KHR_no_config_context EGL_KHR_partial_update EGL_KHR_reusable_sync EGL_KHR_surfaceless_context EGL_EXT_pixel_format_float EGL_KHR_wait_sync EGL_MESA_configless_context EGL_MESA_drm_image EGL_MESA_gl_interop EGL_MESA_image_dma_buf_export EGL_MESA_query_driver EGL_MESA_x11_native_visual_id EGL_WL_bind_wayland_display 
[0:17:25.974354322] [12315]  INFO eGL egl.cpp:447 EGL: GL_RENDERER: Mesa Intel(R) Graphics (ADL-N)
[0:17:25.974419017] [12315]  INFO eGL egl.cpp:448 EGL: GL_VERSION: OpenGL ES 3.2 Mesa 25.0.7-2+deb13u1
cam0: Capture 90 frames
[0:17:26.290948244] [12315]  INFO Debayer debayer_egl.cpp:523 Importing input DMABuf failed, falling back to upload
1046.255297 (0.00 fps) cam0-stream0 seq: 000000 bytesused: 20404224
	AeExposureMode = 0
	FrameDuration = 34685
	AnalogueGain = 0.000000
	SensorTimestamp = 1046255297000
	ExposureValue = 0.000000
	Gamma = 2.200000
	AeConstraintMode = 0
	AwbEnable = true
	SensorBlackLevels = [ 4096, 4096, 4096, 4096 ]
	AnalogueGainMode = 0
	ColourGains = [ 1.000000, 1.000000 ]
	ExposureTime = 17005
	ColourTemperature = 5000
	ExposureTimeMode = 0
	Contrast = 1.000000
	Saturation = 1.000000
1046.290003 (28.81 fps) cam0-stream0 seq: 000001 bytesused: 20404224
	SensorBlackLevels = [ 4096, 4096, 4096, 4096 ]
	AnalogueGainMode = 0
	Contrast = 1.000000
	Saturation = 1.000000
	AnalogueGain = 0.000000
	ExposureTime = 17005
	FrameDuration = 34685
	ExposureTimeMode = 0
	AeExposureMode = 0
	AeConstraintMode = 0
	Gamma = 2.200000
	ExposureValue = 0.000000
	SensorTimestamp = 1046290003000
1046.324707 (28.82 fps) cam0-stream0 seq: 000002 bytesused: 20404224
	SensorBlackLevels = [ 4096, 4096, 4096, 4096 ]
	AnalogueGainMode = 0
	Contrast = 1.000000
	Saturation = 1.000000
	AnalogueGain = 16.000000
	ExposureTime = 34426
	FrameDuration = 34685
	ExposureTimeMode = 0
	AeExposureMode = 0
	AeConstraintMode = 0
	Gamma = 2.200000
	ExposureValue = 0.000000
	SensorTimestamp = 1046324707000
1046.359410 (28.82 fps) cam0-stream0 seq: 000003 bytesused: 20404224
	SensorBlackLevels = [ 4096, 4096, 4096, 4096 ]
	AnalogueGainMode = 0
	Contrast = 1.000000
	Saturation = 1.000000
	AnalogueGain = 16.000000
	ExposureTime = 34426
	FrameDuration = 34685
	ExposureTimeMode = 0
	AeExposureMode = 0
	AeConstraintMode = 0
	Gamma = 2.200000
	ExposureValue = 0.000000
	SensorTimestamp = 1046359410000
1046.394115 (28.81 fps) cam0-stream0 seq: 000004 bytesused: 20404224
	AeExposureMode = 0
	FrameDuration = 34685
	AnalogueGain = 16.000000
	Saturation = 1.000000
	Contrast = 1.000000
	Gamma = 2.200000
	ExposureTimeMode = 0
	ColourTemperature = 9062
	ExposureTime = 34426
	ColourGains = [ 1.142609, 1.020915 ]
	AwbEnable = true
	AnalogueGainMode = 0
	SensorBlackLevels = [ 4096, 4096, 4096, 4096 ]
	AeConstraintMode = 0
	ExposureValue = 0.000000
	SensorTimestamp = 1046394115000
1046.428818 (28.82 fps) cam0-stream0 seq: 000005 bytesused: 20404224
	SensorBlackLevels = [ 4096, 4096, 4096, 4096 ]
	AnalogueGainMode = 0
	Contrast = 1.000000
	Saturation = 1.000000
	AnalogueGain = 16.000000
	ExposureTime = 34426
	FrameDuration = 34685
	ExposureTimeMode = 0
	AeExposureMode = 0
	AeConstraintMode = 0
	Gamma = 2.200000
	ExposureValue = 0.000000
	SensorTimestamp = 1046428818000
1046.463524 (28.81 fps) cam0-stream0 seq: 000006 bytesused: 20404224
	SensorBlackLevels = [ 4096, 4096, 4096, 4096 ]
	AnalogueGainMode = 0
	Contrast = 1.000000
	Saturation = 1.000000
	AnalogueGain = 16.000000
	ExposureTime = 34426
	FrameDuration = 34685
	ExposureTimeMode = 0
	AeExposureMode = 0
	AeConstraintMode = 0
	Gamma = 2.200000
	ExposureValue = 0.000000
	SensorTimestamp = 1046463524000
1046.498227 (28.82 fps) cam0-stream0 seq: 000007 bytesused: 20404224
	SensorBlackLevels = [ 4096, 4096, 4096, 4096 ]
	AnalogueGainMode = 0
	Contrast = 1.000000
	Saturation = 1.000000
	AnalogueGain = 16.000000
	ExposureTime = 34426
	FrameDuration = 34685
	ExposureTimeMode = 0
	AeExposureMode = 0
	AeConstraintMode = 0
	Gamma = 2.200000
	ExposureValue = 0.000000
	SensorTimestamp = 1046498227000
1046.532931 (28.82 fps) cam0-stream0 seq: 000008 bytesused: 20404224
	AeExposureMode = 0
	FrameDuration = 34685
	AnalogueGain = 16.000000
	Saturation = 1.000000
	Contrast = 1.000000
	Gamma = 2.200000
	ExposureTimeMode = 0
	ColourTemperature = 9114
	ExposureTime = 34426
	ColourGains = [ 1.257062, 1.037188 ]
	AwbEnable = true
	AnalogueGainMode = 0
	SensorBlackLevels = [ 4096, 4096, 4096, 4096 ]
	AeConstraintMode = 0
	ExposureValue = 0.000000
	SensorTimestamp = 1046532931000
1046.567636 (28.81 fps) cam0-stream0 seq: 000009 bytesused: 20404224
	SensorBlackLevels = [ 4096, 4096, 4096, 4096 ]
	AnalogueGainMode = 0
	Contrast = 1.000000
	Saturation = 1.000000
	AnalogueGain = 16.000000
	ExposureTime = 34426
	FrameDuration = 34685
	ExposureTimeMode = 0
	AeExposureMode = 0
	AeConstraintMode = 0
	Gamma = 2.200000
	ExposureValue = 0.000000
	SensorTimestamp = 1046567636000
1046.602341 (28.81 fps) cam0-stream0 seq: 000010 bytesused: 20404224
	SensorBlackLevels = [ 4096, 4096, 4096, 4096 ]
	AnalogueGainMode = 0
	Contrast = 1.000000
	Saturation = 1.000000
	AnalogueGain = 16.000000
	ExposureTime = 34426
	FrameDuration = 34685
	ExposureTimeMode = 0
	AeExposureMode = 0
	AeConstraintMode = 0
	Gamma = 2.200000
	ExposureValue = 0.000000
	SensorTimestamp = 1046602341000
1046.637046 (28.81 fps) cam0-stream0 seq: 000011 bytesused: 20404224
	SensorBlackLevels = [ 4096, 4096, 4096, 4096 ]
	AnalogueGainMode = 0
	Contrast = 1.000000
	Saturation = 1.000000
	AnalogueGain = 16.000000
	ExposureTime = 34426
	FrameDuration = 34685
	ExposureTimeMode = 0
	AeExposureMode = 0
	AeConstraintMode = 0
	Gamma = 2.200000
	ExposureValue = 0.000000
	SensorTimestamp = 1046637046000
1046.671750 (28.82 fps) cam0-stream0 seq: 000012 bytesused: 20404224
	AeExposureMode = 0
	FrameDuration = 34685
	AnalogueGain = 16.000000
	Saturation = 1.000000
	Contrast = 1.000000
	Gamma = 2.200000
	ExposureTimeMode = 0
	ColourTemperature = 8632
	ExposureTime = 34426
	ColourGains = [ 1.305199, 1.049817 ]
	AwbEnable = true
	AnalogueGainMode = 0
	SensorBlackLevels = [ 4096, 4096, 4096, 4096 ]
	AeConstraintMode = 0
	ExposureValue = 0.000000
	SensorTimestamp = 1046671750000
1046.706455 (28.81 fps) cam0-stream0 seq: 000013 bytesused: 20404224
	SensorBlackLevels = [ 4096, 4096, 4096, 4096 ]
	AnalogueGainMode = 0
	Contrast = 1.000000
	Saturation = 1.000000
	AnalogueGain = 16.000000
	ExposureTime = 34426
	FrameDuration = 34685
	ExposureTimeMode = 0
	AeExposureMode = 0
	AeConstraintMode = 0
	Gamma = 2.200000
	ExposureValue = 0.000000
	SensorTimestamp = 1046706455000
1046.741156 (28.82 fps) cam0-stream0 seq: 000014 bytesused: 20404224
	SensorBlackLevels = [ 4096, 4096, 4096, 4096 ]
	AnalogueGainMode = 0
	Contrast = 1.000000
	Saturation = 1.000000
	AnalogueGain = 16.000000
	ExposureTime = 34426
	FrameDuration = 34685
	ExposureTimeMode = 0
	AeExposureMode = 0
	AeConstraintMode = 0
	Gamma = 2.200000
	ExposureValue = 0.000000
	SensorTimestamp = 1046741156000
1046.775862 (28.81 fps) cam0-stream0 seq: 000015 bytesused: 20404224
	SensorBlackLevels = [ 4096, 4096, 4096, 4096 ]
	AnalogueGainMode = 0
	Contrast = 1.000000
	Saturation = 1.000000
	AnalogueGain = 16.000000
	ExposureTime = 34426
	FrameDuration = 34685
	ExposureTimeMode = 0
	AeExposureMode = 0
	AeConstraintMode = 0
	Gamma = 2.200000
	ExposureValue = 0.000000
	SensorTimestamp = 1046775862000
1046.810566 (28.82 fps) cam0-stream0 seq: 000016 bytesused: 20404224
	AeExposureMode = 0
	FrameDuration = 34685
	AnalogueGain = 16.000000
	Saturation = 1.000000
	Contrast = 1.000000
	Gamma = 2.200000
	ExposureTimeMode = 0
	ColourTemperature = 9089
	ExposureTime = 34426
	ColourGains = [ 1.385481, 1.060385 ]
	AwbEnable = true
	AnalogueGainMode = 0
	SensorBlackLevels = [ 4096, 4096, 4096, 4096 ]
	AeConstraintMode = 0
	ExposureValue = 0.000000
	SensorTimestamp = 1046810566000
1046.845271 (28.81 fps) cam0-stream0 seq: 000017 bytesused: 20404224
	SensorBlackLevels = [ 4096, 4096, 4096, 4096 ]
	AnalogueGainMode = 0
	Contrast = 1.000000
	Saturation = 1.000000
	AnalogueGain = 16.000000
	ExposureTime = 34426
	FrameDuration = 34685
	ExposureTimeMode = 0
	AeExposureMode = 0
	AeConstraintMode = 0
	Gamma = 2.200000
	ExposureValue = 0.000000
	SensorTimestamp = 1046845271000
1046.879974 (28.82 fps) cam0-stream0 seq: 000018 bytesused: 20404224
	SensorBlackLevels = [ 4096, 4096, 4096, 4096 ]
	AnalogueGainMode = 0
	Contrast = 1.000000
	Saturation = 1.000000
	AnalogueGain = 16.000000
	ExposureTime = 34426
	FrameDuration = 34685
	ExposureTimeMode = 0
	AeExposureMode = 0
	AeConstraintMode = 0
	Gamma = 2.200000
	ExposureValue = 0.000000
	SensorTimestamp = 1046879974000
1046.914681 (28.81 fps) cam0-stream0 seq: 000019 bytesused: 20404224
	SensorBlackLevels = [ 4096, 4096, 4096, 4096 ]
	AnalogueGainMode = 0
	Contrast = 1.000000
	Saturation = 1.000000
	AnalogueGain = 16.000000
	ExposureTime = 34426
	FrameDuration = 34685
	ExposureTimeMode = 0
	AeExposureMode = 0
	AeConstraintMode = 0
	Gamma = 2.200000
	ExposureValue = 0.000000
	SensorTimestamp = 1046914681000
1046.949383 (28.82 fps) cam0-stream0 seq: 000020 bytesused: 20404224
	AeExposureMode = 0
	FrameDuration = 34685
	AnalogueGain = 16.000000
	Saturation = 1.000000
	Contrast = 1.000000
	Gamma = 2.200000
	ExposureTimeMode = 0
	ColourTemperature = 9098
	ExposureTime = 34426
	ColourGains = [ 1.449916, 1.068780 ]
	AwbEnable = true
	AnalogueGainMode = 0
	SensorBlackLevels = [ 4096, 4096, 4096, 4096 ]
	AeConstraintMode = 0
	ExposureValue = 0.000000
	SensorTimestamp = 1046949383000
1046.984086 (28.82 fps) cam0-stream0 seq: 000021 bytesused: 20404224
	SensorBlackLevels = [ 4096, 4096, 4096, 4096 ]
	AnalogueGainMode = 0
	Contrast = 1.000000
	Saturation = 1.000000
	AnalogueGain = 16.000000
	ExposureTime = 34426
	FrameDuration = 34685
	ExposureTimeMode = 0
	AeExposureMode = 0
	AeConstraintMode = 0
	Gamma = 2.200000
	ExposureValue = 0.000000
	SensorTimestamp = 1046984086000
1047.018793 (28.81 fps) cam0-stream0 seq: 000022 bytesused: 20404224
	SensorBlackLevels = [ 4096, 4096, 4096, 4096 ]
	AnalogueGainMode = 0
	Contrast = 1.000000
	Saturation = 1.000000
	AnalogueGain = 16.000000
	ExposureTime = 34426
	FrameDuration = 34685
	ExposureTimeMode = 0
	AeExposureMode = 0
	AeConstraintMode = 0
	Gamma = 2.200000
	ExposureValue = 0.000000
	SensorTimestamp = 1047018793000
1047.053495 (28.82 fps) cam0-stream0 seq: 000023 bytesused: 20404224
	SensorBlackLevels = [ 4096, 4096, 4096, 4096 ]
	AnalogueGainMode = 0
	Contrast = 1.000000
	Saturation = 1.000000
	AnalogueGain = 16.000000
	ExposureTime = 34426
	FrameDuration = 34685
	ExposureTimeMode = 0
	AeExposureMode = 0
	AeConstraintMode = 0
	Gamma = 2.200000
	ExposureValue = 0.000000
	SensorTimestamp = 1047053495000
1047.088199 (28.82 fps) cam0-stream0 seq: 000024 bytesused: 20404224
	AeExposureMode = 0
	FrameDuration = 34685
	AnalogueGain = 16.000000
	Saturation = 1.000000
	Contrast = 1.000000
	Gamma = 2.200000
	ExposureTimeMode = 0
	ColourTemperature = 9075
	ExposureTime = 34426
	ColourGains = [ 1.500570, 1.075616 ]
	AwbEnable = true
	AnalogueGainMode = 0
	SensorBlackLevels = [ 4096, 4096, 4096, 4096 ]
	AeConstraintMode = 0
	ExposureValue = 0.000000
	SensorTimestamp = 1047088199000
1047.122904 (28.81 fps) cam0-stream0 seq: 000025 bytesused: 20404224
	SensorBlackLevels = [ 4096, 4096, 4096, 4096 ]
	AnalogueGainMode = 0
	Contrast = 1.000000
	Saturation = 1.000000
	AnalogueGain = 16.000000
	ExposureTime = 34426
	FrameDuration = 34685
	ExposureTimeMode = 0
	AeExposureMode = 0
	AeConstraintMode = 0
	Gamma = 2.200000
	ExposureValue = 0.000000
	SensorTimestamp = 1047122904000
1047.157609 (28.81 fps) cam0-stream0 seq: 000026 bytesused: 20404224
	SensorBlackLevels = [ 4096, 4096, 4096, 4096 ]
	AnalogueGainMode = 0
	Contrast = 1.000000
	Saturation = 1.000000
	AnalogueGain = 16.000000
	ExposureTime = 34426
	FrameDuration = 34685
	ExposureTimeMode = 0
	AeExposureMode = 0
	AeConstraintMode = 0
	Gamma = 2.200000
	ExposureValue = 0.000000
	SensorTimestamp = 1047157609000
1047.192313 (28.82 fps) cam0-stream0 seq: 000027 bytesused: 20404224
	SensorBlackLevels = [ 4096, 4096, 4096, 4096 ]
	AnalogueGainMode = 0
	Contrast = 1.000000
	Saturation = 1.000000
	AnalogueGain = 16.000000
	ExposureTime = 34426
	FrameDuration = 34685
	ExposureTimeMode = 0
	AeExposureMode = 0
	AeConstraintMode = 0
	Gamma = 2.200000
	ExposureValue = 0.000000
	SensorTimestamp = 1047192313000
1047.227017 (28.82 fps) cam0-stream0 seq: 000028 bytesused: 20404224
	AeExposureMode = 0
	FrameDuration = 34685
	AnalogueGain = 16.000000
	Saturation = 1.000000
	Contrast = 1.000000
	Gamma = 2.200000
	ExposureTimeMode = 0
	ColourTemperature = 9078
	ExposureTime = 34426
	ColourGains = [ 1.541598, 1.081114 ]
	AwbEnable = true
	AnalogueGainMode = 0
	SensorBlackLevels = [ 4096, 4096, 4096, 4096 ]
	AeConstraintMode = 0
	ExposureValue = 0.000000
	SensorTimestamp = 1047227017000
1047.261724 (28.81 fps) cam0-stream0 seq: 000029 bytesused: 20404224
	SensorBlackLevels = [ 4096, 4096, 4096, 4096 ]
	AnalogueGainMode = 0
	Contrast = 1.000000
	Saturation = 1.000000
	AnalogueGain = 16.000000
	ExposureTime = 34426
	FrameDuration = 34685
	ExposureTimeMode = 0
	AeExposureMode = 0
	AeConstraintMode = 0
	Gamma = 2.200000
	ExposureValue = 0.000000
	SensorTimestamp = 1047261724000
1047.296426 (28.82 fps) cam0-stream0 seq: 000030 bytesused: 20404224
	SensorBlackLevels = [ 4096, 4096, 4096, 4096 ]
	AnalogueGainMode = 0
	Contrast = 1.000000
	Saturation = 1.000000
	AnalogueGain = 16.000000
	ExposureTime = 34426
	FrameDuration = 34685
	ExposureTimeMode = 0
	AeExposureMode = 0
	AeConstraintMode = 0
	Gamma = 2.200000
	ExposureValue = 0.000000
	SensorTimestamp = 1047296426000
1047.331129 (28.82 fps) cam0-stream0 seq: 000031 bytesused: 20404224
	SensorBlackLevels = [ 4096, 4096, 4096, 4096 ]
	AnalogueGainMode = 0
	Contrast = 1.000000
	Saturation = 1.000000
	AnalogueGain = 16.000000
	ExposureTime = 34426
	FrameDuration = 34685
	ExposureTimeMode = 0
	AeExposureMode = 0
	AeConstraintMode = 0
	Gamma = 2.200000
	ExposureValue = 0.000000
	SensorTimestamp = 1047331129000
1047.365837 (28.81 fps) cam0-stream0 seq: 000032 bytesused: 20404224
	AeExposureMode = 0
	FrameDuration = 34685
	AnalogueGain = 16.000000
	Saturation = 1.000000
	Contrast = 1.000000
	Gamma = 2.200000
	ExposureTimeMode = 0
	ColourTemperature = 9079
	ExposureTime = 34426
	ColourGains = [ 1.575019, 1.085560 ]
	AwbEnable = true
	AnalogueGainMode = 0
	SensorBlackLevels = [ 4096, 4096, 4096, 4096 ]
	AeConstraintMode = 0
	ExposureValue = 0.000000
	SensorTimestamp = 1047365837000
1047.400539 (28.82 fps) cam0-stream0 seq: 000033 bytesused: 20404224
	SensorBlackLevels = [ 4096, 4096, 4096, 4096 ]
	AnalogueGainMode = 0
	Contrast = 1.000000
	Saturation = 1.000000
	AnalogueGain = 16.000000
	ExposureTime = 34426
	FrameDuration = 34685
	ExposureTimeMode = 0
	AeExposureMode = 0
	AeConstraintMode = 0
	Gamma = 2.200000
	ExposureValue = 0.000000
	SensorTimestamp = 1047400539000
1047.435243 (28.82 fps) cam0-stream0 seq: 000034 bytesused: 20404224
	SensorBlackLevels = [ 4096, 4096, 4096, 4096 ]
	AnalogueGainMode = 0
	Contrast = 1.000000
	Saturation = 1.000000
	AnalogueGain = 16.000000
	ExposureTime = 34426
	FrameDuration = 34685
	ExposureTimeMode = 0
	AeExposureMode = 0
	AeConstraintMode = 0
	Gamma = 2.200000
	ExposureValue = 0.000000
	SensorTimestamp = 1047435243000
1047.469947 (28.82 fps) cam0-stream0 seq: 000035 bytesused: 20404224
	SensorBlackLevels = [ 4096, 4096, 4096, 4096 ]
	AnalogueGainMode = 0
	Contrast = 1.000000
	Saturation = 1.000000
	AnalogueGain = 16.000000
	ExposureTime = 34426
	FrameDuration = 34685
	ExposureTimeMode = 0
	AeExposureMode = 0
	AeConstraintMode = 0
	Gamma = 2.200000
	ExposureValue = 0.000000
	SensorTimestamp = 1047469947000
1047.504653 (28.81 fps) cam0-stream0 seq: 000036 bytesused: 20404224
	AeExposureMode = 0
	FrameDuration = 34685
	AnalogueGain = 16.000000
	Saturation = 1.000000
	Contrast = 1.000000
	Gamma = 2.200000
	ExposureTimeMode = 0
	ColourTemperature = 9062
	ExposureTime = 34426
	ColourGains = [ 1.601736, 1.089280 ]
	AwbEnable = true
	AnalogueGainMode = 0
	SensorBlackLevels = [ 4096, 4096, 4096, 4096 ]
	AeConstraintMode = 0
	ExposureValue = 0.000000
	SensorTimestamp = 1047504653000
1047.539356 (28.82 fps) cam0-stream0 seq: 000037 bytesused: 20404224
	SensorBlackLevels = [ 4096, 4096, 4096, 4096 ]
	AnalogueGainMode = 0
	Contrast = 1.000000
	Saturation = 1.000000
	AnalogueGain = 16.000000
	ExposureTime = 34426
	FrameDuration = 34685
	ExposureTimeMode = 0
	AeExposureMode = 0
	AeConstraintMode = 0
	Gamma = 2.200000
	ExposureValue = 0.000000
	SensorTimestamp = 1047539356000
1047.574063 (28.81 fps) cam0-stream0 seq: 000038 bytesused: 20404224
	SensorBlackLevels = [ 4096, 4096, 4096, 4096 ]
	AnalogueGainMode = 0
	Contrast = 1.000000
	Saturation = 1.000000
	AnalogueGain = 16.000000
	ExposureTime = 34426
	FrameDuration = 34685
	ExposureTimeMode = 0
	AeExposureMode = 0
	AeConstraintMode = 0
	Gamma = 2.200000
	ExposureValue = 0.000000
	SensorTimestamp = 1047574063000
1047.608766 (28.82 fps) cam0-stream0 seq: 000039 bytesused: 20404224
	SensorBlackLevels = [ 4096, 4096, 4096, 4096 ]
	AnalogueGainMode = 0
	Contrast = 1.000000
	Saturation = 1.000000
	AnalogueGain = 16.000000
	ExposureTime = 34426
	FrameDuration = 34685
	ExposureTimeMode = 0
	AeExposureMode = 0
	AeConstraintMode = 0
	Gamma = 2.200000
	ExposureValue = 0.000000
	SensorTimestamp = 1047608766000
1047.643468 (28.82 fps) cam0-stream0 seq: 000040 bytesused: 20404224
	AeExposureMode = 0
	FrameDuration = 34685
	AnalogueGain = 16.000000
	Saturation = 1.000000
	Contrast = 1.000000
	Gamma = 2.200000
	ExposureTimeMode = 0
	ColourTemperature = 9029
	ExposureTime = 34426
	ColourGains = [ 1.622818, 1.092540 ]
	AwbEnable = true
	AnalogueGainMode = 0
	SensorBlackLevels = [ 4096, 4096, 4096, 4096 ]
	AeConstraintMode = 0
	ExposureValue = 0.000000
	SensorTimestamp = 1047643468000
1047.678175 (28.81 fps) cam0-stream0 seq: 000041 bytesused: 20404224
	SensorBlackLevels = [ 4096, 4096, 4096, 4096 ]
	AnalogueGainMode = 0
	Contrast = 1.000000
	Saturation = 1.000000
	AnalogueGain = 16.000000
	ExposureTime = 34426
	FrameDuration = 34685
	ExposureTimeMode = 0
	AeExposureMode = 0
	AeConstraintMode = 0
	Gamma = 2.200000
	ExposureValue = 0.000000
	SensorTimestamp = 1047678175000
1047.712878 (28.82 fps) cam0-stream0 seq: 000042 bytesused: 20404224
	SensorBlackLevels = [ 4096, 4096, 4096, 4096 ]
	AnalogueGainMode = 0
	Contrast = 1.000000
	Saturation = 1.000000
	AnalogueGain = 16.000000
	ExposureTime = 34426
	FrameDuration = 34685
	ExposureTimeMode = 0
	AeExposureMode = 0
	AeConstraintMode = 0
	Gamma = 2.200000
	ExposureValue = 0.000000
	SensorTimestamp = 1047712878000
1047.747584 (28.81 fps) cam0-stream0 seq: 000043 bytesused: 20404224
	SensorBlackLevels = [ 4096, 4096, 4096, 4096 ]
	AnalogueGainMode = 0
	Contrast = 1.000000
	Saturation = 1.000000
	AnalogueGain = 16.000000
	ExposureTime = 34426
	FrameDuration = 34685
	ExposureTimeMode = 0
	AeExposureMode = 0
	AeConstraintMode = 0
	Gamma = 2.200000
	ExposureValue = 0.000000
	SensorTimestamp = 1047747584000
1047.782287 (28.82 fps) cam0-stream0 seq: 000044 bytesused: 20404224
	AeExposureMode = 0
	FrameDuration = 34685
	AnalogueGain = 16.000000
	Saturation = 1.000000
	Contrast = 1.000000
	Gamma = 2.200000
	ExposureTimeMode = 0
	ColourTemperature = 9064
	ExposureTime = 34426
	ColourGains = [ 1.639904, 1.094829 ]
	AwbEnable = true
	AnalogueGainMode = 0
	SensorBlackLevels = [ 4096, 4096, 4096, 4096 ]
	AeConstraintMode = 0
	ExposureValue = 0.000000
	SensorTimestamp = 1047782287000
1047.816992 (28.81 fps) cam0-stream0 seq: 000045 bytesused: 20404224
	SensorBlackLevels = [ 4096, 4096, 4096, 4096 ]
	AnalogueGainMode = 0
	Contrast = 1.000000
	Saturation = 1.000000
	AnalogueGain = 16.000000
	ExposureTime = 34426
	FrameDuration = 34685
	ExposureTimeMode = 0
	AeExposureMode = 0
	AeConstraintMode = 0
	Gamma = 2.200000
	ExposureValue = 0.000000
	SensorTimestamp = 1047816992000
1047.851696 (28.82 fps) cam0-stream0 seq: 000046 bytesused: 20404224
	SensorBlackLevels = [ 4096, 4096, 4096, 4096 ]
	AnalogueGainMode = 0
	Contrast = 1.000000
	Saturation = 1.000000
	AnalogueGain = 16.000000
	ExposureTime = 34426
	FrameDuration = 34685
	ExposureTimeMode = 0
	AeExposureMode = 0
	AeConstraintMode = 0
	Gamma = 2.200000
	ExposureValue = 0.000000
	SensorTimestamp = 1047851696000
1047.886400 (28.82 fps) cam0-stream0 seq: 000047 bytesused: 20404224
	SensorBlackLevels = [ 4096, 4096, 4096, 4096 ]
	AnalogueGainMode = 0
	Contrast = 1.000000
	Saturation = 1.000000
	AnalogueGain = 16.000000
	ExposureTime = 34426
	FrameDuration = 34685
	ExposureTimeMode = 0
	AeExposureMode = 0
	AeConstraintMode = 0
	Gamma = 2.200000
	ExposureValue = 0.000000
	SensorTimestamp = 1047886400000
1047.921105 (28.81 fps) cam0-stream0 seq: 000048 bytesused: 20404224
	AeExposureMode = 0
	FrameDuration = 34685
	AnalogueGain = 16.000000
	Saturation = 1.000000
	Contrast = 1.000000
	Gamma = 2.200000
	ExposureTimeMode = 0
	ColourTemperature = 9075
	ExposureTime = 34426
	ColourGains = [ 1.653946, 1.096596 ]
	AwbEnable = true
	AnalogueGainMode = 0
	SensorBlackLevels = [ 4096, 4096, 4096, 4096 ]
	AeConstraintMode = 0
	ExposureValue = 0.000000
	SensorTimestamp = 1047921105000
1047.955807 (28.82 fps) cam0-stream0 seq: 000049 bytesused: 20404224
	SensorBlackLevels = [ 4096, 4096, 4096, 4096 ]
	AnalogueGainMode = 0
	Contrast = 1.000000
	Saturation = 1.000000
	AnalogueGain = 16.000000
	ExposureTime = 34426
	FrameDuration = 34685
	ExposureTimeMode = 0
	AeExposureMode = 0
	AeConstraintMode = 0
	Gamma = 2.200000
	ExposureValue = 0.000000
	SensorTimestamp = 1047955807000
1047.990514 (28.81 fps) cam0-stream0 seq: 000050 bytesused: 20404224
	SensorBlackLevels = [ 4096, 4096, 4096, 4096 ]
	AnalogueGainMode = 0
	Contrast = 1.000000
	Saturation = 1.000000
	AnalogueGain = 16.000000
	ExposureTime = 34426
	FrameDuration = 34685
	ExposureTimeMode = 0
	AeExposureMode = 0
	AeConstraintMode = 0
	Gamma = 2.200000
	ExposureValue = 0.000000
	SensorTimestamp = 1047990514000
1048.025216 (28.82 fps) cam0-stream0 seq: 000051 bytesused: 20404224
	SensorBlackLevels = [ 4096, 4096, 4096, 4096 ]
	AnalogueGainMode = 0
	Contrast = 1.000000
	Saturation = 1.000000
	AnalogueGain = 16.000000
	ExposureTime = 34426
	FrameDuration = 34685
	ExposureTimeMode = 0
	AeExposureMode = 0
	AeConstraintMode = 0
	Gamma = 2.200000
	ExposureValue = 0.000000
	SensorTimestamp = 1048025216000
1048.059922 (28.81 fps) cam0-stream0 seq: 000052 bytesused: 20404224
	AeExposureMode = 0
	FrameDuration = 34685
	AnalogueGain = 16.000000
	Saturation = 1.000000
	Contrast = 1.000000
	Gamma = 2.200000
	ExposureTimeMode = 0
	ColourTemperature = 9066
	ExposureTime = 34426
	ColourGains = [ 1.664396, 1.098021 ]
	AwbEnable = true
	AnalogueGainMode = 0
	SensorBlackLevels = [ 4096, 4096, 4096, 4096 ]
	AeConstraintMode = 0
	ExposureValue = 0.000000
	SensorTimestamp = 1048059922000
1048.094625 (28.82 fps) cam0-stream0 seq: 000053 bytesused: 20404224
	SensorBlackLevels = [ 4096, 4096, 4096, 4096 ]
	AnalogueGainMode = 0
	Contrast = 1.000000
	Saturation = 1.000000
	AnalogueGain = 16.000000
	ExposureTime = 34426
	FrameDuration = 34685
	ExposureTimeMode = 0
	AeExposureMode = 0
	AeConstraintMode = 0
	Gamma = 2.200000
	ExposureValue = 0.000000
	SensorTimestamp = 1048094625000
1048.129331 (28.81 fps) cam0-stream0 seq: 000054 bytesused: 20404224
	SensorBlackLevels = [ 4096, 4096, 4096, 4096 ]
	AnalogueGainMode = 0
	Contrast = 1.000000
	Saturation = 1.000000
	AnalogueGain = 16.000000
	ExposureTime = 34426
	FrameDuration = 34685
	ExposureTimeMode = 0
	AeExposureMode = 0
	AeConstraintMode = 0
	Gamma = 2.200000
	ExposureValue = 0.000000
	SensorTimestamp = 1048129331000
1048.164033 (28.82 fps) cam0-stream0 seq: 000055 bytesused: 20404224
	SensorBlackLevels = [ 4096, 4096, 4096, 4096 ]
	AnalogueGainMode = 0
	Contrast = 1.000000
	Saturation = 1.000000
	AnalogueGain = 16.000000
	ExposureTime = 34426
	FrameDuration = 34685
	ExposureTimeMode = 0
	AeExposureMode = 0
	AeConstraintMode = 0
	Gamma = 2.200000
	ExposureValue = 0.000000
	SensorTimestamp = 1048164033000
1048.198741 (28.81 fps) cam0-stream0 seq: 000056 bytesused: 20404224
	AeExposureMode = 0
	FrameDuration = 34685
	AnalogueGain = 16.000000
	Saturation = 1.000000
	Contrast = 1.000000
	Gamma = 2.200000
	ExposureTimeMode = 0
	ColourTemperature = 9047
	ExposureTime = 34426
	ColourGains = [ 1.673176, 1.099384 ]
	AwbEnable = true
	AnalogueGainMode = 0
	SensorBlackLevels = [ 4096, 4096, 4096, 4096 ]
	AeConstraintMode = 0
	ExposureValue = 0.000000
	SensorTimestamp = 1048198741000
1048.233441 (28.82 fps) cam0-stream0 seq: 000057 bytesused: 20404224
	SensorBlackLevels = [ 4096, 4096, 4096, 4096 ]
	AnalogueGainMode = 0
	Contrast = 1.000000
	Saturation = 1.000000
	AnalogueGain = 16.000000
	ExposureTime = 34426
	FrameDuration = 34685
	ExposureTimeMode = 0
	AeExposureMode = 0
	AeConstraintMode = 0
	Gamma = 2.200000
	ExposureValue = 0.000000
	SensorTimestamp = 1048233441000
1048.268148 (28.81 fps) cam0-stream0 seq: 000058 bytesused: 20404224
	SensorBlackLevels = [ 4096, 4096, 4096, 4096 ]
	AnalogueGainMode = 0
	Contrast = 1.000000
	Saturation = 1.000000
	AnalogueGain = 16.000000
	ExposureTime = 34426
	FrameDuration = 34685
	ExposureTimeMode = 0
	AeExposureMode = 0
	AeConstraintMode = 0
	Gamma = 2.200000
	ExposureValue = 0.000000
	SensorTimestamp = 1048268148000
[0:17:28.357758474] [12315]  INFO Benchmark benchmark.cpp:89 Debayer processed 30 frames in 637442us, 21248 us/frame
1048.302850 (28.82 fps) cam0-stream0 seq: 000059 bytesused: 20404224
	SensorBlackLevels = [ 4096, 4096, 4096, 4096 ]
	AnalogueGainMode = 0
	Contrast = 1.000000
	Saturation = 1.000000
	AnalogueGain = 16.000000
	ExposureTime = 34426
	FrameDuration = 34685
	ExposureTimeMode = 0
	AeExposureMode = 0
	AeConstraintMode = 0
	Gamma = 2.200000
	ExposureValue = 0.000000
	SensorTimestamp = 1048302850000
1048.337555 (28.81 fps) cam0-stream0 seq: 000060 bytesused: 20404224
	AeExposureMode = 0
	FrameDuration = 34685
	AnalogueGain = 16.000000
	Saturation = 1.000000
	Contrast = 1.000000
	Gamma = 2.200000
	ExposureTimeMode = 0
	ColourTemperature = 9026
	ExposureTime = 34426
	ColourGains = [ 1.679677, 1.100619 ]
	AwbEnable = true
	AnalogueGainMode = 0
	SensorBlackLevels = [ 4096, 4096, 4096, 4096 ]
	AeConstraintMode = 0
	ExposureValue = 0.000000
	SensorTimestamp = 1048337555000
1048.372261 (28.81 fps) cam0-stream0 seq: 000061 bytesused: 20404224
	SensorBlackLevels = [ 4096, 4096, 4096, 4096 ]
	AnalogueGainMode = 0
	Contrast = 1.000000
	Saturation = 1.000000
	AnalogueGain = 16.000000
	ExposureTime = 34426
	FrameDuration = 34685
	ExposureTimeMode = 0
	AeExposureMode = 0
	AeConstraintMode = 0
	Gamma = 2.200000
	ExposureValue = 0.000000
	SensorTimestamp = 1048372261000
1048.406965 (28.82 fps) cam0-stream0 seq: 000062 bytesused: 20404224
	SensorBlackLevels = [ 4096, 4096, 4096, 4096 ]
	AnalogueGainMode = 0
	Contrast = 1.000000
	Saturation = 1.000000
	AnalogueGain = 16.000000
	ExposureTime = 34426
	FrameDuration = 34685
	ExposureTimeMode = 0
	AeExposureMode = 0
	AeConstraintMode = 0
	Gamma = 2.200000
	ExposureValue = 0.000000
	SensorTimestamp = 1048406965000
1048.441668 (28.82 fps) cam0-stream0 seq: 000063 bytesused: 20404224
	SensorBlackLevels = [ 4096, 4096, 4096, 4096 ]
	AnalogueGainMode = 0
	Contrast = 1.000000
	Saturation = 1.000000
	AnalogueGain = 16.000000
	ExposureTime = 34426
	FrameDuration = 34685
	ExposureTimeMode = 0
	AeExposureMode = 0
	AeConstraintMode = 0
	Gamma = 2.200000
	ExposureValue = 0.000000
	SensorTimestamp = 1048441668000
1048.476374 (28.81 fps) cam0-stream0 seq: 000064 bytesused: 20404224
	AeExposureMode = 0
	FrameDuration = 34685
	AnalogueGain = 16.000000
	Saturation = 1.000000
	Contrast = 1.000000
	Gamma = 2.200000
	ExposureTimeMode = 0
	ColourTemperature = 9051
	ExposureTime = 34426
	ColourGains = [ 1.684618, 1.101338 ]
	AwbEnable = true
	AnalogueGainMode = 0
	SensorBlackLevels = [ 4096, 4096, 4096, 4096 ]
	AeConstraintMode = 0
	ExposureValue = 0.000000
	SensorTimestamp = 1048476374000
1048.511077 (28.82 fps) cam0-stream0 seq: 000065 bytesused: 20404224
	SensorBlackLevels = [ 4096, 4096, 4096, 4096 ]
	AnalogueGainMode = 0
	Contrast = 1.000000
	Saturation = 1.000000
	AnalogueGain = 16.000000
	ExposureTime = 34426
	FrameDuration = 34685
	ExposureTimeMode = 0
	AeExposureMode = 0
	AeConstraintMode = 0
	Gamma = 2.200000
	ExposureValue = 0.000000
	SensorTimestamp = 1048511077000
1048.545782 (28.81 fps) cam0-stream0 seq: 000066 bytesused: 20404224
	SensorBlackLevels = [ 4096, 4096, 4096, 4096 ]
	AnalogueGainMode = 0
	Contrast = 1.000000
	Saturation = 1.000000
	AnalogueGain = 16.000000
	ExposureTime = 34426
	FrameDuration = 34685
	ExposureTimeMode = 0
	AeExposureMode = 0
	AeConstraintMode = 0
	Gamma = 2.200000
	ExposureValue = 0.000000
	SensorTimestamp = 1048545782000
1048.580485 (28.82 fps) cam0-stream0 seq: 000067 bytesused: 20404224
	SensorBlackLevels = [ 4096, 4096, 4096, 4096 ]
	AnalogueGainMode = 0
	Contrast = 1.000000
	Saturation = 1.000000
	AnalogueGain = 16.000000
	ExposureTime = 34426
	FrameDuration = 34685
	ExposureTimeMode = 0
	AeExposureMode = 0
	AeConstraintMode = 0
	Gamma = 2.200000
	ExposureValue = 0.000000
	SensorTimestamp = 1048580485000
1048.615191 (28.81 fps) cam0-stream0 seq: 000068 bytesused: 20404224
	AeExposureMode = 0
	FrameDuration = 34685
	AnalogueGain = 16.000000
	Saturation = 1.000000
	Contrast = 1.000000
	Gamma = 2.200000
	ExposureTimeMode = 0
	ColourTemperature = 9032
	ExposureTime = 34426
	ColourGains = [ 1.688719, 1.102117 ]
	AwbEnable = true
	AnalogueGainMode = 0
	SensorBlackLevels = [ 4096, 4096, 4096, 4096 ]
	AeConstraintMode = 0
	ExposureValue = 0.000000
	SensorTimestamp = 1048615191000
1048.649895 (28.82 fps) cam0-stream0 seq: 000069 bytesused: 20404224
	SensorBlackLevels = [ 4096, 4096, 4096, 4096 ]
	AnalogueGainMode = 0
	Contrast = 1.000000
	Saturation = 1.000000
	AnalogueGain = 16.000000
	ExposureTime = 34426
	FrameDuration = 34685
	ExposureTimeMode = 0
	AeExposureMode = 0
	AeConstraintMode = 0
	Gamma = 2.200000
	ExposureValue = 0.000000
	SensorTimestamp = 1048649895000
1048.684600 (28.81 fps) cam0-stream0 seq: 000070 bytesused: 20404224
	SensorBlackLevels = [ 4096, 4096, 4096, 4096 ]
	AnalogueGainMode = 0
	Contrast = 1.000000
	Saturation = 1.000000
	AnalogueGain = 16.000000
	ExposureTime = 34426
	FrameDuration = 34685
	ExposureTimeMode = 0
	AeExposureMode = 0
	AeConstraintMode = 0
	Gamma = 2.200000
	ExposureValue = 0.000000
	SensorTimestamp = 1048684600000
1048.719303 (28.82 fps) cam0-stream0 seq: 000071 bytesused: 20404224
	SensorBlackLevels = [ 4096, 4096, 4096, 4096 ]
	AnalogueGainMode = 0
	Contrast = 1.000000
	Saturation = 1.000000
	AnalogueGain = 16.000000
	ExposureTime = 34426
	FrameDuration = 34685
	ExposureTimeMode = 0
	AeExposureMode = 0
	AeConstraintMode = 0
	Gamma = 2.200000
	ExposureValue = 0.000000
	SensorTimestamp = 1048719303000
1048.754007 (28.82 fps) cam0-stream0 seq: 000072 bytesused: 20404224
	AeExposureMode = 0
	FrameDuration = 34685
	AnalogueGain = 16.000000
	Saturation = 1.000000
	Contrast = 1.000000
	Gamma = 2.200000
	ExposureTimeMode = 0
	ColourTemperature = 9048
	ExposureTime = 34426
	ColourGains = [ 1.692058, 1.102587 ]
	AwbEnable = true
	AnalogueGainMode = 0
	SensorBlackLevels = [ 4096, 4096, 4096, 4096 ]
	AeConstraintMode = 0
	ExposureValue = 0.000000
	SensorTimestamp = 1048754007000
1048.788712 (28.81 fps) cam0-stream0 seq: 000073 bytesused: 20404224
	SensorBlackLevels = [ 4096, 4096, 4096, 4096 ]
	AnalogueGainMode = 0
	Contrast = 1.000000
	Saturation = 1.000000
	AnalogueGain = 16.000000
	ExposureTime = 34426
	FrameDuration = 34685
	ExposureTimeMode = 0
	AeExposureMode = 0
	AeConstraintMode = 0
	Gamma = 2.200000
	ExposureValue = 0.000000
	SensorTimestamp = 1048788712000
1048.823415 (28.82 fps) cam0-stream0 seq: 000074 bytesused: 20404224
	SensorBlackLevels = [ 4096, 4096, 4096, 4096 ]
	AnalogueGainMode = 0
	Contrast = 1.000000
	Saturation = 1.000000
	AnalogueGain = 16.000000
	ExposureTime = 34426
	FrameDuration = 34685
	ExposureTimeMode = 0
	AeExposureMode = 0
	AeConstraintMode = 0
	Gamma = 2.200000
	ExposureValue = 0.000000
	SensorTimestamp = 1048823415000
1048.858121 (28.81 fps) cam0-stream0 seq: 000075 bytesused: 20404224
	SensorBlackLevels = [ 4096, 4096, 4096, 4096 ]
	AnalogueGainMode = 0
	Contrast = 1.000000
	Saturation = 1.000000
	AnalogueGain = 16.000000
	ExposureTime = 34426
	FrameDuration = 34685
	ExposureTimeMode = 0
	AeExposureMode = 0
	AeConstraintMode = 0
	Gamma = 2.200000
	ExposureValue = 0.000000
	SensorTimestamp = 1048858121000
1048.892824 (28.82 fps) cam0-stream0 seq: 000076 bytesused: 20404224
	AeExposureMode = 0
	FrameDuration = 34685
	AnalogueGain = 16.000000
	Saturation = 1.000000
	Contrast = 1.000000
	Gamma = 2.200000
	ExposureTimeMode = 0
	ColourTemperature = 9046
	ExposureTime = 34426
	ColourGains = [ 1.694638, 1.102981 ]
	AwbEnable = true
	AnalogueGainMode = 0
	SensorBlackLevels = [ 4096, 4096, 4096, 4096 ]
	AeConstraintMode = 0
	ExposureValue = 0.000000
	SensorTimestamp = 1048892824000
1048.927530 (28.81 fps) cam0-stream0 seq: 000077 bytesused: 20404224
	SensorBlackLevels = [ 4096, 4096, 4096, 4096 ]
	AnalogueGainMode = 0
	Contrast = 1.000000
	Saturation = 1.000000
	AnalogueGain = 16.000000
	ExposureTime = 34426
	FrameDuration = 34685
	ExposureTimeMode = 0
	AeExposureMode = 0
	AeConstraintMode = 0
	Gamma = 2.200000
	ExposureValue = 0.000000
	SensorTimestamp = 1048927530000
1048.962234 (28.82 fps) cam0-stream0 seq: 000078 bytesused: 20404224
	SensorBlackLevels = [ 4096, 4096, 4096, 4096 ]
	AnalogueGainMode = 0
	Contrast = 1.000000
	Saturation = 1.000000
	AnalogueGain = 16.000000
	ExposureTime = 34426
	FrameDuration = 34685
	ExposureTimeMode = 0
	AeExposureMode = 0
	AeConstraintMode = 0
	Gamma = 2.200000
	ExposureValue = 0.000000
	SensorTimestamp = 1048962234000
1048.996936 (28.82 fps) cam0-stream0 seq: 000079 bytesused: 20404224
	SensorBlackLevels = [ 4096, 4096, 4096, 4096 ]
	AnalogueGainMode = 0
	Contrast = 1.000000
	Saturation = 1.000000
	AnalogueGain = 16.000000
	ExposureTime = 34426
	FrameDuration = 34685
	ExposureTimeMode = 0
	AeExposureMode = 0
	AeConstraintMode = 0
	Gamma = 2.200000
	ExposureValue = 0.000000
	SensorTimestamp = 1048996936000
1049.031641 (28.81 fps) cam0-stream0 seq: 000080 bytesused: 20404224
	AeExposureMode = 0
	FrameDuration = 34685
	AnalogueGain = 16.000000
	Saturation = 1.000000
	Contrast = 1.000000
	Gamma = 2.200000
	ExposureTimeMode = 0
	ColourTemperature = 9001
	ExposureTime = 34426
	ColourGains = [ 1.697325, 1.103791 ]
	AwbEnable = true
	AnalogueGainMode = 0
	SensorBlackLevels = [ 4096, 4096, 4096, 4096 ]
	AeConstraintMode = 0
	ExposureValue = 0.000000
	SensorTimestamp = 1049031641000
1049.066348 (28.81 fps) cam0-stream0 seq: 000081 bytesused: 20404224
	SensorBlackLevels = [ 4096, 4096, 4096, 4096 ]
	AnalogueGainMode = 0
	Contrast = 1.000000
	Saturation = 1.000000
	AnalogueGain = 16.000000
	ExposureTime = 34426
	FrameDuration = 34685
	ExposureTimeMode = 0
	AeExposureMode = 0
	AeConstraintMode = 0
	Gamma = 2.200000
	ExposureValue = 0.000000
	SensorTimestamp = 1049066348000
1049.101050 (28.82 fps) cam0-stream0 seq: 000082 bytesused: 20404224
	SensorBlackLevels = [ 4096, 4096, 4096, 4096 ]
	AnalogueGainMode = 0
	Contrast = 1.000000
	Saturation = 1.000000
	AnalogueGain = 16.000000
	ExposureTime = 34426
	FrameDuration = 34685
	ExposureTimeMode = 0
	AeExposureMode = 0
	AeConstraintMode = 0
	Gamma = 2.200000
	ExposureValue = 0.000000
	SensorTimestamp = 1049101050000
1049.135756 (28.81 fps) cam0-stream0 seq: 000083 bytesused: 20404224
	SensorBlackLevels = [ 4096, 4096, 4096, 4096 ]
	AnalogueGainMode = 0
	Contrast = 1.000000
	Saturation = 1.000000
	AnalogueGain = 16.000000
	ExposureTime = 34426
	FrameDuration = 34685
	ExposureTimeMode = 0
	AeExposureMode = 0
	AeConstraintMode = 0
	Gamma = 2.200000
	ExposureValue = 0.000000
	SensorTimestamp = 1049135756000
1049.170459 (28.82 fps) cam0-stream0 seq: 000084 bytesused: 20404224
	AeExposureMode = 0
	FrameDuration = 34685
	AnalogueGain = 16.000000
	Saturation = 1.000000
	Contrast = 1.000000
	Gamma = 2.200000
	ExposureTimeMode = 0
	ColourTemperature = 8987
	ExposureTime = 34426
	ColourGains = [ 1.699187, 1.104539 ]
	AwbEnable = true
	AnalogueGainMode = 0
	SensorBlackLevels = [ 4096, 4096, 4096, 4096 ]
	AeConstraintMode = 0
	ExposureValue = 0.000000
	SensorTimestamp = 1049170459000
1049.205163 (28.82 fps) cam0-stream0 seq: 000085 bytesused: 20404224
	SensorBlackLevels = [ 4096, 4096, 4096, 4096 ]
	AnalogueGainMode = 0
	Contrast = 1.000000
	Saturation = 1.000000
	AnalogueGain = 16.000000
	ExposureTime = 34426
	FrameDuration = 34685
	ExposureTimeMode = 0
	AeExposureMode = 0
	AeConstraintMode = 0
	Gamma = 2.200000
	ExposureValue = 0.000000
	SensorTimestamp = 1049205163000
1049.239869 (28.81 fps) cam0-stream0 seq: 000086 bytesused: 20404224
	SensorBlackLevels = [ 4096, 4096, 4096, 4096 ]
	AnalogueGainMode = 0
	Contrast = 1.000000
	Saturation = 1.000000
	AnalogueGain = 16.000000
	ExposureTime = 34426
	FrameDuration = 34685
	ExposureTimeMode = 0
	AeExposureMode = 0
	AeConstraintMode = 0
	Gamma = 2.200000
	ExposureValue = 0.000000
	SensorTimestamp = 1049239869000
1049.274571 (28.82 fps) cam0-stream0 seq: 000087 bytesused: 20404224
	SensorBlackLevels = [ 4096, 4096, 4096, 4096 ]
	AnalogueGainMode = 0
	Contrast = 1.000000
	Saturation = 1.000000
	AnalogueGain = 16.000000
	ExposureTime = 34426
	FrameDuration = 34685
	ExposureTimeMode = 0
	AeExposureMode = 0
	AeConstraintMode = 0
	Gamma = 2.200000
	ExposureValue = 0.000000
	SensorTimestamp = 1049274571000
1049.309275 (28.82 fps) cam0-stream0 seq: 000088 bytesused: 20404224
	AeExposureMode = 0
	FrameDuration = 34685
	AnalogueGain = 16.000000
	Saturation = 1.000000
	Contrast = 1.000000
	Gamma = 2.200000
	ExposureTimeMode = 0
	ColourTemperature = 9037
	ExposureTime = 34426
	ColourGains = [ 1.700071, 1.104597 ]
	AwbEnable = true
	AnalogueGainMode = 0
	SensorBlackLevels = [ 4096, 4096, 4096, 4096 ]
	AeConstraintMode = 0
	ExposureValue = 0.000000
	SensorTimestamp = 1049309275000
1049.343983 (28.81 fps) cam0-stream0 seq: 000089 bytesused: 20404224
	SensorBlackLevels = [ 4096, 4096, 4096, 4096 ]
	AnalogueGainMode = 0
	Contrast = 1.000000
	Saturation = 1.000000
	AnalogueGain = 16.000000
	ExposureTime = 34426
	FrameDuration = 34685
	ExposureTimeMode = 0
	AeExposureMode = 0
	AeConstraintMode = 0
	Gamma = 2.200000
	ExposureValue = 0.000000
	SensorTimestamp = 1049343983000
