[0:17:16.047702243] [12292]  INFO Camera camera_manager.cpp:340 libcamera v0.7.2+160-8103c3f2-dirty (2026-10-08T19:49:32CEST)
[0:17:16.049137702] [12293]  INFO IPAManager ipa_manager.cpp:147 libcamera is not installed. Adding '/home/nicfio/src/libcamera/build/src/ipa' to the IPA search path
[0:17:16.369163986] [12293]  WARN CameraSensorProperties camera_sensor_properties.cpp:616 No static properties available for 'gc5035'
[0:17:16.369199100] [12293]  WARN CameraSensorProperties camera_sensor_properties.cpp:618 Please consider updating the camera sensor properties database
[0:17:16.369322194] [12293]  WARN CameraSensor camera_sensor_legacy.cpp:518 'gc5035 2-003f': No sensor delays found in static properties. Assuming unverified defaults.
[0:17:16.371595039] [12293]  WARN CameraSensorProperties camera_sensor_properties.cpp:616 No static properties available for 'gc8034'
[0:17:16.371621806] [12293]  WARN CameraSensorProperties camera_sensor_properties.cpp:618 Please consider updating the camera sensor properties database
[0:17:16.371655579] [12293]  WARN CameraSensor camera_sensor_legacy.cpp:518 'gc8034 1-0037': No sensor delays found in static properties. Assuming unverified defaults.
[0:17:16.473937284] [12293]  INFO IPAProxy ipa_proxy.cpp:73 libcamera is not installed. Loading IPA configuration from '/home/nicfio/src/libcamera/src/ipa/softisp/data'
[0:17:16.474666308] [12293]  INFO IPAProxy ipa_proxy.cpp:73 libcamera is not installed. Loading IPA configuration from '/home/nicfio/src/libcamera/src/ipa/softisp/data'
[0:17:16.474706267] [12293]  WARN IPAProxy ipa_proxy.cpp:196 Configuration file 'gc5035.yaml' not found for IPA module 'softisp', falling back to '/home/nicfio/src/libcamera/src/ipa/softisp/data/uncalibrated.yaml'
[0:17:16.475550728] [12293]  INFO Awb awb.cpp:213 No AWB algorithm specified, using grey world
[0:17:16.475659559] [12293]  WARN Awb awb_grey.cpp:49 Failed to parse 'colourGains' parameter from tuning file; manual colour temperature will not work properly
[0:17:16.477494175] [12293]  INFO Camera camera_manager.cpp:223 Adding camera '\_SB_.PC00.LNK1' for pipeline handler simple
[0:17:16.513824476] [12293]  INFO IPAProxy ipa_proxy.cpp:73 libcamera is not installed. Loading IPA configuration from '/home/nicfio/src/libcamera/src/ipa/softisp/data'
[0:17:16.514547772] [12293]  INFO IPAProxy ipa_proxy.cpp:73 libcamera is not installed. Loading IPA configuration from '/home/nicfio/src/libcamera/src/ipa/softisp/data'
[0:17:16.514587193] [12293]  WARN IPAProxy ipa_proxy.cpp:196 Configuration file 'gc8034.yaml' not found for IPA module 'softisp', falling back to '/home/nicfio/src/libcamera/src/ipa/softisp/data/uncalibrated.yaml'
[0:17:16.514972862] [12293]  INFO Awb awb.cpp:213 No AWB algorithm specified, using grey world
[0:17:16.514998699] [12293]  WARN Awb awb_grey.cpp:49 Failed to parse 'colourGains' parameter from tuning file; manual colour temperature will not work properly
[0:17:16.515765457] [12293]  INFO Camera camera_manager.cpp:223 Adding camera '\_SB_.PC00.LNK0' for pipeline handler simple
Using camera \_SB_.PC00.LNK1 as cam0
[0:17:16.516738088] [12292]  INFO Camera camera.cpp:1216 configuring streams: (0) 2584x1944-ABGR8888/sRGB
[0:17:16.517112847] [12293]  INFO SimplePipeline simple.cpp:1570 Input buffer stride ignored by the driver. Requested 5376, got 5184
[0:17:16.517259481] [12293]  INFO Awb awb_grey.cpp:107 No gains curve defined, unable to interpolate gains to colour temperature
[0:17:16.517417013] [12293]  INFO SoftwareIsp software_isp.cpp:300 Input 2592x1944-GRBG-10 stride 5184
[0:17:16.611769973] [12297]  INFO eGL egl.cpp:408 EGL: EGL_VERSION: 1.5
[0:17:16.611824713] [12297]  INFO eGL egl.cpp:409 EGL: EGL_VENDOR: Mesa Project
[0:17:16.611836578] [12297]  INFO eGL egl.cpp:410 EGL: EGL_CLIENT_APIS: OpenGL OpenGL_ES 
[0:17:16.611846823] [12297]  INFO eGL egl.cpp:411 EGL: EGL_EXTENSIONS: EGL_ANDROID_blob_cache EGL_ANDROID_native_fence_sync EGL_EXT_config_select_group EGL_EXT_create_context_robustness EGL_EXT_image_dma_buf_import EGL_EXT_image_dma_buf_import_modifiers EGL_EXT_query_reset_notification_strategy EGL_EXT_surface_compression EGL_IMG_context_priority EGL_KHR_cl_event2 EGL_KHR_config_attribs EGL_KHR_context_flush_control EGL_KHR_create_context EGL_KHR_create_context_no_error EGL_KHR_fence_sync EGL_KHR_get_all_proc_addresses EGL_KHR_gl_colorspace EGL_KHR_gl_renderbuffer_image EGL_KHR_gl_texture_2D_image EGL_KHR_gl_texture_3D_image EGL_KHR_gl_texture_cubemap_image EGL_KHR_image_base EGL_KHR_no_config_context EGL_KHR_partial_update EGL_KHR_reusable_sync EGL_KHR_surfaceless_context EGL_EXT_pixel_format_float EGL_KHR_wait_sync EGL_MESA_configless_context EGL_MESA_drm_image EGL_MESA_gl_interop EGL_MESA_image_dma_buf_export EGL_MESA_query_driver EGL_MESA_x11_native_visual_id EGL_WL_bind_wayland_display 
[0:17:16.619952962] [12297]  INFO eGL egl.cpp:447 EGL: GL_RENDERER: Mesa Intel(R) Graphics (ADL-N)
[0:17:16.620045003] [12297]  INFO eGL egl.cpp:448 EGL: GL_VERSION: OpenGL ES 3.2 Mesa 25.0.7-2+deb13u1
cam0: Capture 90 frames
[0:17:16.941315703] [12297]  INFO Debayer debayer_egl.cpp:523 Importing input DMABuf failed, falling back to upload
1036.905669 (0.00 fps) cam0-stream0 seq: 000000 bytesused: 20404224
	AeExposureMode = 0
	FrameDuration = 34685
	AnalogueGain = 1.000000
	SensorTimestamp = 1036905669000
	ExposureValue = 0.000000
	Gamma = 2.200000
	AeConstraintMode = 0
	AwbEnable = true
	SensorBlackLevels = [ 4096, 4096, 4096, 4096 ]
	AnalogueGainMode = 0
	ColourGains = [ 1.000000, 1.000000 ]
	ExposureTime = 17005
	ColourTemperature = 5000
	ExposureTimeMode = 0
	Contrast = 1.000000
	Saturation = 1.000000
1036.940373 (28.82 fps) cam0-stream0 seq: 000001 bytesused: 20404224
	SensorBlackLevels = [ 4096, 4096, 4096, 4096 ]
	AnalogueGainMode = 0
	Contrast = 1.000000
	Saturation = 1.000000
	AnalogueGain = 1.000000
	ExposureTime = 17005
	FrameDuration = 34685
	ExposureTimeMode = 0
	AeExposureMode = 0
	AeConstraintMode = 0
	Gamma = 2.200000
	ExposureValue = 0.000000
	SensorTimestamp = 1036940373000
1036.975077 (28.82 fps) cam0-stream0 seq: 000002 bytesused: 20404224
	SensorBlackLevels = [ 4096, 4096, 4096, 4096 ]
	AnalogueGainMode = 0
	Contrast = 1.000000
	Saturation = 1.000000
	AnalogueGain = 15.848932
	ExposureTime = 34426
	FrameDuration = 34685
	ExposureTimeMode = 0
	AeExposureMode = 0
	AeConstraintMode = 0
	Gamma = 2.200000
	ExposureValue = 0.000000
	SensorTimestamp = 1036975077000
1037.009781 (28.82 fps) cam0-stream0 seq: 000003 bytesused: 20404224
	SensorBlackLevels = [ 4096, 4096, 4096, 4096 ]
	AnalogueGainMode = 0
	Contrast = 1.000000
	Saturation = 1.000000
	AnalogueGain = 15.848932
	ExposureTime = 34426
	FrameDuration = 34685
	ExposureTimeMode = 0
	AeExposureMode = 0
	AeConstraintMode = 0
	Gamma = 2.200000
	ExposureValue = 0.000000
	SensorTimestamp = 1037009781000
1037.044485 (28.82 fps) cam0-stream0 seq: 000004 bytesused: 20404224
	AeExposureMode = 0
	FrameDuration = 34685
	AnalogueGain = 15.848932
	Saturation = 1.000000
	Contrast = 1.000000
	Gamma = 2.200000
	ExposureTimeMode = 0
	ColourTemperature = 9153
	ExposureTime = 34426
	ColourGains = [ 1.145012, 1.020292 ]
	AwbEnable = true
	AnalogueGainMode = 0
	SensorBlackLevels = [ 4096, 4096, 4096, 4096 ]
	AeConstraintMode = 0
	ExposureValue = 0.000000
	SensorTimestamp = 1037044485000
1037.079189 (28.82 fps) cam0-stream0 seq: 000005 bytesused: 20404224
	SensorBlackLevels = [ 4096, 4096, 4096, 4096 ]
	AnalogueGainMode = 0
	Contrast = 1.000000
	Saturation = 1.000000
	AnalogueGain = 15.848932
	ExposureTime = 34426
	FrameDuration = 34685
	ExposureTimeMode = 0
	AeExposureMode = 0
	AeConstraintMode = 0
	Gamma = 2.200000
	ExposureValue = 0.000000
	SensorTimestamp = 1037079189000
1037.113896 (28.81 fps) cam0-stream0 seq: 000006 bytesused: 20404224
	SensorBlackLevels = [ 4096, 4096, 4096, 4096 ]
	AnalogueGainMode = 0
	Contrast = 1.000000
	Saturation = 1.000000
	AnalogueGain = 15.848932
	ExposureTime = 34426
	FrameDuration = 34685
	ExposureTimeMode = 0
	AeExposureMode = 0
	AeConstraintMode = 0
	Gamma = 2.200000
	ExposureValue = 0.000000
	SensorTimestamp = 1037113896000
1037.148599 (28.82 fps) cam0-stream0 seq: 000007 bytesused: 20404224
	SensorBlackLevels = [ 4096, 4096, 4096, 4096 ]
	AnalogueGainMode = 0
	Contrast = 1.000000
	Saturation = 1.000000
	AnalogueGain = 15.848932
	ExposureTime = 34426
	FrameDuration = 34685
	ExposureTimeMode = 0
	AeExposureMode = 0
	AeConstraintMode = 0
	Gamma = 2.200000
	ExposureValue = 0.000000
	SensorTimestamp = 1037148599000
1037.183304 (28.81 fps) cam0-stream0 seq: 000008 bytesused: 20404224
	AeExposureMode = 0
	FrameDuration = 34685
	AnalogueGain = 15.848932
	Saturation = 1.000000
	Contrast = 1.000000
	Gamma = 2.200000
	ExposureTimeMode = 0
	ColourTemperature = 9151
	ExposureTime = 34426
	ColourGains = [ 1.259895, 1.036435 ]
	AwbEnable = true
	AnalogueGainMode = 0
	SensorBlackLevels = [ 4096, 4096, 4096, 4096 ]
	AeConstraintMode = 0
	ExposureValue = 0.000000
	SensorTimestamp = 1037183304000
1037.218008 (28.82 fps) cam0-stream0 seq: 000009 bytesused: 20404224
	SensorBlackLevels = [ 4096, 4096, 4096, 4096 ]
	AnalogueGainMode = 0
	Contrast = 1.000000
	Saturation = 1.000000
	AnalogueGain = 15.848932
	ExposureTime = 34426
	FrameDuration = 34685
	ExposureTimeMode = 0
	AeExposureMode = 0
	AeConstraintMode = 0
	Gamma = 2.200000
	ExposureValue = 0.000000
	SensorTimestamp = 1037218008000
1037.252710 (28.82 fps) cam0-stream0 seq: 000010 bytesused: 20404224
	SensorBlackLevels = [ 4096, 4096, 4096, 4096 ]
	AnalogueGainMode = 0
	Contrast = 1.000000
	Saturation = 1.000000
	AnalogueGain = 15.848932
	ExposureTime = 34426
	FrameDuration = 34685
	ExposureTimeMode = 0
	AeExposureMode = 0
	AeConstraintMode = 0
	Gamma = 2.200000
	ExposureValue = 0.000000
	SensorTimestamp = 1037252710000
1037.287415 (28.81 fps) cam0-stream0 seq: 000011 bytesused: 20404224
	SensorBlackLevels = [ 4096, 4096, 4096, 4096 ]
	AnalogueGainMode = 0
	Contrast = 1.000000
	Saturation = 1.000000
	AnalogueGain = 15.848932
	ExposureTime = 34426
	FrameDuration = 34685
	ExposureTimeMode = 0
	AeExposureMode = 0
	AeConstraintMode = 0
	Gamma = 2.200000
	ExposureValue = 0.000000
	SensorTimestamp = 1037287415000
1037.322120 (28.81 fps) cam0-stream0 seq: 000012 bytesused: 20404224
	AeExposureMode = 0
	FrameDuration = 34685
	AnalogueGain = 15.848932
	Saturation = 1.000000
	Contrast = 1.000000
	Gamma = 2.200000
	ExposureTimeMode = 0
	ColourTemperature = 8280
	ExposureTime = 34426
	ColourGains = [ 1.314434, 1.053856 ]
	AwbEnable = true
	AnalogueGainMode = 0
	SensorBlackLevels = [ 4096, 4096, 4096, 4096 ]
	AeConstraintMode = 0
	ExposureValue = 0.000000
	SensorTimestamp = 1037322120000
1037.356824 (28.82 fps) cam0-stream0 seq: 000013 bytesused: 20404224
	SensorBlackLevels = [ 4096, 4096, 4096, 4096 ]
	AnalogueGainMode = 0
	Contrast = 1.000000
	Saturation = 1.000000
	AnalogueGain = 15.848932
	ExposureTime = 34426
	FrameDuration = 34685
	ExposureTimeMode = 0
	AeExposureMode = 0
	AeConstraintMode = 0
	Gamma = 2.200000
	ExposureValue = 0.000000
	SensorTimestamp = 1037356824000
1037.391528 (28.82 fps) cam0-stream0 seq: 000014 bytesused: 20404224
	SensorBlackLevels = [ 4096, 4096, 4096, 4096 ]
	AnalogueGainMode = 0
	Contrast = 1.000000
	Saturation = 1.000000
	AnalogueGain = 15.848932
	ExposureTime = 34426
	FrameDuration = 34685
	ExposureTimeMode = 0
	AeExposureMode = 0
	AeConstraintMode = 0
	Gamma = 2.200000
	ExposureValue = 0.000000
	SensorTimestamp = 1037391528000
1037.426234 (28.81 fps) cam0-stream0 seq: 000015 bytesused: 20404224
	SensorBlackLevels = [ 4096, 4096, 4096, 4096 ]
	AnalogueGainMode = 0
	Contrast = 1.000000
	Saturation = 1.000000
	AnalogueGain = 15.848932
	ExposureTime = 34426
	FrameDuration = 34685
	ExposureTimeMode = 0
	AeExposureMode = 0
	AeConstraintMode = 0
	Gamma = 2.200000
	ExposureValue = 0.000000
	SensorTimestamp = 1037426234000
1037.460938 (28.82 fps) cam0-stream0 seq: 000016 bytesused: 20404224
	AeExposureMode = 0
	FrameDuration = 34685
	AnalogueGain = 15.848932
	Saturation = 1.000000
	Contrast = 1.000000
	Gamma = 2.200000
	ExposureTimeMode = 0
	ColourTemperature = 9092
	ExposureTime = 34426
	ColourGains = [ 1.395712, 1.063872 ]
	AwbEnable = true
	AnalogueGainMode = 0
	SensorBlackLevels = [ 4096, 4096, 4096, 4096 ]
	AeConstraintMode = 0
	ExposureValue = 0.000000
	SensorTimestamp = 1037460938000
1037.495643 (28.81 fps) cam0-stream0 seq: 000017 bytesused: 20404224
	SensorBlackLevels = [ 4096, 4096, 4096, 4096 ]
	AnalogueGainMode = 0
	Contrast = 1.000000
	Saturation = 1.000000
	AnalogueGain = 15.848932
	ExposureTime = 34426
	FrameDuration = 34685
	ExposureTimeMode = 0
	AeExposureMode = 0
	AeConstraintMode = 0
	Gamma = 2.200000
	ExposureValue = 0.000000
	SensorTimestamp = 1037495643000
1037.530345 (28.82 fps) cam0-stream0 seq: 000018 bytesused: 20404224
	SensorBlackLevels = [ 4096, 4096, 4096, 4096 ]
	AnalogueGainMode = 0
	Contrast = 1.000000
	Saturation = 1.000000
	AnalogueGain = 15.848932
	ExposureTime = 34426
	FrameDuration = 34685
	ExposureTimeMode = 0
	AeExposureMode = 0
	AeConstraintMode = 0
	Gamma = 2.200000
	ExposureValue = 0.000000
	SensorTimestamp = 1037530345000
1037.565050 (28.81 fps) cam0-stream0 seq: 000019 bytesused: 20404224
	SensorBlackLevels = [ 4096, 4096, 4096, 4096 ]
	AnalogueGainMode = 0
	Contrast = 1.000000
	Saturation = 1.000000
	AnalogueGain = 15.848932
	ExposureTime = 34426
	FrameDuration = 34685
	ExposureTimeMode = 0
	AeExposureMode = 0
	AeConstraintMode = 0
	Gamma = 2.200000
	ExposureValue = 0.000000
	SensorTimestamp = 1037565050000
1037.599755 (28.81 fps) cam0-stream0 seq: 000020 bytesused: 20404224
	AeExposureMode = 0
	FrameDuration = 34685
	AnalogueGain = 15.848932
	Saturation = 1.000000
	Contrast = 1.000000
	Gamma = 2.200000
	ExposureTimeMode = 0
	ColourTemperature = 9120
	ExposureTime = 34426
	ColourGains = [ 1.460716, 1.071614 ]
	AwbEnable = true
	AnalogueGainMode = 0
	SensorBlackLevels = [ 4096, 4096, 4096, 4096 ]
	AeConstraintMode = 0
	ExposureValue = 0.000000
	SensorTimestamp = 1037599755000
1037.634462 (28.81 fps) cam0-stream0 seq: 000021 bytesused: 20404224
	SensorBlackLevels = [ 4096, 4096, 4096, 4096 ]
	AnalogueGainMode = 0
	Contrast = 1.000000
	Saturation = 1.000000
	AnalogueGain = 15.848932
	ExposureTime = 34426
	FrameDuration = 34685
	ExposureTimeMode = 0
	AeExposureMode = 0
	AeConstraintMode = 0
	Gamma = 2.200000
	ExposureValue = 0.000000
	SensorTimestamp = 1037634462000
1037.669162 (28.82 fps) cam0-stream0 seq: 000022 bytesused: 20404224
	SensorBlackLevels = [ 4096, 4096, 4096, 4096 ]
	AnalogueGainMode = 0
	Contrast = 1.000000
	Saturation = 1.000000
	AnalogueGain = 15.848932
	ExposureTime = 34426
	FrameDuration = 34685
	ExposureTimeMode = 0
	AeExposureMode = 0
	AeConstraintMode = 0
	Gamma = 2.200000
	ExposureValue = 0.000000
	SensorTimestamp = 1037669162000
1037.703866 (28.82 fps) cam0-stream0 seq: 000023 bytesused: 20404224
	SensorBlackLevels = [ 4096, 4096, 4096, 4096 ]
	AnalogueGainMode = 0
	Contrast = 1.000000
	Saturation = 1.000000
	AnalogueGain = 15.848932
	ExposureTime = 34426
	FrameDuration = 34685
	ExposureTimeMode = 0
	AeExposureMode = 0
	AeConstraintMode = 0
	Gamma = 2.200000
	ExposureValue = 0.000000
	SensorTimestamp = 1037703866000
1037.738571 (28.81 fps) cam0-stream0 seq: 000024 bytesused: 20404224
	AeExposureMode = 0
	FrameDuration = 34685
	AnalogueGain = 15.848932
	Saturation = 1.000000
	Contrast = 1.000000
	Gamma = 2.200000
	ExposureTimeMode = 0
	ColourTemperature = 9103
	ExposureTime = 34426
	ColourGains = [ 1.512639, 1.077964 ]
	AwbEnable = true
	AnalogueGainMode = 0
	SensorBlackLevels = [ 4096, 4096, 4096, 4096 ]
	AeConstraintMode = 0
	ExposureValue = 0.000000
	SensorTimestamp = 1037738571000
1037.773274 (28.82 fps) cam0-stream0 seq: 000025 bytesused: 20404224
	SensorBlackLevels = [ 4096, 4096, 4096, 4096 ]
	AnalogueGainMode = 0
	Contrast = 1.000000
	Saturation = 1.000000
	AnalogueGain = 15.848932
	ExposureTime = 34426
	FrameDuration = 34685
	ExposureTimeMode = 0
	AeExposureMode = 0
	AeConstraintMode = 0
	Gamma = 2.200000
	ExposureValue = 0.000000
	SensorTimestamp = 1037773274000
1037.807983 (28.81 fps) cam0-stream0 seq: 000026 bytesused: 20404224
	SensorBlackLevels = [ 4096, 4096, 4096, 4096 ]
	AnalogueGainMode = 0
	Contrast = 1.000000
	Saturation = 1.000000
	AnalogueGain = 15.848932
	ExposureTime = 34426
	FrameDuration = 34685
	ExposureTimeMode = 0
	AeExposureMode = 0
	AeConstraintMode = 0
	Gamma = 2.200000
	ExposureValue = 0.000000
	SensorTimestamp = 1037807983000
1037.842684 (28.82 fps) cam0-stream0 seq: 000027 bytesused: 20404224
	SensorBlackLevels = [ 4096, 4096, 4096, 4096 ]
	AnalogueGainMode = 0
	Contrast = 1.000000
	Saturation = 1.000000
	AnalogueGain = 15.848932
	ExposureTime = 34426
	FrameDuration = 34685
	ExposureTimeMode = 0
	AeExposureMode = 0
	AeConstraintMode = 0
	Gamma = 2.200000
	ExposureValue = 0.000000
	SensorTimestamp = 1037842684000
1037.877390 (28.81 fps) cam0-stream0 seq: 000028 bytesused: 20404224
	AeExposureMode = 0
	FrameDuration = 34685
	AnalogueGain = 15.848932
	Saturation = 1.000000
	Contrast = 1.000000
	Gamma = 2.200000
	ExposureTimeMode = 0
	ColourTemperature = 9099
	ExposureTime = 34426
	ColourGains = [ 1.554693, 1.083127 ]
	AwbEnable = true
	AnalogueGainMode = 0
	SensorBlackLevels = [ 4096, 4096, 4096, 4096 ]
	AeConstraintMode = 0
	ExposureValue = 0.000000
	SensorTimestamp = 1037877390000
1037.912096 (28.81 fps) cam0-stream0 seq: 000029 bytesused: 20404224
	SensorBlackLevels = [ 4096, 4096, 4096, 4096 ]
	AnalogueGainMode = 0
	Contrast = 1.000000
	Saturation = 1.000000
	AnalogueGain = 15.848932
	ExposureTime = 34426
	FrameDuration = 34685
	ExposureTimeMode = 0
	AeExposureMode = 0
	AeConstraintMode = 0
	Gamma = 2.200000
	ExposureValue = 0.000000
	SensorTimestamp = 1037912096000
1037.946798 (28.82 fps) cam0-stream0 seq: 000030 bytesused: 20404224
	SensorBlackLevels = [ 4096, 4096, 4096, 4096 ]
	AnalogueGainMode = 0
	Contrast = 1.000000
	Saturation = 1.000000
	AnalogueGain = 15.848932
	ExposureTime = 34426
	FrameDuration = 34685
	ExposureTimeMode = 0
	AeExposureMode = 0
	AeConstraintMode = 0
	Gamma = 2.200000
	ExposureValue = 0.000000
	SensorTimestamp = 1037946798000
1037.981501 (28.82 fps) cam0-stream0 seq: 000031 bytesused: 20404224
	SensorBlackLevels = [ 4096, 4096, 4096, 4096 ]
	AnalogueGainMode = 0
	Contrast = 1.000000
	Saturation = 1.000000
	AnalogueGain = 15.848932
	ExposureTime = 34426
	FrameDuration = 34685
	ExposureTimeMode = 0
	AeExposureMode = 0
	AeConstraintMode = 0
	Gamma = 2.200000
	ExposureValue = 0.000000
	SensorTimestamp = 1037981501000
1038.016205 (28.82 fps) cam0-stream0 seq: 000032 bytesused: 20404224
	AeExposureMode = 0
	FrameDuration = 34685
	AnalogueGain = 15.848932
	Saturation = 1.000000
	Contrast = 1.000000
	Gamma = 2.200000
	ExposureTimeMode = 0
	ColourTemperature = 9106
	ExposureTime = 34426
	ColourGains = [ 1.588702, 1.087224 ]
	AwbEnable = true
	AnalogueGainMode = 0
	SensorBlackLevels = [ 4096, 4096, 4096, 4096 ]
	AeConstraintMode = 0
	ExposureValue = 0.000000
	SensorTimestamp = 1038016205000
1038.050912 (28.81 fps) cam0-stream0 seq: 000033 bytesused: 20404224
	SensorBlackLevels = [ 4096, 4096, 4096, 4096 ]
	AnalogueGainMode = 0
	Contrast = 1.000000
	Saturation = 1.000000
	AnalogueGain = 15.848932
	ExposureTime = 34426
	FrameDuration = 34685
	ExposureTimeMode = 0
	AeExposureMode = 0
	AeConstraintMode = 0
	Gamma = 2.200000
	ExposureValue = 0.000000
	SensorTimestamp = 1038050912000
1038.085617 (28.81 fps) cam0-stream0 seq: 000034 bytesused: 20404224
	SensorBlackLevels = [ 4096, 4096, 4096, 4096 ]
	AnalogueGainMode = 0
	Contrast = 1.000000
	Saturation = 1.000000
	AnalogueGain = 15.848932
	ExposureTime = 34426
	FrameDuration = 34685
	ExposureTimeMode = 0
	AeExposureMode = 0
	AeConstraintMode = 0
	Gamma = 2.200000
	ExposureValue = 0.000000
	SensorTimestamp = 1038085617000
1038.120318 (28.82 fps) cam0-stream0 seq: 000035 bytesused: 20404224
	SensorBlackLevels = [ 4096, 4096, 4096, 4096 ]
	AnalogueGainMode = 0
	Contrast = 1.000000
	Saturation = 1.000000
	AnalogueGain = 15.848932
	ExposureTime = 34426
	FrameDuration = 34685
	ExposureTimeMode = 0
	AeExposureMode = 0
	AeConstraintMode = 0
	Gamma = 2.200000
	ExposureValue = 0.000000
	SensorTimestamp = 1038120318000
1038.155023 (28.81 fps) cam0-stream0 seq: 000036 bytesused: 20404224
	AeExposureMode = 0
	FrameDuration = 34685
	AnalogueGain = 15.848932
	Saturation = 1.000000
	Contrast = 1.000000
	Gamma = 2.200000
	ExposureTimeMode = 0
	ColourTemperature = 9110
	ExposureTime = 34426
	ColourGains = [ 1.615101, 1.090393 ]
	AwbEnable = true
	AnalogueGainMode = 0
	SensorBlackLevels = [ 4096, 4096, 4096, 4096 ]
	AeConstraintMode = 0
	ExposureValue = 0.000000
	SensorTimestamp = 1038155023000
1038.189727 (28.82 fps) cam0-stream0 seq: 000037 bytesused: 20404224
	SensorBlackLevels = [ 4096, 4096, 4096, 4096 ]
	AnalogueGainMode = 0
	Contrast = 1.000000
	Saturation = 1.000000
	AnalogueGain = 15.848932
	ExposureTime = 34426
	FrameDuration = 34685
	ExposureTimeMode = 0
	AeExposureMode = 0
	AeConstraintMode = 0
	Gamma = 2.200000
	ExposureValue = 0.000000
	SensorTimestamp = 1038189727000
1038.224432 (28.81 fps) cam0-stream0 seq: 000038 bytesused: 20404224
	SensorBlackLevels = [ 4096, 4096, 4096, 4096 ]
	AnalogueGainMode = 0
	Contrast = 1.000000
	Saturation = 1.000000
	AnalogueGain = 15.848932
	ExposureTime = 34426
	FrameDuration = 34685
	ExposureTimeMode = 0
	AeExposureMode = 0
	AeConstraintMode = 0
	Gamma = 2.200000
	ExposureValue = 0.000000
	SensorTimestamp = 1038224432000
1038.259136 (28.82 fps) cam0-stream0 seq: 000039 bytesused: 20404224
	SensorBlackLevels = [ 4096, 4096, 4096, 4096 ]
	AnalogueGainMode = 0
	Contrast = 1.000000
	Saturation = 1.000000
	AnalogueGain = 15.848932
	ExposureTime = 34426
	FrameDuration = 34685
	ExposureTimeMode = 0
	AeExposureMode = 0
	AeConstraintMode = 0
	Gamma = 2.200000
	ExposureValue = 0.000000
	SensorTimestamp = 1038259136000
1038.293839 (28.82 fps) cam0-stream0 seq: 000040 bytesused: 20404224
	AeExposureMode = 0
	FrameDuration = 34685
	AnalogueGain = 15.848932
	Saturation = 1.000000
	Contrast = 1.000000
	Gamma = 2.200000
	ExposureTimeMode = 0
	ColourTemperature = 9104
	ExposureTime = 34426
	ColourGains = [ 1.636143, 1.092975 ]
	AwbEnable = true
	AnalogueGainMode = 0
	SensorBlackLevels = [ 4096, 4096, 4096, 4096 ]
	AeConstraintMode = 0
	ExposureValue = 0.000000
	SensorTimestamp = 1038293839000
1038.328546 (28.81 fps) cam0-stream0 seq: 000041 bytesused: 20404224
	SensorBlackLevels = [ 4096, 4096, 4096, 4096 ]
	AnalogueGainMode = 0
	Contrast = 1.000000
	Saturation = 1.000000
	AnalogueGain = 15.848932
	ExposureTime = 34426
	FrameDuration = 34685
	ExposureTimeMode = 0
	AeExposureMode = 0
	AeConstraintMode = 0
	Gamma = 2.200000
	ExposureValue = 0.000000
	SensorTimestamp = 1038328546000
1038.363249 (28.82 fps) cam0-stream0 seq: 000042 bytesused: 20404224
	SensorBlackLevels = [ 4096, 4096, 4096, 4096 ]
	AnalogueGainMode = 0
	Contrast = 1.000000
	Saturation = 1.000000
	AnalogueGain = 15.848932
	ExposureTime = 34426
	FrameDuration = 34685
	ExposureTimeMode = 0
	AeExposureMode = 0
	AeConstraintMode = 0
	Gamma = 2.200000
	ExposureValue = 0.000000
	SensorTimestamp = 1038363249000
1038.397953 (28.82 fps) cam0-stream0 seq: 000043 bytesused: 20404224
	SensorBlackLevels = [ 4096, 4096, 4096, 4096 ]
	AnalogueGainMode = 0
	Contrast = 1.000000
	Saturation = 1.000000
	AnalogueGain = 15.848932
	ExposureTime = 34426
	FrameDuration = 34685
	ExposureTimeMode = 0
	AeExposureMode = 0
	AeConstraintMode = 0
	Gamma = 2.200000
	ExposureValue = 0.000000
	SensorTimestamp = 1038397953000
1038.432657 (28.82 fps) cam0-stream0 seq: 000044 bytesused: 20404224
	AeExposureMode = 0
	FrameDuration = 34685
	AnalogueGain = 15.848932
	Saturation = 1.000000
	Contrast = 1.000000
	Gamma = 2.200000
	ExposureTimeMode = 0
	ColourTemperature = 9061
	ExposureTime = 34426
	ColourGains = [ 1.653765, 1.095526 ]
	AwbEnable = true
	AnalogueGainMode = 0
	SensorBlackLevels = [ 4096, 4096, 4096, 4096 ]
	AeConstraintMode = 0
	ExposureValue = 0.000000
	SensorTimestamp = 1038432657000
1038.467364 (28.81 fps) cam0-stream0 seq: 000045 bytesused: 20404224
	SensorBlackLevels = [ 4096, 4096, 4096, 4096 ]
	AnalogueGainMode = 0
	Contrast = 1.000000
	Saturation = 1.000000
	AnalogueGain = 15.848932
	ExposureTime = 34426
	FrameDuration = 34685
	ExposureTimeMode = 0
	AeExposureMode = 0
	AeConstraintMode = 0
	Gamma = 2.200000
	ExposureValue = 0.000000
	SensorTimestamp = 1038467364000
1038.502067 (28.82 fps) cam0-stream0 seq: 000046 bytesused: 20404224
	SensorBlackLevels = [ 4096, 4096, 4096, 4096 ]
	AnalogueGainMode = 0
	Contrast = 1.000000
	Saturation = 1.000000
	AnalogueGain = 15.848932
	ExposureTime = 34426
	FrameDuration = 34685
	ExposureTimeMode = 0
	AeExposureMode = 0
	AeConstraintMode = 0
	Gamma = 2.200000
	ExposureValue = 0.000000
	SensorTimestamp = 1038502067000
1038.536771 (28.82 fps) cam0-stream0 seq: 000047 bytesused: 20404224
	SensorBlackLevels = [ 4096, 4096, 4096, 4096 ]
	AnalogueGainMode = 0
	Contrast = 1.000000
	Saturation = 1.000000
	AnalogueGain = 15.848932
	ExposureTime = 34426
	FrameDuration = 34685
	ExposureTimeMode = 0
	AeExposureMode = 0
	AeConstraintMode = 0
	Gamma = 2.200000
	ExposureValue = 0.000000
	SensorTimestamp = 1038536771000
1038.571478 (28.81 fps) cam0-stream0 seq: 000048 bytesused: 20404224
	AeExposureMode = 0
	FrameDuration = 34685
	AnalogueGain = 15.848932
	Saturation = 1.000000
	Contrast = 1.000000
	Gamma = 2.200000
	ExposureTimeMode = 0
	ColourTemperature = 9049
	ExposureTime = 34426
	ColourGains = [ 1.666471, 1.097544 ]
	AwbEnable = true
	AnalogueGainMode = 0
	SensorBlackLevels = [ 4096, 4096, 4096, 4096 ]
	AeConstraintMode = 0
	ExposureValue = 0.000000
	SensorTimestamp = 1038571478000
1038.606180 (28.82 fps) cam0-stream0 seq: 000049 bytesused: 20404224
	SensorBlackLevels = [ 4096, 4096, 4096, 4096 ]
	AnalogueGainMode = 0
	Contrast = 1.000000
	Saturation = 1.000000
	AnalogueGain = 15.848932
	ExposureTime = 34426
	FrameDuration = 34685
	ExposureTimeMode = 0
	AeExposureMode = 0
	AeConstraintMode = 0
	Gamma = 2.200000
	ExposureValue = 0.000000
	SensorTimestamp = 1038606180000
1038.640882 (28.82 fps) cam0-stream0 seq: 000050 bytesused: 20404224
	SensorBlackLevels = [ 4096, 4096, 4096, 4096 ]
	AnalogueGainMode = 0
	Contrast = 1.000000
	Saturation = 1.000000
	AnalogueGain = 15.848932
	ExposureTime = 34426
	FrameDuration = 34685
	ExposureTimeMode = 0
	AeExposureMode = 0
	AeConstraintMode = 0
	Gamma = 2.200000
	ExposureValue = 0.000000
	SensorTimestamp = 1038640882000
1038.675588 (28.81 fps) cam0-stream0 seq: 000051 bytesused: 20404224
	SensorBlackLevels = [ 4096, 4096, 4096, 4096 ]
	AnalogueGainMode = 0
	Contrast = 1.000000
	Saturation = 1.000000
	AnalogueGain = 15.848932
	ExposureTime = 34426
	FrameDuration = 34685
	ExposureTimeMode = 0
	AeExposureMode = 0
	AeConstraintMode = 0
	Gamma = 2.200000
	ExposureValue = 0.000000
	SensorTimestamp = 1038675588000
1038.710293 (28.81 fps) cam0-stream0 seq: 000052 bytesused: 20404224
	AeExposureMode = 0
	FrameDuration = 34685
	AnalogueGain = 15.848932
	Saturation = 1.000000
	Contrast = 1.000000
	Gamma = 2.200000
	ExposureTimeMode = 0
	ColourTemperature = 9046
	ExposureTime = 34426
	ColourGains = [ 1.676742, 1.099196 ]
	AwbEnable = true
	AnalogueGainMode = 0
	SensorBlackLevels = [ 4096, 4096, 4096, 4096 ]
	AeConstraintMode = 0
	ExposureValue = 0.000000
	SensorTimestamp = 1038710293000
1038.744997 (28.82 fps) cam0-stream0 seq: 000053 bytesused: 20404224
	SensorBlackLevels = [ 4096, 4096, 4096, 4096 ]
	AnalogueGainMode = 0
	Contrast = 1.000000
	Saturation = 1.000000
	AnalogueGain = 15.848932
	ExposureTime = 34426
	FrameDuration = 34685
	ExposureTimeMode = 0
	AeExposureMode = 0
	AeConstraintMode = 0
	Gamma = 2.200000
	ExposureValue = 0.000000
	SensorTimestamp = 1038744997000
1038.779702 (28.81 fps) cam0-stream0 seq: 000054 bytesused: 20404224
	SensorBlackLevels = [ 4096, 4096, 4096, 4096 ]
	AnalogueGainMode = 0
	Contrast = 1.000000
	Saturation = 1.000000
	AnalogueGain = 15.848932
	ExposureTime = 34426
	FrameDuration = 34685
	ExposureTimeMode = 0
	AeExposureMode = 0
	AeConstraintMode = 0
	Gamma = 2.200000
	ExposureValue = 0.000000
	SensorTimestamp = 1038779702000
1038.814406 (28.82 fps) cam0-stream0 seq: 000055 bytesused: 20404224
	SensorBlackLevels = [ 4096, 4096, 4096, 4096 ]
	AnalogueGainMode = 0
	Contrast = 1.000000
	Saturation = 1.000000
	AnalogueGain = 15.848932
	ExposureTime = 34426
	FrameDuration = 34685
	ExposureTimeMode = 0
	AeExposureMode = 0
	AeConstraintMode = 0
	Gamma = 2.200000
	ExposureValue = 0.000000
	SensorTimestamp = 1038814406000
1038.849109 (28.82 fps) cam0-stream0 seq: 000056 bytesused: 20404224
	AeExposureMode = 0
	FrameDuration = 34685
	AnalogueGain = 15.848932
	Saturation = 1.000000
	Contrast = 1.000000
	Gamma = 2.200000
	ExposureTimeMode = 0
	ColourTemperature = 9087
	ExposureTime = 34426
	ColourGains = [ 1.685356, 1.100168 ]
	AwbEnable = true
	AnalogueGainMode = 0
	SensorBlackLevels = [ 4096, 4096, 4096, 4096 ]
	AeConstraintMode = 0
	ExposureValue = 0.000000
	SensorTimestamp = 1038849109000
1038.883814 (28.81 fps) cam0-stream0 seq: 000057 bytesused: 20404224
	SensorBlackLevels = [ 4096, 4096, 4096, 4096 ]
	AnalogueGainMode = 0
	Contrast = 1.000000
	Saturation = 1.000000
	AnalogueGain = 15.848932
	ExposureTime = 34426
	FrameDuration = 34685
	ExposureTimeMode = 0
	AeExposureMode = 0
	AeConstraintMode = 0
	Gamma = 2.200000
	ExposureValue = 0.000000
	SensorTimestamp = 1038883814000
1038.918518 (28.82 fps) cam0-stream0 seq: 000058 bytesused: 20404224
	SensorBlackLevels = [ 4096, 4096, 4096, 4096 ]
	AnalogueGainMode = 0
	Contrast = 1.000000
	Saturation = 1.000000
	AnalogueGain = 15.848932
	ExposureTime = 34426
	FrameDuration = 34685
	ExposureTimeMode = 0
	AeExposureMode = 0
	AeConstraintMode = 0
	Gamma = 2.200000
	ExposureValue = 0.000000
	SensorTimestamp = 1038918518000
[0:17:19.009966242] [12297]  INFO Benchmark benchmark.cpp:89 Debayer processed 30 frames in 641645us, 21388 us/frame
1038.953222 (28.82 fps) cam0-stream0 seq: 000059 bytesused: 20404224
	SensorBlackLevels = [ 4096, 4096, 4096, 4096 ]
	AnalogueGainMode = 0
	Contrast = 1.000000
	Saturation = 1.000000
	AnalogueGain = 15.848932
	ExposureTime = 34426
	FrameDuration = 34685
	ExposureTimeMode = 0
	AeExposureMode = 0
	AeConstraintMode = 0
	Gamma = 2.200000
	ExposureValue = 0.000000
	SensorTimestamp = 1038953222000
1038.987927 (28.81 fps) cam0-stream0 seq: 000060 bytesused: 20404224
	AeExposureMode = 0
	FrameDuration = 34685
	AnalogueGain = 15.848932
	Saturation = 1.000000
	Contrast = 1.000000
	Gamma = 2.200000
	ExposureTimeMode = 0
	ColourTemperature = 9042
	ExposureTime = 34426
	ColourGains = [ 1.692693, 1.101423 ]
	AwbEnable = true
	AnalogueGainMode = 0
	SensorBlackLevels = [ 4096, 4096, 4096, 4096 ]
	AeConstraintMode = 0
	ExposureValue = 0.000000
	SensorTimestamp = 1038987927000
1039.022630 (28.82 fps) cam0-stream0 seq: 000061 bytesused: 20404224
	SensorBlackLevels = [ 4096, 4096, 4096, 4096 ]
	AnalogueGainMode = 0
	Contrast = 1.000000
	Saturation = 1.000000
	AnalogueGain = 15.848932
	ExposureTime = 34426
	FrameDuration = 34685
	ExposureTimeMode = 0
	AeExposureMode = 0
	AeConstraintMode = 0
	Gamma = 2.200000
	ExposureValue = 0.000000
	SensorTimestamp = 1039022630000
1039.057334 (28.82 fps) cam0-stream0 seq: 000062 bytesused: 20404224
	SensorBlackLevels = [ 4096, 4096, 4096, 4096 ]
	AnalogueGainMode = 0
	Contrast = 1.000000
	Saturation = 1.000000
	AnalogueGain = 15.848932
	ExposureTime = 34426
	FrameDuration = 34685
	ExposureTimeMode = 0
	AeExposureMode = 0
	AeConstraintMode = 0
	Gamma = 2.200000
	ExposureValue = 0.000000
	SensorTimestamp = 1039057334000
1039.092039 (28.81 fps) cam0-stream0 seq: 000063 bytesused: 20404224
	SensorBlackLevels = [ 4096, 4096, 4096, 4096 ]
	AnalogueGainMode = 0
	Contrast = 1.000000
	Saturation = 1.000000
	AnalogueGain = 15.848932
	ExposureTime = 34426
	FrameDuration = 34685
	ExposureTimeMode = 0
	AeExposureMode = 0
	AeConstraintMode = 0
	Gamma = 2.200000
	ExposureValue = 0.000000
	SensorTimestamp = 1039092039000
1039.126743 (28.82 fps) cam0-stream0 seq: 000064 bytesused: 20404224
	AeExposureMode = 0
	FrameDuration = 34685
	AnalogueGain = 15.848932
	Saturation = 1.000000
	Contrast = 1.000000
	Gamma = 2.200000
	ExposureTimeMode = 0
	ColourTemperature = 9049
	ExposureTime = 34426
	ColourGains = [ 1.698622, 1.102359 ]
	AwbEnable = true
	AnalogueGainMode = 0
	SensorBlackLevels = [ 4096, 4096, 4096, 4096 ]
	AeConstraintMode = 0
	ExposureValue = 0.000000
	SensorTimestamp = 1039126743000
1039.161450 (28.81 fps) cam0-stream0 seq: 000065 bytesused: 20404224
	SensorBlackLevels = [ 4096, 4096, 4096, 4096 ]
	AnalogueGainMode = 0
	Contrast = 1.000000
	Saturation = 1.000000
	AnalogueGain = 15.848932
	ExposureTime = 34426
	FrameDuration = 34685
	ExposureTimeMode = 0
	AeExposureMode = 0
	AeConstraintMode = 0
	Gamma = 2.200000
	ExposureValue = 0.000000
	SensorTimestamp = 1039161450000
1039.196152 (28.82 fps) cam0-stream0 seq: 000066 bytesused: 20404224
	SensorBlackLevels = [ 4096, 4096, 4096, 4096 ]
	AnalogueGainMode = 0
	Contrast = 1.000000
	Saturation = 1.000000
	AnalogueGain = 15.848932
	ExposureTime = 34426
	FrameDuration = 34685
	ExposureTimeMode = 0
	AeExposureMode = 0
	AeConstraintMode = 0
	Gamma = 2.200000
	ExposureValue = 0.000000
	SensorTimestamp = 1039196152000
1039.230859 (28.81 fps) cam0-stream0 seq: 000067 bytesused: 20404224
	SensorBlackLevels = [ 4096, 4096, 4096, 4096 ]
	AnalogueGainMode = 0
	Contrast = 1.000000
	Saturation = 1.000000
	AnalogueGain = 15.848932
	ExposureTime = 34426
	FrameDuration = 34685
	ExposureTimeMode = 0
	AeExposureMode = 0
	AeConstraintMode = 0
	Gamma = 2.200000
	ExposureValue = 0.000000
	SensorTimestamp = 1039230859000
1039.265561 (28.82 fps) cam0-stream0 seq: 000068 bytesused: 20404224
	AeExposureMode = 0
	FrameDuration = 34685
	AnalogueGain = 15.848932
	Saturation = 1.000000
	Contrast = 1.000000
	Gamma = 2.200000
	ExposureTimeMode = 0
	ColourTemperature = 9048
	ExposureTime = 34426
	ColourGains = [ 1.703473, 1.103130 ]
	AwbEnable = true
	AnalogueGainMode = 0
	SensorBlackLevels = [ 4096, 4096, 4096, 4096 ]
	AeConstraintMode = 0
	ExposureValue = 0.000000
	SensorTimestamp = 1039265561000
1039.300266 (28.81 fps) cam0-stream0 seq: 000069 bytesused: 20404224
	SensorBlackLevels = [ 4096, 4096, 4096, 4096 ]
	AnalogueGainMode = 0
	Contrast = 1.000000
	Saturation = 1.000000
	AnalogueGain = 15.848932
	ExposureTime = 34426
	FrameDuration = 34685
	ExposureTimeMode = 0
	AeExposureMode = 0
	AeConstraintMode = 0
	Gamma = 2.200000
	ExposureValue = 0.000000
	SensorTimestamp = 1039300266000
1039.334972 (28.81 fps) cam0-stream0 seq: 000070 bytesused: 20404224
	SensorBlackLevels = [ 4096, 4096, 4096, 4096 ]
	AnalogueGainMode = 0
	Contrast = 1.000000
	Saturation = 1.000000
	AnalogueGain = 15.848932
	ExposureTime = 34426
	FrameDuration = 34685
	ExposureTimeMode = 0
	AeExposureMode = 0
	AeConstraintMode = 0
	Gamma = 2.200000
	ExposureValue = 0.000000
	SensorTimestamp = 1039334972000
1039.369676 (28.82 fps) cam0-stream0 seq: 000071 bytesused: 20404224
	SensorBlackLevels = [ 4096, 4096, 4096, 4096 ]
	AnalogueGainMode = 0
	Contrast = 1.000000
	Saturation = 1.000000
	AnalogueGain = 15.848932
	ExposureTime = 34426
	FrameDuration = 34685
	ExposureTimeMode = 0
	AeExposureMode = 0
	AeConstraintMode = 0
	Gamma = 2.200000
	ExposureValue = 0.000000
	SensorTimestamp = 1039369676000
1039.404377 (28.82 fps) cam0-stream0 seq: 000072 bytesused: 20404224
	AeExposureMode = 0
	FrameDuration = 34685
	AnalogueGain = 15.848932
	Saturation = 1.000000
	Contrast = 1.000000
	Gamma = 2.200000
	ExposureTimeMode = 0
	ColourTemperature = 9060
	ExposureTime = 34426
	ColourGains = [ 1.706833, 1.103583 ]
	AwbEnable = true
	AnalogueGainMode = 0
	SensorBlackLevels = [ 4096, 4096, 4096, 4096 ]
	AeConstraintMode = 0
	ExposureValue = 0.000000
	SensorTimestamp = 1039404377000
1039.439082 (28.81 fps) cam0-stream0 seq: 000073 bytesused: 20404224
	SensorBlackLevels = [ 4096, 4096, 4096, 4096 ]
	AnalogueGainMode = 0
	Contrast = 1.000000
	Saturation = 1.000000
	AnalogueGain = 15.848932
	ExposureTime = 34426
	FrameDuration = 34685
	ExposureTimeMode = 0
	AeExposureMode = 0
	AeConstraintMode = 0
	Gamma = 2.200000
	ExposureValue = 0.000000
	SensorTimestamp = 1039439082000
1039.473788 (28.81 fps) cam0-stream0 seq: 000074 bytesused: 20404224
	SensorBlackLevels = [ 4096, 4096, 4096, 4096 ]
	AnalogueGainMode = 0
	Contrast = 1.000000
	Saturation = 1.000000
	AnalogueGain = 15.848932
	ExposureTime = 34426
	FrameDuration = 34685
	ExposureTimeMode = 0
	AeExposureMode = 0
	AeConstraintMode = 0
	Gamma = 2.200000
	ExposureValue = 0.000000
	SensorTimestamp = 1039473788000
1039.508492 (28.82 fps) cam0-stream0 seq: 000075 bytesused: 20404224
	SensorBlackLevels = [ 4096, 4096, 4096, 4096 ]
	AnalogueGainMode = 0
	Contrast = 1.000000
	Saturation = 1.000000
	AnalogueGain = 15.848932
	ExposureTime = 34426
	FrameDuration = 34685
	ExposureTimeMode = 0
	AeExposureMode = 0
	AeConstraintMode = 0
	Gamma = 2.200000
	ExposureValue = 0.000000
	SensorTimestamp = 1039508492000
1039.543196 (28.82 fps) cam0-stream0 seq: 000076 bytesused: 20404224
	AeExposureMode = 0
	FrameDuration = 34685
	AnalogueGain = 15.848932
	Saturation = 1.000000
	Contrast = 1.000000
	Gamma = 2.200000
	ExposureTimeMode = 0
	ColourTemperature = 8986
	ExposureTime = 34426
	ColourGains = [ 1.711132, 1.104827 ]
	AwbEnable = true
	AnalogueGainMode = 0
	SensorBlackLevels = [ 4096, 4096, 4096, 4096 ]
	AeConstraintMode = 0
	ExposureValue = 0.000000
	SensorTimestamp = 1039543196000
1039.577900 (28.82 fps) cam0-stream0 seq: 000077 bytesused: 20404224
	SensorBlackLevels = [ 4096, 4096, 4096, 4096 ]
	AnalogueGainMode = 0
	Contrast = 1.000000
	Saturation = 1.000000
	AnalogueGain = 15.848932
	ExposureTime = 34426
	FrameDuration = 34685
	ExposureTimeMode = 0
	AeExposureMode = 0
	AeConstraintMode = 0
	Gamma = 2.200000
	ExposureValue = 0.000000
	SensorTimestamp = 1039577900000
1039.612606 (28.81 fps) cam0-stream0 seq: 000078 bytesused: 20404224
	SensorBlackLevels = [ 4096, 4096, 4096, 4096 ]
	AnalogueGainMode = 0
	Contrast = 1.000000
	Saturation = 1.000000
	AnalogueGain = 15.848932
	ExposureTime = 34426
	FrameDuration = 34685
	ExposureTimeMode = 0
	AeExposureMode = 0
	AeConstraintMode = 0
	Gamma = 2.200000
	ExposureValue = 0.000000
	SensorTimestamp = 1039612606000
1039.647308 (28.82 fps) cam0-stream0 seq: 000079 bytesused: 20404224
	SensorBlackLevels = [ 4096, 4096, 4096, 4096 ]
	AnalogueGainMode = 0
	Contrast = 1.000000
	Saturation = 1.000000
	AnalogueGain = 15.848932
	ExposureTime = 34426
	FrameDuration = 34685
	ExposureTimeMode = 0
	AeExposureMode = 0
	AeConstraintMode = 0
	Gamma = 2.200000
	ExposureValue = 0.000000
	SensorTimestamp = 1039647308000
1039.682014 (28.81 fps) cam0-stream0 seq: 000080 bytesused: 20404224
	AeExposureMode = 0
	FrameDuration = 34685
	AnalogueGain = 15.848932
	Saturation = 1.000000
	Contrast = 1.000000
	Gamma = 2.200000
	ExposureTimeMode = 0
	ColourTemperature = 8987
	ExposureTime = 34426
	ColourGains = [ 1.713744, 1.105723 ]
	AwbEnable = true
	AnalogueGainMode = 0
	SensorBlackLevels = [ 4096, 4096, 4096, 4096 ]
	AeConstraintMode = 0
	ExposureValue = 0.000000
	SensorTimestamp = 1039682014000
1039.716717 (28.82 fps) cam0-stream0 seq: 000081 bytesused: 20404224
	SensorBlackLevels = [ 4096, 4096, 4096, 4096 ]
	AnalogueGainMode = 0
	Contrast = 1.000000
	Saturation = 1.000000
	AnalogueGain = 15.848932
	ExposureTime = 34426
	FrameDuration = 34685
	ExposureTimeMode = 0
	AeExposureMode = 0
	AeConstraintMode = 0
	Gamma = 2.200000
	ExposureValue = 0.000000
	SensorTimestamp = 1039716717000
1039.751421 (28.82 fps) cam0-stream0 seq: 000082 bytesused: 20404224
	SensorBlackLevels = [ 4096, 4096, 4096, 4096 ]
	AnalogueGainMode = 0
	Contrast = 1.000000
	Saturation = 1.000000
	AnalogueGain = 15.848932
	ExposureTime = 34426
	FrameDuration = 34685
	ExposureTimeMode = 0
	AeExposureMode = 0
	AeConstraintMode = 0
	Gamma = 2.200000
	ExposureValue = 0.000000
	SensorTimestamp = 1039751421000
1039.786125 (28.82 fps) cam0-stream0 seq: 000083 bytesused: 20404224
	SensorBlackLevels = [ 4096, 4096, 4096, 4096 ]
	AnalogueGainMode = 0
	Contrast = 1.000000
	Saturation = 1.000000
	AnalogueGain = 15.848932
	ExposureTime = 34426
	FrameDuration = 34685
	ExposureTimeMode = 0
	AeExposureMode = 0
	AeConstraintMode = 0
	Gamma = 2.200000
	ExposureValue = 0.000000
	SensorTimestamp = 1039786125000
1039.820831 (28.81 fps) cam0-stream0 seq: 000084 bytesused: 20404224
	AeExposureMode = 0
	FrameDuration = 34685
	AnalogueGain = 15.848932
	Saturation = 1.000000
	Contrast = 1.000000
	Gamma = 2.200000
	ExposureTimeMode = 0
	ColourTemperature = 8906
	ExposureTime = 34426
	ColourGains = [ 1.715059, 1.107173 ]
	AwbEnable = true
	AnalogueGainMode = 0
	SensorBlackLevels = [ 4096, 4096, 4096, 4096 ]
	AeConstraintMode = 0
	ExposureValue = 0.000000
	SensorTimestamp = 1039820831000
1039.855533 (28.82 fps) cam0-stream0 seq: 000085 bytesused: 20404224
	SensorBlackLevels = [ 4096, 4096, 4096, 4096 ]
	AnalogueGainMode = 0
	Contrast = 1.000000
	Saturation = 1.000000
	AnalogueGain = 15.848932
	ExposureTime = 34426
	FrameDuration = 34685
	ExposureTimeMode = 0
	AeExposureMode = 0
	AeConstraintMode = 0
	Gamma = 2.200000
	ExposureValue = 0.000000
	SensorTimestamp = 1039855533000
1039.890240 (28.81 fps) cam0-stream0 seq: 000086 bytesused: 20404224
	SensorBlackLevels = [ 4096, 4096, 4096, 4096 ]
	AnalogueGainMode = 0
	Contrast = 1.000000
	Saturation = 1.000000
	AnalogueGain = 15.848932
	ExposureTime = 34426
	FrameDuration = 34685
	ExposureTimeMode = 0
	AeExposureMode = 0
	AeConstraintMode = 0
	Gamma = 2.200000
	ExposureValue = 0.000000
	SensorTimestamp = 1039890240000
1039.924944 (28.82 fps) cam0-stream0 seq: 000087 bytesused: 20404224
	SensorBlackLevels = [ 4096, 4096, 4096, 4096 ]
	AnalogueGainMode = 0
	Contrast = 1.000000
	Saturation = 1.000000
	AnalogueGain = 15.848932
	ExposureTime = 34426
	FrameDuration = 34685
	ExposureTimeMode = 0
	AeExposureMode = 0
	AeConstraintMode = 0
	Gamma = 2.200000
	ExposureValue = 0.000000
	SensorTimestamp = 1039924944000
1039.959647 (28.82 fps) cam0-stream0 seq: 000088 bytesused: 20404224
	AeExposureMode = 0
	FrameDuration = 34685
	AnalogueGain = 15.848932
	Saturation = 1.000000
	Contrast = 1.000000
	Gamma = 2.200000
	ExposureTimeMode = 0
	ColourTemperature = 8967
	ExposureTime = 34426
	ColourGains = [ 1.717210, 1.107831 ]
	AwbEnable = true
	AnalogueGainMode = 0
	SensorBlackLevels = [ 4096, 4096, 4096, 4096 ]
	AeConstraintMode = 0
	ExposureValue = 0.000000
	SensorTimestamp = 1039959647000
1039.994352 (28.81 fps) cam0-stream0 seq: 000089 bytesused: 20404224
	SensorBlackLevels = [ 4096, 4096, 4096, 4096 ]
	AnalogueGainMode = 0
	Contrast = 1.000000
	Saturation = 1.000000
	AnalogueGain = 15.848932
	ExposureTime = 34426
	FrameDuration = 34685
	ExposureTimeMode = 0
	AeExposureMode = 0
	AeConstraintMode = 0
	Gamma = 2.200000
	ExposureValue = 0.000000
	SensorTimestamp = 1039994352000
