[0:17:29.673519729] [12319]  INFO Camera camera_manager.cpp:340 libcamera v0.7.2+160-8103c3f2
[0:17:29.674904031] [12320]  INFO IPAManager ipa_manager.cpp:147 libcamera is not installed. Adding '/home/nicfio/src/libcamera-senza-helper/build/src/ipa' to the IPA search path
[0:17:30.013980791] [12320]  WARN CameraSensorProperties camera_sensor_properties.cpp:616 No static properties available for 'gc5035'
[0:17:30.014056928] [12320]  WARN CameraSensorProperties camera_sensor_properties.cpp:618 Please consider updating the camera sensor properties database
[0:17:30.014227876] [12320]  WARN CameraSensor camera_sensor_legacy.cpp:518 'gc5035 2-003f': No sensor delays found in static properties. Assuming unverified defaults.
[0:17:30.016436625] [12320]  WARN CameraSensorProperties camera_sensor_properties.cpp:616 No static properties available for 'gc8034'
[0:17:30.016459860] [12320]  WARN CameraSensorProperties camera_sensor_properties.cpp:618 Please consider updating the camera sensor properties database
[0:17:30.016491325] [12320]  WARN CameraSensor camera_sensor_legacy.cpp:518 'gc8034 1-0037': No sensor delays found in static properties. Assuming unverified defaults.
[0:17:30.124364341] [12320]  INFO IPAProxy ipa_proxy.cpp:73 libcamera is not installed. Loading IPA configuration from '/home/nicfio/src/libcamera-senza-helper/src/ipa/softisp/data'
[0:17:30.125102394] [12320]  INFO IPAProxy ipa_proxy.cpp:73 libcamera is not installed. Loading IPA configuration from '/home/nicfio/src/libcamera-senza-helper/src/ipa/softisp/data'
[0:17:30.125149572] [12320]  WARN IPAProxy ipa_proxy.cpp:196 Configuration file 'gc5035.yaml' not found for IPA module 'softisp', falling back to '/home/nicfio/src/libcamera-senza-helper/src/ipa/softisp/data/uncalibrated.yaml'
[0:17:30.125408152] [12320]  WARN IPASoftIsp softisp.cpp:104 IPASoftIsp: Failed to create camera sensor helper for gc5035
[0:17:30.125963787] [12320]  INFO Awb awb.cpp:213 No AWB algorithm specified, using grey world
[0:17:30.126109518] [12320]  WARN Awb awb_grey.cpp:49 Failed to parse 'colourGains' parameter from tuning file; manual colour temperature will not work properly
[0:17:30.127649146] [12320]  INFO Camera camera_manager.cpp:223 Adding camera '\_SB_.PC00.LNK1' for pipeline handler simple
[0:17:30.163628082] [12320]  INFO IPAProxy ipa_proxy.cpp:73 libcamera is not installed. Loading IPA configuration from '/home/nicfio/src/libcamera-senza-helper/src/ipa/softisp/data'
[0:17:30.164350257] [12320]  INFO IPAProxy ipa_proxy.cpp:73 libcamera is not installed. Loading IPA configuration from '/home/nicfio/src/libcamera-senza-helper/src/ipa/softisp/data'
[0:17:30.164387199] [12320]  WARN IPAProxy ipa_proxy.cpp:196 Configuration file 'gc8034.yaml' not found for IPA module 'softisp', falling back to '/home/nicfio/src/libcamera-senza-helper/src/ipa/softisp/data/uncalibrated.yaml'
[0:17:30.164548131] [12320]  WARN IPASoftIsp softisp.cpp:104 IPASoftIsp: Failed to create camera sensor helper for gc8034
[0:17:30.164796836] [12320]  INFO Awb awb.cpp:213 No AWB algorithm specified, using grey world
[0:17:30.164820433] [12320]  WARN Awb awb_grey.cpp:49 Failed to parse 'colourGains' parameter from tuning file; manual colour temperature will not work properly
[0:17:30.165530753] [12320]  INFO Camera camera_manager.cpp:223 Adding camera '\_SB_.PC00.LNK0' for pipeline handler simple
Using camera \_SB_.PC00.LNK0 as cam0
[0:17:30.166527112] [12319]  INFO Camera camera.cpp:1216 configuring streams: (0) 3256x2448-ABGR8888/sRGB
[0:17:30.166858330] [12320]  INFO SimplePipeline simple.cpp:1570 Input buffer stride ignored by the driver. Requested 6656, got 6528
[0:17:30.166983068] [12320]  INFO Awb awb_grey.cpp:107 No gains curve defined, unable to interpolate gains to colour temperature
[0:17:30.167135851] [12320]  INFO SoftwareIsp software_isp.cpp:300 Input 3264x2448-RGGB-10 stride 6528
[0:17:30.308925224] [12324]  INFO eGL egl.cpp:408 EGL: EGL_VERSION: 1.5
[0:17:30.308981742] [12324]  INFO eGL egl.cpp:409 EGL: EGL_VENDOR: Mesa Project
[0:17:30.308993495] [12324]  INFO eGL egl.cpp:410 EGL: EGL_CLIENT_APIS: OpenGL OpenGL_ES 
[0:17:30.309081958] [12324]  INFO eGL egl.cpp:411 EGL: EGL_EXTENSIONS: EGL_ANDROID_blob_cache EGL_ANDROID_native_fence_sync EGL_EXT_config_select_group EGL_EXT_create_context_robustness EGL_EXT_image_dma_buf_import EGL_EXT_image_dma_buf_import_modifiers EGL_EXT_query_reset_notification_strategy EGL_EXT_surface_compression EGL_IMG_context_priority EGL_KHR_cl_event2 EGL_KHR_config_attribs EGL_KHR_context_flush_control EGL_KHR_create_context EGL_KHR_create_context_no_error EGL_KHR_fence_sync EGL_KHR_get_all_proc_addresses EGL_KHR_gl_colorspace EGL_KHR_gl_renderbuffer_image EGL_KHR_gl_texture_2D_image EGL_KHR_gl_texture_3D_image EGL_KHR_gl_texture_cubemap_image EGL_KHR_image_base EGL_KHR_no_config_context EGL_KHR_partial_update EGL_KHR_reusable_sync EGL_KHR_surfaceless_context EGL_EXT_pixel_format_float EGL_KHR_wait_sync EGL_MESA_configless_context EGL_MESA_drm_image EGL_MESA_gl_interop EGL_MESA_image_dma_buf_export EGL_MESA_query_driver EGL_MESA_x11_native_visual_id EGL_WL_bind_wayland_display 
[0:17:30.315420439] [12324]  INFO eGL egl.cpp:447 EGL: GL_RENDERER: Mesa Intel(R) Graphics (ADL-N)
[0:17:30.315483932] [12324]  INFO eGL egl.cpp:448 EGL: GL_VERSION: OpenGL ES 3.2 Mesa 25.0.7-2+deb13u1
cam0: Capture 90 frames
[0:17:30.575130528] [12324]  INFO Debayer debayer_egl.cpp:523 Importing input DMABuf failed, falling back to upload
1050.532888 (0.00 fps) cam0-stream0 seq: 000000 bytesused: 31961088
	AeExposureMode = 0
	FrameDuration = 41649
	AnalogueGain = 0.000000
	SensorTimestamp = 1050532888000
	ExposureValue = 0.000000
	Gamma = 2.200000
	AeConstraintMode = 0
	AwbEnable = true
	SensorBlackLevels = [ 4096, 4096, 4096, 4096 ]
	AnalogueGainMode = 0
	ColourGains = [ 1.000000, 1.000000 ]
	ExposureTime = 37493
	ColourTemperature = 5000
	ExposureTimeMode = 0
	Contrast = 1.000000
	Saturation = 1.000000
1050.615661 (12.08 fps) cam0-stream0 seq: 000001 bytesused: 31961088
	SensorBlackLevels = [ 3072, 3072, 3072, 3072 ]
	AnalogueGainMode = 0
	Contrast = 1.000000
	Saturation = 1.000000
	AnalogueGain = 6.000000
	ExposureTime = 41599
	FrameDuration = 41649
	ExposureTimeMode = 0
	AeExposureMode = 0
	AeConstraintMode = 0
	Gamma = 2.200000
	ExposureValue = 0.000000
	SensorTimestamp = 1050615661000
1050.657315 (24.01 fps) cam0-stream0 seq: 000002 bytesused: 31961088
	SensorBlackLevels = [ 3072, 3072, 3072, 3072 ]
	AnalogueGainMode = 0
	Contrast = 1.000000
	Saturation = 1.000000
	AnalogueGain = 6.000000
	ExposureTime = 41599
	FrameDuration = 41649
	ExposureTimeMode = 0
	AeExposureMode = 0
	AeConstraintMode = 0
	Gamma = 2.200000
	ExposureValue = 0.000000
	SensorTimestamp = 1050657315000
1050.698971 (24.01 fps) cam0-stream0 seq: 000003 bytesused: 31961088
	SensorBlackLevels = [ 3072, 3072, 3072, 3072 ]
	AnalogueGainMode = 0
	Contrast = 1.000000
	Saturation = 1.000000
	AnalogueGain = 6.000000
	ExposureTime = 41599
	FrameDuration = 41649
	ExposureTimeMode = 0
	AeExposureMode = 0
	AeConstraintMode = 0
	Gamma = 2.200000
	ExposureValue = 0.000000
	SensorTimestamp = 1050698971000
1050.740623 (24.01 fps) cam0-stream0 seq: 000004 bytesused: 31961088
	AeExposureMode = 0
	FrameDuration = 41649
	AnalogueGain = 6.000000
	Saturation = 1.000000
	Contrast = 1.000000
	Gamma = 2.200000
	ExposureTimeMode = 0
	ColourTemperature = 9077
	ExposureTime = 41599
	ColourGains = [ 1.002655, 1.000000 ]
	AwbEnable = true
	AnalogueGainMode = 0
	SensorBlackLevels = [ 3072, 3072, 3072, 3072 ]
	AeConstraintMode = 0
	ExposureValue = 0.000000
	SensorTimestamp = 1050740623000
1050.782279 (24.01 fps) cam0-stream0 seq: 000005 bytesused: 31961088
	SensorBlackLevels = [ 3072, 3072, 3072, 3072 ]
	AnalogueGainMode = 0
	Contrast = 1.000000
	Saturation = 1.000000
	AnalogueGain = 6.000000
	ExposureTime = 41599
	FrameDuration = 41649
	ExposureTimeMode = 0
	AeExposureMode = 0
	AeConstraintMode = 0
	Gamma = 2.200000
	ExposureValue = 0.000000
	SensorTimestamp = 1050782279000
1050.827836 (21.95 fps) cam0-stream0 seq: 000006 bytesused: 31961088
	SensorBlackLevels = [ 3072, 3072, 3072, 3072 ]
	AnalogueGainMode = 0
	Contrast = 1.000000
	Saturation = 1.000000
	AnalogueGain = 0.000000
	ExposureTime = 39396
	FrameDuration = 41649
	ExposureTimeMode = 0
	AeExposureMode = 0
	AeConstraintMode = 0
	Gamma = 2.200000
	ExposureValue = 0.000000
	SensorTimestamp = 1050827836000
1050.869492 (24.01 fps) cam0-stream0 seq: 000007 bytesused: 31961088
	SensorBlackLevels = [ 3072, 3072, 3072, 3072 ]
	AnalogueGainMode = 0
	Contrast = 1.000000
	Saturation = 1.000000
	AnalogueGain = 0.000000
	ExposureTime = 39396
	FrameDuration = 41649
	ExposureTimeMode = 0
	AeExposureMode = 0
	AeConstraintMode = 0
	Gamma = 2.200000
	ExposureValue = 0.000000
	SensorTimestamp = 1050869492000
1050.911145 (24.01 fps) cam0-stream0 seq: 000008 bytesused: 31961088
	AeExposureMode = 0
	FrameDuration = 41649
	AnalogueGain = 0.000000
	Saturation = 1.000000
	Contrast = 1.000000
	Gamma = 2.200000
	ExposureTimeMode = 0
	ColourTemperature = 9384
	ExposureTime = 39396
	ColourGains = [ 1.164441, 1.019724 ]
	AwbEnable = true
	AnalogueGainMode = 0
	SensorBlackLevels = [ 3072, 3072, 3072, 3072 ]
	AeConstraintMode = 0
	ExposureValue = 0.000000
	SensorTimestamp = 1050911145000
1050.952797 (24.01 fps) cam0-stream0 seq: 000009 bytesused: 31961088
	SensorBlackLevels = [ 3072, 3072, 3072, 3072 ]
	AnalogueGainMode = 0
	Contrast = 1.000000
	Saturation = 1.000000
	AnalogueGain = 6.000000
	ExposureTime = 41599
	FrameDuration = 41649
	ExposureTimeMode = 0
	AeExposureMode = 0
	AeConstraintMode = 0
	Gamma = 2.200000
	ExposureValue = 0.000000
	SensorTimestamp = 1050952797000
1050.994452 (24.01 fps) cam0-stream0 seq: 000010 bytesused: 31961088
	SensorBlackLevels = [ 3072, 3072, 3072, 3072 ]
	AnalogueGainMode = 0
	Contrast = 1.000000
	Saturation = 1.000000
	AnalogueGain = 6.000000
	ExposureTime = 41599
	FrameDuration = 41649
	ExposureTimeMode = 0
	AeExposureMode = 0
	AeConstraintMode = 0
	Gamma = 2.200000
	ExposureValue = 0.000000
	SensorTimestamp = 1050994452000
1051.036105 (24.01 fps) cam0-stream0 seq: 000011 bytesused: 31961088
	SensorBlackLevels = [ 3072, 3072, 3072, 3072 ]
	AnalogueGainMode = 0
	Contrast = 1.000000
	Saturation = 1.000000
	AnalogueGain = 6.000000
	ExposureTime = 41599
	FrameDuration = 41649
	ExposureTimeMode = 0
	AeExposureMode = 0
	AeConstraintMode = 0
	Gamma = 2.200000
	ExposureValue = 0.000000
	SensorTimestamp = 1051036105000
1051.077759 (24.01 fps) cam0-stream0 seq: 000012 bytesused: 31961088
	AeExposureMode = 0
	FrameDuration = 41649
	AnalogueGain = 6.000000
	Saturation = 1.000000
	Contrast = 1.000000
	Gamma = 2.200000
	ExposureTimeMode = 0
	ColourTemperature = 9418
	ExposureTime = 41599
	ColourGains = [ 1.297852, 1.035529 ]
	AwbEnable = true
	AnalogueGainMode = 0
	SensorBlackLevels = [ 3072, 3072, 3072, 3072 ]
	AeConstraintMode = 0
	ExposureValue = 0.000000
	SensorTimestamp = 1051077759000
1051.119417 (24.00 fps) cam0-stream0 seq: 000013 bytesused: 31961088
	SensorBlackLevels = [ 3072, 3072, 3072, 3072 ]
	AnalogueGainMode = 0
	Contrast = 1.000000
	Saturation = 1.000000
	AnalogueGain = 0.000000
	ExposureTime = 41599
	FrameDuration = 41649
	ExposureTimeMode = 0
	AeExposureMode = 0
	AeConstraintMode = 0
	Gamma = 2.200000
	ExposureValue = 0.000000
	SensorTimestamp = 1051119417000
1051.163071 (22.91 fps) cam0-stream0 seq: 000014 bytesused: 31961088
	SensorBlackLevels = [ 3072, 3072, 3072, 3072 ]
	AnalogueGainMode = 0
	Contrast = 1.000000
	Saturation = 1.000000
	AnalogueGain = 0.000000
	ExposureTime = 41599
	FrameDuration = 41649
	ExposureTimeMode = 0
	AeExposureMode = 0
	AeConstraintMode = 0
	Gamma = 2.200000
	ExposureValue = 0.000000
	SensorTimestamp = 1051163071000
1051.204726 (24.01 fps) cam0-stream0 seq: 000015 bytesused: 31961088
	SensorBlackLevels = [ 3072, 3072, 3072, 3072 ]
	AnalogueGainMode = 0
	Contrast = 1.000000
	Saturation = 1.000000
	AnalogueGain = 0.000000
	ExposureTime = 41599
	FrameDuration = 41649
	ExposureTimeMode = 0
	AeExposureMode = 0
	AeConstraintMode = 0
	Gamma = 2.200000
	ExposureValue = 0.000000
	SensorTimestamp = 1051204726000
1051.246380 (24.01 fps) cam0-stream0 seq: 000016 bytesused: 31961088
	AeExposureMode = 0
	FrameDuration = 41649
	AnalogueGain = 0.000000
	Saturation = 1.000000
	Contrast = 1.000000
	Gamma = 2.200000
	ExposureTimeMode = 0
	ColourTemperature = 9343
	ExposureTime = 41599
	ColourGains = [ 1.313188, 1.039130 ]
	AwbEnable = true
	AnalogueGainMode = 0
	SensorBlackLevels = [ 3072, 3072, 3072, 3072 ]
	AeConstraintMode = 0
	ExposureValue = 0.000000
	SensorTimestamp = 1051246380000
1051.288031 (24.01 fps) cam0-stream0 seq: 000017 bytesused: 31961088
	SensorBlackLevels = [ 3072, 3072, 3072, 3072 ]
	AnalogueGainMode = 0
	Contrast = 1.000000
	Saturation = 1.000000
	AnalogueGain = 6.000000
	ExposureTime = 41599
	FrameDuration = 41649
	ExposureTimeMode = 0
	AeExposureMode = 0
	AeConstraintMode = 0
	Gamma = 2.200000
	ExposureValue = 0.000000
	SensorTimestamp = 1051288031000
1051.329686 (24.01 fps) cam0-stream0 seq: 000018 bytesused: 31961088
	SensorBlackLevels = [ 3072, 3072, 3072, 3072 ]
	AnalogueGainMode = 0
	Contrast = 1.000000
	Saturation = 1.000000
	AnalogueGain = 6.000000
	ExposureTime = 41599
	FrameDuration = 41649
	ExposureTimeMode = 0
	AeExposureMode = 0
	AeConstraintMode = 0
	Gamma = 2.200000
	ExposureValue = 0.000000
	SensorTimestamp = 1051329686000
1051.371342 (24.01 fps) cam0-stream0 seq: 000019 bytesused: 31961088
	SensorBlackLevels = [ 3072, 3072, 3072, 3072 ]
	AnalogueGainMode = 0
	Contrast = 1.000000
	Saturation = 1.000000
	AnalogueGain = 6.000000
	ExposureTime = 41599
	FrameDuration = 41649
	ExposureTimeMode = 0
	AeExposureMode = 0
	AeConstraintMode = 0
	Gamma = 2.200000
	ExposureValue = 0.000000
	SensorTimestamp = 1051371342000
1051.412995 (24.01 fps) cam0-stream0 seq: 000020 bytesused: 31961088
	AeExposureMode = 0
	FrameDuration = 41649
	AnalogueGain = 6.000000
	Saturation = 1.000000
	Contrast = 1.000000
	Gamma = 2.200000
	ExposureTimeMode = 0
	ColourTemperature = 9442
	ExposureTime = 41599
	ColourGains = [ 1.415714, 1.050749 ]
	AwbEnable = true
	AnalogueGainMode = 0
	SensorBlackLevels = [ 3072, 3072, 3072, 3072 ]
	AeConstraintMode = 0
	ExposureValue = 0.000000
	SensorTimestamp = 1051412995000
1051.454648 (24.01 fps) cam0-stream0 seq: 000021 bytesused: 31961088
	SensorBlackLevels = [ 3072, 3072, 3072, 3072 ]
	AnalogueGainMode = 0
	Contrast = 1.000000
	Saturation = 1.000000
	AnalogueGain = 1.000000
	ExposureTime = 41599
	FrameDuration = 41649
	ExposureTimeMode = 0
	AeExposureMode = 0
	AeConstraintMode = 0
	Gamma = 2.200000
	ExposureValue = 0.000000
	SensorTimestamp = 1051454648000
1051.496305 (24.01 fps) cam0-stream0 seq: 000022 bytesused: 31961088
	SensorBlackLevels = [ 3072, 3072, 3072, 3072 ]
	AnalogueGainMode = 0
	Contrast = 1.000000
	Saturation = 1.000000
	AnalogueGain = 1.000000
	ExposureTime = 41599
	FrameDuration = 41649
	ExposureTimeMode = 0
	AeExposureMode = 0
	AeConstraintMode = 0
	Gamma = 2.200000
	ExposureValue = 0.000000
	SensorTimestamp = 1051496305000
1051.537956 (24.01 fps) cam0-stream0 seq: 000023 bytesused: 31961088
	SensorBlackLevels = [ 3072, 3072, 3072, 3072 ]
	AnalogueGainMode = 0
	Contrast = 1.000000
	Saturation = 1.000000
	AnalogueGain = 1.000000
	ExposureTime = 41599
	FrameDuration = 41649
	ExposureTimeMode = 0
	AeExposureMode = 0
	AeConstraintMode = 0
	Gamma = 2.200000
	ExposureValue = 0.000000
	SensorTimestamp = 1051537956000
1051.579610 (24.01 fps) cam0-stream0 seq: 000024 bytesused: 31961088
	AeExposureMode = 0
	FrameDuration = 41649
	AnalogueGain = 1.000000
	Saturation = 1.000000
	Contrast = 1.000000
	Gamma = 2.200000
	ExposureTimeMode = 0
	ColourTemperature = 9287
	ExposureTime = 41599
	ColourGains = [ 1.410690, 1.052152 ]
	AwbEnable = true
	AnalogueGainMode = 0
	SensorBlackLevels = [ 3072, 3072, 3072, 3072 ]
	AeConstraintMode = 0
	ExposureValue = 0.000000
	SensorTimestamp = 1051579610000
1051.621265 (24.01 fps) cam0-stream0 seq: 000025 bytesused: 31961088
	SensorBlackLevels = [ 3072, 3072, 3072, 3072 ]
	AnalogueGainMode = 0
	Contrast = 1.000000
	Saturation = 1.000000
	AnalogueGain = 6.000000
	ExposureTime = 41599
	FrameDuration = 41649
	ExposureTimeMode = 0
	AeExposureMode = 0
	AeConstraintMode = 0
	Gamma = 2.200000
	ExposureValue = 0.000000
	SensorTimestamp = 1051621265000
1051.662920 (24.01 fps) cam0-stream0 seq: 000026 bytesused: 31961088
	SensorBlackLevels = [ 3072, 3072, 3072, 3072 ]
	AnalogueGainMode = 0
	Contrast = 1.000000
	Saturation = 1.000000
	AnalogueGain = 6.000000
	ExposureTime = 41599
	FrameDuration = 41649
	ExposureTimeMode = 0
	AeExposureMode = 0
	AeConstraintMode = 0
	Gamma = 2.200000
	ExposureValue = 0.000000
	SensorTimestamp = 1051662920000
1051.704573 (24.01 fps) cam0-stream0 seq: 000027 bytesused: 31961088
	SensorBlackLevels = [ 3072, 3072, 3072, 3072 ]
	AnalogueGainMode = 0
	Contrast = 1.000000
	Saturation = 1.000000
	AnalogueGain = 6.000000
	ExposureTime = 41599
	FrameDuration = 41649
	ExposureTimeMode = 0
	AeExposureMode = 0
	AeConstraintMode = 0
	Gamma = 2.200000
	ExposureValue = 0.000000
	SensorTimestamp = 1051704573000
1051.746226 (24.01 fps) cam0-stream0 seq: 000028 bytesused: 31961088
	AeExposureMode = 0
	FrameDuration = 41649
	AnalogueGain = 6.000000
	Saturation = 1.000000
	Contrast = 1.000000
	Gamma = 2.200000
	ExposureTimeMode = 0
	ColourTemperature = 9409
	ExposureTime = 41599
	ColourGains = [ 1.493516, 1.061445 ]
	AwbEnable = true
	AnalogueGainMode = 0
	SensorBlackLevels = [ 3072, 3072, 3072, 3072 ]
	AeConstraintMode = 0
	ExposureValue = 0.000000
	SensorTimestamp = 1051746226000
1051.787881 (24.01 fps) cam0-stream0 seq: 000029 bytesused: 31961088
	SensorBlackLevels = [ 3072, 3072, 3072, 3072 ]
	AnalogueGainMode = 0
	Contrast = 1.000000
	Saturation = 1.000000
	AnalogueGain = 2.000000
	ExposureTime = 41599
	FrameDuration = 41649
	ExposureTimeMode = 0
	AeExposureMode = 0
	AeConstraintMode = 0
	Gamma = 2.200000
	ExposureValue = 0.000000
	SensorTimestamp = 1051787881000
1051.829535 (24.01 fps) cam0-stream0 seq: 000030 bytesused: 31961088
	SensorBlackLevels = [ 3072, 3072, 3072, 3072 ]
	AnalogueGainMode = 0
	Contrast = 1.000000
	Saturation = 1.000000
	AnalogueGain = 2.000000
	ExposureTime = 41599
	FrameDuration = 41649
	ExposureTimeMode = 0
	AeExposureMode = 0
	AeConstraintMode = 0
	Gamma = 2.200000
	ExposureValue = 0.000000
	SensorTimestamp = 1051829535000
1051.871188 (24.01 fps) cam0-stream0 seq: 000031 bytesused: 31961088
	SensorBlackLevels = [ 3072, 3072, 3072, 3072 ]
	AnalogueGainMode = 0
	Contrast = 1.000000
	Saturation = 1.000000
	AnalogueGain = 2.000000
	ExposureTime = 41599
	FrameDuration = 41649
	ExposureTimeMode = 0
	AeExposureMode = 0
	AeConstraintMode = 0
	Gamma = 2.200000
	ExposureValue = 0.000000
	SensorTimestamp = 1051871188000
1051.912844 (24.01 fps) cam0-stream0 seq: 000032 bytesused: 31961088
	AeExposureMode = 0
	FrameDuration = 41649
	AnalogueGain = 2.000000
	Saturation = 1.000000
	Contrast = 1.000000
	Gamma = 2.200000
	ExposureTimeMode = 0
	ColourTemperature = 9352
	ExposureTime = 41599
	ColourGains = [ 1.484607, 1.061722 ]
	AwbEnable = true
	AnalogueGainMode = 0
	SensorBlackLevels = [ 3072, 3072, 3072, 3072 ]
	AeConstraintMode = 0
	ExposureValue = 0.000000
	SensorTimestamp = 1051912844000
1051.954496 (24.01 fps) cam0-stream0 seq: 000033 bytesused: 31961088
	SensorBlackLevels = [ 3072, 3072, 3072, 3072 ]
	AnalogueGainMode = 0
	Contrast = 1.000000
	Saturation = 1.000000
	AnalogueGain = 6.000000
	ExposureTime = 41599
	FrameDuration = 41649
	ExposureTimeMode = 0
	AeExposureMode = 0
	AeConstraintMode = 0
	Gamma = 2.200000
	ExposureValue = 0.000000
	SensorTimestamp = 1051954496000
1051.996152 (24.01 fps) cam0-stream0 seq: 000034 bytesused: 31961088
	SensorBlackLevels = [ 3072, 3072, 3072, 3072 ]
	AnalogueGainMode = 0
	Contrast = 1.000000
	Saturation = 1.000000
	AnalogueGain = 6.000000
	ExposureTime = 41599
	FrameDuration = 41649
	ExposureTimeMode = 0
	AeExposureMode = 0
	AeConstraintMode = 0
	Gamma = 2.200000
	ExposureValue = 0.000000
	SensorTimestamp = 1051996152000
1052.037804 (24.01 fps) cam0-stream0 seq: 000035 bytesused: 31961088
	SensorBlackLevels = [ 3072, 3072, 3072, 3072 ]
	AnalogueGainMode = 0
	Contrast = 1.000000
	Saturation = 1.000000
	AnalogueGain = 6.000000
	ExposureTime = 41599
	FrameDuration = 41649
	ExposureTimeMode = 0
	AeExposureMode = 0
	AeConstraintMode = 0
	Gamma = 2.200000
	ExposureValue = 0.000000
	SensorTimestamp = 1052037804000
1052.079457 (24.01 fps) cam0-stream0 seq: 000036 bytesused: 31961088
	AeExposureMode = 0
	FrameDuration = 41649
	AnalogueGain = 6.000000
	Saturation = 1.000000
	Contrast = 1.000000
	Gamma = 2.200000
	ExposureTimeMode = 0
	ColourTemperature = 9417
	ExposureTime = 41599
	ColourGains = [ 1.552865, 1.069049 ]
	AwbEnable = true
	AnalogueGainMode = 0
	SensorBlackLevels = [ 3072, 3072, 3072, 3072 ]
	AeConstraintMode = 0
	ExposureValue = 0.000000
	SensorTimestamp = 1052079457000
1052.121112 (24.01 fps) cam0-stream0 seq: 000037 bytesused: 31961088
	SensorBlackLevels = [ 3072, 3072, 3072, 3072 ]
	AnalogueGainMode = 0
	Contrast = 1.000000
	Saturation = 1.000000
	AnalogueGain = 3.000000
	ExposureTime = 41599
	FrameDuration = 41649
	ExposureTimeMode = 0
	AeExposureMode = 0
	AeConstraintMode = 0
	Gamma = 2.200000
	ExposureValue = 0.000000
	SensorTimestamp = 1052121112000
1052.162765 (24.01 fps) cam0-stream0 seq: 000038 bytesused: 31961088
	SensorBlackLevels = [ 3072, 3072, 3072, 3072 ]
	AnalogueGainMode = 0
	Contrast = 1.000000
	Saturation = 1.000000
	AnalogueGain = 3.000000
	ExposureTime = 41599
	FrameDuration = 41649
	ExposureTimeMode = 0
	AeExposureMode = 0
	AeConstraintMode = 0
	Gamma = 2.200000
	ExposureValue = 0.000000
	SensorTimestamp = 1052162765000
1052.204419 (24.01 fps) cam0-stream0 seq: 000039 bytesused: 31961088
	SensorBlackLevels = [ 3072, 3072, 3072, 3072 ]
	AnalogueGainMode = 0
	Contrast = 1.000000
	Saturation = 1.000000
	AnalogueGain = 3.000000
	ExposureTime = 41599
	FrameDuration = 41649
	ExposureTimeMode = 0
	AeExposureMode = 0
	AeConstraintMode = 0
	Gamma = 2.200000
	ExposureValue = 0.000000
	SensorTimestamp = 1052204419000
1052.246077 (24.00 fps) cam0-stream0 seq: 000040 bytesused: 31961088
	AeExposureMode = 0
	FrameDuration = 41649
	AnalogueGain = 3.000000
	Saturation = 1.000000
	Contrast = 1.000000
	Gamma = 2.200000
	ExposureTimeMode = 0
	ColourTemperature = 9517
	ExposureTime = 41599
	ColourGains = [ 1.547131, 1.068306 ]
	AwbEnable = true
	AnalogueGainMode = 0
	SensorBlackLevels = [ 3072, 3072, 3072, 3072 ]
	AeConstraintMode = 0
	ExposureValue = 0.000000
	SensorTimestamp = 1052246077000
1052.287729 (24.01 fps) cam0-stream0 seq: 000041 bytesused: 31961088
	SensorBlackLevels = [ 3072, 3072, 3072, 3072 ]
	AnalogueGainMode = 0
	Contrast = 1.000000
	Saturation = 1.000000
	AnalogueGain = 6.000000
	ExposureTime = 41599
	FrameDuration = 41649
	ExposureTimeMode = 0
	AeExposureMode = 0
	AeConstraintMode = 0
	Gamma = 2.200000
	ExposureValue = 0.000000
	SensorTimestamp = 1052287729000
1052.329382 (24.01 fps) cam0-stream0 seq: 000042 bytesused: 31961088
	SensorBlackLevels = [ 3072, 3072, 3072, 3072 ]
	AnalogueGainMode = 0
	Contrast = 1.000000
	Saturation = 1.000000
	AnalogueGain = 6.000000
	ExposureTime = 41599
	FrameDuration = 41649
	ExposureTimeMode = 0
	AeExposureMode = 0
	AeConstraintMode = 0
	Gamma = 2.200000
	ExposureValue = 0.000000
	SensorTimestamp = 1052329382000
1052.371038 (24.01 fps) cam0-stream0 seq: 000043 bytesused: 31961088
	SensorBlackLevels = [ 3072, 3072, 3072, 3072 ]
	AnalogueGainMode = 0
	Contrast = 1.000000
	Saturation = 1.000000
	AnalogueGain = 6.000000
	ExposureTime = 41599
	FrameDuration = 41649
	ExposureTimeMode = 0
	AeExposureMode = 0
	AeConstraintMode = 0
	Gamma = 2.200000
	ExposureValue = 0.000000
	SensorTimestamp = 1052371038000
1052.412692 (24.01 fps) cam0-stream0 seq: 000044 bytesused: 31961088
	AeExposureMode = 0
	FrameDuration = 41649
	AnalogueGain = 6.000000
	Saturation = 1.000000
	Contrast = 1.000000
	Gamma = 2.200000
	ExposureTimeMode = 0
	ColourTemperature = 9399
	ExposureTime = 41599
	ColourGains = [ 1.602698, 1.074461 ]
	AwbEnable = true
	AnalogueGainMode = 0
	SensorBlackLevels = [ 3072, 3072, 3072, 3072 ]
	AeConstraintMode = 0
	ExposureValue = 0.000000
	SensorTimestamp = 1052412692000
1052.454346 (24.01 fps) cam0-stream0 seq: 000045 bytesused: 31961088
	SensorBlackLevels = [ 3072, 3072, 3072, 3072 ]
	AnalogueGainMode = 0
	Contrast = 1.000000
	Saturation = 1.000000
	AnalogueGain = 4.000000
	ExposureTime = 41599
	FrameDuration = 41649
	ExposureTimeMode = 0
	AeExposureMode = 0
	AeConstraintMode = 0
	Gamma = 2.200000
	ExposureValue = 0.000000
	SensorTimestamp = 1052454346000
1052.495999 (24.01 fps) cam0-stream0 seq: 000046 bytesused: 31961088
	SensorBlackLevels = [ 3072, 3072, 3072, 3072 ]
	AnalogueGainMode = 0
	Contrast = 1.000000
	Saturation = 1.000000
	AnalogueGain = 4.000000
	ExposureTime = 41599
	FrameDuration = 41649
	ExposureTimeMode = 0
	AeExposureMode = 0
	AeConstraintMode = 0
	Gamma = 2.200000
	ExposureValue = 0.000000
	SensorTimestamp = 1052495999000
1052.537651 (24.01 fps) cam0-stream0 seq: 000047 bytesused: 31961088
	SensorBlackLevels = [ 3072, 3072, 3072, 3072 ]
	AnalogueGainMode = 0
	Contrast = 1.000000
	Saturation = 1.000000
	AnalogueGain = 4.000000
	ExposureTime = 41599
	FrameDuration = 41649
	ExposureTimeMode = 0
	AeExposureMode = 0
	AeConstraintMode = 0
	Gamma = 2.200000
	ExposureValue = 0.000000
	SensorTimestamp = 1052537651000
1052.579308 (24.01 fps) cam0-stream0 seq: 000048 bytesused: 31961088
	AeExposureMode = 0
	FrameDuration = 41649
	AnalogueGain = 4.000000
	Saturation = 1.000000
	Contrast = 1.000000
	Gamma = 2.200000
	ExposureTimeMode = 0
	ColourTemperature = 9384
	ExposureTime = 41599
	ColourGains = [ 1.599559, 1.075045 ]
	AwbEnable = true
	AnalogueGainMode = 0
	SensorBlackLevels = [ 3072, 3072, 3072, 3072 ]
	AeConstraintMode = 0
	ExposureValue = 0.000000
	SensorTimestamp = 1052579308000
1052.620960 (24.01 fps) cam0-stream0 seq: 000049 bytesused: 31961088
	SensorBlackLevels = [ 3072, 3072, 3072, 3072 ]
	AnalogueGainMode = 0
	Contrast = 1.000000
	Saturation = 1.000000
	AnalogueGain = 6.000000
	ExposureTime = 41599
	FrameDuration = 41649
	ExposureTimeMode = 0
	AeExposureMode = 0
	AeConstraintMode = 0
	Gamma = 2.200000
	ExposureValue = 0.000000
	SensorTimestamp = 1052620960000
1052.662615 (24.01 fps) cam0-stream0 seq: 000050 bytesused: 31961088
	SensorBlackLevels = [ 3072, 3072, 3072, 3072 ]
	AnalogueGainMode = 0
	Contrast = 1.000000
	Saturation = 1.000000
	AnalogueGain = 6.000000
	ExposureTime = 41599
	FrameDuration = 41649
	ExposureTimeMode = 0
	AeExposureMode = 0
	AeConstraintMode = 0
	Gamma = 2.200000
	ExposureValue = 0.000000
	SensorTimestamp = 1052662615000
1052.704268 (24.01 fps) cam0-stream0 seq: 000051 bytesused: 31961088
	SensorBlackLevels = [ 3072, 3072, 3072, 3072 ]
	AnalogueGainMode = 0
	Contrast = 1.000000
	Saturation = 1.000000
	AnalogueGain = 6.000000
	ExposureTime = 41599
	FrameDuration = 41649
	ExposureTimeMode = 0
	AeExposureMode = 0
	AeConstraintMode = 0
	Gamma = 2.200000
	ExposureValue = 0.000000
	SensorTimestamp = 1052704268000
1052.745923 (24.01 fps) cam0-stream0 seq: 000052 bytesused: 31961088
	AeExposureMode = 0
	FrameDuration = 41649
	AnalogueGain = 6.000000
	Saturation = 1.000000
	Contrast = 1.000000
	Gamma = 2.200000
	ExposureTimeMode = 0
	ColourTemperature = 9433
	ExposureTime = 41599
	ColourGains = [ 1.644569, 1.079534 ]
	AwbEnable = true
	AnalogueGainMode = 0
	SensorBlackLevels = [ 3072, 3072, 3072, 3072 ]
	AeConstraintMode = 0
	ExposureValue = 0.000000
	SensorTimestamp = 1052745923000
1052.787576 (24.01 fps) cam0-stream0 seq: 000053 bytesused: 31961088
	SensorBlackLevels = [ 3072, 3072, 3072, 3072 ]
	AnalogueGainMode = 0
	Contrast = 1.000000
	Saturation = 1.000000
	AnalogueGain = 5.000000
	ExposureTime = 41599
	FrameDuration = 41649
	ExposureTimeMode = 0
	AeExposureMode = 0
	AeConstraintMode = 0
	Gamma = 2.200000
	ExposureValue = 0.000000
	SensorTimestamp = 1052787576000
1052.829229 (24.01 fps) cam0-stream0 seq: 000054 bytesused: 31961088
	SensorBlackLevels = [ 3072, 3072, 3072, 3072 ]
	AnalogueGainMode = 0
	Contrast = 1.000000
	Saturation = 1.000000
	AnalogueGain = 5.000000
	ExposureTime = 41599
	FrameDuration = 41649
	ExposureTimeMode = 0
	AeExposureMode = 0
	AeConstraintMode = 0
	Gamma = 2.200000
	ExposureValue = 0.000000
	SensorTimestamp = 1052829229000
1052.870885 (24.01 fps) cam0-stream0 seq: 000055 bytesused: 31961088
	SensorBlackLevels = [ 3072, 3072, 3072, 3072 ]
	AnalogueGainMode = 0
	Contrast = 1.000000
	Saturation = 1.000000
	AnalogueGain = 5.000000
	ExposureTime = 41599
	FrameDuration = 41649
	ExposureTimeMode = 0
	AeExposureMode = 0
	AeConstraintMode = 0
	Gamma = 2.200000
	ExposureValue = 0.000000
	SensorTimestamp = 1052870885000
1052.912537 (24.01 fps) cam0-stream0 seq: 000056 bytesused: 31961088
	AeExposureMode = 0
	FrameDuration = 41649
	AnalogueGain = 5.000000
	Saturation = 1.000000
	Contrast = 1.000000
	Gamma = 2.200000
	ExposureTimeMode = 0
	ColourTemperature = 9470
	ExposureTime = 41599
	ColourGains = [ 1.649122, 1.080010 ]
	AwbEnable = true
	AnalogueGainMode = 0
	SensorBlackLevels = [ 3072, 3072, 3072, 3072 ]
	AeConstraintMode = 0
	ExposureValue = 0.000000
	SensorTimestamp = 1052912537000
1052.954193 (24.01 fps) cam0-stream0 seq: 000057 bytesused: 31961088
	SensorBlackLevels = [ 3072, 3072, 3072, 3072 ]
	AnalogueGainMode = 0
	Contrast = 1.000000
	Saturation = 1.000000
	AnalogueGain = 6.000000
	ExposureTime = 41599
	FrameDuration = 41649
	ExposureTimeMode = 0
	AeExposureMode = 0
	AeConstraintMode = 0
	Gamma = 2.200000
	ExposureValue = 0.000000
	SensorTimestamp = 1052954193000
1052.995847 (24.01 fps) cam0-stream0 seq: 000058 bytesused: 31961088
	SensorBlackLevels = [ 3072, 3072, 3072, 3072 ]
	AnalogueGainMode = 0
	Contrast = 1.000000
	Saturation = 1.000000
	AnalogueGain = 6.000000
	ExposureTime = 41599
	FrameDuration = 41649
	ExposureTimeMode = 0
	AeExposureMode = 0
	AeConstraintMode = 0
	Gamma = 2.200000
	ExposureValue = 0.000000
	SensorTimestamp = 1052995847000
[0:17:33.111320882] [12324]  INFO Benchmark benchmark.cpp:89 Debayer processed 30 frames in 938065us, 31268 us/frame
1053.037502 (24.01 fps) cam0-stream0 seq: 000059 bytesused: 31961088
	SensorBlackLevels = [ 3072, 3072, 3072, 3072 ]
	AnalogueGainMode = 0
	Contrast = 1.000000
	Saturation = 1.000000
	AnalogueGain = 6.000000
	ExposureTime = 41599
	FrameDuration = 41649
	ExposureTimeMode = 0
	AeExposureMode = 0
	AeConstraintMode = 0
	Gamma = 2.200000
	ExposureValue = 0.000000
	SensorTimestamp = 1053037502000
1053.079155 (24.01 fps) cam0-stream0 seq: 000060 bytesused: 31961088
	AeExposureMode = 0
	FrameDuration = 41649
	AnalogueGain = 6.000000
	Saturation = 1.000000
	Contrast = 1.000000
	Gamma = 2.200000
	ExposureTimeMode = 0
	ColourTemperature = 9433
	ExposureTime = 41599
	ColourGains = [ 1.684052, 1.083498 ]
	AwbEnable = true
	AnalogueGainMode = 0
	SensorBlackLevels = [ 3072, 3072, 3072, 3072 ]
	AeConstraintMode = 0
	ExposureValue = 0.000000
	SensorTimestamp = 1053079155000
1053.120807 (24.01 fps) cam0-stream0 seq: 000061 bytesused: 31961088
	SensorBlackLevels = [ 3072, 3072, 3072, 3072 ]
	AnalogueGainMode = 0
	Contrast = 1.000000
	Saturation = 1.000000
	AnalogueGain = 6.000000
	ExposureTime = 41599
	FrameDuration = 41649
	ExposureTimeMode = 0
	AeExposureMode = 0
	AeConstraintMode = 0
	Gamma = 2.200000
	ExposureValue = 0.000000
	SensorTimestamp = 1053120807000
1053.162461 (24.01 fps) cam0-stream0 seq: 000062 bytesused: 31961088
	SensorBlackLevels = [ 3072, 3072, 3072, 3072 ]
	AnalogueGainMode = 0
	Contrast = 1.000000
	Saturation = 1.000000
	AnalogueGain = 6.000000
	ExposureTime = 41599
	FrameDuration = 41649
	ExposureTimeMode = 0
	AeExposureMode = 0
	AeConstraintMode = 0
	Gamma = 2.200000
	ExposureValue = 0.000000
	SensorTimestamp = 1053162461000
1053.204117 (24.01 fps) cam0-stream0 seq: 000063 bytesused: 31961088
	SensorBlackLevels = [ 3072, 3072, 3072, 3072 ]
	AnalogueGainMode = 0
	Contrast = 1.000000
	Saturation = 1.000000
	AnalogueGain = 6.000000
	ExposureTime = 41599
	FrameDuration = 41649
	ExposureTimeMode = 0
	AeExposureMode = 0
	AeConstraintMode = 0
	Gamma = 2.200000
	ExposureValue = 0.000000
	SensorTimestamp = 1053204117000
1053.245770 (24.01 fps) cam0-stream0 seq: 000064 bytesused: 31961088
	AeExposureMode = 0
	FrameDuration = 41649
	AnalogueGain = 6.000000
	Saturation = 1.000000
	Contrast = 1.000000
	Gamma = 2.200000
	ExposureTimeMode = 0
	ColourTemperature = 9398
	ExposureTime = 41599
	ColourGains = [ 1.694131, 1.085051 ]
	AwbEnable = true
	AnalogueGainMode = 0
	SensorBlackLevels = [ 3072, 3072, 3072, 3072 ]
	AeConstraintMode = 0
	ExposureValue = 0.000000
	SensorTimestamp = 1053245770000
1053.287425 (24.01 fps) cam0-stream0 seq: 000065 bytesused: 31961088
	SensorBlackLevels = [ 3072, 3072, 3072, 3072 ]
	AnalogueGainMode = 0
	Contrast = 1.000000
	Saturation = 1.000000
	AnalogueGain = 6.000000
	ExposureTime = 41599
	FrameDuration = 41649
	ExposureTimeMode = 0
	AeExposureMode = 0
	AeConstraintMode = 0
	Gamma = 2.200000
	ExposureValue = 0.000000
	SensorTimestamp = 1053287425000
1053.329077 (24.01 fps) cam0-stream0 seq: 000066 bytesused: 31961088
	SensorBlackLevels = [ 3072, 3072, 3072, 3072 ]
	AnalogueGainMode = 0
	Contrast = 1.000000
	Saturation = 1.000000
	AnalogueGain = 6.000000
	ExposureTime = 41599
	FrameDuration = 41649
	ExposureTimeMode = 0
	AeExposureMode = 0
	AeConstraintMode = 0
	Gamma = 2.200000
	ExposureValue = 0.000000
	SensorTimestamp = 1053329077000
1053.370734 (24.01 fps) cam0-stream0 seq: 000067 bytesused: 31961088
	SensorBlackLevels = [ 3072, 3072, 3072, 3072 ]
	AnalogueGainMode = 0
	Contrast = 1.000000
	Saturation = 1.000000
	AnalogueGain = 6.000000
	ExposureTime = 41599
	FrameDuration = 41649
	ExposureTimeMode = 0
	AeExposureMode = 0
	AeConstraintMode = 0
	Gamma = 2.200000
	ExposureValue = 0.000000
	SensorTimestamp = 1053370734000
1053.412386 (24.01 fps) cam0-stream0 seq: 000068 bytesused: 31961088
	AeExposureMode = 0
	FrameDuration = 41649
	AnalogueGain = 6.000000
	Saturation = 1.000000
	Contrast = 1.000000
	Gamma = 2.200000
	ExposureTimeMode = 0
	ColourTemperature = 9407
	ExposureTime = 41599
	ColourGains = [ 1.720373, 1.087788 ]
	AwbEnable = true
	AnalogueGainMode = 0
	SensorBlackLevels = [ 3072, 3072, 3072, 3072 ]
	AeConstraintMode = 0
	ExposureValue = 0.000000
	SensorTimestamp = 1053412386000
1053.454040 (24.01 fps) cam0-stream0 seq: 000069 bytesused: 31961088
	SensorBlackLevels = [ 3072, 3072, 3072, 3072 ]
	AnalogueGainMode = 0
	Contrast = 1.000000
	Saturation = 1.000000
	AnalogueGain = 6.000000
	ExposureTime = 41599
	FrameDuration = 41649
	ExposureTimeMode = 0
	AeExposureMode = 0
	AeConstraintMode = 0
	Gamma = 2.200000
	ExposureValue = 0.000000
	SensorTimestamp = 1053454040000
1053.495695 (24.01 fps) cam0-stream0 seq: 000070 bytesused: 31961088
	SensorBlackLevels = [ 3072, 3072, 3072, 3072 ]
	AnalogueGainMode = 0
	Contrast = 1.000000
	Saturation = 1.000000
	AnalogueGain = 6.000000
	ExposureTime = 41599
	FrameDuration = 41649
	ExposureTimeMode = 0
	AeExposureMode = 0
	AeConstraintMode = 0
	Gamma = 2.200000
	ExposureValue = 0.000000
	SensorTimestamp = 1053495695000
1053.537348 (24.01 fps) cam0-stream0 seq: 000071 bytesused: 31961088
	SensorBlackLevels = [ 3072, 3072, 3072, 3072 ]
	AnalogueGainMode = 0
	Contrast = 1.000000
	Saturation = 1.000000
	AnalogueGain = 6.000000
	ExposureTime = 41599
	FrameDuration = 41649
	ExposureTimeMode = 0
	AeExposureMode = 0
	AeConstraintMode = 0
	Gamma = 2.200000
	ExposureValue = 0.000000
	SensorTimestamp = 1053537348000
1053.579000 (24.01 fps) cam0-stream0 seq: 000072 bytesused: 31961088
	AeExposureMode = 0
	FrameDuration = 41649
	AnalogueGain = 6.000000
	Saturation = 1.000000
	Contrast = 1.000000
	Gamma = 2.200000
	ExposureTimeMode = 0
	ColourTemperature = 9412
	ExposureTime = 41599
	ColourGains = [ 1.741417, 1.089941 ]
	AwbEnable = true
	AnalogueGainMode = 0
	SensorBlackLevels = [ 3072, 3072, 3072, 3072 ]
	AeConstraintMode = 0
	ExposureValue = 0.000000
	SensorTimestamp = 1053579000000
1053.620655 (24.01 fps) cam0-stream0 seq: 000073 bytesused: 31961088
	SensorBlackLevels = [ 3072, 3072, 3072, 3072 ]
	AnalogueGainMode = 0
	Contrast = 1.000000
	Saturation = 1.000000
	AnalogueGain = 6.000000
	ExposureTime = 41599
	FrameDuration = 41649
	ExposureTimeMode = 0
	AeExposureMode = 0
	AeConstraintMode = 0
	Gamma = 2.200000
	ExposureValue = 0.000000
	SensorTimestamp = 1053620655000
1053.662312 (24.01 fps) cam0-stream0 seq: 000074 bytesused: 31961088
	SensorBlackLevels = [ 3072, 3072, 3072, 3072 ]
	AnalogueGainMode = 0
	Contrast = 1.000000
	Saturation = 1.000000
	AnalogueGain = 6.000000
	ExposureTime = 41599
	FrameDuration = 41649
	ExposureTimeMode = 0
	AeExposureMode = 0
	AeConstraintMode = 0
	Gamma = 2.200000
	ExposureValue = 0.000000
	SensorTimestamp = 1053662312000
1053.703963 (24.01 fps) cam0-stream0 seq: 000075 bytesused: 31961088
	SensorBlackLevels = [ 3072, 3072, 3072, 3072 ]
	AnalogueGainMode = 0
	Contrast = 1.000000
	Saturation = 1.000000
	AnalogueGain = 6.000000
	ExposureTime = 41599
	FrameDuration = 41649
	ExposureTimeMode = 0
	AeExposureMode = 0
	AeConstraintMode = 0
	Gamma = 2.200000
	ExposureValue = 0.000000
	SensorTimestamp = 1053703963000
1053.745619 (24.01 fps) cam0-stream0 seq: 000076 bytesused: 31961088
	AeExposureMode = 0
	FrameDuration = 41649
	AnalogueGain = 6.000000
	Saturation = 1.000000
	Contrast = 1.000000
	Gamma = 2.200000
	ExposureTimeMode = 0
	ColourTemperature = 9399
	ExposureTime = 41599
	ColourGains = [ 1.758129, 1.091768 ]
	AwbEnable = true
	AnalogueGainMode = 0
	SensorBlackLevels = [ 3072, 3072, 3072, 3072 ]
	AeConstraintMode = 0
	ExposureValue = 0.000000
	SensorTimestamp = 1053745619000
1053.787271 (24.01 fps) cam0-stream0 seq: 000077 bytesused: 31961088
	SensorBlackLevels = [ 3072, 3072, 3072, 3072 ]
	AnalogueGainMode = 0
	Contrast = 1.000000
	Saturation = 1.000000
	AnalogueGain = 6.000000
	ExposureTime = 41599
	FrameDuration = 41649
	ExposureTimeMode = 0
	AeExposureMode = 0
	AeConstraintMode = 0
	Gamma = 2.200000
	ExposureValue = 0.000000
	SensorTimestamp = 1053787271000
1053.828927 (24.01 fps) cam0-stream0 seq: 000078 bytesused: 31961088
	SensorBlackLevels = [ 3072, 3072, 3072, 3072 ]
	AnalogueGainMode = 0
	Contrast = 1.000000
	Saturation = 1.000000
	AnalogueGain = 6.000000
	ExposureTime = 41599
	FrameDuration = 41649
	ExposureTimeMode = 0
	AeExposureMode = 0
	AeConstraintMode = 0
	Gamma = 2.200000
	ExposureValue = 0.000000
	SensorTimestamp = 1053828927000
1053.870582 (24.01 fps) cam0-stream0 seq: 000079 bytesused: 31961088
	SensorBlackLevels = [ 3072, 3072, 3072, 3072 ]
	AnalogueGainMode = 0
	Contrast = 1.000000
	Saturation = 1.000000
	AnalogueGain = 6.000000
	ExposureTime = 41599
	FrameDuration = 41649
	ExposureTimeMode = 0
	AeExposureMode = 0
	AeConstraintMode = 0
	Gamma = 2.200000
	ExposureValue = 0.000000
	SensorTimestamp = 1053870582000
1053.912235 (24.01 fps) cam0-stream0 seq: 000080 bytesused: 31961088
	AeExposureMode = 0
	FrameDuration = 41649
	AnalogueGain = 6.000000
	Saturation = 1.000000
	Contrast = 1.000000
	Gamma = 2.200000
	ExposureTimeMode = 0
	ColourTemperature = 9406
	ExposureTime = 41599
	ColourGains = [ 1.771477, 1.093165 ]
	AwbEnable = true
	AnalogueGainMode = 0
	SensorBlackLevels = [ 3072, 3072, 3072, 3072 ]
	AeConstraintMode = 0
	ExposureValue = 0.000000
	SensorTimestamp = 1053912235000
1053.953887 (24.01 fps) cam0-stream0 seq: 000081 bytesused: 31961088
	SensorBlackLevels = [ 3072, 3072, 3072, 3072 ]
	AnalogueGainMode = 0
	Contrast = 1.000000
	Saturation = 1.000000
	AnalogueGain = 6.000000
	ExposureTime = 41599
	FrameDuration = 41649
	ExposureTimeMode = 0
	AeExposureMode = 0
	AeConstraintMode = 0
	Gamma = 2.200000
	ExposureValue = 0.000000
	SensorTimestamp = 1053953887000
1053.995543 (24.01 fps) cam0-stream0 seq: 000082 bytesused: 31961088
	SensorBlackLevels = [ 3072, 3072, 3072, 3072 ]
	AnalogueGainMode = 0
	Contrast = 1.000000
	Saturation = 1.000000
	AnalogueGain = 6.000000
	ExposureTime = 41599
	FrameDuration = 41649
	ExposureTimeMode = 0
	AeExposureMode = 0
	AeConstraintMode = 0
	Gamma = 2.200000
	ExposureValue = 0.000000
	SensorTimestamp = 1053995543000
1054.037191 (24.01 fps) cam0-stream0 seq: 000083 bytesused: 31961088
	SensorBlackLevels = [ 3072, 3072, 3072, 3072 ]
	AnalogueGainMode = 0
	Contrast = 1.000000
	Saturation = 1.000000
	AnalogueGain = 6.000000
	ExposureTime = 41599
	FrameDuration = 41649
	ExposureTimeMode = 0
	AeExposureMode = 0
	AeConstraintMode = 0
	Gamma = 2.200000
	ExposureValue = 0.000000
	SensorTimestamp = 1054037191000
1054.078849 (24.00 fps) cam0-stream0 seq: 000084 bytesused: 31961088
	AeExposureMode = 0
	FrameDuration = 41649
	AnalogueGain = 6.000000
	Saturation = 1.000000
	Contrast = 1.000000
	Gamma = 2.200000
	ExposureTimeMode = 0
	ColourTemperature = 9402
	ExposureTime = 41599
	ColourGains = [ 1.782056, 1.094314 ]
	AwbEnable = true
	AnalogueGainMode = 0
	SensorBlackLevels = [ 3072, 3072, 3072, 3072 ]
	AeConstraintMode = 0
	ExposureValue = 0.000000
	SensorTimestamp = 1054078849000
1054.120503 (24.01 fps) cam0-stream0 seq: 000085 bytesused: 31961088
	SensorBlackLevels = [ 3072, 3072, 3072, 3072 ]
	AnalogueGainMode = 0
	Contrast = 1.000000
	Saturation = 1.000000
	AnalogueGain = 6.000000
	ExposureTime = 41599
	FrameDuration = 41649
	ExposureTimeMode = 0
	AeExposureMode = 0
	AeConstraintMode = 0
	Gamma = 2.200000
	ExposureValue = 0.000000
	SensorTimestamp = 1054120503000
1054.162159 (24.01 fps) cam0-stream0 seq: 000086 bytesused: 31961088
	SensorBlackLevels = [ 3072, 3072, 3072, 3072 ]
	AnalogueGainMode = 0
	Contrast = 1.000000
	Saturation = 1.000000
	AnalogueGain = 6.000000
	ExposureTime = 41599
	FrameDuration = 41649
	ExposureTimeMode = 0
	AeExposureMode = 0
	AeConstraintMode = 0
	Gamma = 2.200000
	ExposureValue = 0.000000
	SensorTimestamp = 1054162159000
1054.203813 (24.01 fps) cam0-stream0 seq: 000087 bytesused: 31961088
	SensorBlackLevels = [ 3072, 3072, 3072, 3072 ]
	AnalogueGainMode = 0
	Contrast = 1.000000
	Saturation = 1.000000
	AnalogueGain = 6.000000
	ExposureTime = 41599
	FrameDuration = 41649
	ExposureTimeMode = 0
	AeExposureMode = 0
	AeConstraintMode = 0
	Gamma = 2.200000
	ExposureValue = 0.000000
	SensorTimestamp = 1054203813000
1054.245464 (24.01 fps) cam0-stream0 seq: 000088 bytesused: 31961088
	AeExposureMode = 0
	FrameDuration = 41649
	AnalogueGain = 6.000000
	Saturation = 1.000000
	Contrast = 1.000000
	Gamma = 2.200000
	ExposureTimeMode = 0
	ColourTemperature = 9387
	ExposureTime = 41599
	ColourGains = [ 1.790661, 1.095381 ]
	AwbEnable = true
	AnalogueGainMode = 0
	SensorBlackLevels = [ 3072, 3072, 3072, 3072 ]
	AeConstraintMode = 0
	ExposureValue = 0.000000
	SensorTimestamp = 1054245464000
1054.287121 (24.01 fps) cam0-stream0 seq: 000089 bytesused: 31961088
	SensorBlackLevels = [ 3072, 3072, 3072, 3072 ]
	AnalogueGainMode = 0
	Contrast = 1.000000
	Saturation = 1.000000
	AnalogueGain = 6.000000
	ExposureTime = 41599
	FrameDuration = 41649
	ExposureTimeMode = 0
	AeExposureMode = 0
	AeConstraintMode = 0
	Gamma = 2.200000
	ExposureValue = 0.000000
	SensorTimestamp = 1054287121000
